Notebooks/PySpark/Synapse Link for Cosmos DB samples/Retail/RetailData/RetailSales.csv
storeId,productCode,quantity,logQuantity,advertising,price,weekStarting,id
2,surface.go,105,9.264828557,1,159,6/15/2017,d6bd47a7-2ad6-4f0a-b8de-ed1386cae5ea
2,surface.go,80,8.987196821,0,269,7/27/2017,64cc74c2-c7da-4e12-af64-c95bdf429934
2,surface.go,68,8.831711918,1,209,8/3/2017,9a2d164b-5e44-44d7-9837-cf9ae6566c99
2,surface.go,28,7.965545573,0,209,8/10/2017,b8cd9987-1d5a-4f4f-9346-719d73b1f7f0
2,surface.go,16,7.377758908,0,209,8/24/2017,ac0ec099-e102-4bfc-9775-983b151dcd03
2,surface.go,253,10.1402973,1,189,8/31/2017,3d22c002-b04c-4092-abcb-b3bf01c9da8f
2,surface.go,107,9.282847063,0,189,9/7/2017,b6e19699-d684-449e-9c98-c19d5288bc7b
2,surface.go,66,8.803273983,0,189,9/14/2017,e89a5838-fb8f-413a-a23d-4d000c4b5282
2,surface.go,65,8.793612072,0,179,9/21/2017,c3278682-16c0-4832-b76f-5d4a3e7a5df0
2,surface.go,17,7.454719949,0,269,10/12/2017,f40190c1-b2ed-46f4-a5e0-8df5899d41dc
2,surface.go,337,10.42797937,1,124,10/19/2017,5294a983-5044-4068-b925-e778d938a627
2,surface.go,19,7.560080465,0,159,10/26/2017,0a3f3796-07a3-450f-a6bc-516d5f2bf1ad
2,surface.go,89,9.100525506,1,159,11/2/2017,d0eab000-a45e-474f-864e-2849f80ba156
2,surface.go,113,9.340666634,0,129,11/9/2017,932a3bff-2f5f-4e8b-bc4d-c02180b37fa0
2,surface.go,284,10.25470765,0,99,11/16/2017,658edd84-5873-4b37-a078-5ac145eb540e
2,surface.go,171,9.749870064,1,159,11/23/2017,c1dc14fb-29a5-490a-9191-34ed07fd4d6c
2,surface.go,265,10.1871616,1,249,11/30/2017,6fb16536-dd0c-49cc-a7a6-9e7a23ce793f
2,surface.go,63,8.754002934,0,269,12/7/2017,241dd46b-fb0e-48c9-92e4-6ad65bb9319e
2,surface.go,263,10.17990643,1,139,12/14/2017,25da81a1-e423-4a0b-9142-deac11f77f93
2,surface.go,8,6.797940413,0,269,12/21/2017,eed8291c-4f02-419f-8aad-6c6a9abede24
2,surface.go,14,7.294377299,0,269,12/28/2017,8b964b5a-3eee-4132-907f-4299c568587a
2,surface.go,13,7.203405521,0,269,1/4/2018,be1e79fa-311c-4e46-a215-6ac770effab4
2,surface.go,1116,11.62339292,1,99,1/11/2018,896b1fa5-fc91-4955-8d9c-9c01ae5c74e9
2,surface.go,18,7.526178913,0,269,1/18/2018,90cd5b43-0f6e-4fd5-b4c5-69e09f7848c7
2,surface.go,55,8.624791202,0,269,1/25/2018,7a35a43e-79a0-4b13-b306-6bac3f7b5a87
2,surface.go,320,10.37548918,1,149,2/1/2018,6821e07f-568f-4b9a-8484-5e6959d05155
2,surface.go,43,8.378390789,0,149,2/8/2018,5d23c961-852f-4efe-944d-2a79359e8afe
2,surface.go,7,6.556778356,0,269,2/15/2018,c23fbbb9-f12e-4c2f-beb6-ba7ae0d2a634
2,surface.go,137,9.529521112,0,269,2/22/2018,95ca8d77-03ed-4d1e-b985-0a0a4c1a5aef
2,surface.go,433,10.67655436,1,109,3/1/2018,df613dbf-9768-4819-a2c8-08f978beed9e
2,surface.go,576,10.96127785,1,109,3/8/2018,c589f784-284a-4305-a4ae-063e27d1f798
2,surface.go,7,6.556778356,0,269,3/15/2018,cc346173-a4b5-427a-a939-612e94dd92b6
2,surface.go,60,8.702177866,0,269,3/22/2018,4b7aff36-2515-4858-92e2-7b56d526662b
2,surface.go,103,9.246479419,1,159,3/29/2018,087664df-7134-478b-90a5-d60ba56332d6
2,surface.go,126,9.442086812,0,159,4/5/2018,a618db51-aa11-4532-aaed-b4d0be0e34de
2,surface.go,63,8.754002934,0,159,4/12/2018,1b0b571d-10b8-40b4-a5bd-585917887e49
2,surface.go,1407,11.85464107,1,99,4/19/2018,1bf7c82b-4c03-4dc7-9460-8bc6b2871936
2,surface.go,9,6.866933285,1,269,4/26/2018,69900d35-e6e5-4d99-b3ec-ed3339bc9e1a
2,surface.go,12,7.103322063,0,269,5/3/2018,a1668d82-f923-4073-85e0-e35a56555523
2,surface.go,16,7.416979621,0,269,5/10/2018,057ead3d-88d2-4f6d-9f79-17ea04818bd2
2,surface.go,49,8.51559191,0,269,5/17/2018,4e316a51-4f7a-4071-9ee6-ae1e1fa6aa1a
2,surface.go,279,10.23881628,1,159,5/24/2018,072cb4ca-488a-440f-b8bb-70dd2764d0a7
2,surface.go,121,9.405907156,0,159,5/31/2018,63ae0152-0289-4b80-9f77-bb95acbff53c
2,surface.go,22,7.714231145,0,269,6/7/2018,b2eceebc-e8bf-48d0-a923-964a524d0f0b
2,surface.go,55,8.61323038,1,149,6/14/2018,a3c79cf2-45b8-43ec-889f-f36706ee24da
2,surface.go,88,9.086136769,0,129,6/21/2018,7df85a5e-65f0-4330-a95d-5ef9fe7c0889
2,surface.go,26,7.87245515,0,199,6/28/2018,2f5ee360-2360-457c-8bde-f9bb574d15c9
2,surface.go,104,9.252633284,0,199,7/5/2018,aa61e08b-17ca-45ee-8e29-98584af1ff5e
2,surface.go,83,9.026417534,0,159,7/19/2018,cfb8dbac-3856-4ef1-a769-7eebe9542443
2,surface.go,67,8.822322178,0,199,7/26/2018,e7a7a86b-6106-4382-8f6b-11c825ed0bd4
2,surface.go,605,11.01112565,1,99,8/2/2018,081732b5-b4bb-410d-9800-c883a1d78bf8
2,surface.go,206,9.933434629,0,99,8/9/2018,c4dde2b7-6577-4e14-9c31-8ac2c8e66979
2,surface.go,160,9.684336023,0,139,8/30/2018,2ddf0e02-785a-4fed-a978-1bb232dd6dd1
2,surface.go,124,9.431882642,0,139,9/6/2018,e17e9d0d-2fc7-4097-9627-175b5d2abdc5
2,surface.go,170,9.742379392,0,139,9/13/2018,79fbcb77-6906-4e8e-83c8-90a8b2ded3c7
2,surface.go,134,9.505990614,1,159,9/20/2018,833b18f5-b4f4-4b0d-9f9e-bf7ae7d0f047
2,surface.go,101,9.221478116,0,159,9/27/2018,2e0a1ccb-ef09-4eca-be3e-7b93268ad22a
2,surface.go,90,9.114710141,0,156,10/4/2018,cc49a2f1-92ce-47f0-b69b-2242d79f7af6
2,surface.go,228,10.03661887,1,149,10/11/2018,4cec172c-71c1-4155-87aa-5627e18fbf50
2,surface.go,69,8.850230966,0,165,10/18/2018,9baf5ea7-307a-4df2-acf6-d1b93ed8513c
2,surface.go,41,8.333270353,0,199,10/25/2018,ee348523-c2f8-41de-bd7e-01af308cf2e3
2,surface.go,33,8.110126802,0,183,11/1/2018,ef41f0cc-b942-44b7-a615-7277b50ad1fe
2,surface.go,120,9.400630098,1,169,11/8/2018,21d75c4c-9d99-4ff8-b801-a47d23e34165
2,surface.go,62,8.733594062,0,176,11/15/2018,48d0fd86-e977-43e3-88c6-406b49f74d53
2,surface.go,30,8.009030685,0,199,11/22/2018,98bc306b-dd57-4065-9262-90dee24afdea
2,surface.go,194,9.875910785,1,150,11/29/2018,f46e93a6-58b2-40ce-a714-71954e3572e0
2,surface.go,167,9.727227587,0,159,12/6/2018,389f1d35-eda7-4e19-a17d-e149b98a2325
2,surface.go,135,9.515469358,1,159,12/13/2018,d8018cdc-d9b7-43eb-ad80-2d4c13f59bc2
2,surface.go,60,8.712759975,0,161,12/20/2018,08c4568a-0d9c-4118-b08f-643dcfc41f2f
2,surface.go,104,9.252633284,1,169,12/27/2018,4003408a-daa2-41d3-9af2-139097c564d7
2,surface.go,117,9.368369236,0,169,1/3/2019,c6b9c737-44dd-4375-9394-f733d5c3cf99
2,surface.go,40,8.30201781,0,176,1/10/2019,9a7c21ac-c9e2-474c-b327-545f5dd60715
2,surface.go,63,8.754002934,0,182,1/17/2019,11556602-9f13-4aa4-a7e6-67e4cca349dd
2,surface.go,136,9.520175249,0,147,1/24/2019,0d893913-4842-41d5-a90d-8032bc0d3bf4
2,surface.go,451,10.71708089,0,129,1/31/2019,d89cf829-f3a7-4c84-85ab-15f3408612fc
2,surface.go,99,9.208739091,0,139,2/7/2019,a0127f0a-b4ea-4cd9-be63-143d87b6ce68
2,surface.go,48,8.476371197,0,182,2/14/2019,d62a929b-cbb2-46aa-b650-ab03012dc962
2,surface.go,117,9.373818841,0,169,2/21/2019,062eeecc-3ab3-48f7-a861-e37b7833da75
2,surface.go,115,9.357380115,0,154,2/28/2019,c52c1c38-a392-4ee7-89df-6fac98d6cbdb
2,surface.go,512,10.84474403,1,139,3/7/2019,861fe286-47d1-474b-a7bd-522a0206f42f
2,surface.go,149,9.614204199,0,144,3/14/2019,39f5ee18-6c74-4e9f-90fb-8a8ca9148fb4
2,surface.go,307,10.33475035,0,159,3/21/2019,d70621d6-79ed-41dd-adf4-08bbed97154e
2,surface.go,124,9.431882642,0,160,3/28/2019,1795e223-696d-41a6-b864-0c0771e3fb9e
2,surface.go,32,8.090708716,0,199,4/4/2019,74a97c5c-ee5f-42be-8dff-370bc2d91e5f
2,surface.go,87,9.078864009,0,148,4/11/2019,3817d58d-2ae7-48f9-8949-20e9a1964a8e
2,surface.go,708,11.16829202,1,129,4/18/2019,152c551b-e311-4e88-a1d5-89b30697f1d0
2,surface.go,185,9.828764006,0,142,4/25/2019,52572524-e865-46ee-a3ca-bf528d83344c
2,surface.go,91,9.121727714,0,199,5/2/2019,0934a25b-aec3-40dd-b251-8abaef3bd8f8
2,surface.go,96,9.169518378,0,200,5/9/2019,da664796-2bdd-46b3-8970-b74b62255cd1
2,surface.go,48,8.476371197,0,209,5/16/2019,3c14b4ae-0471-4abf-9eda-2672c0d01961
2,surface.go,96,9.17616292,0,169,5/23/2019,f1069be5-1e77-4cfa-844b-5353ba34744a
2,surface.go,455,10.726961,0,169,5/30/2019,1f891a43-c958-4410-9437-18d02e93c0e6
2,surface.go,209,9.951896692,0,174,6/6/2019,33ca7a58-a5b9-4103-9688-f889687637b8
2,surface.go,65,8.793612072,0,209,6/13/2019,0c912156-5b24-42b2-8904-cb088cff5b47
2,surface.go,49,8.51559191,0,205,6/20/2019,16dafc7d-0728-4b4c-bea6-46d093b92080
2,surface.go,80,8.99516499,0,124,6/27/2019,93ae9e64-faa2-491c-884b-657bf0b0df6f
2,surface.go,73,8.903815212,0,161,7/4/2019,900f2b77-844e-4a9b-a864-9256849b5278
2,surface.go,100,9.215128889,0,140,7/11/2019,e67116c0-7535-4cb7-a46e-b230e789354a
2,surface.go,101,9.221478116,0,191,7/18/2019,de70ce73-204a-411d-8758-19805b34c291
2,surface.go,91,9.121727714,0,169,7/25/2019,a2409aef-acc2-42a0-9d4a-a8742c959487
2,surface.go,362,10.49924239,1,149,8/1/2019,12a4c1cb-5d30-4a28-839d-a598f8537b5e
2,surface.go,37,8.236420527,1,199,8/8/2019,9de45189-5e40-4dc5-b1b7-6c54f13f1a90
2,surface.go,33,8.110126802,0,197,8/15/2019,1683cb34-82cb-430a-a2b3-ebdb30874b01
2,surface.go,138,9.534161491,0,136,8/22/2019,7fc6355f-abfc-403e-b5bf-d64fbe3eb8a3
2,surface.go,90,9.107642974,0,119,8/29/2019,c53af18c-01cb-49e7-9718-aac876670392
2,surface.go,20,7.624618986,0,209,9/5/2019,9142c13d-5bb0-4150-94a6-608b38552153
2,surface.go,19,7.592870288,0,209,9/12/2019,5fe667d4-d91c-4b82-a987-6e6cd8fbfe3b
2,surface.go,41,8.333270353,0,177,9/19/2019,d58b24f4-12ce-4911-adfe-d85df94eb47d
2,surface.go,352,10.47061789,0,149,9/26/2019,9767fdda-1d5d-42ba-b153-d141ccb6c046
2,surface.go,86,9.064157862,0,182,10/3/2019,7bb51d37-5eb7-4798-834a-9e236ee640bc
