Notebooks/PySpark/Synapse Link for Cosmos DB samples/Retail/RetailData/RetailSales.csv
storeId,productCode,quantity,logQuantity,advertising,price,weekStarting,id
2,surface.laptop3,82,9.018695488,0,387,6/15/2017,7608e571-1058-4db7-96f4-55f1123bd575
2,surface.laptop3,61,8.723231275,0,387,7/27/2017,8ff9e3dd-decc-4cee-886f-d70a5c2bcfd3
2,surface.laptop3,38,8.253227646,0,387,8/3/2017,49c0bb99-a6fa-4160-a6cf-0d9a7254387f
2,surface.laptop3,80,8.987196821,0,387,8/10/2017,b50460ec-d7b5-4c10-93ee-cab63db8cc78
2,surface.laptop3,88,9.093357017,0,387,8/24/2017,81a57505-093a-408e-bcab-a267a10be4e5
2,surface.laptop3,71,8.877381955,0,387,8/31/2017,bdc44a0a-22db-40e3-a738-3a73ef8d8df9
2,surface.laptop3,108,9.29468152,0,329,9/7/2017,030381ea-816f-408d-8660-1ec965d846ed
2,surface.laptop3,77,8.954673629,0,329,9/14/2017,a65539d0-9522-461f-8ac3-bf52a5ca9b39
2,surface.laptop3,85,9.049232212,0,329,9/21/2017,caa2ba8d-0778-4914-b99f-8f5ecd34ab22
2,surface.laptop3,55,8.61323038,0,329,10/12/2017,6bc776d4-a27b-447d-ae32-1e70ce9f94cf
2,surface.laptop3,58,8.68067166,0,356,10/19/2017,d7c3929c-18d4-417e-b100-487c21fea931
2,surface.laptop3,83,9.034080407,0,356,10/26/2017,f3f433ba-a843-452f-8ca6-deb19ac46f93
2,surface.laptop3,59,8.691482577,0,356,11/2/2017,cabf8311-c9d1-42df-947f-a34a2128cbc9
2,surface.laptop3,68,8.831711918,0,356,11/9/2017,2021ae82-e6e2-4545-85bd-a2c6b521709c
2,surface.laptop3,92,9.128696383,0,387,11/16/2017,7b153804-8e44-44f4-8f63-2b69f857a115
2,surface.laptop3,121,9.405907156,0,299,11/23/2017,12c3688e-3839-4b24-9a6b-f4dfcafb6b3f
2,surface.laptop3,126,9.447150114,0,299,11/30/2017,e6e39086-c024-405e-a3d1-8acff56656b0
2,surface.laptop3,65,8.783855897,0,359,12/7/2017,b0d3b625-8e15-47da-9884-447c620f9769
2,surface.laptop3,61,8.723231275,0,359,12/14/2017,e2a876d0-a812-444c-9736-4fe5014c8106
2,surface.laptop3,211,9.957975738,0,239,12/21/2017,1a6b783a-73c8-4ab9-a876-2babc9724c10
2,surface.laptop3,124,9.426741242,0,239,12/28/2017,f1012df0-e8c4-4928-bd5d-b84158fef6ec
2,surface.laptop3,94,9.156095357,0,359,1/4/2018,ad865c7e-5360-40d3-af94-895df6103a0f
2,surface.laptop3,179,9.793672686,0,259,1/11/2018,8bb50e9c-cff8-42a7-94d4-fd20ce528191
2,surface.laptop3,94,9.14931567,0,259,1/18/2018,bdc94f56-e8a6-4ca0-8297-90a5b5e712eb
2,surface.laptop3,62,8.743850562,0,359,1/25/2018,ef0860fa-988a-47ae-ba7c-b2adaa9ff93c
2,surface.laptop3,69,8.841014311,0,359,2/1/2018,5c7d0667-1c80-4e77-b450-e59a1c13f1f3
2,surface.laptop3,167,9.727227587,0,249,2/8/2018,3a35567f-869d-478e-a2df-0e8188c70ec3
2,surface.laptop3,62,8.743850562,0,359,2/15/2018,703a8905-7140-43ff-987c-e83bbc2ea245
2,surface.laptop3,79,8.979164649,0,359,2/22/2018,8038dc35-5219-4db4-b6a0-0193c82b4ada
2,surface.laptop3,61,8.723231275,0,359,3/1/2018,d057ffc5-ade6-484d-aefa-7be5d9d725d3
2,surface.laptop3,79,8.979164649,0,359,3/8/2018,58a1cf44-9e77-45a5-9f5d-fdd37c85a377
2,surface.laptop3,78,8.962904128,0,359,3/15/2018,6c44666e-94d4-45e0-a53f-e382cc18c560
2,surface.laptop3,60,8.712759975,0,359,3/22/2018,b9cfa462-18a6-4f18-899f-c3584eb6e1b8
2,surface.laptop3,421,10.64960662,1,169,3/29/2018,9e31a05a-6353-4bc5-8eed-f2f00e2c0b6f
2,surface.laptop3,49,8.502688505,0,359,4/5/2018,ebfd75fe-a0bb-4ad1-afb1-314e637261c2
2,surface.laptop3,295,10.29228113,1,199,4/12/2018,029831dd-8e56-4f1b-bb6f-9d291a92000e
2,surface.laptop3,99,9.208739091,0,359,4/19/2018,eb59d2ef-642e-4ec6-9f3d-12a8f321df70
2,surface.laptop3,352,10.46880136,1,199,4/26/2018,11203943-0d72-4ad0-b929-277f7ccc8f90
2,surface.laptop3,239,10.08313888,0,199,5/3/2018,463c6226-a226-4acf-bc9a-af5877529754
2,surface.laptop3,71,8.868413285,0,359,5/10/2018,d0d485ef-2265-4955-8806-81dcea07e693
2,surface.laptop3,245,10.10691807,1,229,5/17/2018,1f747bc2-0999-4918-9c6f-6f04fd76a053
2,surface.laptop3,63,8.754002934,0,359,5/24/2018,1c73ccc3-c970-4581-9ceb-e26f05ce089f
2,surface.laptop3,60,8.712759975,0,359,5/31/2018,e6070617-efc8-4de7-9706-b962096faaec
2,surface.laptop3,335,10.42037477,0,199,6/7/2018,9b97403d-ab80-404e-b6ee-ec16d4872385
2,surface.laptop3,132,9.491601877,0,199,6/14/2018,9b17d730-43df-42f3-bbcd-0a15260ea4f6
2,surface.laptop3,62,8.733594062,0,359,6/21/2018,b29462ce-589a-4205-9362-cb6f807d7338
2,surface.laptop3,106,9.270870872,0,359,6/28/2018,a36d3317-8bb1-4666-a503-951ea9714755
2,surface.laptop3,446,10.70710219,0,199,7/5/2018,470b34e3-2e02-4962-8925-45e7e0464eac
2,surface.laptop3,200,9.908276069,0,199,7/19/2018,1acd7aee-813d-4ae2-ac22-0ec5c948f12b
2,surface.laptop3,91,9.121727714,1,359,7/26/2018,c8cc6fed-ce37-46c1-b8ee-c354abc2c013
2,surface.laptop3,219,9.996613531,0,219,8/2/2018,a7d7a780-a07f-4041-8b04-39592cdafe5c
2,surface.laptop3,135,9.515469358,0,219,8/9/2018,a96a19c3-4f37-4edb-96a3-4430f5a2bec2
2,surface.laptop3,41,8.333270353,0,359,8/30/2018,552820e6-cbbc-4209-b137-9aafb63b6bd3
2,surface.laptop3,394,10.58213005,1,199,9/6/2018,6854d6f0-4512-4031-b298-055f01a8ec09
2,surface.laptop3,56,8.636219898,0,359,9/13/2018,93282467-fcf0-4e74-851d-06d83ef75a1d
2,surface.laptop3,90,9.107642974,1,268,9/20/2018,dd080dcf-c5d6-408c-81e9-2ab7f487e769
2,surface.laptop3,60,8.702177866,0,344,9/27/2018,58062b87-80e8-46cd-82fc-723b1b502f13
2,surface.laptop3,77,8.954673629,0,314,10/4/2018,1300b6ee-4a8e-4ed3-b082-63f88c618f63
2,surface.laptop3,67,8.822322178,0,307,10/11/2018,cff45181-6222-42ee-92a5-b51e587f3d3d
2,surface.laptop3,67,8.822322178,0,307,10/18/2018,3c03b376-b6ed-45c5-b4b6-ee2026ae2252
2,surface.laptop3,62,8.743850562,0,307,10/25/2018,a10f1984-d4e6-4289-96e9-aa7931614c17
2,surface.laptop3,53,8.577723691,0,307,11/1/2018,dd02ec11-cca0-4755-96a6-e43fdf7222ae
2,surface.laptop3,92,9.128696383,0,311,11/8/2018,349fc39d-763b-44d8-a92c-e47c4de271ac
2,surface.laptop3,72,8.895081532,0,319,11/15/2018,9df5d13f-5abe-417a-a7bc-db3fbc91c64b
2,surface.laptop3,342,10.44114983,1,199,11/22/2018,d8a772fd-abd6-4be9-b668-c60d9c8f9a5e
2,surface.laptop3,71,8.877381955,0,264,11/29/2018,b5bef086-85e7-4cab-b1c5-b1ba15afb47d
2,surface.laptop3,60,8.712759975,0,319,12/6/2018,f10fff9b-11ca-4763-ae92-806feedea807
2,surface.laptop3,51,8.540909718,0,319,12/13/2018,e44ab073-f8e2-40e1-924a-cf2245bd31d7
2,surface.laptop3,83,9.026417534,0,274,12/20/2018,85ce3503-713e-46b3-ba32-5d08e83001fc
2,surface.laptop3,177,9.78290059,0,239,12/27/2018,f306007b-792e-41a1-a609-7d3d89a58319
2,surface.laptop3,131,9.481893063,0,235,1/3/2019,03218316-41f2-4be9-8894-046856b74125
2,surface.laptop3,131,9.481893063,0,229,1/10/2019,ba68ac35-e783-45cb-ac06-f642122fc4c2
2,surface.laptop3,97,9.189321005,0,243,1/17/2019,d8136381-9d41-4477-8470-c2b7efe8da32
2,surface.laptop3,35,8.166216269,0,319,1/24/2019,906e64a1-cc3f-491c-b371-3405c1dc1181
2,surface.laptop3,55,8.61323038,0,319,1/31/2019,20199048-e7e8-4cb0-a6a6-86298a5a6005
2,surface.laptop3,67,8.812843434,0,319,2/7/2019,779ead36-11ea-4c84-9008-d76f29db4e30
2,surface.laptop3,202,9.914625297,1,199,2/14/2019,d2924f7a-2fcb-450a-aa45-7a3cefd57647
2,surface.laptop3,50,8.528330936,0,319,2/21/2019,ff2334a1-7d7e-496d-9413-d862eef9ff53
2,surface.laptop3,435,10.68244539,1,199,2/28/2019,3abf8307-1d3e-4c7e-8c1c-ee5d6acba5ef
2,surface.laptop3,257,10.15533517,0,179,3/7/2019,a77509d2-f756-4296-8214-710ce83503f8
2,surface.laptop3,318,10.36747311,0,179,3/14/2019,d4f6c9a7-d39d-4786-b498-a34c942570db
2,surface.laptop3,207,9.939626599,0,191,3/21/2019,cc3e73ba-357f-40e4-9529-982268af1e95
2,surface.laptop3,151,9.626943225,0,281,3/28/2019,e2973a5d-1922-438c-9a37-9b397f6381e3
2,surface.laptop3,280,10.2433825,1,250,4/4/2019,ddb0db76-332c-4ab9-8d3c-13bf2c4bf6fd
2,surface.laptop3,124,9.426741242,0,258,4/11/2019,c6df0fef-1a7f-4eed-97e7-8dfacc0bab19
2,surface.laptop3,53,8.589699882,0,319,4/18/2019,9f54dc3a-0709-4c93-963e-af9da5a43d7c
2,surface.laptop3,97,9.189321005,0,267,4/25/2019,e1d2d634-3413-4e06-91a0-1a2a7522dfba
2,surface.laptop3,169,9.738612909,1,239,5/2/2019,d2c38679-f9a6-4512-a566-9e4b5389a4b0
2,surface.laptop3,83,9.026417534,0,319,5/9/2019,a8b9b7db-a03b-424b-8508-17711fb8a683
2,surface.laptop3,69,8.841014311,0,319,5/16/2019,ababc7d3-aa3c-470d-ac31-77e6526acfc6
2,surface.laptop3,69,8.850230966,0,319,5/23/2019,a0346755-caa3-4ceb-b8d7-7d7488353e9f
2,surface.laptop3,72,8.886270902,0,319,5/30/2019,31dca36d-c944-42c1-9bf2-ee05ae354d5c
2,surface.laptop3,515,10.84972536,1,249,6/6/2019,bc6cefed-2c5d-4ee2-8d2c-8349033fd5e3
2,surface.laptop3,222,10.01108556,0,221,6/13/2019,1eb3449f-7176-4168-b9e8-74569eefa164
2,surface.laptop3,461,10.73952222,1,199,6/20/2019,ac1e1fee-fd2d-4bce-8d95-d4efc0e3326e
2,surface.laptop3,43,8.378390789,1,319,6/27/2019,aabebc56-e7dd-4465-a6a5-66ecd54d9e17
2,surface.laptop3,172,9.757305042,0,269,7/4/2019,b6ddefd1-1482-47d5-844a-6b91b1bcbbf6
2,surface.laptop3,56,8.647519453,0,319,7/11/2019,39d2f97e-0407-45e5-90c8-b7f34f4e4e30
2,surface.laptop3,68,8.831711918,0,319,7/18/2019,502122c4-162b-4326-8970-a36b44cb1adb
2,surface.laptop3,44,8.392989588,0,319,7/25/2019,9660902e-370b-471d-a6b9-cb4f4db74293
2,surface.laptop3,46,8.449342525,0,316,8/1/2019,979512be-9ffd-414d-b971-6e8a0e51d36d
2,surface.laptop3,71,8.877381955,1,309,8/8/2019,6cd61ab4-f8b8-4c65-88de-d1256bfd1700
2,surface.laptop3,50,8.528330936,0,319,8/15/2019,b72aa5ab-5910-41a0-8951-ceb5dc4864f3
2,surface.laptop3,133,9.501217335,1,279,8/22/2019,5a3a1768-14ca-400b-a062-297bce74fdc9
2,surface.laptop3,81,9.00307017,0,275,8/29/2019,019000d4-c2ad-4a30-8641-39f7b98f8324
2,surface.laptop3,194,9.875910785,1,249,9/5/2019,0cfe21fc-9258-45bc-b040-5e0b37844ef0
2,surface.laptop3,100,9.215128889,0,264,9/12/2019,ee39f2d1-ffed-415f-8a49-ef1dc7396669
2,surface.laptop3,63,8.754002934,0,319,9/19/2019,8eff2dfb-9fff-4986-9a69-ca7c0a36a675
2,surface.laptop3,161,9.692272572,1,279,9/26/2019,2e6a298c-d7ae-4f8f-b96d-c430a4330c17
2,surface.laptop3,58,8.66974259,0,297,10/3/2019,c66d5026-6a39-4afa-b3d2-7e9d9d2d5b73
