Notebooks/PySpark/Synapse Link for Cosmos DB samples/Retail/RetailData/RetailSales.csv
storeId,productCode,quantity,logQuantity,advertising,price,weekStarting,id
5,surface.go,17,7.491087594,1,159,6/15/2017,567e60ba-d073-4cab-a9b1-1c9938167cc3
5,surface.go,24,7.82244473,0,249,6/29/2017,29688ac1-5fa3-42fd-b445-44fb2d9253a6
5,surface.go,29,7.98752448,0,249,7/6/2017,7cd4fd22-4203-4fbc-bd2c-e865f4c1da10
5,surface.go,10,6.931471806,0,249,7/13/2017,f6809b89-38f3-4267-bcfd-2a73ff520df7
5,surface.go,42,8.348537825,0,249,7/27/2017,216c788e-2e5a-4bc6-a6b7-525fb1210001
5,surface.go,45,8.42156296,1,209,8/3/2017,50310394-8224-4d82-9071-99f3d7e13e9e
5,surface.go,17,7.454719949,0,209,8/10/2017,0597bc00-f60e-42c9-8378-6dde26e169b1
5,surface.go,12,7.103322063,0,209,8/17/2017,cdff3ead-2f4c-4276-bbf6-514dab47c416
5,surface.go,11,7.049254841,0,209,8/24/2017,6a492825-5841-449f-89a6-b34c78c27a2b
5,surface.go,301,10.31374118,1,189,8/31/2017,73cacc37-06cb-4341-af39-d501ae5432e6
5,surface.go,89,9.100525506,0,189,9/7/2017,5c12d92b-ef29-4947-a153-a66485d0345f
5,surface.go,81,9.010913347,0,189,9/14/2017,c20457f9-1dc4-48a2-8c87-2238898564f6
5,surface.go,65,8.783855897,0,179,9/21/2017,5099908b-f4c1-4733-a3e4-9fcd89579691
5,surface.go,346,10.45414909,1,179,9/28/2017,3fef0413-1dcc-4a6d-986e-5421609333f2
5,surface.go,46,8.449342525,0,179,10/5/2017,3e440b1c-06f0-4d22-8d0c-9b3ae9899e68
5,surface.go,10,6.992096427,0,249,10/12/2017,aa6bf6f4-b30f-412b-9a9b-6fe528a7ef87
5,surface.go,694,11.14821835,1,124,10/19/2017,dc9686a0-2071-49fd-89f6-8ac3c5c6e22e
5,surface.go,12,7.154615357,0,159,10/26/2017,a94241ac-28fb-4995-b833-3f642a418333
5,surface.go,354,10.47604777,1,159,11/2/2017,ae61d16a-941a-453c-b972-7134992aedf5
5,surface.go,138,9.534161491,0,129,11/9/2017,e05d6aa1-bed7-4767-91dc-d590d9ff9471
5,surface.go,142,9.561560465,0,99,11/16/2017,2879002b-5d57-45ea-b5af-c3b5ac5160bf
5,surface.go,293,10.28575227,1,159,11/23/2017,36d57c97-f09c-4440-98c0-b77459c9aafb
5,surface.go,529,10.87789624,1,249,11/30/2017,b4e75ed8-e27d-4d61-afde-2403f8f69ca1
5,surface.go,156,9.660141294,0,219,12/7/2017,acf25314-7f1b-4744-add7-a1dce5f5f070
5,surface.go,435,10.68097588,1,139,12/14/2017,9263ab7a-a912-40d3-9c8c-d9e25a055e17
5,surface.go,39,8.269756948,0,219,12/21/2017,324ba02a-8d1d-40fd-b696-b42347533dd6
5,surface.go,8,6.797940413,0,219,12/28/2017,62a2d209-1cf5-4299-9f57-74c60f94a6b3
5,surface.go,22,7.714231145,0,219,1/4/2018,b7d0d453-bdc3-49bf-85bc-157397e7f9f7
5,surface.go,1257,11.74213061,1,99,1/11/2018,453e9c4a-5b44-4904-a138-94d347816094
5,surface.go,14,7.249925537,0,219,1/18/2018,22da226c-ef78-4ba1-be47-6a6cc72feafb
5,surface.go,72,8.886270902,0,219,1/25/2018,7f9fb346-a066-4860-8039-d48d0e9aabaf
5,surface.go,412,10.62658181,1,149,2/1/2018,8a8116d7-532f-4f27-9707-e73b8370fd47
5,surface.go,90,9.107642974,0,149,2/8/2018,7e0ade51-9c03-4de0-b7a6-e01ad18a6ed0
5,surface.go,16,7.377758908,0,219,2/15/2018,aeef918f-e79a-414c-af56-91823fd9041a
5,surface.go,24,7.82244473,0,219,2/22/2018,235cc854-7eef-489c-b099-d4ba19a90ea6
5,surface.go,63,8.754002934,1,199,3/1/2018,5abc4ad6-5117-4c85-b2dd-c99de56ed8a4
5,surface.go,563,10.93994071,1,109,3/8/2018,624c590c-6d18-47ab-bd8d-6de2b087b66b
5,surface.go,16,7.377758908,0,219,3/15/2018,67e5cbaa-eddb-406a-8ba0-b64cbdc4fffb
5,surface.go,29,7.98752448,0,219,3/22/2018,91eea487-46dc-4a1e-b3b8-04c5e55988e7
5,surface.go,135,9.510741217,1,159,3/29/2018,31931211-0c0e-40da-a9c6-402c5c0c574f
5,surface.go,53,8.589699882,0,159,4/5/2018,d7b6532f-4bf9-4903-8352-05e0626ed821
5,surface.go,66,8.803273983,0,159,4/12/2018,f3db2e6b-9271-458b-ad13-3122e88e120f
5,surface.go,956,11.46876457,1,99,4/19/2018,9744b46c-8c4a-43ba-81ab-93caf55e1c59
5,surface.go,8,6.797940413,1,219,4/26/2018,f6982df3-9d30-4a76-941c-fa6d06246f68
5,surface.go,17,7.454719949,0,219,5/3/2018,84d28efa-46d4-4ef4-b687-c7344b56bb93
5,surface.go,12,7.154615357,0,219,5/10/2018,44ba95e1-70ac-4cf1-834d-1b5f36866500
5,surface.go,56,8.647519453,0,219,5/17/2018,f5797a96-aa8e-44fd-ba7a-586b0a11b5d4
5,surface.go,282,10.25019297,1,159,5/24/2018,cff4bcf9-8a05-4d92-a1d0-274313e162ff
5,surface.go,48,8.489616424,0,159,5/31/2018,13b9c9ab-b8c8-4259-9dd7-b86f90f7eddb
5,surface.go,28,7.965545573,0,209,6/7/2018,06cc00ba-5bd6-4f4a-a0be-e4b04fea7dd1
5,surface.go,57,8.658692754,1,141,6/14/2018,4c841f23-5d10-4957-8a28-ea29ce1c1572
5,surface.go,150,9.618468598,0,129,6/21/2018,a99ba146-e110-41d3-80e3-5defc5ca74b8
5,surface.go,51,8.540909718,0,189,6/28/2018,d9907fe4-9d11-4c28-9df9-26c6078b7a70
5,surface.go,32,8.090708716,0,189,7/5/2018,f77e5a4b-3a97-455e-9463-3c3457059a3e
5,surface.go,95,9.162829389,1,159,7/12/2018,6970a8f6-42d9-4009-af85-7ffbc4938364
5,surface.go,62,8.733594062,0,159,7/19/2018,d3f23a8d-a8ae-44c5-91e3-07307e1ed650
5,surface.go,65,8.793612072,0,189,7/26/2018,82dcbbcd-1fdc-4170-bcd6-9cceb5bee90f
5,surface.go,635,11.05961375,1,99,8/2/2018,6bcd6d31-3091-4c8c-b059-33c02ec5650e
5,surface.go,279,10.23881628,0,99,8/9/2018,88a47465-6048-4e2f-831a-636dc9f76459
5,surface.go,217,9.987828701,1,149,8/16/2018,2403af91-dd9c-4f6b-b6e0-18e2cd84481b
5,surface.go,26,7.896552702,0,149,8/23/2018,783abf12-0cf8-4cf4-9854-b7ee7b9b3c54
5,surface.go,104,9.252633284,0,139,8/30/2018,72ae2dca-15d5-4754-96cd-7b03bbc191e6
5,surface.go,97,9.189321005,0,139,9/6/2018,871f6e2c-f085-4f1d-af5f-b7ad0fe43814
5,surface.go,84,9.041685006,0,139,9/13/2018,ff839a0f-21fe-460a-82ae-5be5c3dbd323
5,surface.go,69,8.841014311,0,158,9/27/2018,9778f504-ce24-46e3-9832-3458d9e276ba
5,surface.go,82,9.018695488,0,158,10/4/2018,7b072689-383c-4525-897c-320d8ebd416f
5,surface.go,286,10.26367632,1,158,10/11/2018,e36b87c4-eb4d-4ce1-9f8b-076e0efd9d03
5,surface.go,44,8.392989588,0,158,10/25/2018,403ec48a-88cc-4263-a52c-912e46eef2da
5,surface.go,18,7.526178913,0,158,11/1/2018,2ccfba65-bc98-4d75-b7a4-d4c311dce123
5,surface.go,65,8.783855897,1,158,11/8/2018,62690ec1-c499-400c-a6bc-e7044084facb
5,surface.go,60,8.712759975,0,158,11/15/2018,4d916e2b-c165-4854-91f6-6c71541d9447
5,surface.go,34,8.14786713,0,158,11/22/2018,4ce1c989-47e5-42c1-90be-812102043031
5,surface.go,258,10.16029796,1,158,11/29/2018,151fecda-31da-4fa3-8286-070b4fe4b402
5,surface.go,257,10.15533517,0,158,12/6/2018,ecff0505-6466-4cd4-a90a-baca9e6131df
5,surface.go,235,10.06696602,1,158,12/13/2018,10236e56-d70b-4f5c-bf74-81d0bf33ec3f
5,surface.go,29,7.98752448,0,158,12/20/2018,7ceba65f-4074-403b-b1a2-a35d2d4bc819
5,surface.go,58,8.68067166,1,158,12/27/2018,7b1e1c6c-c7ff-45e7-920a-36997005367e
5,surface.go,68,8.831711918,0,158,1/3/2019,7539fe95-34ab-4cd2-bbb2-78eaa70dec1d
5,surface.go,17,7.491087594,0,158,1/10/2019,dbb76efe-3dec-4dd1-aef2-107325b98c95
5,surface.go,52,8.565602331,0,158,1/17/2019,2001db60-26c0-4e65-86a6-6cd8410893f1
5,surface.go,167,9.727227587,0,158,1/24/2019,d015232b-8229-432d-a141-cca6324f1342
5,surface.go,521,10.8620712,0,158,1/31/2019,303e9058-d888-4dd4-ba24-011ae8a4276f
5,surface.go,166,9.719564714,0,158,2/7/2019,0370a9ca-eed7-42d6-84ec-c105f3ae97c2
5,surface.go,13,7.203405521,0,158,2/14/2019,b21ae3f0-4fe2-4606-9d72-877a33ce5735
5,surface.go,46,8.435549202,0,158,2/21/2019,60b40be3-1647-44c4-a1f0-d1247564289a
5,surface.go,126,9.447150114,0,158,2/28/2019,59c9b887-aaea-4e49-ab41-3f81f0234e45
5,surface.go,486,10.79220152,1,158,3/7/2019,2fef9bd2-8603-4dd2-8ee9-b13dbee4bcbd
5,surface.go,132,9.491601877,0,158,3/14/2019,5e525982-7832-473a-af6f-0eade862179f
5,surface.go,292,10.28356647,0,158,3/21/2019,50ed2451-b903-4ae0-b4f8-d0701c8a683f
5,surface.go,46,8.435549202,0,158,3/28/2019,da5d00c7-7adf-4f45-b96d-2995ab8be37a
5,surface.go,31,8.050703382,0,158,4/4/2019,0fb8938e-670d-4062-ac7e-64bea387cc44
5,surface.go,131,9.486759252,0,158,4/11/2019,748c6758-788d-4475-bb1d-5545bcd8c8dc
5,surface.go,677,11.1230187,1,129,4/18/2019,7cb9c77e-8d1e-4256-9d41-1293382fbc53
5,surface.go,188,9.84585844,0,129,4/25/2019,ead22978-8a56-4be9-925a-93abf37a36f7
5,surface.go,62,8.733594062,0,189,5/2/2019,271cb383-87bb-4cef-9e91-d63b11663763
5,surface.go,59,8.691482577,0,189,5/9/2019,e853e5d9-0259-451b-9b0b-73c9a99473db
5,surface.go,41,8.333270353,0,199,5/16/2019,bcf15f88-e377-424b-a387-f1fb9ca28b92
5,surface.go,234,10.06424493,0,169,5/23/2019,1b2d54ef-bfcd-4504-8425-8459f7448af8
5,surface.go,604,11.01006801,0,169,5/30/2019,96cf30e4-9c1f-42e9-a1b4-138cfd68e9df
5,surface.go,204,9.924074186,0,169,6/6/2019,3eabd83f-c9d7-4cf7-a9d5-46a870358c33
5,surface.go,63,8.754002934,0,199,6/13/2019,5dc8c599-11db-4528-aff0-260c11a718c3
5,surface.go,14,7.249925537,0,199,6/27/2019,44ab1147-1a17-4372-8e0a-bcce0e0652ad
5,surface.go,46,8.449342525,0,199,7/4/2019,22fb0b23-a0dd-44a5-9bf4-59ec8acc1e48
5,surface.go,195,9.87919486,0,129,7/11/2019,d6ea97d5-578c-4339-9ebc-c9c52c3d4f3e
5,surface.go,78,8.971067439,0,199,7/18/2019,15cd40e7-03ec-4deb-b7f8-78b943ce2a24
5,surface.go,51,8.553332238,0,169,7/25/2019,100dcce9-6abe-4958-9062-9cfec3e17c41
5,surface.go,422,10.65112292,1,149,8/1/2019,08562df9-087c-4001-bc99-a8403ea1153d
5,surface.go,65,8.793612072,1,189,8/8/2019,f3616c0a-72c8-435b-ae2d-e7113432b538
5,surface.go,21,7.655390645,0,199,8/15/2019,8c525b6c-19e0-48bf-8d85-96c8445d5402
5,surface.go,212,9.964018052,0,179,8/22/2019,91e4f59a-a16e-4f84-8b59-0dcaf6e4d5b3
5,surface.go,18,7.526178913,0,129,8/29/2019,5f54ba6b-7476-4de0-906f-d98d9325fe21
5,surface.go,37,8.219326094,0,199,9/5/2019,58c88796-1c0a-49b0-8dfb-57e3236cab35
5,surface.go,26,7.896552702,0,185,9/12/2019,296e4d41-90bc-4e5b-aae6-77bd8d703ca6
5,surface.go,64,8.7740036,0,185,9/19/2019,2a5c5b60-603a-4c7f-bb6b-d58d9c43abdf
5,surface.go,408,10.61878754,0,149,9/26/2019,e07fbf7d-d072-4fa8-b5b2-46f78563a265
5,surface.go,61,8.723231275,0,185,10/3/2019,6300845b-bc06-409e-b6d8-f45b8bdac1b4
