Notebooks/PySpark/Synapse Link for Cosmos DB samples/Retail/RetailData/RetailSales.csv
storeId,productCode,quantity,logQuantity,advertising,price,weekStarting,id
5,surface.pro7,42,8.348537825,0,299,6/15/2017,6b4105bd-cd51-4247-83ae-b3e9e0bee062
5,surface.pro7,43,8.378390789,0,299,6/29/2017,b3a3be24-0614-408e-b50e-8647f08d9396
5,surface.pro7,49,8.502688505,0,299,7/6/2017,b2dea327-0600-4ea3-bdb0-79b66ff47c4d
5,surface.pro7,311,10.34714721,1,259,7/13/2017,a13afa48-1225-4cb0-9a47-490b1b39d099
5,surface.pro7,100,9.215128889,0,299,7/27/2017,366c2d96-1749-4604-b4cd-fb5de0ad1298
5,surface.pro7,217,9.987828701,1,239,8/3/2017,e4e330d8-3973-497b-95f8-af554c662a9e
5,surface.pro7,45,8.42156296,0,299,8/10/2017,7055892d-4757-40e0-ae85-34a1d136fc04
5,surface.pro7,522,10.86329744,1,199,8/17/2017,027eb884-aea7-474e-bd10-4984776e04d3
5,surface.pro7,35,8.184234774,0,299,8/24/2017,7a69f83f-5e16-4066-af39-a5b0b6aae6f6
5,surface.pro7,51,8.540909718,0,299,8/31/2017,fd93383e-9aff-4c68-9fb4-1dae0aae1c6e
5,surface.pro7,44,8.392989588,0,299,9/7/2017,2d5eaa20-3cc6-4dfe-9ff6-ee04907edbea
5,surface.pro7,302,10.31586207,1,219,9/14/2017,893af010-fcb9-4766-9e06-a44c9b67bafa
5,surface.pro7,41,8.333270353,0,299,9/21/2017,d4cd15e5-fc10-44d2-a3d4-e15279f29679
5,surface.pro7,49,8.51559191,0,299,9/28/2017,26449d57-5866-442e-b36c-def1a673aea3
5,surface.pro7,139,9.543378146,0,299,10/5/2017,d7339289-8e51-437e-ac90-a3012be2e4bf
5,surface.pro7,476,10.7722673,1,199,10/12/2017,73e4cf24-80c2-4652-8eee-53406ade9564
5,surface.pro7,76,8.938006577,0,269,10/19/2017,cbfd89fb-2f66-4840-9f96-03f1627c8235
5,surface.pro7,88,9.093357017,0,299,10/26/2017,a1434b6d-561f-4a5e-adf2-8c2b001ec981
5,surface.pro7,285,10.25920204,1,199,11/2/2017,8b170d8e-71e6-448e-a67f-49b36799706c
5,surface.pro7,54,8.60153434,0,299,11/9/2017,2faa2840-e133-473f-83ef-2395e2ff8a9f
5,surface.pro7,524,10.86696717,1,199,11/16/2017,289aeed8-cba4-45ef-8a9e-2c525daf5356
5,surface.pro7,117,9.368369236,0,199,11/23/2017,5b89cf23-5a9c-4d87-8535-2b0583d40466
5,surface.pro7,139,9.543378146,0,299,11/30/2017,dc222036-af5e-49c9-84eb-4f499df8b2c6
5,surface.pro7,361,10.49570882,1,199,12/7/2017,730700ec-f1e7-44c6-a662-d54d6fc74229
5,surface.pro7,128,9.462187991,0,199,12/14/2017,baae3824-df21-4ca0-b7ce-71a50d13aa57
5,surface.pro7,222,10.00820786,0,199,12/21/2017,2467f4d7-8895-4ee6-8d2d-ba45683075ce
5,surface.pro7,99,9.208739091,0,199,12/28/2017,3f3e0706-aa8b-4027-883b-a90371d1bc2d
5,surface.pro7,140,9.547954813,0,199,1/4/2018,fd86d789-e728-4e8a-9452-a1da56c24a5e
5,surface.pro7,60,8.712759975,0,246,1/11/2018,69134e24-ca81-4536-9feb-2b4da82b2271
5,surface.pro7,78,8.962904128,0,246,1/18/2018,10c0ed18-e0d9-4f03-ac79-d2d8c3ca8982
5,surface.pro7,408,10.61878754,1,199,1/25/2018,17c08e66-a421-49f2-95dc-4d6aac41997f
5,surface.pro7,62,8.743850562,0,246,2/1/2018,164ea034-1e51-48c3-8800-7d15c3700f9c
5,surface.pro7,78,8.971067439,0,241,2/8/2018,e3c3efea-fbfd-4fcd-a6c7-4a2489c182dd
5,surface.pro7,61,8.723231275,0,241,2/15/2018,a3e2aa7f-b32c-40e7-b33a-17092d2c4561
5,surface.pro7,84,9.041685006,0,241,2/22/2018,4ab7300f-f0b2-4679-9bce-981ff33ebd3c
5,surface.pro7,186,9.835636886,1,199,3/1/2018,32740ead-f82c-40ca-b7d8-bf2f2c5aada7
5,surface.pro7,62,8.743850562,0,246,3/8/2018,f94f97b3-87e7-4681-897a-cd1fac862e1e
5,surface.pro7,120,9.400630098,0,246,3/15/2018,e8d093bf-0f85-4bc8-a7c0-e150f08d75d2
5,surface.pro7,732,11.20116926,1,169,3/22/2018,fef966eb-4d2a-4491-9480-512797cbe878
5,surface.pro7,189,9.849242538,0,169,3/29/2018,99df898c-072f-4b7d-8766-3b0f1c83ba89
5,surface.pro7,64,8.764053269,1,246,4/5/2018,f0a666b9-6e85-4f47-9741-4649bd9f78eb
5,surface.pro7,86,9.064157862,0,209,4/12/2018,d8174b9d-6db0-4a65-969d-153465c3f169
5,surface.pro7,72,8.895081532,0,209,4/19/2018,b470da7f-7101-4a4d-81aa-261487218a4f
5,surface.pro7,124,9.431882642,0,209,4/26/2018,723619c2-2e8a-4635-bd74-f08e6eaba8ec
5,surface.pro7,141,9.557045785,0,209,5/3/2018,59e9960b-4bbb-49ca-b534-fa5e383c85f8
5,surface.pro7,882,11.38799696,1,139,5/10/2018,2b2cf0c6-43f8-4f91-8579-2714dda0cfa0
5,surface.pro7,68,8.831711918,0,226,5/17/2018,8837c257-d748-4b55-add4-6ee52659d7cb
5,surface.pro7,78,8.962904128,0,226,5/24/2018,3b4dea40-1e98-4fbf-9b37-292f92846098
5,surface.pro7,62,8.743850562,0,226,5/31/2018,98d903cb-dd96-426b-9fff-b986dd8d4e16
5,surface.pro7,61,8.723231275,0,226,6/7/2018,8b8d1ad6-6519-4366-8974-a7d5948310de
5,surface.pro7,277,10.23192762,1,169,6/14/2018,50c8e0ab-e680-4404-a3f8-fb8edaff409f
5,surface.pro7,208,9.942708266,0,226,6/21/2018,8adfc2c0-82ba-4e82-97e2-c16827d94dcd
5,surface.pro7,456,10.72976605,1,169,6/28/2018,075d0ef8-4447-47dc-a175-0a1b132d31af
5,surface.pro7,143,9.570529135,0,169,7/5/2018,efa0834c-2c9e-49df-b24e-9a4528431052
5,surface.pro7,49,8.502688505,0,226,7/12/2018,107e4257-1928-4584-a3d4-4190dc770bb2
5,surface.pro7,46,8.435549202,0,226,7/19/2018,8c706d5b-ed89-4ed5-98f2-cb4df3b57a08
5,surface.pro7,52,8.565602331,0,226,7/26/2018,3e653d37-db47-41a8-a566-99213e4629bf
5,surface.pro7,42,8.348537825,0,226,8/2/2018,96c80194-4856-450c-bdc3-b92d32dcf818
5,surface.pro7,42,8.363575703,0,226,8/9/2018,79fe8613-e6af-49ff-aef5-36172d0f50ef
5,surface.pro7,168,9.734832187,0,226,8/16/2018,e70dd12b-531e-4513-b801-591061e05c03
5,surface.pro7,771,11.25394746,1,129,8/23/2018,af3785bf-0435-4c4d-a5f1-04bdf3bc2767
5,surface.pro7,51,8.553332238,0,226,8/30/2018,90eadcc3-b18e-4a76-8d60-74a91a646d47
5,surface.pro7,52,8.565602331,0,226,9/6/2018,a6e65bff-e237-473e-90bb-b111b7cd1759
5,surface.pro7,206,9.936535407,1,199,9/13/2018,f5320ce5-5ce3-4818-9257-ede1cb011bfc
5,surface.pro7,123,9.421573272,0,189,9/27/2018,6da5fa24-3909-4349-bb5a-3e4e7be2ff30
5,surface.pro7,120,9.395325046,0,179,10/4/2018,69b90e1d-d47d-4deb-a2f2-93a1ebe32874
5,surface.pro7,134,9.505990614,0,179,10/11/2018,a68cc478-85ef-4381-8344-58e5f08744b3
5,surface.pro7,58,8.66974259,0,226,10/25/2018,cb7af5e3-e407-4357-8cc4-6bfd10907718
5,surface.pro7,501,10.82201578,0,149,11/1/2018,4efdc0ba-15f2-4a84-9556-ece07acac9ad
5,surface.pro7,51,8.553332238,0,226,11/8/2018,d8b41d7b-117e-42f9-8343-b4a7434872a5
5,surface.pro7,83,9.034080407,0,226,11/15/2018,4d6abc9d-da1b-4079-a41e-d28f16b96aaa
5,surface.pro7,101,9.221478116,0,199,11/22/2018,6246dc30-26ee-4cd8-b971-d9acfcdb5988
5,surface.pro7,83,9.034080407,0,199,11/29/2018,e7c32ee3-d4d3-44c2-8fd0-f11e775e404d
5,surface.pro7,114,9.346268889,0,199,12/6/2018,9e11a244-cc3d-4b5f-9f59-7d6324551009
5,surface.pro7,59,8.691482577,0,226,12/13/2018,337b4a30-0ff9-4b97-a614-3ef55e10bf4e
5,surface.pro7,85,9.049232212,0,226,12/20/2018,e1665814-77b0-48ee-aaf8-fde2531a292a
5,surface.pro7,279,10.23881628,1,199,12/27/2018,c6b3a286-10d5-46bb-b960-d8d4cde1c720
5,surface.pro7,240,10.08580911,0,199,1/3/2019,faab40fd-7665-4b74-b652-659d178eabee
5,surface.pro7,68,8.831711918,0,199,1/10/2019,31514ace-f6d8-42c8-bc55-6eef9ba3803e
5,surface.pro7,151,9.622714888,1,249,1/17/2019,78606285-4dd7-4354-b087-bd614f0bc3d2
5,surface.pro7,113,9.340666634,1,249,1/24/2019,28bc8b9f-9652-4fab-b86b-c19cfc53f5cc
5,surface.pro7,58,8.66974259,0,249,1/31/2019,0bdc56f9-7818-4ffd-8731-7e700e86a27d
5,surface.pro7,74,8.921057018,0,266,2/7/2019,dc6e01c3-aa5d-43b4-8486-cfb776b7f7b0
5,surface.pro7,83,9.026417534,0,199,2/14/2019,dc2af4f4-e561-4d97-9328-c2837262581a
5,surface.pro7,999,11.511965,1,199,2/21/2019,bf9d3be6-3fd8-4de1-a673-d350d9f0d262
5,surface.pro7,69,8.850230966,0,199,2/28/2019,4a1bf98b-3fc9-4488-ad08-10ca650c814e
5,surface.pro7,99,9.208739091,0,266,3/7/2019,4116b938-5b20-4c6b-8c36-3017997a779d
5,surface.pro7,328,10.39915893,1,199,3/14/2019,d443fc04-eb3e-4000-aaf0-6dc6901803db
5,surface.pro7,81,9.00307017,0,199,3/21/2019,fd0357f6-05ab-4d88-9832-0e4447e93d91
5,surface.pro7,64,8.7740036,0,266,3/28/2019,aa5057d1-8e38-4473-8f1a-5e21b4dbed7a
5,surface.pro7,368,10.51325312,1,199,4/4/2019,32a38717-5c2b-41d6-8c2b-f9b7c7588484
5,surface.pro7,129,9.467150781,0,199,4/11/2019,2cc322cb-64be-4217-b4fa-a659282633e6
5,surface.pro7,74,8.912473275,0,266,4/18/2019,12e70f12-6cbe-47df-a69c-b081702d4e9f
5,surface.pro7,341,10.43927892,1,199,4/25/2019,1965e6df-b42d-48d2-a5d7-e1ce3bc407b7
5,surface.pro7,41,8.333270353,0,266,5/2/2019,d3d51a10-56f0-4b0c-b4ca-08c841b961cc
5,surface.pro7,59,8.691482577,0,266,5/9/2019,2cc1a0ab-df5c-4878-b804-7b293a24b9ea
5,surface.pro7,65,8.783855897,0,266,5/16/2019,8174ce84-1595-422d-b568-f017adf8df36
5,surface.pro7,306,10.33058368,1,199,5/23/2019,0c1fcf40-5fba-43e5-aa25-2c4be8527464
5,surface.pro7,66,8.803273983,0,266,5/30/2019,6b51d773-9dd1-455e-b857-fddc412f79ab
5,surface.pro7,44,8.392989588,0,269,6/6/2019,d031bf73-6e92-4b8c-b322-63f1f794b22c
5,surface.pro7,56,8.647519453,0,269,6/13/2019,dba5326f-6051-419c-8e9b-0c3bf0e1dd10
5,surface.pro7,56,8.647519453,0,269,6/27/2019,7d9f117d-6361-40c7-ae5c-bdb892fec2d5
5,surface.pro7,396,10.58860256,1,201,7/4/2019,c37a6b07-68c0-4ca4-bc24-a75baf67cb35
5,surface.pro7,62,8.733594062,1,219,7/11/2019,12bea381-ce25-4fee-83fa-15396fa8f556
5,surface.pro7,78,8.971067439,0,269,7/18/2019,f449c3d7-2c84-4fdb-93da-1bf458e285e1
5,surface.pro7,545,10.90646961,1,229,7/25/2019,541f0d08-4731-4b26-9d08-74b82788644e
5,surface.pro7,64,8.764053269,0,269,8/1/2019,c0e595dc-338f-42ea-8114-77a4abf41ca9
5,surface.pro7,58,8.68067166,1,265,8/8/2019,11b275fc-9b3e-4ac7-853d-beaf53a0acc7
5,surface.pro7,563,10.93994071,1,199,8/15/2019,eed36619-a187-44b7-a29d-3ef73417f79f
5,surface.pro7,270,10.20625526,1,199,8/22/2019,eb9a3fa2-bfc9-4444-9677-e05089ab51fd
5,surface.pro7,38,8.253227646,0,169,8/29/2019,72d0ecd5-10b9-4b7a-aaaa-41b361f1470d
5,surface.pro7,61,8.723231275,0,169,9/5/2019,f23c1c70-3869-4287-a258-5235977146e6
5,surface.pro7,364,10.50276352,1,199,9/12/2019,580c7189-8be9-4ebe-b011-4bd8635b9e24
5,surface.pro7,54,8.60153434,0,269,9/19/2019,23cd1ff8-f6d9-4a94-be49-780003c8b8bd
5,surface.pro7,76,8.946374826,0,249,9/26/2019,185805ae-bcd1-40ac-9f38-f6e70f94cfd4
5,surface.pro7,503,10.82583988,1,219,10/3/2019,e27aaa64-9178-4bfb-841e-a25c58de539d
