Notebooks/PySpark/Synapse Link for Cosmos DB samples/Retail/RetailData/RetailSales.csv
storeId,productCode,quantity,logQuantity,advertising,price,weekStarting,id
5,surface.laptop3,58,8.68067166,0,366,6/15/2017,4cfbe036-a4c3-46cf-bf5e-653585154389
5,surface.laptop3,69,8.850230966,0,366,6/29/2017,40782b31-1832-40b0-b994-44f4f86f6afb
5,surface.laptop3,65,8.783855897,0,366,7/6/2017,1bc446d3-0132-453d-bf5f-ae525b524ba1
5,surface.laptop3,49,8.502688505,0,366,7/13/2017,51ade439-001e-4239-b7b2-c0de1a6872ec
5,surface.laptop3,53,8.577723691,0,366,7/27/2017,d046ab9a-2733-4e40-8166-fc6d68e8437a
5,surface.laptop3,51,8.540909718,0,366,8/3/2017,ce6126fa-6eb4-4fe2-8f2d-1c099e15ea57
5,surface.laptop3,79,8.979164649,0,366,8/10/2017,a59cd255-ff5f-4116-b148-16836cb5a5b7
5,surface.laptop3,60,8.712759975,0,366,8/17/2017,4c87b763-93db-40b7-8d8e-70a36293ca16
5,surface.laptop3,41,8.333270353,0,366,8/24/2017,03f5d1f1-2b9f-4c85-9398-4be17dedf754
5,surface.laptop3,58,8.68067166,0,366,8/31/2017,2a8d8dfe-a13f-4857-8427-5af0a278c92a
5,surface.laptop3,95,9.162829389,0,329,9/7/2017,1a648a6c-b245-43ea-a87a-a282a4830ed2
5,surface.laptop3,83,9.026417534,0,329,9/14/2017,d6065a4d-74bd-47ab-a40e-6c417e920883
5,surface.laptop3,80,8.987196821,0,329,9/21/2017,3c5b568f-043c-452e-afb0-367ad44a1c89
5,surface.laptop3,58,8.66974259,0,366,9/28/2017,ed2ad92b-7941-41ba-9019-71f155b96d66
5,surface.laptop3,106,9.270870872,1,329,10/5/2017,ad5459ef-185d-4d63-8318-ffbf58a65fb9
5,surface.laptop3,66,8.803273983,0,329,10/12/2017,5332b0d7-4b5c-478f-8d7d-4cceb36dc078
5,surface.laptop3,51,8.553332238,0,351,10/19/2017,25e718b6-5102-4fc6-8f63-0106a612079d
5,surface.laptop3,49,8.502688505,0,351,10/26/2017,909844f8-fc4a-411b-bfd2-05c95e5d38b1
5,surface.laptop3,58,8.68067166,0,351,11/2/2017,e50282dd-7350-41f0-b596-329be92434d2
5,surface.laptop3,53,8.577723691,0,351,11/9/2017,d5612c58-47a7-4114-8411-a50c0ea16b8e
5,surface.laptop3,99,9.208739091,0,366,11/16/2017,0272fe77-54a0-47dc-b2b2-94290e25fb90
5,surface.laptop3,84,9.041685006,0,299,11/23/2017,9c890048-2486-4d79-8e47-6bcdabb72f60
5,surface.laptop3,108,9.29468152,0,299,11/30/2017,3d35b298-5ca6-4636-aa76-a309ecdf0197
5,surface.laptop3,56,8.647519453,0,339,12/7/2017,cd0b1e38-3b74-4e90-ac68-5faa1b356cc6
5,surface.laptop3,56,8.647519453,0,339,12/14/2017,86e25b18-1b64-4445-850d-306ff082c652
5,surface.laptop3,323,10.38541975,0,239,12/21/2017,ffd78b79-494e-4a15-865c-6438227af93c
5,surface.laptop3,107,9.282847063,0,239,12/28/2017,02decc2b-d724-4179-a215-0792e175de77
5,surface.laptop3,69,8.841014311,0,339,1/4/2018,55283759-a803-4437-8fd6-9c43fbe3f064
5,surface.laptop3,134,9.505990614,0,259,1/11/2018,ce1de3fe-9c6e-49af-b0c5-cedc89a49c52
5,surface.laptop3,78,8.962904128,0,259,1/18/2018,76a6144b-8ef0-47ee-848a-c2024fb0ff38
5,surface.laptop3,52,8.565602331,0,339,1/25/2018,4374bedc-a68e-4029-aa15-2c757d793f6d
5,surface.laptop3,62,8.733594062,0,339,2/1/2018,66f0b851-8942-4937-b1e7-1b22045499fd
5,surface.laptop3,214,9.973013615,0,249,2/8/2018,b1da697f-7ef0-417a-80a5-491975157a12
5,surface.laptop3,73,8.903815212,0,339,2/15/2018,5e012b2a-e835-494b-9850-e1648a2c5988
5,surface.laptop3,67,8.812843434,0,339,2/22/2018,2aa41513-34f5-4267-aa12-f2a0c07ee59b
5,surface.laptop3,66,8.803273983,0,339,3/1/2018,f4ed7428-da1d-4e3c-a876-a2508f11a719
5,surface.laptop3,60,8.702177866,0,339,3/8/2018,5287a58f-3bf5-486c-aa90-53b96fed105a
5,surface.laptop3,61,8.723231275,0,339,3/15/2018,055ba3d1-41d0-4f0b-8cb7-796f3bcc883a
5,surface.laptop3,49,8.502688505,0,339,3/22/2018,2f4003e5-1a4a-4701-914a-88eb88f65963
5,surface.laptop3,677,11.1230187,1,169,3/29/2018,81917ae8-a1bb-4a6b-8115-483944a91a66
5,surface.laptop3,86,9.064157862,0,339,4/5/2018,79868abb-249b-4f83-97ce-4b9af3b00639
5,surface.laptop3,355,10.4778512,1,199,4/12/2018,bc56beb0-f655-41bf-b812-558bf69bd2be
5,surface.laptop3,96,9.17616292,0,339,4/19/2018,4fe98515-879b-4fea-a36c-a4be7afca333
5,surface.laptop3,490,10.80136989,1,199,4/26/2018,068cb292-2f1d-4bb5-aade-7f9a9c7e1c03
5,surface.laptop3,149,9.609921537,0,199,5/3/2018,cafb1664-7935-424b-bc0a-0546b8f44b09
5,surface.laptop3,64,8.7740036,0,339,5/10/2018,0fe122e9-b269-40ee-8c01-0451e6e6ce0b
5,surface.laptop3,250,10.12759064,1,229,5/17/2018,6190bfe5-37ba-4e83-8e02-b29494767b71
5,surface.laptop3,62,8.743850562,0,339,5/24/2018,bc863c13-ae2a-4e1e-be44-d709bfe403f2
5,surface.laptop3,50,8.528330936,0,339,5/31/2018,4fa39077-3f7f-4e81-8558-44fcf7ebc6dc
5,surface.laptop3,476,10.77092412,0,199,6/7/2018,af6a4cc9-c3ea-4e39-a6b0-d118be8bb1bb
5,surface.laptop3,138,9.538780437,0,199,6/14/2018,bcd7945a-71e5-455d-9bc3-2f07df5e1b80
5,surface.laptop3,61,8.723231275,0,339,6/21/2018,ebe0b54b-15cd-4ab9-a32c-d698932fc8cc
5,surface.laptop3,93,9.142489705,0,339,6/28/2018,3091f064-3a9d-408b-b59d-2ed977920ffe
5,surface.laptop3,328,10.40110635,0,199,7/5/2018,8f44b2f5-8d89-47f7-afa5-de9e397798ec
5,surface.laptop3,210,9.954940834,0,199,7/12/2018,de8c37b2-f3e3-4557-8d9c-98b300745d0f
5,surface.laptop3,153,9.639522007,0,199,7/19/2018,f6a646aa-78d6-4c1d-aae0-206734a336ee
5,surface.laptop3,80,8.987196821,1,339,7/26/2018,1ef8ee57-a7d4-4688-a11c-a7341e3c9396
5,surface.laptop3,211,9.957975738,0,219,8/2/2018,3f092646-ff57-4507-9963-ee5fbd8af7f4
5,surface.laptop3,119,9.384629757,0,219,8/9/2018,51e73e42-f9ca-433e-baae-4a4a0bb80133
5,surface.laptop3,50,8.528330936,0,339,8/16/2018,c054d128-a75e-4898-bfcf-924948cf07a0
5,surface.laptop3,46,8.435549202,0,339,8/23/2018,6efe5bee-cccb-4b31-84a3-ac524213bca6
5,surface.laptop3,60,8.702177866,0,339,8/30/2018,350c3122-5533-4ec3-b912-6e91a8a2b75b
5,surface.laptop3,507,10.83470631,1,199,9/6/2018,99f958c2-ae1f-4dec-a03c-ada8535b3d1a
5,surface.laptop3,56,8.636219898,0,339,9/13/2018,7914bb27-2f66-4de1-b69a-64bac171d07b
5,surface.laptop3,64,8.764053269,0,339,9/27/2018,df84c77c-6a67-49ba-ad93-c6b0d1248226
5,surface.laptop3,54,8.60153434,0,299,10/4/2018,b30548e2-d771-4207-84df-7853af76cf2e
5,surface.laptop3,81,9.00307017,0,294,10/11/2018,cd117ebc-af03-4b48-b48d-37ba413a68fb
5,surface.laptop3,72,8.886270902,0,294,10/25/2018,7d0a6898-f93f-4781-9ea3-9923a37eeed5
5,surface.laptop3,71,8.877381955,0,294,11/1/2018,b55591a7-dd07-4004-b8a9-09dfdd39d737
5,surface.laptop3,78,8.971067439,0,294,11/8/2018,cd0a99c1-5094-48f3-ae1b-56bebb58a200
5,surface.laptop3,75,8.929567708,0,299,11/15/2018,f4718f8c-49d5-487c-b0fe-0aae19b04630
5,surface.laptop3,695,11.14913958,1,199,11/22/2018,3c927e9d-abf6-45fd-901e-011e1bfb6f8c
5,surface.laptop3,89,9.100525506,0,299,11/29/2018,67d65413-2c90-4feb-a6f9-d6996db6d1cf
5,surface.laptop3,69,8.841014311,0,299,12/6/2018,90eea096-c7ef-4323-aafc-8544acd4a0b7
5,surface.laptop3,66,8.803273983,0,299,12/13/2018,bd00565f-f09c-44f2-a5b2-7c25e25da861
5,surface.laptop3,81,9.010913347,0,299,12/20/2018,e2ca0ebe-d0b0-44fb-a059-c9f6bb6f539a
5,surface.laptop3,134,9.505990614,0,239,12/27/2018,3be452c1-ba76-4e46-a8cf-d036cbd8b5c1
5,surface.laptop3,121,9.405907156,0,239,1/3/2019,c448fcd2-dfc5-4b97-93f7-e956b1ae5ea1
5,surface.laptop3,118,9.379238908,0,229,1/10/2019,fa1e8977-ea56-433d-a345-35b51ad4cf7a
5,surface.laptop3,86,9.064157862,0,229,1/17/2019,57de304c-5c35-4e27-9385-3c45bd3bca2c
5,surface.laptop3,58,8.68067166,0,299,1/24/2019,ec6a9a5f-fa54-476c-80c8-1bcad9ad2ab3
5,surface.laptop3,74,8.912473275,0,299,1/31/2019,b754c5a2-6886-4b40-a4a5-15afe9884dc2
5,surface.laptop3,56,8.636219898,0,299,2/7/2019,5a29cb9a-1f28-4e9d-bc0a-7c32a441df28
5,surface.laptop3,336,10.42228135,1,199,2/14/2019,84dca6e9-9375-45cf-a4aa-781d35249f5a
5,surface.laptop3,53,8.589699882,0,299,2/21/2019,f4dad210-e7d0-426b-bd6e-234a50219355
5,surface.laptop3,542,10.90176372,1,199,2/28/2019,1b7f1cec-49b1-4122-b66f-bdea5bbe8bb2
5,surface.laptop3,336,10.42228135,0,179,3/7/2019,98121a65-ab13-4038-afa7-8c91ba2d3fa8
5,surface.laptop3,244,10.10430369,0,179,3/14/2019,22a61a9e-6560-494c-b415-acbea8ecb54e
5,surface.laptop3,227,10.03381381,0,179,3/21/2019,c73e0c06-c5d2-40b4-b630-23a44573fe3c
5,surface.laptop3,190,9.852615222,0,299,3/28/2019,f9726ed9-cd95-40b2-a795-c1784dd66b9d
5,surface.laptop3,158,9.66827142,1,250,4/4/2019,7b26dd5b-2b5b-42cc-9479-d463cfa31088
5,surface.laptop3,141,9.557045785,0,250,4/11/2019,e6ef8253-4c02-488c-9f80-971faebe0b3c
5,surface.laptop3,96,9.169518378,0,299,4/18/2019,8d71e449-fe85-4d1a-be92-f3214a11ed72
5,surface.laptop3,101,9.221478116,0,299,4/25/2019,a4dd0ba4-47ce-4fa9-b286-20977bc8ab6b
5,surface.laptop3,318,10.36948316,1,224,5/2/2019,879589df-931f-42ec-97c4-e55c6bb59e17
5,surface.laptop3,92,9.135616826,0,299,5/9/2019,89f5e361-02f6-4295-88e3-96741aad360d
5,surface.laptop3,76,8.946374826,0,299,5/16/2019,93ca9467-96a6-4c55-9016-4a06169f7700
5,surface.laptop3,87,9.071537969,0,299,5/23/2019,5540b852-7664-4d14-9797-c126b5274a7c
5,surface.laptop3,99,9.2023082,0,299,5/30/2019,d01408a0-1db9-4db7-9f88-40896c7d35a7
5,surface.laptop3,919,11.42919597,1,249,6/6/2019,31bf5089-c3c1-4865-b249-74b7a4e4868d
5,surface.laptop3,440,10.69412435,0,249,6/13/2019,7ce6497c-7aab-4b2d-9f14-11a01fb4d084
5,surface.laptop3,72,8.895081532,1,299,6/27/2019,4ef4b51d-0108-44ef-b947-cdaabbe3880f
5,surface.laptop3,129,9.467150781,0,269,7/4/2019,59fd4d6b-623a-4745-bc29-e30377de81c4
5,surface.laptop3,68,8.831711918,0,299,7/11/2019,f9cafec7-a0c5-4852-aee1-d9bf3e1f110f
5,surface.laptop3,80,8.99516499,0,299,7/18/2019,82b28e90-ac66-41a9-ac23-8c1a1866ab49
5,surface.laptop3,49,8.51559191,0,299,7/25/2019,a1a58790-4242-4bd2-b0ae-2975e084c79a
5,surface.laptop3,73,8.903815212,0,299,8/1/2019,c024a9e6-9b8b-46ae-8ab2-6c29f75d96b9
5,surface.laptop3,83,9.034080407,1,289,8/8/2019,e8688839-264b-4d33-a125-f44829090560
5,surface.laptop3,88,9.086136769,0,299,8/15/2019,0fffc9dd-d3de-421b-a00f-9dfa964334ba
5,surface.laptop3,177,9.78290059,1,279,8/22/2019,1434c504-5656-4582-a72a-acf5074bf5d0
5,surface.laptop3,96,9.169518378,0,299,8/29/2019,40c5ec7d-dc9c-4ce0-b5b3-bb4fad79fa95
5,surface.laptop3,256,10.15284451,1,249,9/5/2019,970302b7-534c-4390-b3f9-dac22d45fda7
5,surface.laptop3,99,9.208739091,0,249,9/12/2019,e8d3ee69-9bb0-40b8-8ce9-2733cee9116b
5,surface.laptop3,85,9.056722883,0,299,9/19/2019,bd10716a-4281-474e-bfe3-7706f2ea58ed
5,surface.laptop3,131,9.486759252,1,278,9/26/2019,d7f4f808-2258-4f6f-89ae-a2d2460632cb
5,surface.laptop3,74,8.921057018,0,278,10/3/2019,c25a7066-9c3a-472e-a014-65604e3425f6
