Notebooks/PySpark/Synapse Link for Cosmos DB samples/Retail/RetailData/RetailSales.csv
storeId,productCode,quantity,logQuantity,advertising,price,weekStarting,id
8,surface.go,143,9.570529135,1,159,6/15/2017,d84f742d-ca87-4dd5-a45c-baf48f30d948
8,surface.go,64,8.764053269,0,229,6/22/2017,164dd930-3727-4a9d-ab47-017c4f59aa90
8,surface.go,39,8.286017468,0,229,6/29/2017,8ae84e62-a646-4dcd-a79e-4e45267bc6f1
8,surface.go,43,8.378390789,0,229,7/6/2017,97d24931-1953-4503-9a97-4895aac1a375
8,surface.go,35,8.166216269,0,229,7/13/2017,c6df7e9c-2db5-4d15-9e4a-146d862f49b8
8,surface.go,64,8.7740036,0,229,7/20/2017,b65fa053-58c8-4bfd-bfa6-600e986e969d
8,surface.go,59,8.691482577,0,229,7/27/2017,79e2d467-727d-410e-8ffd-658a7d691c76
8,surface.go,88,9.086136769,1,209,8/3/2017,d4e6505f-2ecc-49ff-9c59-5435d0647fe1
8,surface.go,72,8.886270902,0,209,8/10/2017,0c8fecfc-4017-432b-85d5-1c5f22fca11c
8,surface.go,55,8.61323038,0,209,8/17/2017,61ba0279-b442-45b9-b584-1b1c743bad91
8,surface.go,48,8.476371197,0,209,8/24/2017,f6f531f1-2361-4786-a121-5813e71792a2
8,surface.go,526,10.87183928,1,189,8/31/2017,b1fd426c-e11c-4763-9ec4-c9fcab3b562d
8,surface.go,164,9.707959168,0,189,9/7/2017,2c553ca3-d6e5-4032-8d7a-e4fee1662429
8,surface.go,190,9.85597657,0,189,9/14/2017,170c75f4-dfd0-4bd9-a5ad-15d6c1a76b57
8,surface.go,133,9.501217335,0,179,9/21/2017,77e84c20-85fa-4808-bfbc-9c8a8dabe119
8,surface.go,614,11.02581637,1,179,9/28/2017,96d0827f-5ac7-42a8-80dc-fcf04ba4f22d
8,surface.go,137,9.529521112,0,179,10/5/2017,a22118fd-03f8-4d2a-ad34-0ee89a28daa2
8,surface.go,31,8.050703382,0,229,10/12/2017,ba42076d-83ec-4400-820e-514645a1b6f0
8,surface.go,1861,12.13444774,1,114,10/19/2017,81ef834d-ada3-4efa-81c8-9896099cd9ca
8,surface.go,37,8.219326094,0,159,10/26/2017,39e7fc58-3dea-4bfd-9340-71557fa153e8
8,surface.go,357,10.48503256,1,159,11/2/2017,ed897560-0f99-4b2f-afeb-b247ec295424
8,surface.go,268,10.1991378,0,129,11/9/2017,07d7defb-f12c-4115-a683-158c645158be
8,surface.go,716,11.17996705,0,99,11/16/2017,707ef7d8-762b-495a-8c1b-bd35d4e4d2a4
8,surface.go,250,10.13014492,1,159,11/23/2017,3a120c64-e910-40c2-a230-9bf8dda1cdca
8,surface.go,914,11.42361326,1,229,11/30/2017,ae1eeea5-f5ad-4918-b65a-25058a453f21
8,surface.go,238,10.07777694,0,189,12/7/2017,0b7606e7-7168-4ae0-bd1c-7003afac55c4
8,surface.go,898,11.40596367,1,139,12/14/2017,2494fc5c-610c-4d90-8394-d2b49ecf6181
8,surface.go,122,9.411156511,0,189,12/21/2017,351edf71-6752-4e42-94c9-34ced55f1acd
8,surface.go,37,8.236420527,0,189,12/28/2017,65a8f35f-2182-4a92-ad03-9899e6800756
8,surface.go,138,9.534161491,0,189,1/4/2018,40395fb0-e884-4014-85f7-9e537a5ba066
8,surface.go,2510,12.43349503,1,99,1/11/2018,03fb7c11-5ef2-496e-adde-8d1b27da9711
8,surface.go,48,8.489616424,0,189,1/18/2018,09305e81-9775-427f-b1bb-116f9ae8e6c3
8,surface.go,101,9.227787286,0,189,1/25/2018,c836edc6-2a55-41f5-8f18-4e913679bfb2
8,surface.go,1053,11.56498647,1,149,2/1/2018,e267286c-52f9-4823-b3c0-28185358ac0a
8,surface.go,336,10.42228135,0,149,2/8/2018,40cbb44d-1da7-4dc0-b4a3-6175de716091
8,surface.go,47,8.462948177,0,189,2/15/2018,ee7cc91c-3d2c-4517-9663-4e67ddea6733
8,surface.go,103,9.240287448,0,189,2/22/2018,d6ec9bb8-4d51-4519-84c0-ebdb054220a9
8,surface.go,50,8.528330936,1,189,3/1/2018,aec91827-ec64-47bc-b749-cbfc9d4ce585
8,surface.go,1799,12.10053434,1,94,3/8/2018,c091f595-085f-4624-93df-dbdc4d533754
8,surface.go,49,8.51559191,0,189,3/15/2018,66cd7d15-fcf6-4c11-8541-3424f67cc82e
8,surface.go,64,8.764053269,0,189,3/22/2018,792c92ea-36f3-49da-a90e-9d601d6dcad3
8,surface.go,149,9.609921537,1,159,3/29/2018,faa597b6-f8c7-4da1-8490-9715d081ab1d
8,surface.go,346,10.45230236,0,159,4/5/2018,c0b706c0-e1e2-4164-82c6-634fb7c6db03
8,surface.go,103,9.246479419,0,159,4/12/2018,da8944b9-ff22-4b22-a81a-c6572ddd51af
8,surface.go,1948,12.18013926,1,99,4/19/2018,13b349fd-67ba-4c69-a0a2-a31f97a81ebb
8,surface.go,56,8.647519453,1,189,4/26/2018,7ac0ecf8-f671-4984-a79c-5df2edee8949
8,surface.go,71,8.877381955,0,189,5/3/2018,b68635dd-4d01-4406-a34e-4c853d1aee5c
8,surface.go,28,7.965545573,0,189,5/10/2018,20e193f1-d51f-4b5a-8ea9-62a0f18e3622
8,surface.go,122,9.416378455,0,189,5/17/2018,527dd970-88b9-492c-bac8-9d9832f8c0c9
8,surface.go,92,9.135616826,0,169,6/7/2018,b34f8e1c-663b-4801-9128-fcf1c27e69d9
8,surface.go,258,10.16029796,1,126,6/14/2018,3c643835-b9a4-4392-a568-31245d0b8727
8,surface.go,192,9.865993348,0,129,6/21/2018,dde3da2a-599e-49b3-8f3d-db3ed67f5572
8,surface.go,68,8.831711918,0,169,6/28/2018,d1715f05-060e-4d86-81e4-c2e85f93c39c
8,surface.go,129,9.467150781,0,169,7/5/2018,9945b4a9-7578-46d3-950b-d4b452149e59
8,surface.go,440,10.69267192,1,159,7/12/2018,5d6d1035-8806-4749-ab40-be808cf061fc
8,surface.go,254,10.14281936,0,159,7/19/2018,4526c23c-2e22-44e1-9fd7-e487c1c3e8e5
8,surface.go,383,10.55414468,0,169,7/26/2018,4d50800f-bb69-4c5f-a6d7-9f0dc46d67a6
8,surface.go,1523,11.93415893,1,99,8/2/2018,78470746-e82a-40c6-b738-e195fb181331
8,surface.go,544,10.90529521,0,99,8/9/2018,3e64b61b-7345-4c3f-9d66-249d7a4925f2
8,surface.go,476,10.7722673,1,149,8/16/2018,6e17f607-7591-4296-b1af-ebe9524706d6
8,surface.go,147,9.596962392,0,149,8/23/2018,7f24d1f6-a1c4-4a46-94da-a5d4b439ca13
8,surface.go,532,10.88271552,0,139,8/30/2018,5ba774ff-48eb-443b-b66e-ed84a41904ee
8,surface.go,405,10.61093204,0,139,9/6/2018,e3eb1346-6115-40ad-a5dd-7a71f1b84c1e
8,surface.go,258,10.16029796,0,139,9/13/2018,cdd42b4d-4c5c-47ad-9c0c-90646d1d36b8
8,surface.go,240,10.08847223,1,158,9/20/2018,bd456cb5-8ac3-4709-8d69-d0e80c51766a
8,surface.go,156,9.660141294,0,158,9/27/2018,c308a1cd-babf-4aac-b068-c03929041b56
8,surface.go,165,9.715711145,0,158,10/4/2018,a6824d7a-dbaa-4501-b883-887a8c14593b
8,surface.go,496,10.8130356,1,158,10/11/2018,18f91b0e-821e-440c-bc51-a19c32fbaffc
8,surface.go,107,9.282847063,0,158,10/18/2018,0edd69e2-1513-46b9-8d1e-8d5130084802
8,surface.go,97,9.189321005,0,158,10/25/2018,fbfe1b2d-cf6e-4289-a97b-391c014dbdd0
8,surface.go,71,8.868413285,0,158,11/1/2018,9eac7535-cd01-4b76-bdb7-f63b8b65dd29
8,surface.go,92,9.128696383,1,158,11/8/2018,8ad0029b-ca9c-4bbb-8e2b-deb046cfe2e2
8,surface.go,126,9.442086812,0,158,11/15/2018,24003fa2-5b77-4f19-b251-66e2ae06fe3c
8,surface.go,164,9.707959168,0,158,11/22/2018,2d8275c9-bb02-460f-95a7-1e69e99ac7df
8,surface.go,279,10.23881628,1,158,11/29/2018,354bd824-e9dd-4b64-875c-876b02bb1765
8,surface.go,378,10.5406991,0,158,12/6/2018,27e01f35-d614-4f09-9079-ac5c536fefe4
8,surface.go,336,10.4241843,1,158,12/13/2018,24e1c358-a686-419d-8e42-4e0cce0c2937
8,surface.go,177,9.78290059,0,158,12/20/2018,2b8e346b-be84-49e4-8782-045d037bafbe
8,surface.go,250,10.13014492,1,158,12/27/2018,3c158682-e460-45da-b8c4-ed2a50f7ae8d
8,surface.go,131,9.486759252,0,158,1/3/2019,604e4b06-04e9-4648-8bff-62e46278eeb7
8,surface.go,31,8.050703382,0,158,1/10/2019,c512e8c7-f3fc-4d28-b421-39f06a039a0e
8,surface.go,56,8.647519453,0,158,1/17/2019,e49e7633-d138-4eb1-8717-82f4bcbbf793
8,surface.go,190,9.852615222,0,158,1/24/2019,513e92c4-45d0-4fec-bef0-d4b38ce4655a
8,surface.go,1216,11.70901843,0,158,1/31/2019,ac37e7a5-b119-4ca0-b29f-c0876b69bee5
8,surface.go,388,10.56741187,0,158,2/7/2019,2efad688-172f-48e5-ba95-0c688e8e27b1
8,surface.go,61,8.723231275,0,158,2/14/2019,071797d0-50cb-476a-bd72-96a6427f8e7e
8,surface.go,136,9.520175249,0,158,2/21/2019,4424df3a-2603-4f91-9ed9-3a562412e2a0
8,surface.go,97,9.189321005,0,158,2/28/2019,bda7e8c1-8f5c-4478-9953-593e0b050db9
8,surface.go,869,11.37265139,1,158,3/7/2019,d90064e1-2398-437c-8e89-160487b811f7
8,surface.go,245,10.10691807,0,158,3/14/2019,8ae868cf-7b04-4937-b187-8fa61f41eb2b
8,surface.go,580,10.96902553,0,158,3/21/2019,9bae7fee-2489-4c42-8d4b-7ade5fb4e2aa
8,surface.go,139,9.543378146,0,158,3/28/2019,5578208f-b141-4d80-8fa1-6d28e61f4cd8
8,surface.go,151,9.626943225,0,158,4/4/2019,a95880a2-05d5-4b7f-9895-cee6d97095ff
8,surface.go,145,9.588228712,0,158,4/11/2019,c3384e29-ff9c-41e3-ac6d-b2a1215d2e49
8,surface.go,1450,11.88509573,1,129,4/18/2019,8fc41eca-88dd-4020-a01f-47b798c0da89
8,surface.go,437,10.68537794,0,129,4/25/2019,1fef5e29-11c4-453c-91b0-eb8a693ec98e
8,surface.go,206,9.933434629,0,169,5/2/2019,aa4d80da-f683-4e61-9d14-858ec9380150
8,surface.go,187,9.839055692,0,169,5/9/2019,d41cfd9a-71aa-48f9-bbbe-d58f5d78cc1c
8,surface.go,201,9.911455722,0,179,5/16/2019,d4d10a5a-324c-4ddf-afb5-475ed7713e07
8,surface.go,186,9.835636886,0,169,5/23/2019,98850903-2d8a-4092-8464-6065061167ad
8,surface.go,1338,11.80428078,0,169,5/30/2019,7ec51996-7c0c-4d3b-b86f-f1ee9d7d9cb7
8,surface.go,634,11.05860619,0,169,6/6/2019,e3b8b921-7363-45fd-b82f-c4fb471f475b
8,surface.go,710,11.17099838,0,179,6/13/2019,7894623b-8e3d-4e83-b688-ddbd1d24dd6e
8,surface.go,153,9.639522007,0,179,6/27/2019,99d7e439-ca5c-4bd0-a9a0-91d936815dba
8,surface.go,177,9.78290059,0,179,7/4/2019,1534c953-ff77-47fe-bda1-dfcf3b23b09c
8,surface.go,242,10.09641929,0,129,7/11/2019,836cc743-e069-476b-af73-5f10fd707d64
8,surface.go,199,9.901886271,0,179,7/18/2019,29c3180c-3284-4b01-a35b-b24b836fd7c6
8,surface.go,159,9.67633598,0,169,7/25/2019,c4036f15-2848-485e-868a-91511ade0978
8,surface.go,763,11.24310951,1,149,8/1/2019,66f36b9f-271a-43b4-a38d-048859eb16f6
8,surface.go,174,9.76468515,1,169,8/8/2019,02265d44-d232-4022-9b9c-2c8ec22c745d
8,surface.go,175,9.77201119,0,179,8/15/2019,19dcd404-d718-4db0-ba54-928c09a6443e
8,surface.go,312,10.34919849,0,159,8/22/2019,efac0b5c-ce2e-4db7-81b4-f568414ac8bd
8,surface.go,192,9.862665558,0,129,8/29/2019,8695d1c8-b4bc-4105-b01e-d72dec766c3a
8,surface.go,128,9.45720045,0,179,9/5/2019,a94981d4-307f-4e75-a233-b1641fa0f8df
8,surface.go,152,9.635346635,0,179,9/12/2019,9ecd5aaf-28b5-4e5d-8901-ad5e3a6946ee
8,surface.go,209,9.951896692,0,179,9/19/2019,80421e83-6344-43ce-9121-d0aad04464c3
8,surface.go,738,11.20987253,0,149,9/26/2019,7e8ce925-0537-4dbd-83d0-c21de77e34d6
8,surface.go,161,9.692272572,0,179,10/3/2019,bb9b5591-66cc-470e-ad91-3d8cd8349d63
