Notebooks/PySpark/Synapse Link for Cosmos DB samples/Retail/RetailData/RetailSales.csv
storeId,productCode,quantity,logQuantity,advertising,price,weekStarting,id
8,surface.pro7,60,8.712759975,0,262,6/15/2017,eb542af4-1082-4071-9d2f-496f779e6d8c
8,surface.pro7,519,10.85838342,1,199,6/22/2017,eb549c2c-6878-418c-8f25-3514a2395909
8,surface.pro7,49,8.502688505,0,262,6/29/2017,4158073b-a550-4b63-804e-65e92016880b
8,surface.pro7,53,8.577723691,0,262,7/6/2017,a00d5c32-4c4f-43fa-ba53-eafbaaea95cf
8,surface.pro7,394,10.58213005,1,259,7/13/2017,e37fb0b3-ffe8-45fa-99f5-82fcda149e30
8,surface.pro7,55,8.624791202,0,262,7/20/2017,ce724b55-238f-45d9-b84b-31094ad53d5d
8,surface.pro7,145,9.588228712,0,262,7/27/2017,b2be4e9d-f3b6-452e-8872-1c691ea0430a
8,surface.pro7,222,10.00820786,1,239,8/3/2017,54cb9c1a-aa13-44c5-ba4f-e73c5420c32c
8,surface.pro7,57,8.658692754,0,262,8/10/2017,00bc9a52-32d8-4476-8f45-6a22389a8528
8,surface.pro7,540,10.89703558,1,199,8/17/2017,36efac5c-5c10-4704-983a-10d2de99234b
8,surface.pro7,58,8.66974259,0,262,8/24/2017,9af0961e-d649-45a0-b6eb-9b412b2c681f
8,surface.pro7,65,8.783855897,0,262,8/31/2017,199d1cf7-ce6f-4198-802a-d34913c052d8
8,surface.pro7,54,8.60153434,0,262,9/7/2017,fc07a91d-5346-45ac-9d18-ecb4ead84519
8,surface.pro7,365,10.50627229,1,219,9/14/2017,61318f10-4d15-483f-85ce-7b9f6c87f79b
8,surface.pro7,37,8.236420527,0,262,9/21/2017,f34803f7-1581-40a0-8c23-e089bc723811
8,surface.pro7,55,8.61323038,0,262,9/28/2017,cf78d691-9167-4569-a732-667bb0cb4a84
8,surface.pro7,124,9.426741242,0,262,10/5/2017,da91b165-35da-441f-9b08-f49c6e09f752
8,surface.pro7,536,10.89109379,1,199,10/12/2017,ee119998-b1f9-470c-8231-db2123ee0073
8,surface.pro7,56,8.647519453,0,251,10/19/2017,e45c22e1-832d-412c-ad1f-261671db3652
8,surface.pro7,48,8.489616424,0,262,10/26/2017,2f766f9b-60da-4d9b-ace6-1f3ec5b9f258
8,surface.pro7,371,10.52363384,1,199,11/2/2017,01b1752a-57dd-4e91-b733-12d4ba8e93c1
8,surface.pro7,55,8.61323038,0,262,11/9/2017,acdbeed6-86c1-495c-b106-67df70b3dfa1
8,surface.pro7,510,10.83973776,1,199,11/16/2017,a4359348-d207-45dd-a765-695d77d28236
8,surface.pro7,110,9.312174678,0,199,11/23/2017,47d7f99a-5187-4ca6-9cab-132c632f4868
8,surface.pro7,121,9.405907156,0,262,11/30/2017,95ba6cfa-a73a-4fd1-95c3-de8f01fe7dc0
8,surface.pro7,305,10.32639957,1,199,12/7/2017,179a71c5-0fd4-420b-b0be-458ff0991aa9
8,surface.pro7,120,9.400630098,0,199,12/14/2017,25fb782d-e49e-4339-ad17-004b71b59027
8,surface.pro7,164,9.707959168,0,199,12/21/2017,a0858e6d-69a3-4af0-957f-ed5c40f6a5a4
8,surface.pro7,93,9.142489705,0,199,12/28/2017,7ffe3958-9a3b-4369-a73f-5734809d642b
8,surface.pro7,161,9.688312171,0,199,1/4/2018,86bceb94-b4af-40d3-9281-06fa19a78b83
8,surface.pro7,53,8.589699882,0,217,1/11/2018,f8cdde79-c2ae-49da-8441-b4db0668b662
8,surface.pro7,66,8.803273983,0,217,1/18/2018,156c0dac-c909-47cc-8de5-41cbc66b9f71
8,surface.pro7,597,10.99728828,1,199,1/25/2018,9df13bd2-5688-480e-9cd6-b818f8f0e4a5
8,surface.pro7,98,9.195835686,0,217,2/1/2018,3db5fe75-d733-4355-8f76-dfd442d46c49
8,surface.pro7,67,8.812843434,0,212,2/8/2018,9ec9d49c-6407-47d0-a619-47e4bf8e20e4
8,surface.pro7,42,8.348537825,0,212,2/15/2018,f20b7786-f84a-4e46-bd3a-275235a8d439
8,surface.pro7,97,9.182763604,0,212,2/22/2018,f5d16a14-df08-4e13-a457-b69877045eff
8,surface.pro7,403,10.6046029,1,199,3/1/2018,1bdf0cb2-6c18-4b34-8493-53fd9c8390b8
8,surface.pro7,51,8.540909718,0,217,3/8/2018,d226ac7b-9530-4101-82c6-aeba307a90b0
8,surface.pro7,192,9.865993348,0,217,3/15/2018,cbeb6c15-684f-4851-905b-3b3ade174e7b
8,surface.pro7,1704,12.04609167,1,169,3/22/2018,3e027910-cb8f-4f27-8b36-818381244336
8,surface.pro7,396,10.58860256,0,169,3/29/2018,a60059a5-a272-421d-96a2-5e27a61e5e33
8,surface.pro7,81,9.00307017,1,217,4/5/2018,5ab46a50-19f2-496a-9f0d-84f17cc99a32
8,surface.pro7,90,9.114710141,0,199,4/12/2018,657c1076-0092-4428-a7b8-13ed675202a0
8,surface.pro7,67,8.812843434,0,199,4/19/2018,ef3e0444-4c38-4b09-8c01-ef00bc8e804a
8,surface.pro7,75,8.929567708,0,199,4/26/2018,93b97539-8637-47e0-8514-89fdfcc419fe
8,surface.pro7,247,10.11730778,0,199,5/3/2018,d4bd674e-0612-47fa-b6d2-27c4e44653e7
8,surface.pro7,1832,12.11885761,1,139,5/10/2018,39f08e20-29c6-443d-b5df-905acf8d0310
8,surface.pro7,88,9.093357017,0,199,5/17/2018,a35a915b-d3db-4b4d-91bc-26393e28b7f0
8,surface.pro7,66,8.803273983,0,199,6/7/2018,0e6dca6e-03a7-4f6e-a83e-cd0d58e380dd
8,surface.pro7,354,10.47604777,1,149,6/14/2018,71e229ab-ae63-49d5-ad97-a6594e2422b1
8,surface.pro7,174,9.76468515,0,199,6/21/2018,d75bcebd-1508-4d94-a502-8fc77c00b861
8,surface.pro7,755,11.2321528,1,169,6/28/2018,05477c96-3810-4dc2-8b16-adc733551416
8,surface.pro7,216,9.981928979,0,169,7/5/2018,bb9ccd82-28f4-47b7-a2e6-279196f526d5
8,surface.pro7,83,9.034080407,0,199,7/12/2018,8e371d8a-0834-4093-ad87-fe9fe01c4d7f
8,surface.pro7,99,9.2023082,0,199,7/19/2018,4b19ee16-1136-43ee-8216-269dc429bee6
8,surface.pro7,65,8.793612072,0,199,7/26/2018,57196713-498c-452d-a32a-9a8a7de979ba
8,surface.pro7,71,8.877381955,0,199,8/2/2018,33ec9228-c5d2-42b1-b58f-0fc67c3e1c8d
8,surface.pro7,62,8.733594062,0,199,8/9/2018,c1c9ff9f-dec5-4bdd-80a2-e4ea1ead5cb5
8,surface.pro7,305,10.32639957,0,199,8/16/2018,ab69b684-510b-45bd-9f65-43665649b4ed
8,surface.pro7,1558,11.95658512,1,129,8/23/2018,4902a551-c2c5-45fc-93fa-3f6f328d5059
8,surface.pro7,107,9.282847063,0,199,8/30/2018,c398aaaf-fe1e-4223-9ff2-fa999289b48a
8,surface.pro7,69,8.850230966,0,199,9/6/2018,d46d64e1-3d42-4579-9be3-51505a21bcf7
8,surface.pro7,318,10.36948316,1,199,9/13/2018,751a9488-02c9-42e7-ae15-426e01a05a4b
8,surface.pro7,53,8.577723691,0,199,9/20/2018,bbc7eac0-e231-40ec-bd08-74ca37fd747f
8,surface.pro7,333,10.41463313,0,189,9/27/2018,0cec3e7d-f123-4331-bace-a4db4057f443
8,surface.pro7,135,9.510741217,0,179,10/4/2018,5a13dadf-59ce-4c1f-8fb2-61389422f7f1
8,surface.pro7,135,9.510741217,0,179,10/11/2018,13496483-edda-462b-9ca9-7ac29c410f37
8,surface.pro7,3358,12.72429485,1,169,10/18/2018,cff0bb51-9fc4-4e4a-bb14-93f7371ae746
8,surface.pro7,131,9.481893063,0,199,10/25/2018,0fdd7249-739e-4b9f-aef6-27824c309e0a
8,surface.pro7,496,10.8130356,0,149,11/1/2018,9a92f10a-94b0-4bcc-a7c0-b5284595fe18
8,surface.pro7,108,9.29468152,0,199,11/8/2018,169ad76c-2afa-4572-8d2e-0fda4cdd4f1b
8,surface.pro7,99,9.208739091,0,199,11/15/2018,d8c775b8-69b9-4a57-8fc3-4e8bd8a6c22c
8,surface.pro7,92,9.128696383,0,199,11/22/2018,dd099247-6737-4c80-b234-4765a5a49b2e
8,surface.pro7,76,8.946374826,0,199,11/29/2018,6387575f-d8fc-4ba5-84f7-0330114a4630
8,surface.pro7,72,8.895081532,0,199,12/6/2018,89b2907e-f0eb-4e80-9123-27b9de008a0b
8,surface.pro7,81,9.010913347,0,199,12/13/2018,4fa702d3-c8e3-443f-947c-fe70449d8e8f
8,surface.pro7,60,8.712759975,0,199,12/20/2018,460fc922-e4d2-4f54-ad71-35d94027e810
8,surface.pro7,150,9.618468598,1,199,12/27/2018,f0d001f9-fe5a-44fa-941f-cb5c57791784
8,surface.pro7,94,9.156095357,0,199,1/3/2019,560317f1-58d5-4dd3-b0df-2550c1d1433c
8,surface.pro7,58,8.68067166,0,199,1/10/2019,a1eb2a47-1b50-4703-a460-273ca448e257
8,surface.pro7,143,9.570529135,1,249,1/17/2019,2dbf540e-65af-4a3d-8a9f-1e74f0f8fad1
8,surface.pro7,117,9.368369236,1,249,1/24/2019,600109b0-9462-4616-90e5-09d78aade0ea
8,surface.pro7,79,8.979164649,0,249,1/31/2019,12eeaced-4406-43b3-a33c-e11e530606e4
8,surface.pro7,51,8.553332238,0,239,2/7/2019,71bed808-5451-4b27-9b05-edbf903e211a
8,surface.pro7,71,8.877381955,0,199,2/14/2019,5f4600aa-c494-453b-81e9-5a2755f4f001
8,surface.pro7,2160,12.28332994,1,199,2/21/2019,dad728b5-ac50-4b63-9e66-154677931f52
8,surface.pro7,150,9.618468598,0,199,2/28/2019,38453011-da45-4e80-b852-637da10dbe18
8,surface.pro7,118,9.379238908,0,239,3/7/2019,944a7e73-1862-4d54-8803-451ee15d93c0
8,surface.pro7,254,10.14533509,1,199,3/14/2019,6a8860fd-ef8a-48f6-b579-c882f86f4224
8,surface.pro7,163,9.704060528,0,199,3/21/2019,55174d32-926d-416d-88ce-f4dbb9831ff0
8,surface.pro7,204,9.927204079,0,239,3/28/2019,2759a322-c9b8-4e0d-a902-9eaff93d1de5
8,surface.pro7,346,10.45414909,1,199,4/4/2019,e88b4e8c-2f18-4afa-8ed4-641027bfd8a1
8,surface.pro7,224,10.01681624,0,199,4/11/2019,dc18ef1d-623e-42ed-8006-d4061a1a138a
8,surface.pro7,78,8.962904128,0,239,4/18/2019,dcc018d3-0915-4d90-b5b2-b185abf714ec
8,surface.pro7,480,10.78028874,1,179,4/25/2019,605dd1e0-6c05-4c76-96c3-3620bc70c9d0
8,surface.pro7,73,8.903815212,0,239,5/2/2019,a6f1da2b-3cf3-42e0-8321-e635e64f3e5c
8,surface.pro7,62,8.743850562,0,239,5/9/2019,e591da1d-237d-4a61-a82e-6ee5afe2aa70
8,surface.pro7,64,8.764053269,0,239,5/16/2019,4b8c853d-76a4-415e-92ad-8e8c8186b2bf
8,surface.pro7,545,10.90764263,1,179,5/23/2019,a6aa5218-fa26-42a4-bca8-bfd6c73e0f57
8,surface.pro7,81,9.00307017,0,239,5/30/2019,2233d76c-c1f7-4845-9ddb-fdec3f8bb005
8,surface.pro7,49,8.502688505,0,249,6/6/2019,4699c1c4-b96b-427c-a540-3c826ffa790d
8,surface.pro7,54,8.60153434,0,249,6/13/2019,793e1caf-3c0b-482e-8c6d-062e731e6548
8,surface.pro7,58,8.68067166,0,249,6/27/2019,7eae7e2f-d6cb-49f9-9840-2b94185b0f7a
8,surface.pro7,238,10.0804615,1,202,7/4/2019,9bff0da4-1793-4b46-b913-56a4fef3b9a3
8,surface.pro7,68,8.831711918,1,219,7/11/2019,40abd4ba-1dbd-447e-bd8b-09afc263643c
8,surface.pro7,81,9.010913347,0,249,7/18/2019,bc0111b4-d2cf-438c-afc0-aceb645eab8f
8,surface.pro7,550,10.91581547,1,229,7/25/2019,61a3523a-7c04-45dc-b5b1-d323ab7f1877
8,surface.pro7,65,8.783855897,0,249,8/1/2019,c81072a2-9dc5-495a-9b6e-3dd0f3a876ab
8,surface.pro7,62,8.733594062,1,245,8/8/2019,5da95b12-a30d-4ba8-8241-f0b6fa3e526a
8,surface.pro7,947,11.45868045,1,199,8/15/2019,f060750c-5247-4e60-9c83-b9844c8f86e0
8,surface.pro7,555,10.9250748,1,199,8/22/2019,3cc87faa-dad4-4baf-b4e6-7ce69da6c30e
8,surface.pro7,186,9.835636886,0,169,8/29/2019,206ba223-2695-4efa-8e9f-a01f8b3faa4b
8,surface.pro7,146,9.592605087,0,169,9/5/2019,e7129a71-3e2a-4808-92b2-bc0df8e48e9a
8,surface.pro7,301,10.31374118,1,199,9/12/2019,07383f67-15a5-44ae-abde-18ed872bea7b
8,surface.pro7,62,8.733594062,0,249,9/19/2019,8fc28064-0d65-4166-a8ae-2271b90a6443
8,surface.pro7,71,8.868413285,0,249,9/26/2019,42ba8aae-32d8-4e89-84dc-ce996167bcb9
8,surface.pro7,658,11.09522582,1,219,10/3/2019,b2cc7817-b733-4f4f-be74-a8a19306807f
