Notebooks/PySpark/Synapse Link for Cosmos DB samples/Retail/RetailData/RetailSales.csv
storeId,productCode,quantity,logQuantity,advertising,price,weekStarting,id
8,surface.laptop3,88,9.093357017,0,319,6/15/2017,6c571307-31e5-4949-8836-5327e61973f3
8,surface.laptop3,72,8.895081532,0,319,6/22/2017,083664f3-b7d4-46bc-80b1-77f33c862c9d
8,surface.laptop3,103,9.246479419,0,319,6/29/2017,047be899-f5a7-4eea-896a-d4f948f796ca
8,surface.laptop3,69,8.850230966,0,319,7/6/2017,b57b72c2-b9df-478a-b919-3ecb62417e84
8,surface.laptop3,64,8.7740036,0,319,7/13/2017,b0f12d87-da31-4892-ba5f-48a63861abaa
8,surface.laptop3,81,9.010913347,0,319,7/20/2017,fa7370cc-dde4-4a0a-9c1d-1e5508068495
8,surface.laptop3,79,8.979164649,0,319,7/27/2017,6df9410a-e807-4870-8255-6b2fc60285d0
8,surface.laptop3,66,8.803273983,0,319,8/3/2017,f19c27ac-9640-4cb1-a5d2-09884c30135f
8,surface.laptop3,82,9.018695488,0,319,8/10/2017,96682c1a-11db-457a-bfde-fe31f82cbcd4
8,surface.laptop3,55,8.624791202,0,319,8/17/2017,822be643-ddae-45ff-abde-fac834d27fac
8,surface.laptop3,74,8.921057018,0,319,8/24/2017,23c549ca-9a2d-4d24-9374-b682a6b38ef2
8,surface.laptop3,61,8.723231275,0,319,8/31/2017,72332f3c-0844-4e39-ac6f-4955eea6eff5
8,surface.laptop3,110,9.30637756,0,319,9/7/2017,ab1ea363-5dd6-4039-bf8b-eb2fec371e1b
8,surface.laptop3,57,8.658692754,0,319,9/14/2017,0c72cbf3-58ef-4605-ba70-12d16b3dc6dd
8,surface.laptop3,101,9.221478116,0,319,9/21/2017,065a37b8-2119-4989-927f-4eda22f9dcce
8,surface.laptop3,84,9.041685006,0,319,9/28/2017,ddaf2917-fd06-42fe-84e2-cf1166ef8941
8,surface.laptop3,84,9.041685006,1,319,10/5/2017,7c9c3b48-d8fc-46ea-8efe-ad55d69c8a2b
8,surface.laptop3,74,8.912473275,0,319,10/12/2017,28b77712-8ab9-456b-a9ad-b7d03ae21a81
8,surface.laptop3,58,8.66974259,0,304,10/19/2017,8abb57df-871f-4772-80ce-34dc79490790
8,surface.laptop3,66,8.803273983,0,304,10/26/2017,63a7ba69-2a9a-4950-8f38-9f7b7561f607
8,surface.laptop3,62,8.743850562,0,304,11/2/2017,38579921-e23e-4279-9bc4-cad100a7b924
8,surface.laptop3,69,8.841014311,0,304,11/9/2017,d9e5be6e-960f-442b-a7d4-01e5a9bba67b
8,surface.laptop3,104,9.258749511,0,319,11/16/2017,aa8a2ed7-9d6d-4c96-9ec3-502e13f90067
8,surface.laptop3,118,9.379238908,0,299,11/23/2017,7d682b9c-003d-46bf-895d-d5c74ea5c996
8,surface.laptop3,96,9.17616292,0,299,11/30/2017,3c21b619-afc1-4762-8a52-dc102b63ea11
8,surface.laptop3,62,8.743850562,0,299,12/7/2017,09e5aca4-ed1a-4f8c-becb-14ae46bf596e
8,surface.laptop3,71,8.877381955,0,299,12/14/2017,fad12b8e-10bd-4267-a1be-0c3b0152659f
8,surface.laptop3,295,10.29228113,0,239,12/21/2017,d85f47bb-5fea-4e98-b2e9-db206613d997
8,surface.laptop3,87,9.071537969,0,239,12/28/2017,8bb16952-097a-46a8-a6d3-7b78799b0e18
8,surface.laptop3,92,9.135616826,0,299,1/4/2018,c6b99942-c858-47b7-bc95-ce317e7d8315
8,surface.laptop3,122,9.411156511,0,259,1/11/2018,8ec8829f-a3d1-43e4-a2e9-64f37928f659
8,surface.laptop3,103,9.246479419,0,259,1/18/2018,f3b95a4d-0dfa-4d2b-b59e-89ac51f9ca15
8,surface.laptop3,81,9.00307017,0,299,1/25/2018,277d2557-eb81-4aff-b67d-b6aa7866568e
8,surface.laptop3,59,8.691482577,0,299,2/1/2018,a13a6070-a0b1-446e-9e74-160cef2913a5
8,surface.laptop3,216,9.984883191,0,249,2/8/2018,7beef258-c25f-4310-b6fe-d901d75a6d53
8,surface.laptop3,78,8.962904128,0,299,2/15/2018,7b6c34f2-ed74-4aef-a3b7-5335abcc3943
8,surface.laptop3,81,9.00307017,0,299,2/22/2018,8090dba6-6b73-460e-a0b5-ff2225de1db9
8,surface.laptop3,74,8.912473275,0,299,3/1/2018,36c34caa-e6fa-4dbf-bca9-1cb8ef454ad8
8,surface.laptop3,59,8.691482577,0,299,3/8/2018,499eda62-c020-4625-b0e3-444b35672a97
8,surface.laptop3,76,8.938006577,0,299,3/15/2018,3d0e191b-78f9-426e-85db-a63413626eb8
8,surface.laptop3,53,8.577723691,0,299,3/22/2018,a6045267-4de3-4354-b807-725fef8742d5
8,surface.laptop3,1617,11.99406684,1,149,3/29/2018,00ee08c7-dbb7-42c8-a025-5dc86d00962d
8,surface.laptop3,172,9.757305042,0,299,4/5/2018,f6ab6a06-8fc5-4dad-98bc-7a644866b2f3
8,surface.laptop3,470,10.75875358,1,199,4/12/2018,ae7f4163-8398-44aa-b580-c0fb69971533
8,surface.laptop3,144,9.579418083,0,299,4/19/2018,36da3ad5-efcd-42e4-acd2-4268b9a7e59c
8,surface.laptop3,529,10.87668778,1,199,4/26/2018,7e7f2588-da4a-4abe-b31c-fca2f36ff703
8,surface.laptop3,211,9.961001459,0,199,5/3/2018,d9cd559c-162a-4d5a-859f-aad7543e35eb
8,surface.laptop3,73,8.903815212,0,299,5/10/2018,f4174c7c-3e2e-4742-bcee-37ce817b4e8d
8,surface.laptop3,157,9.664214619,1,229,5/17/2018,644a7efa-ca46-4b64-a099-7a82b71f4b62
8,surface.laptop3,469,10.75602879,0,199,6/7/2018,9851619e-2d04-4a7a-8e13-d5b346263f33
8,surface.laptop3,182,9.811372264,0,199,6/14/2018,395b9495-67dc-4a05-b12b-ac50c8bcc0c1
8,surface.laptop3,64,8.7740036,0,299,6/21/2018,f475e157-6b72-4dd1-8756-1d5cbd76e79c
8,surface.laptop3,85,9.049232212,0,299,6/28/2018,af794dbe-3082-4b28-afc4-cf79758dc73f
8,surface.laptop3,284,10.25470765,0,199,7/5/2018,2314495b-3b9b-4106-ba97-a8ef0b9b96d3
8,surface.laptop3,169,9.738612909,0,199,7/12/2018,ec1049be-63b1-4c2a-9752-715caa5519d3
8,surface.laptop3,83,9.026417534,0,199,7/19/2018,c4544ae5-58f8-41e7-9ea7-2625c32668a9
8,surface.laptop3,111,9.317938383,1,299,7/26/2018,2882632d-756a-4683-8bd5-4b5abf248f63
8,surface.laptop3,277,10.22962081,0,219,8/2/2018,2a5eab58-459b-466d-856d-ec2815673268
8,surface.laptop3,77,8.954673629,0,219,8/9/2018,f17c6696-d82a-44a3-8aec-1358e8092ecb
8,surface.laptop3,51,8.553332238,0,299,8/16/2018,04f687e6-53a4-41dc-b412-7ee16ff850ef
8,surface.laptop3,62,8.743850562,0,299,8/23/2018,502fce87-b5e1-49db-89b1-af792941e397
8,surface.laptop3,77,8.954673629,0,299,8/30/2018,aded2303-96c2-415c-96c5-6f4340c88b14
8,surface.laptop3,531,10.88151288,1,199,9/6/2018,6004ef65-0202-4d3e-854f-6ed287812a9f
8,surface.laptop3,67,8.822322178,0,299,9/13/2018,3c45a2e3-2195-49cd-b2dc-bd428720e830
8,surface.laptop3,80,8.987196821,1,249,9/20/2018,5ea7ab03-ad0a-40ff-b200-1b8d47b57af9
8,surface.laptop3,65,8.793612072,0,299,9/27/2018,7ea6f1d3-e2a7-4f3c-b911-ca0d821d55fe
8,surface.laptop3,52,8.565602331,0,299,10/4/2018,8974041e-2be7-4734-8d5d-971f185ed737
8,surface.laptop3,65,8.793612072,0,294,10/11/2018,aabec78a-5fa7-427f-988d-e709cc3f91c7
8,surface.laptop3,58,8.68067166,0,294,10/18/2018,8d928620-91ed-4e48-8561-3b4b16e90587
8,surface.laptop3,63,8.754002934,0,294,10/25/2018,a959dd08-393e-44a6-8c02-040a236e5faf
8,surface.laptop3,58,8.68067166,0,294,11/1/2018,77c35a69-6573-4236-992b-e934134c3881
8,surface.laptop3,60,8.712759975,0,294,11/8/2018,6a420138-f830-45b3-b4ad-b1260f3516b9
8,surface.laptop3,68,8.831711918,0,299,11/15/2018,74b6d19c-1804-4581-bd13-6338b79a879e
8,surface.laptop3,540,10.89703558,1,199,11/22/2018,a9b37e03-01a5-41a1-984b-9dbf95693b8f
8,surface.laptop3,103,9.246479419,0,299,11/29/2018,a9c64573-ca3e-47d4-ad47-06bfa8ac950f
8,surface.laptop3,55,8.624791202,0,299,12/6/2018,3a8f0e61-7948-4c24-ab8d-fa611b06679e
8,surface.laptop3,48,8.489616424,0,299,12/13/2018,b4351f21-e54d-4909-9fef-f36a1d9721c8
8,surface.laptop3,72,8.886270902,0,299,12/20/2018,c52beab2-cbc3-4967-bb39-d4b3a5b3210a
8,surface.laptop3,152,9.631153757,0,239,12/27/2018,80a50ffa-27c1-48c9-988a-52efd851e964
8,surface.laptop3,470,10.75875358,0,239,1/3/2019,65d4cf5d-2bf4-438f-a2fb-3112ca1bcb14
8,surface.laptop3,92,9.135616826,0,229,1/10/2019,15a7b881-1439-4481-b31e-986805ceb886
8,surface.laptop3,67,8.812843434,0,229,1/17/2019,2aa64e47-403b-4338-b853-14b9dedf23ec
8,surface.laptop3,50,8.528330936,0,289,1/24/2019,4f26b106-7dd9-4dd2-8d1f-5ee60bf468d8
8,surface.laptop3,60,8.712759975,0,289,1/31/2019,eddd1ae3-0ed3-44cc-8f0c-bdfd1f8e75e8
8,surface.laptop3,104,9.258749511,0,289,2/7/2019,1b6b6429-7d7e-4f32-a6ed-9a92e1d0c897
8,surface.laptop3,390,10.57234204,1,199,2/14/2019,c1ad35cb-ecdd-41bb-871f-52f0cb092163
8,surface.laptop3,44,8.407378325,0,289,2/21/2019,dd3ed9a7-5846-4252-9abf-3514229c18d4
8,surface.laptop3,617,11.03101119,1,199,2/28/2019,8d11ee3a-1381-449b-80c7-e63f01291ed3
8,surface.laptop3,153,9.639522007,0,179,3/7/2019,823aa2b4-8fb5-4f64-923b-ff9d72aa1239
8,surface.laptop3,549,10.91465201,0,179,3/14/2019,b935de24-11e1-46c6-850f-6570b5a8a19e
8,surface.laptop3,343,10.44488118,0,179,3/21/2019,2920afb2-87d3-4222-a6ec-18c60bb8aed7
8,surface.laptop3,107,9.282847063,0,289,3/28/2019,615dce92-bc4a-4beb-add2-5d4eaa102865
8,surface.laptop3,200,9.908276069,1,250,4/4/2019,630519bd-5882-4d7a-9507-007c4d073cae
8,surface.laptop3,161,9.692272572,0,250,4/11/2019,b5e4eeef-a4cb-4461-9ffe-0a60eb72ff49
8,surface.laptop3,65,8.783855897,0,289,4/18/2019,42188807-8e48-42a9-9157-ecfa2df3c3f2
8,surface.laptop3,83,9.026417534,0,289,4/25/2019,8d2ba9d3-55c1-4693-8d09-d4b43ae0f259
8,surface.laptop3,307,10.33475035,1,216,5/2/2019,136892e8-ffd1-42c2-8d5e-1fcd8277ce07
8,surface.laptop3,180,9.800790154,0,289,5/9/2019,29a67f81-8892-4b72-a979-45c9b36c4337
8,surface.laptop3,128,9.462187991,0,289,5/16/2019,28e026fb-a303-468b-a26c-5cba115b5cd7
8,surface.laptop3,71,8.877381955,0,289,5/23/2019,1e1c1a2a-2ba7-4113-8d2f-7afa9400c5b7
8,surface.laptop3,90,9.107642974,0,289,5/30/2019,c49b5374-c188-40ec-a897-6c4f09b88389
8,surface.laptop3,849,11.35031241,1,249,6/6/2019,e3478c12-16dc-4fc0-b71e-6b9fd12491b7
8,surface.laptop3,141,9.557045785,0,249,6/13/2019,ddf99d4d-9bfb-48cb-99dd-b8a9ee6e3732
8,surface.laptop3,74,8.921057018,1,289,6/27/2019,a51aab7a-8c64-4cc3-8632-7c7884fbdf27
8,surface.laptop3,123,9.421573272,0,269,7/4/2019,4afadb67-36b3-4645-aa01-4a11793d67ba
8,surface.laptop3,56,8.647519453,0,289,7/11/2019,5788740c-b390-46b0-8d37-a2cb3311ea4e
8,surface.laptop3,76,8.946374826,0,289,7/18/2019,03919795-d192-46da-9509-7e84f4c2008f
8,surface.laptop3,54,8.60153434,0,289,7/25/2019,1c192d76-db8a-406b-907b-8615d71b787a
8,surface.laptop3,56,8.636219898,0,289,8/1/2019,481fe5f6-1018-4c35-96bd-c966d66f7ba2
8,surface.laptop3,89,9.100525506,1,279,8/8/2019,7f27f59f-32c4-49d2-b8b9-3916491e0922
8,surface.laptop3,60,8.712759975,0,289,8/15/2019,ef8d0621-f8f4-4b58-94fa-a7dced50685a
8,surface.laptop3,85,9.056722883,1,279,8/22/2019,2e9475cb-43e5-4ff9-acdf-233266cae1e5
8,surface.laptop3,80,8.987196821,0,289,8/29/2019,7063c346-32a3-40ae-ab9f-ef15a8bf0e67
8,surface.laptop3,217,9.987828701,1,249,9/5/2019,48332b15-2d54-4eed-8387-e14dc12b8660
8,surface.laptop3,128,9.45720045,0,249,9/12/2019,81aeb8b6-76ff-4e04-bacd-172ea29521e6
8,surface.laptop3,101,9.221478116,0,289,9/19/2019,bcfa63d2-3afb-44de-8359-d4e584e2b0e4
8,surface.laptop3,103,9.240287448,1,279,9/26/2019,2b0b18e6-b618-4779-af76-ede5391133fd
8,surface.laptop3,64,8.764053269,0,289,10/3/2019,4a2c0c85-c623-4787-a2f2-5d8a858b22ff
