Notebooks/PySpark/Synapse Link for Cosmos DB samples/Retail/RetailData/RetailSales.csv
storeId,productCode,quantity,logQuantity,advertising,price,weekStarting,id
9,surface.go,85,9.056722883,1,159,6/15/2017,359e6e0f-dcbd-4f56-86de-de2539ae4905
9,surface.go,11,7.049254841,0,229,6/22/2017,db4a2206-b086-4092-99d8-7e4096da7aa0
9,surface.go,8,6.797940413,0,229,6/29/2017,a059877f-19ab-4fee-851b-9f4571fd5b5f
9,surface.go,21,7.685243608,0,229,7/6/2017,c2dd308f-e94b-4709-aa09-766372102811
9,surface.go,11,7.049254841,0,229,7/13/2017,0f44c446-df47-4f68-b8db-53ce029c6453
9,surface.go,33,8.110126802,0,229,7/20/2017,707c1f7f-c485-4b2c-bc65-9e247aae8b37
9,surface.go,49,8.502688505,0,229,7/27/2017,e5799f9e-fdcf-4a50-9730-fd617bd2efa1
9,surface.go,61,8.723231275,1,209,8/3/2017,e1b5e51d-cbc5-47be-9fcf-93f61ba6925a
9,surface.go,37,8.219326094,0,209,8/10/2017,1ceb6e7c-7225-4c7f-97be-6d126017dd74
9,surface.go,7,6.556778356,0,209,8/17/2017,d1666d01-a5d3-48f6-a225-625200de9770
9,surface.go,9,6.866933285,0,209,8/24/2017,f7b2668e-0b9f-441d-949d-c8c0ea03fb55
9,surface.go,391,10.57561537,1,189,8/31/2017,de749895-1152-4d3d-81b4-d1fdc0641f34
9,surface.go,56,8.636219898,0,189,9/7/2017,84310653-d72f-40a5-9af6-20f6eccd49c7
9,surface.go,81,9.00307017,0,189,9/14/2017,f1641484-30da-4d86-9d4c-c712df7cb065
9,surface.go,46,8.435549202,0,179,9/21/2017,aa049f55-38de-470a-ae54-99cf13452271
9,surface.go,451,10.71849832,1,179,9/28/2017,bb255229-bcfc-4b84-bda5-aec84f47fff4
9,surface.go,58,8.66974259,0,179,10/5/2017,b207a9ab-67bb-4d14-acfe-76381793994b
9,surface.go,5,6.356107661,0,229,10/12/2017,99c0f19e-ad56-4616-a907-7d70175483b0
9,surface.go,950,11.46205314,1,114,10/19/2017,ab2eabb3-0b6a-49f7-85e4-e5f0d090d132
9,surface.go,7,6.556778356,0,159,10/26/2017,5723efc6-a081-4283-8f61-50d51ec0e8de
9,surface.go,150,9.618468598,1,159,11/2/2017,620a5c39-262b-4d5d-bca7-f292b8d485f2
9,surface.go,94,9.14931567,0,129,11/9/2017,a82fa147-aedd-438e-9cbd-52682077e16f
9,surface.go,259,10.16277015,0,99,11/16/2017,cdaa6846-783f-4e2c-aad3-bd420fa999a2
9,surface.go,140,9.547954813,1,159,11/23/2017,fca453ce-4614-4a52-9026-cb3af3af2e23
9,surface.go,514,10.84848235,1,229,11/30/2017,2118cb36-c582-4e4d-a5d0-2896ee0368bc
9,surface.go,81,9.010913347,0,189,12/7/2017,0b730d3c-c86b-4e5c-ae33-dcbc6183c9ca
9,surface.go,537,10.89228498,1,139,12/14/2017,c9dabd17-5f74-4375-8aea-1fbc74d614cb
9,surface.go,50,8.528330936,0,189,12/21/2017,102cce70-f852-4bac-a2f9-6472211d78be
9,surface.go,18,7.526178913,0,189,12/28/2017,999c3f89-270c-4eb7-9c91-686e278f8e79
9,surface.go,43,8.378390789,0,189,1/4/2018,33f07e84-aec5-4ba0-95e0-3a61a6103639
9,surface.go,1305,11.77958817,1,99,1/11/2018,a7b71420-ba17-49f5-9f2a-85b494f57499
9,surface.go,86,9.064157862,0,189,1/18/2018,a2d7024f-75be-452e-8387-e4e5d8a125b7
9,surface.go,57,8.658692754,0,189,1/25/2018,1c7c446f-96c0-4433-869f-409983a22cd9
9,surface.go,572,10.95458886,1,149,2/1/2018,4e0bff3d-aad5-4030-94cc-369abe7c142f
9,surface.go,114,9.346268889,0,149,2/8/2018,6c3b9a44-7e6a-4427-acc6-e0c5de2f2f81
9,surface.go,37,8.219326094,0,189,2/15/2018,d92d3e06-e014-43b6-b0e3-f515dc4f9010
9,surface.go,44,8.392989588,0,189,2/22/2018,b22a1fed-17af-464c-b2fc-fd98c5969d8d
9,surface.go,37,8.236420527,1,189,3/1/2018,06af13bf-6b6a-4226-a02e-76272e6e56d6
9,surface.go,995,11.50811391,1,94,3/8/2018,d4289b12-d65a-44ce-88a5-810d60cc8a7c
9,surface.go,13,7.203405521,0,189,3/15/2018,857eb8cc-a445-4c91-bfe3-77ae25f01a31
9,surface.go,30,8.009030685,0,189,3/22/2018,6484b27c-d16c-4064-b45b-056a7b8c5e31
9,surface.go,122,9.416378455,1,159,3/29/2018,f3d9929a-fae4-4170-9ae8-a353423ab84e
9,surface.go,62,8.733594062,0,159,4/5/2018,6ca471e8-608e-4355-b437-9e4eb7ce59e4
9,surface.go,56,8.647519453,0,159,4/12/2018,faa17135-9797-4c10-a2fc-295c9da08977
9,surface.go,1064,11.57586271,1,99,4/19/2018,b2eca9e9-c8e6-4b9d-99ee-aa1d49b1f250
9,surface.go,29,7.98752448,1,189,4/26/2018,94a13366-bd54-4292-aedd-d7864b43015d
9,surface.go,29,7.98752448,0,189,5/3/2018,bfc4ffa4-e417-4564-be9a-a7994c6e2ed7
9,surface.go,460,10.7381343,1,159,5/24/2018,ffc9aeb9-a11a-4489-b0eb-dea35da6cfe9
9,surface.go,32,8.090708716,0,159,5/31/2018,4f012ac8-18c8-4d36-9912-0f507e711b1b
9,surface.go,21,7.655390645,0,209,6/7/2018,79e86439-b4d4-47a8-aac2-77025cfdb5c5
9,surface.go,76,8.938006577,1,141,6/14/2018,059dd902-75aa-4bbf-81c5-0710a709c576
9,surface.go,40,8.317766167,0,129,6/21/2018,d241aa76-9f5b-4626-9f98-3a26d64d5aa8
9,surface.go,7,6.556778356,0,189,6/28/2018,744d8077-015b-4a88-a5ae-bc298a3b9104
9,surface.go,31,8.050703382,0,189,7/5/2018,30261079-4d34-46e4-bdb4-eb5c22ed2759
9,surface.go,330,10.40498985,1,159,7/12/2018,8d369db9-6662-40f2-8695-9479804fb753
9,surface.go,225,10.02535114,0,159,7/19/2018,21197054-d06e-4130-a4a1-cd71066694cc
9,surface.go,39,8.269756948,0,189,7/26/2018,4452f3eb-af56-48fa-bd6e-1a14f9428cf5
9,surface.go,952,11.46474312,1,99,8/2/2018,dab083b0-2ad4-4661-9abf-a2cdb8385b0c
9,surface.go,157,9.664214619,0,99,8/9/2018,02727ada-5445-4ae2-8180-e3a86149aeb1
9,surface.go,339,10.43364511,1,149,8/16/2018,06b73553-7e9d-4967-bd39-7e493e91fe08
9,surface.go,119,9.384629757,0,149,8/23/2018,d468f592-3826-4969-be1e-f70c927938bb
9,surface.go,113,9.335032816,0,139,8/30/2018,c7679013-5297-4171-abbd-a8e1b0b02b50
9,surface.go,72,8.895081532,0,139,9/6/2018,125222c0-8d83-40f9-9117-da81e7249c53
9,surface.go,79,8.979164649,0,139,9/13/2018,a5c9c3df-a780-47c1-85c5-6a26b6d3afc8
9,surface.go,151,9.626943225,1,158,9/20/2018,80c129c9-a4dc-448d-9f12-3b6e90fd0a4e
9,surface.go,83,9.034080407,0,158,9/27/2018,7b1872e4-9eb8-44ca-9362-75743095d40d
9,surface.go,113,9.335032816,0,158,10/4/2018,2ebc7e0a-e499-4137-8313-d1a16a5255b7
9,surface.go,385,10.55914053,1,158,10/11/2018,1c9cd974-e268-441d-a589-9f7b8963818d
9,surface.go,64,8.7740036,0,158,10/18/2018,b353508c-cbee-405f-8ea3-9e6ef2169339
9,surface.go,56,8.636219898,0,158,10/25/2018,871bbae6-e5e8-415b-a7c5-65553d734b0a
9,surface.go,10,6.992096427,0,158,11/1/2018,f53ff0cc-7994-4e18-8c70-3f9add602965
9,surface.go,80,8.987196821,1,158,11/8/2018,8a500ffc-6a6e-4a45-815f-1b797e327ad2
9,surface.go,34,8.14786713,0,158,11/15/2018,b921dc75-758c-4664-9700-2df05b84a91f
9,surface.go,17,7.454719949,0,158,11/22/2018,319d6235-3a89-492d-952d-365a441f6a4f
9,surface.go,188,9.842462851,1,158,11/29/2018,ee7bdfb9-ce29-4b60-9c92-3ae121ddfe47
9,surface.go,220,10.0024275,0,158,12/6/2018,a89754a7-d0bf-4653-bce2-d1171770e854
9,surface.go,103,9.246479419,1,158,12/13/2018,02b26911-dc7c-4ec9-8e85-0c1266569fee
9,surface.go,30,8.009030685,0,158,12/20/2018,c2eeb12c-5490-4a48-8bce-00a3ff9006bd
9,surface.go,81,9.010913347,1,158,12/27/2018,54bb6a93-3f21-499b-b6b3-59be5dd74dc4
9,surface.go,116,9.36288977,0,158,1/3/2019,59b78263-b4ee-453c-b0b1-6b6588c379ce
9,surface.go,19,7.592870288,0,158,1/10/2019,2946ab3e-3670-4f54-8ced-8bc80ac9a390
9,surface.go,55,8.61323038,0,158,1/17/2019,31138a6c-2e1e-41fb-90d4-1547b1eca779
9,surface.go,107,9.282847063,0,158,1/24/2019,32fc3c17-8ee5-4a3e-8a85-b3597f1863da
9,surface.go,676,11.12207307,0,158,1/31/2019,ef2e0466-3869-4f60-a7d8-1c35faeb4f06
9,surface.go,72,8.886270902,0,158,2/7/2019,596971d9-8a94-49e4-9a3e-fb942e59803f
9,surface.go,11,7.049254841,0,158,2/14/2019,83dde878-c3e3-4d82-926d-1c01683b721f
9,surface.go,71,8.877381955,0,158,2/21/2019,baba963d-42a7-4ac2-9357-49abc6219738
9,surface.go,46,8.449342525,0,158,2/28/2019,13cdd2f3-cc4b-4eb4-bdc4-986d29becf3b
9,surface.go,486,10.79220152,1,158,3/7/2019,beddbb15-9d5c-4e03-95cd-1122b56b053b
9,surface.go,109,9.30054664,0,158,3/14/2019,9bd37be2-fe6b-4031-80b9-12d6a7ecb6de
9,surface.go,231,10.0505273,0,158,3/21/2019,2bad0ec0-1f61-4412-8cfe-bfbc18b53dbd
9,surface.go,26,7.896552702,0,158,3/28/2019,ec81e397-de19-4bcf-8a50-51244c1f8537
9,surface.go,131,9.486759252,0,158,4/4/2019,01845f4c-4987-4b58-bc1c-4d4407f23213
9,surface.go,264,10.18474906,0,158,4/11/2019,6c9ff029-8eaf-41ee-92ea-2f798ecb40cb
9,surface.go,725,11.19238957,1,129,4/18/2019,e86bca76-928c-4ceb-a3c1-6a99265bbcb7
9,surface.go,82,9.018695488,0,129,4/25/2019,e49fd042-5f71-4120-b284-fe08a3206827
9,surface.go,67,8.812843434,0,189,5/2/2019,63f4fd43-8bde-4ac6-93b5-a9393b119c66
9,surface.go,47,8.462948177,0,189,5/9/2019,ee6f655a-2935-4e07-a139-17a4836affd3
9,surface.go,26,7.87245515,0,199,5/16/2019,c28d1ba2-468b-45c1-8824-607d1c64d589
9,surface.go,60,8.712759975,0,169,5/23/2019,1e1771e4-3f9e-462d-a834-25db6b270298
9,surface.go,209,9.951896692,0,169,6/6/2019,7bc03947-705b-4215-abf4-a05e13faf52e
9,surface.go,64,8.7740036,0,199,6/13/2019,cfdf6a23-abed-448d-9ebc-0763b323f800
9,surface.go,24,7.82244473,0,199,6/20/2019,f4a11419-b2ec-43b7-a9c9-339708325f3e
9,surface.go,10,6.992096427,0,199,6/27/2019,55a76430-f755-4c21-8c8f-b11085a72ea4
9,surface.go,80,8.987196821,0,199,7/4/2019,451b68b1-ba76-436f-9ba9-1a960f4621fe
9,surface.go,72,8.895081532,0,199,7/18/2019,a538f025-fbd5-45cb-9f59-756ce0bda97e
9,surface.go,69,8.850230966,0,169,7/25/2019,299b19cc-9599-44ba-9d73-ddd648111d31
9,surface.go,438,10.68830192,1,149,8/1/2019,2ee321a6-b9f5-4e59-8c36-dd4a0f7432f1
9,surface.go,39,8.286017468,1,189,8/8/2019,d9ae1f8f-b1c3-4aee-944d-a7e10cd40c82
9,surface.go,26,7.87245515,0,199,8/15/2019,11f3048f-602f-4fce-a4ed-731b58bfdf4f
9,surface.go,81,9.010913347,0,179,8/22/2019,3967709e-97cb-45a6-96a2-bc92655b0e70
9,surface.go,65,8.783855897,0,129,8/29/2019,08b90774-6332-4e01-ade2-750e84f7da5e
9,surface.go,24,7.82244473,0,199,9/5/2019,9bd06573-9731-42b7-aad2-17216a377ae6
9,surface.go,14,7.249925537,0,213,9/12/2019,2153bd4b-5bf8-405a-aa02-613b80b31998
9,surface.go,37,8.236420527,0,213,9/19/2019,3707a2ed-f6e9-4a78-b336-9b6b949bc061
9,surface.go,433,10.67803037,0,149,9/26/2019,aa0e0dae-aeb9-4ad1-8fed-2ba526a1504b
9,surface.go,35,8.166216269,0,213,10/3/2019,bb1efcbc-573c-433a-8355-f0d971b2f2ea
