Notebooks/PySpark/Synapse Link for Cosmos DB samples/Retail/RetailData/RetailSales.csv
storeId,productCode,quantity,logQuantity,advertising,price,weekStarting,id
9,surface.pro7,46,8.449342525,0,262,6/15/2017,a290a4a0-0494-4365-96dd-7b172a7e568a
9,surface.pro7,711,11.17279856,1,199,6/22/2017,e18ae258-39a6-49e2-886b-b55d8420acc4
9,surface.pro7,33,8.129174997,0,262,6/29/2017,e57662c0-7fa1-462d-87f5-27e99354f4f2
9,surface.pro7,48,8.489616424,0,262,7/6/2017,c0c9203b-6e32-447f-b4f8-4a7d058cd541
9,surface.pro7,368,10.51499074,1,259,7/13/2017,931032d6-7858-48c1-9ee7-75002a5315b3
9,surface.pro7,37,8.236420527,0,262,7/20/2017,9dc786db-52c0-4852-8977-b2d170924574
9,surface.pro7,114,9.346268889,0,262,7/27/2017,8d7bfe7a-1b0a-42ef-9259-781b2795dda7
9,surface.pro7,255,10.1478445,1,239,8/3/2017,db85fe5e-2823-454e-9604-16548517c638
9,surface.pro7,39,8.286017468,0,262,8/10/2017,a6c93ecc-1547-4020-9e66-c8a4a814a5fa
9,surface.pro7,542,10.90058378,1,199,8/17/2017,a9bc7f5e-c36c-487e-806a-f10627d1cfb1
9,surface.pro7,33,8.110126802,0,262,8/24/2017,3b6a26e0-883f-4aa4-a50b-f4d78c4ee4f8
9,surface.pro7,55,8.624791202,0,262,8/31/2017,08fec542-30c9-41da-9de8-4ea275d2c891
9,surface.pro7,39,8.269756948,0,262,9/7/2017,294aa066-7862-4925-8655-97707f82ab47
9,surface.pro7,357,10.48503256,1,219,9/14/2017,c4023ee5-25fd-41f3-a50f-ad8be6b9f113
9,surface.pro7,37,8.236420527,0,262,9/21/2017,c16502c8-2c70-4e58-8803-7eaf5449299b
9,surface.pro7,48,8.476371197,0,262,9/28/2017,a0b8dacd-73f0-41a7-88eb-1a3eb371423f
9,surface.pro7,42,8.363575703,0,262,10/5/2017,59d76601-fc45-4b0d-8e94-69a7a16615ce
9,surface.pro7,505,10.83091603,1,199,10/12/2017,f2f8b485-2ba3-40bc-9fde-7a6d789eeb0d
9,surface.pro7,38,8.253227646,0,255,10/19/2017,329264df-ce47-4a2f-997c-a83249438996
9,surface.pro7,27,7.920083199,0,262,10/26/2017,f9a3beea-1c7b-4029-b64f-96920be1857b
9,surface.pro7,476,10.77092412,1,199,11/2/2017,21b5189a-df1b-4863-960f-27d64a784952
9,surface.pro7,28,7.943072717,0,262,11/9/2017,97f2607d-7209-4bb1-8db8-66d84ec4aa89
9,surface.pro7,507,10.83470631,1,199,11/16/2017,03c7105a-e6bb-45a5-9fb8-d2bc35fa56b0
9,surface.pro7,91,9.121727714,0,199,11/23/2017,25198d55-0325-491d-9741-fe73ab3577a5
9,surface.pro7,116,9.36288977,0,262,11/30/2017,1bae8028-8c91-46fa-abaa-e144ea0031f7
9,surface.pro7,474,10.76688371,1,199,12/7/2017,24bb00f0-673f-4b1c-8f74-b897f4972d1a
9,surface.pro7,129,9.467150781,0,199,12/14/2017,3554a854-9d9c-479a-ba81-8b43c10ac696
9,surface.pro7,127,9.452187908,0,199,12/21/2017,102c626e-2b15-4733-bc11-1b7d1031dfb8
9,surface.pro7,71,8.868413285,0,199,12/28/2017,f8933521-357b-4772-95a5-038c5e66f67e
9,surface.pro7,113,9.340666634,0,199,1/4/2018,84b71140-0fa3-4217-a60e-590b2790df10
9,surface.pro7,63,8.754002934,0,217,1/11/2018,31afe84c-9763-4648-80f6-644ca4e004e7
9,surface.pro7,53,8.589699882,0,217,1/18/2018,f1719cf4-b553-4a95-bd9b-d4b2b18963b0
9,surface.pro7,558,10.92967251,1,199,1/25/2018,502d5ee4-a1c5-4d64-9823-64480b6daed3
9,surface.pro7,71,8.877381955,0,217,2/1/2018,bb6541fa-c65e-4571-9767-c856d10fd31a
9,surface.pro7,96,9.169518378,0,212,2/8/2018,536443bf-a98f-4b3d-8b6f-c3ad220f3d9b
9,surface.pro7,63,8.754002934,0,212,2/15/2018,21fa035a-a241-44ea-bccb-ad08434ec58a
9,surface.pro7,85,9.056722883,0,212,2/22/2018,df1d1193-372f-487c-8f33-772baa07dc66
9,surface.pro7,389,10.56905797,1,199,3/1/2018,ccc99ccf-542b-48c2-bef8-26dccc7259db
9,surface.pro7,60,8.712759975,0,217,3/8/2018,509c7a44-c1f7-4b05-ad80-8cef3742ac2c
9,surface.pro7,130,9.477003077,0,217,3/15/2018,2e465228-93ce-4dec-bfc4-a00adec22739
9,surface.pro7,935,11.4457595,1,169,3/22/2018,448cfc98-a1c7-46a2-9dd2-96189a199089
9,surface.pro7,189,9.849242538,0,169,3/29/2018,704f10b5-9792-4aef-ab47-edeb27677221
9,surface.pro7,46,8.449342525,1,217,4/5/2018,33b163c0-d7b0-47c2-93fa-88ac98bc2fe4
9,surface.pro7,58,8.68067166,0,209,4/12/2018,dfceffdc-ac45-4419-ab36-35ec64db8654
9,surface.pro7,74,8.921057018,0,209,4/19/2018,d4feca43-0426-446d-99bf-fbb70c8030ae
9,surface.pro7,58,8.68067166,0,209,4/26/2018,dde5ebe5-57be-4872-a135-320d2d1a4ae7
9,surface.pro7,282,10.25019297,0,209,5/3/2018,c470e189-aed0-4c25-8ef0-7e56cfa18ed3
9,surface.pro7,56,8.647519453,0,226,5/24/2018,10d5be6c-103e-47b5-be69-a2798f8b1579
9,surface.pro7,57,8.658692754,0,226,5/31/2018,cfa21cb3-a108-46df-8bc6-0f8c9d09b53e
9,surface.pro7,36,8.201934351,0,226,6/7/2018,21b8f087-6cfc-49e7-b0a3-cc8dd7350a7d
9,surface.pro7,412,10.62658181,1,169,6/14/2018,9e4e4bc8-58f2-4183-84d5-18d79e931579
9,surface.pro7,123,9.421573272,0,226,6/21/2018,84f663e9-926f-4a4f-a842-84a8091a1752
9,surface.pro7,651,11.08447828,1,169,6/28/2018,de43083a-e232-42d2-822f-7df2b4a9cec0
9,surface.pro7,130,9.477003077,0,169,7/5/2018,f10360e3-02cd-42f8-b89b-4175f2965bea
9,surface.pro7,48,8.476371197,0,226,7/12/2018,af98c34d-bed9-48bc-a2d2-4158dcd4586c
9,surface.pro7,49,8.502688505,0,226,7/19/2018,f5dde60d-3e1a-4da4-b008-c4de75273667
9,surface.pro7,30,8.030084094,0,226,7/26/2018,5a957d2d-4e47-42b6-8a80-847bb09661b8
9,surface.pro7,37,8.219326094,0,226,8/2/2018,ce4e3793-a36a-4632-8796-0117de9cd0db
9,surface.pro7,42,8.363575703,0,226,8/9/2018,aa93049b-fe9b-4164-a7bb-a5828109b347
9,surface.pro7,179,9.797237753,0,226,8/16/2018,1bc17650-7030-4517-9262-b61b1631d867
9,surface.pro7,942,11.4539395,1,129,8/23/2018,b242fd41-b912-4bdb-86e8-c16e919d233f
9,surface.pro7,37,8.236420527,0,226,8/30/2018,40471461-9b9e-4512-af7d-38335cdda3c7
9,surface.pro7,46,8.435549202,0,226,9/6/2018,009dada6-2bd2-426f-a13b-d7a1a3a2a165
9,surface.pro7,354,10.47604777,1,199,9/13/2018,014c4296-9689-41dd-a598-62fe21a9a918
9,surface.pro7,65,8.793612072,0,199,9/20/2018,d51546a2-aa40-4c46-a4f7-1887cf36e681
9,surface.pro7,87,9.071537969,0,189,9/27/2018,feb56af8-6786-4fc1-b0a1-4ee551fe94b0
9,surface.pro7,125,9.436997743,0,179,10/4/2018,54544eef-47b9-4fe9-bae6-beda9c61fb9b
9,surface.pro7,104,9.252633284,0,179,10/11/2018,62e5aabb-b135-4d08-8bbf-0096d47bfd1e
9,surface.pro7,2282,12.33808288,1,169,10/18/2018,261922ef-7ce7-4431-9107-70192a43322c
9,surface.pro7,58,8.68067166,0,226,10/25/2018,05db97dc-41ab-4bb5-9bd4-5aa6dbb7f538
9,surface.pro7,609,11.01849799,0,149,11/1/2018,2975715a-ba9a-45d0-b5e2-bba01d847ff1
9,surface.pro7,30,8.030084094,0,226,11/8/2018,1b997756-7fc8-414e-a444-9b88030ff1f6
9,surface.pro7,46,8.449342525,0,226,11/15/2018,14c145a9-fb76-4169-b4aa-622ef2cd1645
9,surface.pro7,304,10.32219789,0,199,11/22/2018,22c71fca-b01e-4461-9fe6-6759d1617dd7
9,surface.pro7,89,9.100525506,0,199,11/29/2018,a3961856-f08d-46d7-9e1b-4612b65bd1a0
9,surface.pro7,74,8.912473275,0,199,12/6/2018,1e46b363-07c7-42ff-be72-3ada209ab844
9,surface.pro7,41,8.333270353,0,226,12/13/2018,d4378d12-f4a0-4977-b1c8-c28917b032a8
9,surface.pro7,28,7.943072717,0,226,12/20/2018,354305dc-ccc1-4e19-80d4-0c473b0ea9b4
9,surface.pro7,347,10.4559924,1,199,12/27/2018,0881b36b-cfc7-4b07-af61-f1ec3d2c75c6
9,surface.pro7,141,9.557045785,0,199,1/3/2019,5efd314c-83cf-442b-a68d-f70585968771
9,surface.pro7,39,8.286017468,0,199,1/10/2019,c331ac9e-43de-4b09-9a1e-e70144ce91d9
9,surface.pro7,130,9.477003077,1,249,1/17/2019,21111976-d5de-45f9-bde5-1c8aa765c0a6
9,surface.pro7,173,9.761001904,1,249,1/24/2019,fdf729c9-655a-43f5-8870-deb555b37f0b
9,surface.pro7,33,8.129174997,0,249,1/31/2019,e431e4b1-af01-41c8-be54-fb1b0e5b8420
9,surface.pro7,55,8.624791202,0,266,2/7/2019,2a51efc1-7bf3-42c6-9003-f019f9b04df0
9,surface.pro7,47,8.462948177,0,199,2/14/2019,6405bfe4-b98b-44e9-ba83-cbd5c7506b4c
9,surface.pro7,1121,11.62796697,1,199,2/21/2019,c6ad9651-9b59-4b92-adf0-6d4ecf146259
9,surface.pro7,52,8.565602331,0,199,2/28/2019,67b52d9f-95e3-4f33-b168-5435437299d5
9,surface.pro7,55,8.624791202,0,266,3/7/2019,ca9fcdcb-cc10-436e-8f31-6a8a3409736c
9,surface.pro7,244,10.10430369,1,199,3/14/2019,b0cc862e-1160-4b75-9f62-4d940b275bb4
9,surface.pro7,56,8.636219898,0,199,3/21/2019,a7706534-b603-4677-a149-cac77445cc7a
9,surface.pro7,38,8.253227646,0,266,3/28/2019,282675ff-c96b-45c7-b7e9-c36666b46bdd
9,surface.pro7,154,9.64782081,1,199,4/4/2019,9caa248a-56a0-4735-9607-5f7a6736b842
9,surface.pro7,71,8.868413285,0,199,4/11/2019,222c1dd6-f5c9-4425-a3df-d1155f9d99ba
9,surface.pro7,37,8.236420527,0,266,4/18/2019,ee4a06d9-4ced-42ad-b1fa-560ea00d1010
9,surface.pro7,405,10.61093204,1,199,4/25/2019,76101e12-b129-4543-88c9-9f4bc483eeab
9,surface.pro7,28,7.965545573,0,266,5/2/2019,2452e4c6-26ab-4e83-8ff3-8ff6754608d7
9,surface.pro7,42,8.348537825,0,266,5/9/2019,456537fc-fefe-4f54-9f1d-69760032cd81
9,surface.pro7,33,8.129174997,0,266,5/16/2019,8dfdf52a-3d63-4ea7-846a-beefcbc22640
9,surface.pro7,433,10.67803037,1,199,5/23/2019,b66d7295-d796-4210-b11b-f784127eba71
9,surface.pro7,23,7.769800996,0,269,6/6/2019,805811bd-70e7-48ef-88ab-acb9a5f6a34a
9,surface.pro7,19,7.560080465,0,269,6/13/2019,9bcd38f4-4db2-46dc-be5d-a84f0b423c65
9,surface.pro7,18,7.526178913,0,269,6/20/2019,c0a61003-e998-4fe9-81bf-472f0c841fac
9,surface.pro7,19,7.592870288,0,269,6/27/2019,e2753a48-8ff4-482d-be0c-3bc8662e2531
9,surface.pro7,69,8.850230966,1,201,7/4/2019,be7703dd-a257-4e14-a956-104c3d347b1c
9,surface.pro7,40,8.317766167,0,269,7/18/2019,db2ef4f7-bd91-4a9f-a234-12af8fd7d67d
9,surface.pro7,502,10.8245668,1,229,7/25/2019,fece2462-1be3-4de3-9a19-d18cc2130cc1
9,surface.pro7,27,7.920083199,0,269,8/1/2019,d01dc1a2-ee93-4460-96a9-e4a89479b5d0
9,surface.pro7,21,7.655390645,1,265,8/8/2019,9f86b70c-8ee7-4634-ada8-8f35913caf87
9,surface.pro7,712,11.1745955,1,199,8/15/2019,363f9a13-97de-47a7-9de9-96840cb095eb
9,surface.pro7,279,10.23652533,1,199,8/22/2019,5a6a0a2a-989f-44b2-9724-d1e52b8d58a1
9,surface.pro7,122,9.411156511,0,169,8/29/2019,0b95b08d-d304-4871-8bed-fb576e66525b
9,surface.pro7,120,9.395325046,0,169,9/5/2019,44104f8a-8d3f-4026-a333-ba0b9686a739
9,surface.pro7,302,10.31586207,1,199,9/12/2019,e7b775f7-40cc-4d3a-aa62-3310cb34e023
9,surface.pro7,112,9.323669057,0,269,9/19/2019,35d16a26-6343-457e-97f8-a4635031c3d6
9,surface.pro7,44,8.392989588,0,249,9/26/2019,19b47e19-9a5a-43df-a0f2-f9e8eea80187
9,surface.pro7,629,11.05050898,1,219,10/3/2019,4071c1a2-9424-4357-997a-a97a6254abc0
