Notebooks/PySpark/Synapse Link for Cosmos DB samples/Retail/RetailData/RetailSales.csv
storeId,productCode,quantity,logQuantity,advertising,price,weekStarting,id
9,surface.laptop3,80,8.987196821,0,319,6/15/2017,2c9f5623-8601-4cc2-a276-12377faedefa
9,surface.laptop3,87,9.078864009,0,319,6/22/2017,a1a99ef4-e09e-4d76-b03e-806ef39f9bc5
9,surface.laptop3,102,9.234056899,0,319,6/29/2017,d6e787e7-8ee1-4a3b-a357-2f0f41348b90
9,surface.laptop3,99,9.2023082,0,319,7/6/2017,5c52af66-a9cd-4262-9c06-8dc51e2d29c2
9,surface.laptop3,82,9.018695488,0,319,7/13/2017,d0eea10e-8400-4289-bab0-53ba47744e55
9,surface.laptop3,87,9.071537969,0,319,7/20/2017,c62be36a-b1c0-44aa-858f-daac5c8dae8b
9,surface.laptop3,96,9.169518378,0,319,7/27/2017,7ddd2e37-9717-4483-acdc-da1c43f685da
9,surface.laptop3,100,9.215128889,0,319,8/3/2017,906624b1-450c-4199-a84e-be170f61b738
9,surface.laptop3,90,9.107642974,0,319,8/10/2017,b3bfab14-5024-4c5b-8871-20d5bb2e9202
9,surface.laptop3,88,9.093357017,0,319,8/17/2017,f91d1d93-0398-4861-8805-e55ca2d91a07
9,surface.laptop3,73,8.903815212,0,319,8/24/2017,edd2969e-82bf-4165-94c7-d0ea09378a81
9,surface.laptop3,89,9.100525506,0,319,8/31/2017,5d76f107-5725-4242-8b8c-6b95b02d6e46
9,surface.laptop3,68,8.831711918,0,319,9/7/2017,ccc84c22-a407-4eab-905c-dd698ab28026
9,surface.laptop3,94,9.156095357,0,319,9/14/2017,c95c94c9-114e-4d29-a865-0dad4c78e933
9,surface.laptop3,97,9.189321005,0,319,9/21/2017,51c40691-28e4-43b5-9417-b0046a4c4a88
9,surface.laptop3,96,9.17616292,0,319,9/28/2017,0370ab4f-5a83-4ad1-8042-4cd1e40990f2
9,surface.laptop3,90,9.114710141,1,319,10/5/2017,0f321afd-ae3d-4ba9-9847-198cd2b733dc
9,surface.laptop3,86,9.064157862,0,319,10/12/2017,0e0180fc-ed90-4b7e-83b8-2459479633da
9,surface.laptop3,97,9.182763604,0,304,10/19/2017,273ba564-fb38-43df-817c-a1f6bf472cd6
9,surface.laptop3,88,9.093357017,0,304,10/26/2017,9cb24af7-cf22-44e7-90f3-85cb06ad8b02
9,surface.laptop3,78,8.971067439,0,304,11/2/2017,e7f121a5-de4d-4024-ba4f-10692ad0777a
9,surface.laptop3,88,9.086136769,0,304,11/9/2017,c0b442b7-96b3-40f1-884d-5cdcd274544b
9,surface.laptop3,135,9.510741217,0,319,11/16/2017,45204cd7-19b8-42f4-86a7-d4c68bc8c7b1
9,surface.laptop3,189,9.849242538,0,299,11/23/2017,4e897802-19cf-4690-9e2c-deca46cd20ca
9,surface.laptop3,150,9.618468598,0,299,11/30/2017,7156ccd3-f84a-4cd4-98f1-2caa3b304c53
9,surface.laptop3,97,9.182763604,0,299,12/7/2017,f4f9f32f-5880-417f-a732-8d5fb7bbe17f
9,surface.laptop3,76,8.946374826,0,299,12/14/2017,49229f8d-45a7-4434-b705-a2b805a7dfb3
9,surface.laptop3,414,10.63277378,0,239,12/21/2017,d8aae7b4-7e3e-433a-981a-b575b0630291
9,surface.laptop3,151,9.626943225,0,239,12/28/2017,a325e3de-adb2-458a-b471-3f499aeb7abc
9,surface.laptop3,126,9.447150114,0,299,1/4/2018,135303e2-ba06-4280-aa5a-2388185c59b0
9,surface.laptop3,173,9.761001904,0,259,1/11/2018,8bf14a51-7abc-4516-886c-4892adb64eff
9,surface.laptop3,104,9.258749511,0,259,1/18/2018,d3fd83f9-6d4e-4a83-9534-d6903b3c4d4a
9,surface.laptop3,97,9.182763604,0,299,1/25/2018,de177569-8391-4b78-9ba5-7fced7bd574a
9,surface.laptop3,100,9.215128889,0,299,2/1/2018,a7c4f372-c7b0-48ba-b620-036e7d22f378
9,surface.laptop3,293,10.28793329,0,249,2/8/2018,9d807b48-6eef-4e86-b997-9129832fe2bd
9,surface.laptop3,112,9.323669057,0,299,2/15/2018,c1ae2ecc-6a41-49fd-b92c-ceafcf77cb30
9,surface.laptop3,71,8.868413285,0,299,2/22/2018,4179c5d2-2d81-42ca-ae8a-bf0a04ff80ba
9,surface.laptop3,86,9.064157862,0,299,3/1/2018,9d68e1ef-799a-4998-a4b5-d0a5e81a60fd
9,surface.laptop3,101,9.221478116,0,299,3/8/2018,d5599576-751c-4da0-9ad5-b05912c1b061
9,surface.laptop3,99,9.208739091,0,299,3/15/2018,a20ceb2d-98e8-4594-8297-e26b3c9aef2d
9,surface.laptop3,81,9.00307017,0,299,3/22/2018,c4c72861-609d-4061-8db0-5226ef36849d
9,surface.laptop3,1240,11.72881074,1,149,3/29/2018,7b677a9e-51c4-4359-8009-ec9cf89bb015
9,surface.laptop3,105,9.264828557,0,299,4/5/2018,213c4fa9-1790-46db-a38d-9f2f0ec31be8
9,surface.laptop3,684,11.13429701,1,199,4/12/2018,a7f36179-6ec4-43c3-bce7-dce00e1e4e62
9,surface.laptop3,158,9.67231183,0,299,4/19/2018,9655749d-f797-48cb-b82a-1104d98b2d3c
9,surface.laptop3,701,11.15830555,1,199,4/26/2018,f4fbc2dc-57e7-4ee5-a67f-68c9185ec3ca
9,surface.laptop3,254,10.14281936,0,199,5/3/2018,7aa2d7a6-3251-4d3c-a779-48e836976720
9,surface.laptop3,56,8.636219898,0,339,5/24/2018,f9952557-0842-459c-a8c2-7881b0f146a5
9,surface.laptop3,56,8.647519453,0,339,5/31/2018,3d0f8322-0058-4879-8fb6-1ab4575243f9
9,surface.laptop3,764,11.24478455,0,199,6/7/2018,918bfde9-b202-47d0-b25f-9df7e56e6545
9,surface.laptop3,77,8.954673629,0,199,6/14/2018,66173369-0d01-47ce-8622-3276b09067a5
9,surface.laptop3,69,8.850230966,0,339,6/21/2018,17dffa6d-6382-48a8-afec-c5f63e5f8d32
9,surface.laptop3,145,9.583833101,0,339,6/28/2018,5515d643-0405-46a2-b8ec-c4517a5bb95c
9,surface.laptop3,796,11.28497036,0,199,7/5/2018,1e89ab12-fff5-4350-87a0-0376ca3b78ff
9,surface.laptop3,246,10.11212642,0,199,7/12/2018,de1f4f9e-60e0-4a35-bb98-dc496b911a33
9,surface.laptop3,77,8.954673629,0,199,7/19/2018,527b8001-40f3-4a69-b4d3-0cc20804612f
9,surface.laptop3,76,8.946374826,1,339,7/26/2018,e4ed9ae2-6a0a-499c-9459-46fe7162a606
9,surface.laptop3,309,10.33889974,0,219,8/2/2018,e203aab8-6f94-436a-8b95-dae1763c9e69
9,surface.laptop3,64,8.764053269,0,219,8/9/2018,0cb1789d-57f0-4f3c-a2d1-df1587c9ee10
9,surface.laptop3,54,8.60153434,0,339,8/16/2018,b320b157-a036-476e-a11a-cf41297363d4
9,surface.laptop3,69,8.841014311,0,339,8/23/2018,4876e426-461d-4ae8-b417-2cd3466b2067
9,surface.laptop3,60,8.702177866,0,339,8/30/2018,7b1088ec-e464-44fe-9cb9-4a4a78164e50
9,surface.laptop3,844,11.3442701,1,199,9/6/2018,c7a44a5d-a107-4fb7-a9ed-d7c082ff372b
9,surface.laptop3,81,9.00307017,0,339,9/13/2018,77518a8c-ca84-4438-ad4c-5850a1e81e4f
9,surface.laptop3,104,9.258749511,1,249,9/20/2018,c794a179-74ed-45fb-a4ff-a3d5e78a5652
9,surface.laptop3,71,8.877381955,0,339,9/27/2018,c34fbf26-57bb-4614-8ad7-66d3914b5abc
9,surface.laptop3,71,8.868413285,0,299,10/4/2018,244f3f56-fc7e-47af-a07b-2a25f7b57dc4
9,surface.laptop3,69,8.850230966,0,294,10/11/2018,0180936a-72a3-4f3c-8b8c-213667be4c24
9,surface.laptop3,81,9.010913347,0,294,10/18/2018,8d5e216a-d0c6-4316-a3f5-28ea571b0534
9,surface.laptop3,80,8.987196821,0,294,10/25/2018,cfd0dd1e-6c35-47c2-a9ce-9a9f4232716b
9,surface.laptop3,75,8.929567708,0,294,11/1/2018,e337c32a-40a3-4c49-8f72-0976cee391c7
9,surface.laptop3,71,8.868413285,0,294,11/8/2018,c3f5caa0-0710-4096-a7e7-c83d9f5a6f3a
9,surface.laptop3,104,9.258749511,0,299,11/15/2018,173931a4-6055-4ca2-b3e8-0c7f38a60dd7
9,surface.laptop3,757,11.23469195,1,199,11/22/2018,ae7df084-8bd9-4bfa-8963-11d24a984281
9,surface.laptop3,99,9.2023082,0,299,11/29/2018,512e2b36-5ac8-40b3-aaf2-c29ab85b4e64
9,surface.laptop3,68,8.831711918,0,299,12/6/2018,b7ede7d0-6f75-436f-a1b9-e0e7eb67a9a1
9,surface.laptop3,71,8.868413285,0,299,12/13/2018,e8a0a1e4-3ba5-4903-a71c-833793303bdf
9,surface.laptop3,85,9.049232212,0,299,12/20/2018,48f3b8da-8451-4872-9285-2aecc000af49
9,surface.laptop3,159,9.67633598,0,239,12/27/2018,dfeab4ce-cc02-4416-8e88-25667c6e48b0
9,surface.laptop3,192,9.862665558,0,239,1/3/2019,3aed32fe-6982-4c1f-96db-a7183b298a5a
9,surface.laptop3,125,9.436997743,0,229,1/10/2019,9211d6b5-44dc-49f9-81be-219943b44cce
9,surface.laptop3,144,9.579418083,0,229,1/17/2019,a6a41478-b3f0-423f-83f3-50f457f27edd
9,surface.laptop3,83,9.034080407,0,299,1/24/2019,0bc42615-0824-4b99-81fa-a25cd87ada61
9,surface.laptop3,76,8.938006577,0,299,1/31/2019,787d8bce-3238-44be-bb62-c13c7fad8ceb
9,surface.laptop3,72,8.895081532,0,299,2/7/2019,5592118e-f637-4fac-a70f-56c2e8af11b4
9,surface.laptop3,367,10.51151248,1,199,2/14/2019,66eada0f-c65f-4eed-8857-3cc831ff3aa2
9,surface.laptop3,70,8.859363449,0,299,2/21/2019,c8e3d1d5-1339-44e6-ac46-633cee9d5c1e
9,surface.laptop3,670,11.11352195,1,199,2/28/2019,32a8bc0c-cb68-4000-946e-4a990b94f3d3
9,surface.laptop3,161,9.688312171,0,179,3/7/2019,91c5c492-8520-406c-8ed2-00c4c25afd62
9,surface.laptop3,304,10.32430094,0,179,3/14/2019,a7920717-2c70-4ecc-be2a-1fb7a5ddc700
9,surface.laptop3,254,10.14281936,0,179,3/21/2019,1ba45e29-a3c2-4c04-bee7-fd38791b1760
9,surface.laptop3,142,9.566054855,0,299,3/28/2019,5c111760-3312-4b0a-9d44-47ae86283237
9,surface.laptop3,181,9.804329981,1,250,4/4/2019,084529f2-c117-4a01-835b-10ca765d57a7
9,surface.laptop3,163,9.704060528,0,250,4/11/2019,ca18efd4-8b3a-4a6d-b32c-a0991142c065
9,surface.laptop3,71,8.877381955,0,299,4/18/2019,53f2cfeb-3239-42cc-938b-f9e07327a68f
9,surface.laptop3,99,9.208739091,0,299,4/25/2019,d93ff565-f516-454c-8181-a18e9afa1c0f
9,surface.laptop3,459,10.73535265,1,224,5/2/2019,60abfe5c-9727-4677-8561-3d411ee2e54c
9,surface.laptop3,74,8.912473275,0,299,5/9/2019,da7e29cb-87d5-4a89-ad96-f1a7115eb532
9,surface.laptop3,88,9.093357017,0,299,5/16/2019,835dd4e2-fd82-4a2e-9116-87ab18e17678
9,surface.laptop3,70,8.859363449,0,299,5/23/2019,82b861eb-7304-4dd1-b310-9ab968d1cd2e
9,surface.laptop3,803,11.29377394,1,249,6/6/2019,068135e1-35af-4ccb-9e21-900aa2ad4a28
9,surface.laptop3,384,10.55747802,0,249,6/13/2019,042a9442-bfd1-4762-b883-4522dcc6ef4d
9,surface.laptop3,952,11.4640713,1,199,6/20/2019,6b4f07d3-654c-4354-84b0-9cd2dd488f06
9,surface.laptop3,65,8.783855897,1,299,6/27/2019,e9b58a34-69ee-4fe9-86cf-cfbf6272964f
9,surface.laptop3,113,9.335032816,0,269,7/4/2019,7eaae7aa-eb7f-427a-95f7-6aff3039b8e7
9,surface.laptop3,74,8.912473275,0,299,7/18/2019,7f916515-ef59-4eb6-80b0-4a2fab1ebb75
9,surface.laptop3,58,8.68067166,0,299,7/25/2019,dfc67806-49a4-4e56-b7fa-abd7a0831d3e
9,surface.laptop3,82,9.018695488,0,299,8/1/2019,5436463b-9e9c-4616-bb04-79e7476dce86
9,surface.laptop3,86,9.064157862,1,289,8/8/2019,04a058fc-827e-450e-a589-d7af16b34b28
9,surface.laptop3,55,8.61323038,0,299,8/15/2019,d4948ae0-13f0-4fe4-b7d0-4acbb5124113
9,surface.laptop3,88,9.086136769,1,279,8/22/2019,0c3af097-0646-4a13-bbf2-4da752fc1ee8
9,surface.laptop3,116,9.36288977,0,299,8/29/2019,dfbd2fae-e4f1-4b0d-88bc-8caec24844fd
9,surface.laptop3,381,10.54912375,1,249,9/5/2019,253f0156-e874-4c75-9968-b999f70fdcd8
9,surface.laptop3,146,9.592605087,0,249,9/12/2019,6c6a0a80-fa2f-4e4b-bd9d-36d060e45725
9,surface.laptop3,81,9.010913347,0,299,9/19/2019,3aa06566-91af-4cfc-9c69-641cc1e4dc7a
9,surface.laptop3,130,9.477003077,1,279,9/26/2019,45425252-a178-43ec-9919-15837c59d261
9,surface.laptop3,52,8.565602331,0,320,10/3/2019,e93b4877-cf64-469b-8e33-30140963b1b7
