Notebooks/PySpark/Synapse Link for Cosmos DB samples/Retail/RetailData/RetailSales.csv
storeId,productCode,quantity,logQuantity,advertising,price,weekStarting,id
12,surface.go,14,7.249925537,0,269,6/22/2017,238c8878-6f6d-4421-8656-ad1c7b2e1f32
12,surface.go,35,8.166216269,0,269,6/29/2017,3253ca99-b999-4671-988c-145650786fb8
12,surface.go,53,8.589699882,0,269,7/6/2017,a5332abe-5dba-4294-b73e-53f1f1ca2695
12,surface.go,14,7.294377299,0,269,7/13/2017,f505080e-ef8e-4e89-aa0e-24975dc8f786
12,surface.go,8,6.797940413,0,269,7/20/2017,d1f8fe48-b1a8-493c-a897-2b8bc11b1a82
12,surface.go,69,8.841014311,0,269,7/27/2017,8f45f81d-aaaa-4473-9afb-873440a60693
12,surface.go,67,8.822322178,1,209,8/3/2017,2cfb3b26-e1f2-4f76-a06b-ac4d4694c05d
12,surface.go,37,8.236420527,0,209,8/10/2017,cdab2828-8ff0-4fb8-89d4-6ec84d9577f7
12,surface.go,40,8.317766167,0,209,8/17/2017,23ad3a5a-fae5-4fab-9bfe-7bbefc41923a
12,surface.go,28,7.965545573,0,209,8/24/2017,b53d1d45-66d3-46c5-bae1-7520f22b58e4
12,surface.go,357,10.48503256,1,189,8/31/2017,75c9bf1e-f958-474f-9df6-f610ed9a41cb
12,surface.go,122,9.416378455,0,189,9/7/2017,52bca2f5-c117-4179-b807-c3d19102d1a2
12,surface.go,82,9.018695488,0,189,9/14/2017,22c08921-a4e5-4065-8e28-c95e8201d1e5
12,surface.go,80,8.987196821,0,179,9/21/2017,c9386e48-c76c-470e-8d60-cbecefd9b3c0
12,surface.go,469,10.75602879,1,179,9/28/2017,616e3caf-740f-41f1-b0a2-20241d7eea5d
12,surface.go,64,8.7740036,0,179,10/5/2017,3ea7ea5e-2dcf-4090-a71c-82b80978f75c
12,surface.go,8,6.797940413,0,269,10/12/2017,6e0fc941-5d62-4280-ae0c-4fc7cc45a102
12,surface.go,1130,11.63592156,1,124,10/19/2017,b729c059-f685-44ca-a7ed-f2295b167419
12,surface.go,19,7.592870288,0,159,10/26/2017,c9ea757f-9650-4730-9a88-24d90258ccf8
12,surface.go,526,10.87183928,1,159,11/2/2017,614b13f5-605f-44f8-9527-74d02a025044
12,surface.go,240,10.08580911,0,129,11/9/2017,5d22ba80-2577-42df-a590-8f3602cf7ed4
12,surface.go,670,11.11256729,0,99,11/16/2017,8de3972c-5fe8-4276-b388-e4c57e612256
12,surface.go,455,10.72555551,1,159,11/23/2017,c838f7ce-62a2-48c9-83e0-aea3bd7ae339
12,surface.go,380,10.5457624,1,249,11/30/2017,c39e5697-2a82-46cf-911a-47339e1adcdd
12,surface.go,234,10.06424493,0,269,12/7/2017,749dddf8-8bc1-47f6-8bb8-a64e774742bc
12,surface.go,654,11.08839985,1,139,12/14/2017,e0fd71a9-b768-4247-84de-72052b14ad35
12,surface.go,25,7.847762538,0,269,12/21/2017,0c478a23-aac4-410d-be0c-16a9aad17428
12,surface.go,14,7.294377299,0,269,12/28/2017,9e44c759-09e5-4be3-b3ff-9a802b44c9a8
12,surface.go,7,6.556778356,0,269,1/4/2018,e1ff429c-8161-47f8-a598-d19b1ae93267
12,surface.go,2090,12.2505105,1,99,1/11/2018,d10acd4c-1cb0-4cbf-b831-ed3b24cbaea4
12,surface.go,28,7.965545573,0,269,1/18/2018,46dd5eb9-5617-44fc-a1b9-2f8daad00c42
12,surface.go,74,8.912473275,0,269,1/25/2018,215838da-bec3-4fc7-acf7-a5ea08e20dfa
12,surface.go,913,11.4222127,1,149,2/1/2018,c198852e-6656-40e7-bd8a-489c2bf34aba
12,surface.go,75,8.929567708,0,149,2/8/2018,6d1a6475-1544-43b2-9899-ac246bf81ab7
12,surface.go,18,7.526178913,0,269,2/15/2018,054efa52-ddc0-49c7-bbfb-dcfddd9f388c
12,surface.go,25,7.847762538,0,269,2/22/2018,65cdead4-c634-431e-a55e-56e9aac7340b
12,surface.go,50,8.528330936,1,199,3/1/2018,3af7ed6f-0d7f-44ef-88bf-649386b6f547
12,surface.go,1409,11.8560044,1,109,3/8/2018,0e8085f7-8844-48a4-9b5b-cb5f163381ce
12,surface.go,24,7.82244473,0,269,3/15/2018,803ca1aa-3c14-40a7-b1d7-9fae9dd51f90
12,surface.go,43,8.378390789,0,269,3/22/2018,0075c455-b492-47af-a5c9-1772647c95c8
12,surface.go,210,9.954940834,1,159,3/29/2018,e5bb6787-4c1f-4028-9d20-3783e2f6029b
12,surface.go,251,10.1326927,0,159,4/5/2018,7d48827b-8a97-4391-a170-7205a3721469
12,surface.go,78,8.971067439,0,159,4/12/2018,721e71e9-7dbf-4058-a27a-81826971255c
12,surface.go,2245,12.32196946,1,99,4/19/2018,5e317e25-3c95-4ad8-a472-db9d0796d9cf
12,surface.go,11,7.049254841,1,269,4/26/2018,1791d1d2-ee66-4ce3-b355-2ed9909521fe
12,surface.go,10,6.931471806,0,269,5/10/2018,77d2b62c-181a-48b5-bac5-312eb3be143d
12,surface.go,53,8.577723691,0,269,5/17/2018,fb761635-754b-4fad-abf0-d422d165dfe7
12,surface.go,218,9.990765561,0,159,5/31/2018,d92c2e3b-09fc-4efd-a897-5a368541bc3e
12,surface.go,17,7.454719949,0,239,6/7/2018,1488956a-0602-43d9-87a9-2e57957db69f
12,surface.go,158,9.66827142,1,149,6/14/2018,6dfab85e-f1e2-414e-b72b-be60d052381b
12,surface.go,120,9.400630098,0,129,6/21/2018,94434e8a-48de-40c0-a432-11e90922bcd6
12,surface.go,28,7.965545573,0,199,6/28/2018,5e7ee9e4-e577-48de-b0d4-d817bc2dc106
12,surface.go,69,8.841014311,0,199,7/5/2018,7ce4bff5-4658-4c3e-865b-8d881c01aa48
12,surface.go,478,10.77628606,1,159,7/12/2018,55c2ac6e-084d-4fc1-9102-91af048a3565
12,surface.go,159,9.67633598,0,159,7/19/2018,bb601207-06f4-42d7-852a-54d13d9f4a30
12,surface.go,83,9.026417534,0,199,7/26/2018,eb31c3cb-5759-4122-bf81-e366e13f8884
12,surface.go,1738,12.06616669,1,99,8/2/2018,f715cac5-7f9e-4c41-b5b7-3d1da12f7d8f
12,surface.go,599,11.00049856,0,99,8/9/2018,68da427a-9a52-4b80-8dee-18f7b34b557a
12,surface.go,554,10.92276799,1,149,8/16/2018,262cb97d-b5c9-43dd-adf3-1032a4bdf46a
12,surface.go,60,8.712759975,0,149,8/23/2018,e722cb21-05bc-47d7-b3c0-50d788d1a076
12,surface.go,44,8.392989588,0,139,8/30/2018,4cc4f92a-61ec-4403-8da9-7da33a03b29e
12,surface.go,140,9.55251063,1,158,9/20/2018,39440bca-d766-44c3-8df9-d74ff2059a67
12,surface.go,76,8.946374826,0,158,9/27/2018,4fb55cd1-ba43-4ea6-942e-8bee8913ace5
12,surface.go,117,9.368369236,0,158,10/4/2018,852d199f-d06a-4d72-8e81-64fdf8e9dd3b
12,surface.go,697,11.15281606,1,158,10/11/2018,34689a46-53d3-48f7-844f-f83d66441b92
12,surface.go,97,9.189321005,0,158,10/18/2018,517b6500-9dca-4a64-b97e-aa2924262a66
12,surface.go,49,8.51559191,0,158,10/25/2018,6babe20a-3f42-4984-933a-284d177035f6
12,surface.go,24,7.82244473,0,158,11/1/2018,5230c781-7561-4f32-8be0-1ef3462a591f
12,surface.go,153,9.639522007,1,158,11/8/2018,8f47d879-8792-4395-bbe4-c4013a92d2e3
12,surface.go,88,9.086136769,0,158,11/15/2018,64036957-a952-4a2f-895c-1ba18883ec76
12,surface.go,34,8.14786713,0,158,11/22/2018,d42b848e-9b18-4c55-940a-578ac43284de
12,surface.go,392,10.57887801,1,158,11/29/2018,cb841187-3dfd-4b29-b530-b6c1f1f14f92
12,surface.go,585,10.97780715,0,158,12/6/2018,410039e8-3eba-4381-a62a-8047d1dae5fa
12,surface.go,463,10.74367448,1,158,12/13/2018,1936a1a4-ac83-4539-807c-1a389b1f1107
12,surface.go,71,8.868413285,0,158,12/20/2018,c2760580-d06b-485e-a135-ae0490d4934d
12,surface.go,142,9.566054855,1,158,12/27/2018,c516c569-c2c1-4235-a182-d9b4d58fbbf7
12,surface.go,119,9.384629757,0,158,1/3/2019,7b1d27e8-cb02-44f8-bcaa-8688708b9b76
12,surface.go,37,8.219326094,0,158,1/10/2019,bf42d373-2103-4d34-9dc4-5f7d09a84846
12,surface.go,97,9.182763604,0,158,1/17/2019,44eb2692-f861-403b-8419-390460955bc9
12,surface.go,243,10.09905434,0,158,1/24/2019,526bede1-1d3f-40e4-bcae-9a6c74757563
12,surface.go,1082,11.59195843,0,158,1/31/2019,992a480b-a23a-4246-9d8f-72eb86f10a69
12,surface.go,293,10.28575227,0,158,2/7/2019,d43be1a7-556b-4ea0-8b36-d5cd8cc2056e
12,surface.go,188,9.84585844,0,158,2/14/2019,b157edc7-9066-44f1-bf1e-5aa46eb3b3f4
12,surface.go,239,10.08313888,0,158,2/28/2019,2a3f3738-3a58-4a17-957e-893ffc97b93d
12,surface.go,757,11.2355369,1,158,3/7/2019,c372fd9d-865b-4942-88fe-16f854b139d5
12,surface.go,165,9.711842668,0,158,3/14/2019,6b115977-4028-4e95-9c58-139d07b9a966
12,surface.go,463,10.74367448,0,158,3/21/2019,86e1a68a-cb6d-4980-8bb3-f006ba7ae69f
12,surface.go,90,9.107642974,0,158,3/28/2019,f84fb00d-e2f1-498e-b75f-6aa5ea93e52f
12,surface.go,28,7.943072717,0,158,4/4/2019,556796c5-a6b2-4f74-b558-b9cfe48ef1d8
12,surface.go,252,10.13523399,0,158,4/11/2019,a170c0b8-0ada-4b94-a022-5e1ab5d77f66
12,surface.go,1001,11.51452419,1,129,4/18/2019,8446c1b7-0e64-46b7-817a-9335c7b36773
12,surface.go,219,9.996613531,0,129,4/25/2019,5ae0ea8b-66da-48b8-b3c3-a45c5575711b
12,surface.go,124,9.426741242,0,199,5/2/2019,805c645b-bcc7-468d-9d7c-4561e38f294c
12,surface.go,87,9.078864009,0,199,5/9/2019,2d7cc2e6-7069-4884-b186-c1476b8c0dba
12,surface.go,42,8.363575703,0,209,5/16/2019,100f9250-947c-4d05-877e-31e6bb7569af
12,surface.go,262,10.17504024,0,169,5/23/2019,6a889b5c-57ea-4182-bc6c-5291b9d1d755
12,surface.go,903,11.41093704,0,169,5/30/2019,9990fbaa-417b-4029-aa8e-2fed95393f71
12,surface.go,421,10.64808802,0,169,6/6/2019,01c77818-4796-46bb-99f7-66ff5ac09e12
12,surface.go,225,10.02251426,0,209,6/13/2019,de21b210-db6c-4f1b-9ab6-136687072631
12,surface.go,35,8.184234774,0,209,6/20/2019,2c321c6d-a760-4a35-8e9d-9692cb0315a4
12,surface.go,150,9.618468598,0,199,6/27/2019,4150b057-0bbb-4027-bc56-904d9a844856
12,surface.go,120,9.400630098,0,199,7/4/2019,b1a1e0cc-2a08-46c9-9d55-f051c58840f2
12,surface.go,54,8.60153434,0,129,7/11/2019,e124122c-a7be-4392-bc3e-48fb08c2de52
12,surface.go,158,9.66827142,0,209,7/18/2019,54dd0a7d-3ce6-4097-b460-ec777e1e4e22
12,surface.go,198,9.895455381,0,169,7/25/2019,3d87beb9-f881-4435-98df-037d094de928
12,surface.go,700,11.15647907,1,149,8/1/2019,1aacd138-60c2-48b6-bc4a-2c0675631a1c
12,surface.go,106,9.276876896,1,199,8/8/2019,0f839ddc-59d1-4a3b-8298-bdcf4fef6439
12,surface.go,62,8.733594062,0,209,8/15/2019,8df2262d-cb7b-4eb0-b7ec-6e59b5aeed0a
12,surface.go,42,8.363575703,0,189,8/22/2019,76035cdb-464a-463a-ba8c-f622ba3916dc
12,surface.go,298,10.30306872,0,129,8/29/2019,608e54fe-f046-4504-8a8a-f7d27e831d06
12,surface.go,35,8.184234774,0,209,9/5/2019,d1ee7169-ac88-4c8a-8ec5-e640cd567ac3
12,surface.go,40,8.30201781,0,209,9/12/2019,7b245177-588a-4596-8e3b-aa13d470bb7b
12,surface.go,59,8.691482577,0,209,9/19/2019,06613067-b9c9-4f76-a1c0-7209ba97450e
12,surface.go,732,11.202043,0,149,9/26/2019,b224f706-9394-4328-b1a6-e043a0b7fee3
12,surface.go,152,9.631153757,0,209,10/3/2019,14045ac0-01c5-4a01-96b4-556d9bf32213
