Notebooks/PySpark/Synapse Link for Cosmos DB samples/Retail/RetailData/RetailSales.csv
storeId,productCode,quantity,logQuantity,advertising,price,weekStarting,id
12,surface.pro7,697,11.15281606,1,199,6/22/2017,e3ddd828-7d7a-4516-8b9b-af92206bb245
12,surface.pro7,40,8.30201781,0,317,6/29/2017,26005f3f-86dc-4e5e-8505-7d67e23d04c4
12,surface.pro7,47,8.462948177,0,317,7/6/2017,96d54dbf-acf7-4b31-a851-7a296a86dbec
12,surface.pro7,469,10.75739211,1,259,7/13/2017,1ae48fd4-5d3b-4501-acb8-ddf73236257e
12,surface.pro7,40,8.30201781,0,317,7/20/2017,2dc99455-b7c2-4936-8171-976104830fd7
12,surface.pro7,64,8.764053269,0,317,7/27/2017,15dfac8f-71d0-48b6-ad8e-7e95c66d5eba
12,surface.pro7,339,10.43364511,1,239,8/3/2017,fae79a2a-a187-434e-8f68-0d300586354b
12,surface.pro7,45,8.42156296,0,317,8/10/2017,729de242-4ded-484c-aad5-13ff97fe922b
12,surface.pro7,649,11.08152698,1,199,8/17/2017,eb9b1ecc-b025-4041-8b1f-11b52676fe94
12,surface.pro7,40,8.317766167,0,317,8/24/2017,5271ebdb-49ab-4e9e-80af-652de397313c
12,surface.pro7,49,8.502688505,0,317,8/31/2017,997eb2cd-9746-4bcc-9529-f7b7b33f1afd
12,surface.pro7,44,8.407378325,0,317,9/7/2017,c07c80ad-7201-416e-a53d-3ae2f89d3132
12,surface.pro7,452,10.71991375,1,219,9/14/2017,cc6f85ed-ccf1-43e8-b528-f73832763e7e
12,surface.pro7,48,8.489616424,0,317,9/21/2017,163cd29d-f3d2-4b15-982b-ed5150fd8f81
12,surface.pro7,65,8.783855897,0,317,9/28/2017,51b15a84-f3a4-4ce2-a3e1-f9419dee3faa
12,surface.pro7,99,9.208739091,0,317,10/5/2017,82258bf4-e991-46a7-a664-52a1ff5e7f2b
12,surface.pro7,646,11.07658869,1,199,10/12/2017,1121f26e-92db-4b6f-bd5c-8a40afff1448
12,surface.pro7,53,8.577723691,0,288,10/19/2017,5b626fcf-3b3e-4d11-a852-9f02fb18a00b
12,surface.pro7,54,8.60153434,0,317,10/26/2017,0c4d4f8b-d2a8-4bfe-bc1b-5efa4c06fb48
12,surface.pro7,309,10.34096799,1,199,11/2/2017,cae00241-3318-41c3-914c-a5787caf3e91
12,surface.pro7,48,8.476371197,0,317,11/9/2017,7d074844-dcb2-435e-bc46-9f86f2c3ce7a
12,surface.pro7,576,10.96127785,1,199,11/16/2017,0528642e-acaa-4373-903f-ad8c93a0a5b6
12,surface.pro7,154,9.64782081,0,199,11/23/2017,757052b7-9840-4e04-966c-22519a2a087c
12,surface.pro7,186,9.835636886,0,317,11/30/2017,c6ee1510-d147-4c9b-8d35-a4d25cfbec61
12,surface.pro7,672,11.11542853,1,199,12/7/2017,85844fcf-384f-4853-a635-b4204db3aeec
12,surface.pro7,226,10.02818,0,199,12/14/2017,b471b8b7-58bc-4ffd-9521-9544d3dab0f1
12,surface.pro7,235,10.06696602,0,199,12/21/2017,cc466cf0-88c5-4710-8731-e6a6864fbd83
12,surface.pro7,136,9.524859098,0,199,12/28/2017,39ab3479-2eab-4ccd-8797-15026176c660
12,surface.pro7,184,9.821843564,0,199,1/4/2018,a58c9500-f31e-41d6-b82c-489cd7b2fa15
12,surface.pro7,58,8.68067166,0,259,1/11/2018,3cda062c-2f9e-4a66-bc04-7a8c370ee6c2
12,surface.pro7,71,8.868413285,0,259,1/18/2018,29a73e40-a89c-4707-b70b-ba036b595806
12,surface.pro7,702,11.15921754,1,199,1/25/2018,af382cbb-94e6-4d45-a737-1bf02aae09a6
12,surface.pro7,98,9.195835686,0,259,2/1/2018,e8e619d2-4917-42cc-a0f4-6b28af7ff00a
12,surface.pro7,93,9.142489705,0,249,2/8/2018,fff9733d-0892-4ef0-93ae-10767d969440
12,surface.pro7,76,8.946374826,0,249,2/15/2018,9d042445-f24e-426a-a6c0-ea2479c95d57
12,surface.pro7,173,9.761001904,0,249,2/22/2018,af73a7fb-c5ea-4dba-a0f8-3b8c00d67bf8
12,surface.pro7,691,11.1445249,1,199,3/1/2018,b8174ad4-0340-4298-ba41-c4c4ebabc5ec
12,surface.pro7,71,8.868413285,0,259,3/8/2018,49f3928e-752d-43aa-92d1-b3e34101082d
12,surface.pro7,199,9.901886271,0,259,3/15/2018,93ec453c-892c-4bd9-9856-f48233efcab8
12,surface.pro7,1320,11.79128421,1,169,3/22/2018,fe59260e-6b8f-4019-ab02-a8291319e274
12,surface.pro7,290,10.27698028,0,169,3/29/2018,21888d5a-b855-4d61-8eec-8df1136056ee
12,surface.pro7,75,8.929567708,1,259,4/5/2018,d6651f50-df04-42f5-b92d-aa1f2d0098c5
12,surface.pro7,87,9.078864009,0,209,4/12/2018,4dfdd637-e515-4cc2-846d-2d1ea0894a2d
12,surface.pro7,112,9.329367078,0,209,4/19/2018,6b6eb069-fa87-4541-9267-fcfd00871b86
12,surface.pro7,83,9.034080407,0,209,4/26/2018,290badda-9aa9-417a-9ab5-96356199bafe
12,surface.pro7,2050,12.23103839,1,139,5/10/2018,557a9fb6-211d-4828-b273-ac60a7d85233
12,surface.pro7,472,10.76282691,0,239,5/17/2018,f9651d1d-6833-4103-860e-55862e397dde
12,surface.pro7,289,10.27477521,0,239,5/31/2018,56c1f7a2-e914-4210-aeba-d4204725678d
12,surface.pro7,55,8.624791202,0,239,6/7/2018,c615dfec-0e68-47e6-ae29-92dec0ab8603
12,surface.pro7,461,10.73952222,1,179,6/14/2018,7c323102-f5f4-4ded-a1f9-1fe36896c2d1
12,surface.pro7,240,10.08847223,0,239,6/21/2018,c1adc23b-ae30-492b-ad98-e5301ee9801a
12,surface.pro7,913,11.4222127,1,169,6/28/2018,da7a774c-8a2b-4588-939a-2f6e95ec7c71
12,surface.pro7,193,9.869310101,0,169,7/5/2018,fbc96658-8570-49e2-b7d0-9acba167183c
12,surface.pro7,52,8.565602331,0,239,7/12/2018,b1d48aa6-d2bf-4c77-9ea6-8f44476242e5
12,surface.pro7,63,8.754002934,0,239,7/19/2018,fa7bb25f-4c5b-4502-981d-fed7d54e9306
12,surface.pro7,44,8.407378325,0,239,7/26/2018,c1a37532-5d36-4b54-9ed5-9eb8fd3d357f
12,surface.pro7,48,8.489616424,0,239,8/2/2018,f0b7a7db-5b13-4476-960a-c2145ea98da1
12,surface.pro7,49,8.502688505,0,239,8/9/2018,8b333bdb-41f3-4caf-aa95-7ed04d7b9d17
12,surface.pro7,218,9.99369382,0,239,8/16/2018,ba6271fa-75bb-415e-90cc-8c7b6d26b4d9
12,surface.pro7,1517,11.92995017,1,129,8/23/2018,b291c8be-6c3f-4b4d-a734-b104eacd363e
12,surface.pro7,69,8.850230966,0,239,8/30/2018,faf6bf0f-b342-4941-a1e3-7fffcaa41fe7
12,surface.pro7,145,9.583833101,0,199,9/20/2018,8b584a82-fbee-4e60-a4cc-903728be9fd1
12,surface.pro7,198,9.895455381,0,189,9/27/2018,a22204c2-de65-4f4d-8266-1cdf0257dd30
12,surface.pro7,233,10.05878044,0,179,10/4/2018,dfeb159a-5cb2-4d0e-b86a-74a29cb8d195
12,surface.pro7,204,9.927204079,0,179,10/11/2018,df81ee92-1e7d-4d6e-9213-a464ee7d4144
12,surface.pro7,2621,12.47664925,1,169,10/18/2018,f99e275e-89c1-4a54-9d2f-4682ffe42e52
12,surface.pro7,119,9.384629757,0,239,10/25/2018,81fb2d48-607e-4c9a-96fe-65ad7d4c87eb
12,surface.pro7,1024,11.53664199,0,149,11/1/2018,3dff73d0-acf5-4b8f-b50f-2ff748801692
12,surface.pro7,56,8.636219898,0,239,11/8/2018,b21624cb-081a-4513-9d74-bbbe30eba404
12,surface.pro7,192,9.865993348,0,239,11/15/2018,2d3a3a52-a5f7-47d5-9e59-d57d079b6a43
12,surface.pro7,185,9.828764006,0,199,11/22/2018,9a57a5d3-598a-41c5-b8c4-3af25d438728
12,surface.pro7,138,9.534161491,0,199,11/29/2018,c474b106-a9b1-4ecc-b102-6db3457e169f
12,surface.pro7,90,9.107642974,0,199,12/6/2018,94b17454-18b7-45d7-8c1d-3c2b46671314
12,surface.pro7,64,8.7740036,0,239,12/13/2018,443651cd-399d-4a52-b4ce-7ca698a1fc30
12,surface.pro7,55,8.624791202,0,239,12/20/2018,5f4eab15-76e0-4f0a-b56d-433baa35cd43
12,surface.pro7,420,10.6465671,1,199,12/27/2018,59097225-5961-474d-bda9-417fee5cf0f7
12,surface.pro7,202,9.917784857,0,199,1/3/2019,47ce06cf-141f-4f9e-a5c8-464da1df9b8d
12,surface.pro7,86,9.064157862,0,199,1/10/2019,38923b04-346f-4343-ad5b-35708bbc33bd
12,surface.pro7,266,10.18956834,1,249,1/17/2019,6509e0d4-b828-4739-9ff3-1980620eeb75
12,surface.pro7,235,10.06696602,1,249,1/24/2019,9eacb4e6-9dcb-4b44-a61d-fe2f9768af5c
12,surface.pro7,124,9.426741242,0,249,1/31/2019,667647c5-97f6-4f45-8428-d53b776826b5
12,surface.pro7,60,8.702177866,0,279,2/7/2019,c2bb53f2-4cd1-49a8-951b-2de261362f67
12,surface.pro7,96,9.169518378,0,199,2/14/2019,e21edd3b-7cc8-4757-be92-033ac67c72e6
12,surface.pro7,98,9.195835686,0,199,2/28/2019,177097e6-d18b-4d73-a8ff-20f1e35fd139
12,surface.pro7,69,8.850230966,0,279,3/7/2019,dbd51fc6-19a8-4807-b1fc-0625e6cf629f
12,surface.pro7,381,10.54912375,1,199,3/14/2019,c8facee2-89e4-4b8b-acce-3c5006736cc4
12,surface.pro7,318,10.36747311,0,199,3/21/2019,50f82569-79ab-4dd2-a9ab-f51a3b158710
12,surface.pro7,274,10.22034,0,279,3/28/2019,85cdea81-0025-4af3-a5ba-0724606586d7
12,surface.pro7,382,10.5508002,1,199,4/4/2019,371489d0-a7cd-4717-ad90-dfe297c983f2
12,surface.pro7,289,10.27477521,0,199,4/11/2019,b985dd8c-f1cb-4b1c-8582-a77fa79993d0
12,surface.pro7,89,9.100525506,0,279,4/18/2019,a5d97351-6831-48a7-a1fb-f4bf15cc76c3
12,surface.pro7,446,10.70566849,1,209,4/25/2019,8b4acc4c-dd4b-439b-a3fa-04454e756c93
12,surface.pro7,42,8.348537825,0,279,5/2/2019,5550e9ef-70a8-4d78-945a-69245ed224bc
12,surface.pro7,73,8.903815212,0,279,5/9/2019,14ec1b41-1c7c-4b3e-b901-80d6b2709d68
12,surface.pro7,67,8.812843434,0,279,5/16/2019,f20534af-0ad4-422c-aeb8-f163e053faf0
12,surface.pro7,430,10.67062841,1,209,5/23/2019,3e2e6bc3-aa99-4567-8682-0ca68d6609d8
12,surface.pro7,60,8.712759975,0,279,5/30/2019,54813645-80c6-4299-b799-a3a03d31e3ce
12,surface.pro7,40,8.317766167,0,289,6/6/2019,5673555b-18a1-47c7-895e-3e501eb58e35
12,surface.pro7,60,8.712759975,0,289,6/13/2019,49550e45-1139-4653-b150-4dea1b1b583f
12,surface.pro7,45,8.42156296,0,289,6/20/2019,3015ac9f-7f4f-4e54-be58-85b3bdeec2ad
12,surface.pro7,42,8.348537825,0,289,6/27/2019,c23d2583-fc26-4f4a-b431-17d66e99db2c
12,surface.pro7,236,10.06967973,1,199,7/4/2019,0008eb70-92bd-4a67-9090-9735eb4455d2
12,surface.pro7,46,8.435549202,1,219,7/11/2019,e0d454d6-7be1-443f-b7b0-7d57cc479d27
12,surface.pro7,74,8.912473275,0,289,7/18/2019,a9451dc1-240e-4c48-a78b-e869783f8ef3
12,surface.pro7,595,10.99406767,1,229,7/25/2019,fcf3f5e3-d434-4883-81ab-f6cc525ae44c
12,surface.pro7,74,8.912473275,0,289,8/1/2019,d46721e4-b385-4da3-9162-bff445f7317b
12,surface.pro7,53,8.577723691,1,281,8/8/2019,8a026358-d5b6-4cdf-aac4-6b549c07b5c7
12,surface.pro7,876,11.3814491,1,199,8/15/2019,43ac6dc0-7d96-4f0b-9a2b-a50f98d06be3
12,surface.pro7,567,10.94672807,1,199,8/22/2019,c99df85e-aaf2-4fe8-b24b-a724f07895d7
12,surface.pro7,243,10.10168246,0,169,8/29/2019,ef9a37a0-c01b-46d8-b8bc-4432bfff0efc
12,surface.pro7,215,9.978966014,0,169,9/5/2019,ee16f802-563d-448e-a25f-4feec80f82a7
12,surface.pro7,539,10.89585004,1,199,9/12/2019,da30d601-a864-4af4-aa9c-39931c046eb6
12,surface.pro7,69,8.850230966,0,289,9/19/2019,bb9016bd-52bf-49ab-aefe-8cd8c6f32272
12,surface.pro7,65,8.783855897,0,269,9/26/2019,2ed81229-58bc-4c5e-a12c-82858b4e07d5
12,surface.pro7,681,11.12961316,1,219,10/3/2019,709fa9e9-f8fc-45b1-b41d-57ab2452eb76
