Notebooks/PySpark/Synapse Link for Cosmos DB samples/Retail/RetailData/RetailSales.csv
storeId,productCode,quantity,logQuantity,advertising,price,weekStarting,id
12,surface.laptop3,67,8.822322178,0,387,6/22/2017,b4985d37-27c1-4dea-89f9-e30da8412da6
12,surface.laptop3,66,8.803273983,0,387,6/29/2017,00bc3cb0-1864-4234-a583-2a32f6df21bf
12,surface.laptop3,76,8.938006577,0,387,7/6/2017,c9c405fd-f7a0-4f37-8669-47934f39074b
12,surface.laptop3,70,8.859363449,0,387,7/13/2017,9b2970dc-ffc1-44d2-a7fd-41f08bfb380c
12,surface.laptop3,85,9.056722883,0,387,7/20/2017,61bef177-a4ac-40fc-bcc2-fefaeb5d764d
12,surface.laptop3,58,8.66974259,0,387,7/27/2017,160ccb78-b641-4a9b-ae25-e2c7a4f151b6
12,surface.laptop3,77,8.954673629,0,387,8/3/2017,41f0344c-1c64-4b84-8498-175700dcb609
12,surface.laptop3,83,9.026417534,0,387,8/10/2017,ea03d348-7177-4ee2-b867-cf30426a8556
12,surface.laptop3,61,8.723231275,0,387,8/17/2017,d02ce17e-a4b7-466a-8117-8a204b6058b3
12,surface.laptop3,62,8.733594062,0,387,8/24/2017,bcdb8d61-e662-4ea1-90fd-3becb51940b5
12,surface.laptop3,69,8.841014311,0,387,8/31/2017,2be87e85-598b-4daa-80a0-4cfaeb5f19a1
12,surface.laptop3,138,9.534161491,0,329,9/7/2017,e29f59c7-9c3f-402f-b35b-785886c28bcf
12,surface.laptop3,127,9.452187908,0,329,9/14/2017,c9bce8f1-babf-40c3-afe6-ef248453c919
12,surface.laptop3,101,9.221478116,0,329,9/21/2017,cfb8d748-5cbc-4086-8688-2419746b479f
12,surface.laptop3,90,9.114710141,0,387,9/28/2017,23dc6c5a-8718-4e31-b4fc-d778ed2f7639
12,surface.laptop3,209,9.951896692,1,299,10/5/2017,14d380cc-3b68-49c2-bf5e-daabf33e89c5
12,surface.laptop3,116,9.36288977,0,299,10/12/2017,3c81f2f1-a6dc-4313-91c3-56bf81b4330f
12,surface.laptop3,135,9.515469358,0,299,10/19/2017,1381b845-f02d-4661-b451-b72f65f3aa38
12,surface.laptop3,65,8.783855897,0,387,10/26/2017,73964059-53f7-4179-b8d7-7a5dd114a4f7
12,surface.laptop3,51,8.540909718,0,387,11/2/2017,f1eb630c-a898-4f35-9610-4a4cb4ab665e
12,surface.laptop3,56,8.636219898,0,387,11/9/2017,7b32ff6a-9f6e-4f96-962a-fec8f4414685
12,surface.laptop3,56,8.647519453,0,387,11/16/2017,430b7e6c-d653-43e4-bff9-183047a39d65
12,surface.laptop3,148,9.605620455,0,299,11/23/2017,e0da0fa5-a7fe-4f66-a720-0ba84ac36aef
12,surface.laptop3,145,9.588228712,0,299,11/30/2017,77e055a4-815f-41d0-b6d1-da8a06c3c1b5
12,surface.laptop3,66,8.803273983,0,359,12/7/2017,e8d48e72-088d-4ff5-9c57-f0ea6944ca5d
12,surface.laptop3,81,9.010913347,0,359,12/14/2017,02a3aab2-cee5-434e-98aa-12cb3b38f3ce
12,surface.laptop3,428,10.66466714,0,239,12/21/2017,628384c6-a3a8-46a7-99e7-d502c3311c0e
12,surface.laptop3,115,9.357380115,0,239,12/28/2017,05d93141-c8ab-4814-a72c-2f8b8b6564fc
12,surface.laptop3,101,9.221478116,0,359,1/4/2018,2cd8c408-c091-4a18-8aec-eaa183f2792a
12,surface.laptop3,247,10.11472045,0,259,1/11/2018,55aade42-34e1-498b-acb5-30ea0a012e46
12,surface.laptop3,90,9.107642974,0,259,1/18/2018,48d56552-2451-48a5-ac9f-993bfb82250a
12,surface.laptop3,56,8.636219898,0,359,1/25/2018,6cf7aba8-d1aa-4eea-b0aa-a3bab7e571a4
12,surface.laptop3,63,8.754002934,0,359,2/1/2018,16c8fb41-8b34-4126-8d33-6012c6b51bcc
12,surface.laptop3,401,10.60142325,0,249,2/8/2018,1e14cfc5-1798-4195-839e-ea0e67b0f1a6
12,surface.laptop3,112,9.323669057,0,359,2/15/2018,66b6ace9-9db2-4900-b5b0-e99c7f2a6c09
12,surface.laptop3,165,9.711842668,0,359,2/22/2018,1e0fb923-1e57-4034-9629-97768aefcf07
12,surface.laptop3,53,8.589699882,0,359,3/1/2018,9a37129b-42aa-4f57-bc59-89fcd52db604
12,surface.laptop3,65,8.793612072,0,359,3/8/2018,ca137b7c-3194-4180-9dc7-43f00ba83bab
12,surface.laptop3,60,8.712759975,0,359,3/15/2018,fe67350d-47e3-45fd-9814-ea89e6454a10
12,surface.laptop3,56,8.647519453,0,359,3/22/2018,ab6064b4-5258-44bd-b242-d632f7aa0a4d
12,surface.laptop3,1333,11.80092749,1,169,3/29/2018,cfcf1445-7f83-44e9-a65b-8a9cd9f348d8
12,surface.laptop3,262,10.17504024,0,359,4/5/2018,bed1b0ae-d502-44b9-a241-921d07a1874d
12,surface.laptop3,722,11.18797065,1,199,4/12/2018,ba161c69-6da3-479c-9b41-bb691dab9e58
12,surface.laptop3,263,10.1774763,0,359,4/19/2018,231217aa-d0cd-473c-88f8-a9d6e0141c04
12,surface.laptop3,944,11.45597409,1,199,4/26/2018,add45de0-bfc2-4a4d-a727-21915f83e010
12,surface.laptop3,66,8.803273983,0,359,5/10/2018,d4f908cb-1767-4fc4-8de7-ec60bbd5f6a3
12,surface.laptop3,317,10.36545901,1,229,5/17/2018,2a2e693e-687d-4621-9476-26ff80d3946d
12,surface.laptop3,64,8.7740036,0,359,5/31/2018,06525bd5-1aba-4024-859e-97d7cccbf029
12,surface.laptop3,840,11.33971428,0,199,6/7/2018,4a06f13a-9bdc-4b78-a67b-0e7aacd64400
12,surface.laptop3,204,9.927204079,0,199,6/14/2018,b473de81-4741-44b2-a7a0-038e74aa2cd4
12,surface.laptop3,71,8.868413285,0,359,6/21/2018,0ec58c6c-8617-4b50-980f-344ad845375b
12,surface.laptop3,197,9.888982866,0,359,6/28/2018,39b359d6-f225-4b94-ad5b-fbea9874db29
12,surface.laptop3,892,11.39881568,0,199,7/5/2018,39665c58-3f58-43ea-82b6-227c62e5e726
12,surface.laptop3,441,10.69557468,0,199,7/12/2018,77f5c42d-9d29-4733-a48e-af1620901bdb
12,surface.laptop3,225,10.02251426,0,199,7/19/2018,f01e1d51-2c5f-41b5-9115-259d57f6e8f1
12,surface.laptop3,104,9.258749511,1,359,7/26/2018,fdc3adf6-1bea-4e34-a48b-567894583ed0
12,surface.laptop3,238,10.07777694,0,219,8/2/2018,2ec22006-b701-4a0a-bf41-d42409958f71
12,surface.laptop3,120,9.400630098,0,219,8/9/2018,57e81616-2abb-45ea-966e-60fe82589b58
12,surface.laptop3,65,8.793612072,0,359,8/16/2018,5500ea5b-b93b-4261-bf2e-f4362c39873b
12,surface.laptop3,56,8.647519453,0,359,8/23/2018,8dc674e9-c9b6-4ea1-ae83-9cc651c1c0f0
12,surface.laptop3,65,8.783855897,0,359,8/30/2018,ed57ad5e-3bda-44bd-a9a3-e75e13b5a756
12,surface.laptop3,126,9.442086812,1,249,9/20/2018,9c831213-5c25-4568-97e5-7486ae71ce51
12,surface.laptop3,50,8.528330936,0,359,9/27/2018,d06af857-3701-4918-a7db-8af811ac31d6
12,surface.laptop3,69,8.841014311,0,319,10/4/2018,f19d396c-6fc6-41af-a757-d5b61db7cfce
12,surface.laptop3,93,9.142489705,0,307,10/11/2018,ad187333-85fa-4094-8b60-bb5f1d8f51d6
12,surface.laptop3,74,8.921057018,0,307,10/18/2018,423b1c40-9958-448f-888f-b3d647788a5d
12,surface.laptop3,97,9.189321005,0,307,10/25/2018,8bcacefb-e019-4109-ac8d-453c72fc0cee
12,surface.laptop3,71,8.868413285,0,307,11/1/2018,2427ecf3-1d00-44c7-8a1d-e32c5ef909e1
12,surface.laptop3,76,8.938006577,0,307,11/8/2018,089ecfb4-751a-4cda-9e88-8110d8cc959c
12,surface.laptop3,79,8.979164649,0,319,11/15/2018,6740c620-9cb0-4d8a-a86c-a4d5cb08cc98
12,surface.laptop3,1108,11.61591517,1,199,11/22/2018,bbf80ee5-8563-4191-a302-496068a5fb41
12,surface.laptop3,65,8.793612072,0,319,11/29/2018,be52519f-faf9-40eb-a172-0371f56cb05a
12,surface.laptop3,52,8.565602331,0,319,12/6/2018,3bfd92d8-d0c2-432b-bd59-8596a1bd49bf
12,surface.laptop3,67,8.812843434,0,319,12/13/2018,4cc91255-d02c-473b-8ca6-aa6564faaf80
12,surface.laptop3,85,9.056722883,0,319,12/20/2018,ed642489-0fde-45ba-a8b7-290f1f1cf5af
12,surface.laptop3,216,9.984883191,0,239,12/27/2018,8731710f-b9b1-4b65-a783-c738f4b057e9
12,surface.laptop3,469,10.75739211,0,239,1/3/2019,4aff39b8-664c-4669-8dd3-418412333316
12,surface.laptop3,430,10.67062841,0,229,1/10/2019,b50ebaf9-7219-446b-933b-651cba990cba
12,surface.laptop3,161,9.688312171,0,229,1/17/2019,05ee4f9b-c616-4c15-87b6-1204ada286d8
12,surface.laptop3,66,8.803273983,0,319,1/24/2019,a1b97672-c542-48a1-8ce6-c2e1eb50afd9
12,surface.laptop3,75,8.929567708,0,319,1/31/2019,fb614608-317d-4ff3-9acf-4eef2330ebbf
12,surface.laptop3,92,9.128696383,0,319,2/7/2019,de4b42f6-d230-43fd-9279-e74c76d3f024
12,surface.laptop3,570,10.95234922,1,199,2/14/2019,9007aee1-2430-409d-a7b0-3cba93ab91ac
12,surface.laptop3,1157,11.65885962,1,199,2/28/2019,4a03db76-be1f-4193-8049-1920886db5f1
12,surface.laptop3,928,11.43820192,0,179,3/7/2019,8309493b-0808-4f40-96d4-346ff08ada96
12,surface.laptop3,767,11.24812624,0,179,3/14/2019,58e3c3fb-b145-44d7-967b-9189526e7da3
12,surface.laptop3,339,10.43176009,0,179,3/21/2019,93772b03-d89c-4aad-a031-d59945f5b020
12,surface.laptop3,176,9.779283949,0,319,3/28/2019,01490e9c-7f56-42ed-84ab-9f7a1872b90b
12,surface.laptop3,332,10.41078697,1,250,4/4/2019,f5085539-8de2-4bf4-be17-9d72413b3577
12,surface.laptop3,162,9.69621735,0,250,4/11/2019,83978e6c-f23e-4198-9ed7-ec176cea9e9c
12,surface.laptop3,66,8.803273983,0,319,4/18/2019,3ab23f5b-6363-467d-b280-98f306334655
12,surface.laptop3,122,9.411156511,0,319,4/25/2019,f4cf4d16-2751-4fa1-9580-2f041603f8a4
12,surface.laptop3,440,10.69412435,1,239,5/2/2019,a70af43e-fd2d-47da-b8ff-9d730336be0d
12,surface.laptop3,84,9.041685006,0,319,5/9/2019,df9954e1-1049-434b-8d81-ee26ff3942cb
12,surface.laptop3,81,9.010913347,0,319,5/16/2019,700c554c-7c6f-4397-a5a1-f0f9697b016f
12,surface.laptop3,72,8.895081532,0,319,5/23/2019,b4ce972d-23b3-4c6e-be45-fcafe550fa61
12,surface.laptop3,89,9.100525506,0,319,5/30/2019,ed2a3b5c-3dbc-40a4-b745-c6f75c7bf1ed
12,surface.laptop3,844,11.34351224,1,249,6/6/2019,d1eb73fc-e7a4-46fe-afbe-27d374e9f265
12,surface.laptop3,385,10.55914053,0,249,6/13/2019,edd53659-5701-4fa0-8340-9d856e51dcc6
12,surface.laptop3,890,11.39666128,1,199,6/20/2019,4acb6eb6-9d12-4a72-8495-6f330157a545
12,surface.laptop3,58,8.66974259,1,319,6/27/2019,47504e2d-3d42-4610-bee1-6c6158cc18c7
12,surface.laptop3,238,10.07777694,0,269,7/4/2019,9e5eb809-8bd9-4914-812f-0c2b4ea26f89
12,surface.laptop3,63,8.754002934,0,319,7/11/2019,ef3ed6d5-8cfd-482e-a5f8-ee019a981c67
12,surface.laptop3,81,9.010913347,0,319,7/18/2019,c5d8eb7c-6c3a-469b-b43a-74439c62180b
12,surface.laptop3,67,8.822322178,0,319,7/25/2019,e38f553d-4d6c-4762-a992-fc83182cab15
12,surface.laptop3,78,8.962904128,0,319,8/1/2019,750e9424-4e40-475d-84f1-5f27a1a98e0f
12,surface.laptop3,94,9.156095357,1,309,8/8/2019,3ec4ee42-2e2b-425b-8535-9ee10067aca4
12,surface.laptop3,66,8.803273983,0,319,8/15/2019,01402d7b-e5af-45e8-9270-91762605c685
12,surface.laptop3,154,9.643680017,1,279,8/22/2019,c71654b9-277e-4a77-bb40-1325d32e54ba
12,surface.laptop3,135,9.510741217,0,319,8/29/2019,0cc6fa19-7d6a-4de8-bfee-e032c73efc24
12,surface.laptop3,419,10.64504387,1,249,9/5/2019,3785d100-e059-497b-8f36-cd5d71ae55b5
12,surface.laptop3,166,9.719564714,0,249,9/12/2019,4daf79c1-79ec-407d-873f-d66aa0603591
12,surface.laptop3,101,9.221478116,0,319,9/19/2019,3dc4c1f0-f64b-4ceb-bbf8-e7930aa3dff0
12,surface.laptop3,218,9.99369382,1,279,9/26/2019,fc3a24cb-6d01-4958-ad32-11a0f3869990
12,surface.laptop3,83,9.034080407,0,319,10/3/2019,6bfd3aab-95cd-4770-91b2-1936ca989b5e
