Notebooks/PySpark/Synapse Link for Cosmos DB samples/Retail/RetailData/RetailSales.csv
storeId,productCode,quantity,logQuantity,advertising,price,weekStarting,id
14,surface.go,72,8.886270902,1,159,6/15/2017,e6c6d159-c9c8-4dcc-b11e-5849c37b7e60
14,surface.go,14,7.249925537,0,269,6/22/2017,6af8d59e-71a6-4200-ba27-528bfc91b6e4
14,surface.go,5,6.238324625,0,269,6/29/2017,0a45285b-d85a-4957-bfc0-b82608659f98
14,surface.go,32,8.090708716,0,269,7/6/2017,9b63e3dc-e507-4086-acdc-44d19228d11c
14,surface.go,4,6.104793232,0,269,7/13/2017,d1910230-dc76-46b8-9941-c250b1926e66
14,surface.go,0,4.158883083,0,269,7/20/2017,c06e7b0a-05bd-42c1-b6ef-ff164e479d0c
14,surface.go,8,6.797940413,0,269,7/27/2017,678e39a4-667b-4a3c-be95-ccf60e6f71af
14,surface.go,49,8.51559191,1,209,8/3/2017,b717f497-6fcf-4a9c-a9b0-6dbc7ff8c706
14,surface.go,17,7.454719949,0,209,8/10/2017,93ba3a26-9995-487a-b1dd-8f4a8d3a8af6
14,surface.go,15,7.336936914,0,209,8/17/2017,12e3780b-4310-4fb6-b3ae-880057b2dfe3
14,surface.go,1,4.852030264,0,209,8/24/2017,6afa7581-9d90-4634-adf0-600292773205
14,surface.go,188,9.842462851,1,189,8/31/2017,56fe5e57-6d31-4a40-b538-d5757f77a56d
14,surface.go,80,8.987196821,0,189,9/7/2017,281f3699-331b-4c77-9916-76862fe7dff7
14,surface.go,12,7.103322063,0,189,9/14/2017,a85ca497-0799-4cd6-a2ca-e9242f469768
14,surface.go,51,8.540909718,0,179,9/21/2017,563b64d5-ec89-4fbd-aed5-67b9c5d9e37d
14,surface.go,108,9.288781798,1,179,9/28/2017,80881644-7f06-4ada-a613-80c271e203a7
14,surface.go,56,8.636219898,0,179,10/5/2017,81531b90-2daf-4c37-9daf-2c0111a62331
14,surface.go,6,6.461468176,0,269,10/12/2017,799219ab-1757-41fa-8d98-4a9e53e67fa5
14,surface.go,360,10.49216271,1,124,10/19/2017,fba90f8d-5181-4fa0-a7da-5d0fee086dcb
14,surface.go,2,5.545177445,0,159,10/26/2017,f19c5d51-837d-42f7-971d-653110f82157
14,surface.go,92,9.135616826,1,159,11/2/2017,369df9c4-8ec1-432a-b36b-6a8f8e4d97ae
14,surface.go,112,9.329367078,0,129,11/9/2017,d0777b4d-5af9-4e7e-b016-181eb26e290e
14,surface.go,302,10.31797847,0,99,11/16/2017,031e2e5b-8874-4c11-856a-8c160d82f79e
14,surface.go,80,8.987196821,1,159,11/23/2017,0b6faffb-1c38-438f-94ae-b8214024078c
14,surface.go,343,10.44301724,1,249,11/30/2017,5094ad2a-f4a0-403e-87be-3a3f50115e12
14,surface.go,48,8.476371197,0,269,12/7/2017,224fa445-3d20-4b03-a5dd-8e5d93f0e37f
14,surface.go,228,10.03661887,1,139,12/14/2017,5abcf65c-a5bd-4c8a-bb01-aecc4a0fb51f
14,surface.go,7,6.556778356,0,269,12/21/2017,4bbe5ef9-5521-4255-baf9-1964bbb7e295
14,surface.go,7,6.643789733,0,269,12/28/2017,db702168-ffc8-41b8-9b76-f50a7671bd63
14,surface.go,3,5.768320996,0,269,1/4/2018,316c0f0c-6afc-4ef2-ac89-e3062425ab20
14,surface.go,707,11.1664837,1,99,1/11/2018,b58780ab-a8bf-47f1-b8e9-ce824a10a6de
14,surface.go,34,8.14786713,0,269,1/18/2018,8e63e057-187c-411f-839f-01183b8c3618
14,surface.go,93,9.142489705,0,269,1/25/2018,4aae3dad-9931-4baa-9603-80da05c9747f
14,surface.go,250,10.12759064,1,149,2/1/2018,7dc740c0-2174-4613-b228-e254ac141551
14,surface.go,94,9.156095357,0,149,2/8/2018,145c2240-e353-4128-b6f4-045ee4768efa
14,surface.go,10,6.931471806,0,269,2/15/2018,e30dcb30-b944-4ad7-b8da-4df9531358b9
14,surface.go,13,7.203405521,0,269,2/22/2018,b97289a2-b605-438c-a1fa-67872f62d862
14,surface.go,26,7.87245515,1,199,3/1/2018,26682e92-20d8-4d56-bbe9-96ffe1c06b25
14,surface.go,353,10.47243113,1,109,3/8/2018,fb00eaf6-3fff-4cdc-949a-096f0e97e076
14,surface.go,8,6.723832441,0,269,3/15/2018,7959dfa0-3549-4c16-811c-1f57ec053db0
14,surface.go,57,8.658692754,1,159,3/29/2018,173ae298-e7c1-4f00-91c5-5132d065b0f9
14,surface.go,78,8.962904128,0,159,4/5/2018,45f1881b-b3e5-49df-b8fd-a6c049eb5d2c
14,surface.go,49,8.502688505,0,159,4/12/2018,78d05e90-4dab-4e38-bea0-a8813dd5731a
14,surface.go,784,11.26957921,1,99,4/19/2018,09f75278-8791-45bd-a994-453cf5284dcb
14,surface.go,3,5.950642553,1,269,4/26/2018,7eb9bf90-9d5a-4d13-9ade-bf04765929f9
14,surface.go,3,5.950642553,0,269,5/3/2018,aa4305de-7ba5-4383-ae2e-5e5ce243972d
14,surface.go,49,8.502688505,0,269,5/17/2018,b5b90ec0-7e53-4675-895e-3effa8c604da
14,surface.go,191,9.859326657,1,159,5/24/2018,fb0df3c8-3986-4684-985b-a848c0c3524c
14,surface.go,58,8.66974259,0,159,5/31/2018,1c73bfc5-5ab4-4c87-aa02-7faefb7bd459
14,surface.go,7,6.556778356,0,269,6/7/2018,2c738a84-9b8e-4bd2-b8e1-617413faa9de
14,surface.go,87,9.071537969,1,149,6/14/2018,d92ea2b5-96eb-4f67-98ca-4d297c512996
14,surface.go,57,8.658692754,0,129,6/21/2018,f9b16376-3b3b-4cd0-885e-a23c609664a9
14,surface.go,16,7.416979621,0,199,6/28/2018,3fc2dde9-8238-4cc0-b544-c2b33565bd4a
14,surface.go,23,7.769800996,0,199,7/5/2018,cc49bfb2-1a2a-4eef-a478-3a0bc845e805
14,surface.go,128,9.462187991,1,159,7/12/2018,fdf930ab-5908-43ed-870c-6696e4c8b695
14,surface.go,32,8.070906089,0,159,7/19/2018,6b075b71-0e78-426d-9b6b-8f6967ce8391
14,surface.go,35,8.166216269,0,199,7/26/2018,e9301e75-571c-4bb0-b810-12e636a4b9d9
14,surface.go,313,10.35328847,1,99,8/2/2018,6b017c84-cf0c-47fb-b46d-6e202cbce141
14,surface.go,125,9.436997743,0,99,8/9/2018,421f5cde-12e3-449a-b726-961f3ea711ca
14,surface.go,137,9.529521112,1,149,8/16/2018,729af34d-1b31-4997-9598-cb988c77ab0e
14,surface.go,90,9.114710141,0,149,8/23/2018,5a37f290-9de8-4ed8-9946-1dbdb0aba4c6
14,surface.go,104,9.252633284,0,139,8/30/2018,37a983d0-f4fa-418a-8aa5-f8b504acb760
14,surface.go,88,9.093357017,0,139,9/6/2018,3123055d-8a44-4c47-86df-0c61a6d1f2c8
14,surface.go,94,9.156095357,0,139,9/13/2018,bcc999a3-7f95-4514-a213-7d97fcd126ef
14,surface.go,97,9.189321005,1,158,9/20/2018,df39e889-936f-48df-9467-a4ef32111e36
14,surface.go,81,9.00307017,0,158,9/27/2018,6b841dcd-2aa9-441d-9c51-4aa0ca5aaa39
14,surface.go,74,8.912473275,0,158,10/4/2018,7bd94137-a265-4dc2-ac10-3583708847da
14,surface.go,277,10.23192762,1,158,10/11/2018,2c571e43-251c-4f45-bd38-97355cae52e4
14,surface.go,57,8.658692754,0,158,10/18/2018,2f09921e-98db-40ce-9a36-5ba2d20eb59c
14,surface.go,34,8.14786713,0,158,10/25/2018,c36fc3a5-c9e4-49bb-b672-137fa07b5c37
14,surface.go,21,7.655390645,0,158,11/1/2018,16c8582c-f622-4d3a-879b-b55a8b035485
14,surface.go,120,9.400630098,1,158,11/8/2018,315b2563-7c00-47ab-8fd6-f486d41bb339
14,surface.go,64,8.764053269,0,158,11/15/2018,46780aa7-1e2e-4546-9a5f-4c9e2b4afa31
14,surface.go,16,7.416979621,0,158,11/22/2018,80660a0a-d570-4667-b16f-a7000735ae0c
14,surface.go,176,9.775654181,1,158,11/29/2018,e1a05cc9-f3cd-4cee-81ba-908cf5b15ec1
14,surface.go,203,9.920934466,0,158,12/6/2018,2a720eff-4545-47dd-be58-a7f286fa2b91
14,surface.go,157,9.664214619,1,158,12/13/2018,a3a163ae-c061-4d22-b36d-2376179b7b3a
14,surface.go,32,8.090708716,0,158,12/20/2018,b53fc2de-8102-48a5-8058-ae438719dbb7
14,surface.go,129,9.472089062,1,158,12/27/2018,5264210f-7c19-48cc-92a9-f5a883aae383
14,surface.go,66,8.803273983,0,158,1/3/2019,df5cabe3-3001-4214-9ef1-4c22aa360397
14,surface.go,32,8.070906089,0,158,1/10/2019,9e4d3c3c-bda9-481b-937c-f03a3b997f06
14,surface.go,51,8.540909718,0,158,1/17/2019,c447fa8b-829e-4d60-9796-6f048b16430e
14,surface.go,131,9.486759252,0,158,1/24/2019,5d000231-0553-4800-b549-dec402c78615
14,surface.go,352,10.47061789,0,158,1/31/2019,14d6b703-4624-43fd-a6f5-07dc7b8f8b74
14,surface.go,64,8.7740036,0,158,2/7/2019,ff988de5-adac-49cb-9733-1547ade87416
14,surface.go,21,7.655390645,0,158,2/14/2019,194b4a32-4bd4-4b1c-929c-28f64e756eaa
14,surface.go,96,9.169518378,0,158,2/21/2019,c19e0774-7422-4fd4-a8b5-065b7209e05a
14,surface.go,73,8.903815212,0,158,2/28/2019,96347fc5-ed32-4d46-9a82-f415bb872417
14,surface.go,318,10.36948316,1,158,3/7/2019,f832556c-5b4f-4fa1-8e22-3ee1e0584f7a
14,surface.go,104,9.258749511,0,158,3/14/2019,38b94063-b0f5-46b2-859c-66cdb48e8bad
14,surface.go,178,9.790094865,0,158,3/21/2019,54a7c7f4-7c3a-41b7-8661-5159c5cf88e1
14,surface.go,59,8.691482577,0,158,3/28/2019,138db524-8982-43eb-87bd-6dd8b5808bb7
14,surface.go,23,7.769800996,0,158,4/4/2019,e42f58b2-8c2a-4160-9753-6fdaabc671da
14,surface.go,87,9.078864009,0,158,4/11/2019,dabb219b-a3d4-437c-83f9-b0a85e767322
14,surface.go,457,10.73116563,1,129,4/18/2019,929647d9-4966-4dcc-934d-0a279b61f74b
14,surface.go,128,9.45720045,0,129,4/25/2019,b8ba6e01-ad3d-4bf9-968b-bca79df50e68
14,surface.go,77,8.954673629,0,199,5/2/2019,8b16c2c5-63ca-45b9-9c0c-99820197f1cb
14,surface.go,65,8.783855897,0,199,5/9/2019,d7a091ae-82a7-4ea4-b780-8fdb8479c717
14,surface.go,49,8.502688505,0,209,5/16/2019,8185858b-3d01-46ba-8a03-5ef6b7bbe4cc
14,surface.go,146,9.592605087,0,169,5/23/2019,4a6236f9-323b-4c94-873a-5b2d27d479eb
14,surface.go,225,10.02251426,0,169,6/6/2019,5a5cde98-a7cd-4f3b-be88-b7b061765c45
14,surface.go,54,8.60153434,0,209,6/13/2019,faa781d6-f4ba-4bb6-a3ae-4bf16027dad4
14,surface.go,25,7.847762538,0,209,6/20/2019,809ed372-a0b7-4c71-b98e-dfe1370e9e04
14,surface.go,26,7.896552702,0,199,6/27/2019,116c325b-975d-438f-a5e4-9443fb420a31
14,surface.go,32,8.070906089,0,199,7/4/2019,f3b96d67-f958-4e66-973a-dd8427e28c8b
14,surface.go,112,9.323669057,0,129,7/11/2019,aa3ea038-3264-4bc4-bafb-cf18d304d296
14,surface.go,67,8.822322178,0,209,7/18/2019,62633c60-a6d8-45fb-889f-9734695f88f2
14,surface.go,53,8.577723691,0,169,7/25/2019,8e88121e-2e29-4a89-b1e3-e04ebd726e4b
14,surface.go,324,10.38739409,1,149,8/1/2019,3f05d04a-e597-4e5c-80a8-abb1ab23c232
14,surface.go,35,8.166216269,1,199,8/8/2019,744dc9fb-9507-4964-a7ce-6805c1300524
14,surface.go,22,7.714231145,0,209,8/15/2019,f4b280fc-54f8-4f9c-9e94-053e71b8b173
14,surface.go,154,9.64782081,0,189,8/22/2019,aaf8eab7-8bd4-4257-af92-d363d3541423
14,surface.go,86,9.064157862,0,129,8/29/2019,9969ab99-5b36-40d8-b59c-475e6acbbf1c
14,surface.go,23,7.769800996,0,224,9/12/2019,e2a64d15-9c7c-4fe0-9e3c-9045ef2053a5
14,surface.go,47,8.462948177,0,224,9/19/2019,093037cf-03dd-4755-8cca-4b6d5105df6f
14,surface.go,291,10.2791805,0,149,9/26/2019,196ad8ea-3e89-4301-98b3-aeb3aa85ffcb
14,surface.go,42,8.348537825,0,224,10/3/2019,c0e60070-a284-4a28-b460-37a1a885061e
