Notebooks/PySpark/Synapse Link for Cosmos DB samples/Retail/RetailData/RetailSales.csv
storeId,productCode,quantity,logQuantity,advertising,price,weekStarting,id
14,surface.pro7,24,7.82244473,0,317,6/15/2017,2efb366d-eb8e-4ea7-b3d6-e35faffa639a
14,surface.pro7,397,10.59021417,1,199,6/22/2017,fc196953-7cc5-4443-8487-a149af0bab43
14,surface.pro7,24,7.82244473,0,317,6/29/2017,00dce7f4-cf7d-4407-88dd-cef6cf63f000
14,surface.pro7,25,7.847762538,0,317,7/6/2017,b57bedd0-2716-4d33-951c-775f1972ab96
14,surface.pro7,262,10.17504024,1,259,7/13/2017,e1b9767a-d42a-4371-a071-da847b06f5d2
14,surface.pro7,32,8.070906089,0,317,7/20/2017,9234c381-fac9-4653-8223-4fa57f68d7d1
14,surface.pro7,133,9.501217335,0,317,7/27/2017,c22523cd-3c5c-4577-be54-b149fba8a163
14,surface.pro7,178,9.790094865,1,239,8/3/2017,9c6f7ba3-48bc-416f-8fc0-0e02ccfc23fb
14,surface.pro7,33,8.129174997,0,317,8/10/2017,a6826bf3-065f-4138-bfd9-9bb4a3cc6e38
14,surface.pro7,361,10.49570882,1,199,8/17/2017,009bb8d7-a15c-4461-b5b1-d2724e2b4889
14,surface.pro7,28,7.943072717,0,317,8/24/2017,7e37f5ca-2573-4fed-854e-431da6876e63
14,surface.pro7,32,8.070906089,0,317,8/31/2017,2ffc52df-992d-449b-8105-e467dc69e48d
14,surface.pro7,30,8.009030685,0,317,9/7/2017,d3c2b536-a142-4ea9-9df6-3774818c273e
14,surface.pro7,257,10.15781965,1,219,9/14/2017,e63ad60f-7dee-4ea8-b774-ab98b4915cb9
14,surface.pro7,40,8.317766167,0,317,9/21/2017,ce298a96-7956-4566-a9d3-d7ffdd66bc67
14,surface.pro7,33,8.129174997,0,317,9/28/2017,0b582211-d038-4baf-949d-e1794d41db86
14,surface.pro7,104,9.258749511,0,317,10/5/2017,5455cb86-073e-45ad-9693-7423149e6505
14,surface.pro7,286,10.26367632,1,199,10/12/2017,f7305604-b17d-4a53-b05b-e65741d7b456
14,surface.pro7,57,8.658692754,0,287,10/19/2017,a130caa4-86e1-486c-abbf-2c7f483364d6
14,surface.pro7,33,8.129174997,0,317,10/26/2017,39df3517-cf2b-487e-b8a0-b37d684f7ae8
14,surface.pro7,280,10.24110199,1,199,11/2/2017,aae0b877-04fd-4cf5-9334-3bc087704c28
14,surface.pro7,26,7.87245515,0,317,11/9/2017,276bd5c8-c07e-4b1c-8aae-466bd7a6b9fa
14,surface.pro7,291,10.28137589,1,199,11/16/2017,99ef3cad-0cca-4ff0-90c5-c0e4d01884c3
14,surface.pro7,113,9.340666634,0,199,11/23/2017,634cca6a-5166-42f8-9f25-7a8b14d9f1b4
14,surface.pro7,74,8.921057018,0,317,11/30/2017,281a7616-0a1a-43a7-8c37-67f29ed69669
14,surface.pro7,261,10.17015026,1,199,12/7/2017,185b947f-cdfa-4ad0-9aea-71552d9ea41e
14,surface.pro7,138,9.538780437,0,199,12/14/2017,87677bb1-aab4-4455-99e2-dbc7217b587c
14,surface.pro7,162,9.69621735,0,199,12/21/2017,553a41ca-1a7c-48ae-b88a-f2c7765ffa9c
14,surface.pro7,115,9.351839934,0,199,12/28/2017,792060bd-4e53-446b-8307-3e63e5e6d288
14,surface.pro7,151,9.622714888,0,199,1/4/2018,c5e7336e-288d-4aa9-9153-e0070e3cc091
14,surface.pro7,48,8.489616424,0,259,1/11/2018,14cbc1d4-eba9-4e18-b58a-c8668ad1b3b9
14,surface.pro7,43,8.378390789,0,259,1/18/2018,d8ce9220-42a3-4545-80ea-6c2f301fb2b4
14,surface.pro7,288,10.26813067,1,199,1/25/2018,e84a4f6c-73cf-4d0d-a0e5-3d31d882d484
14,surface.pro7,51,8.553332238,0,259,2/1/2018,6e2a4c43-f69a-4349-a87b-e805e36646de
14,surface.pro7,54,8.60153434,0,249,2/8/2018,159378c9-f183-4595-8853-8e7671d58817
14,surface.pro7,58,8.68067166,0,249,2/15/2018,9fc114c1-19c3-4d63-a743-393d5efe8f5b
14,surface.pro7,98,9.195835686,0,249,2/22/2018,ce326a0c-d3cb-4c17-9800-7cd16788ad34
14,surface.pro7,234,10.06424493,1,199,3/1/2018,79eb1de7-2485-4484-bb2c-61252b395199
14,surface.pro7,40,8.317766167,0,259,3/8/2018,5f7b3573-68fe-4fa5-a3e6-71b7c6978b2e
14,surface.pro7,129,9.467150781,0,259,3/15/2018,37319362-f34a-4c3f-833d-4545f6000aa8
14,surface.pro7,195,9.87919486,0,169,3/29/2018,94d410e8-1add-4605-b949-6937cca9b905
14,surface.pro7,51,8.553332238,1,259,4/5/2018,4569eef8-7222-42a2-a0e8-86ae8fc4f939
14,surface.pro7,86,9.064157862,0,209,4/12/2018,6ccc2fe7-8bef-4303-ada5-0ede56a241ae
14,surface.pro7,58,8.68067166,0,209,4/19/2018,4ee03828-a2fd-4596-8e01-0dac8d785873
14,surface.pro7,72,8.895081532,0,209,4/26/2018,10c22734-399b-4acd-ba0a-92a6549e278f
14,surface.pro7,238,10.07777694,0,209,5/3/2018,92c511bc-85fd-4b35-bff6-769577a0bf68
14,surface.pro7,49,8.502688505,0,239,5/17/2018,3e9528d8-a620-42ac-8b3d-57ea98f4410f
14,surface.pro7,51,8.540909718,0,239,5/24/2018,035fcb1c-a45a-4889-b991-1feef82fc56b
14,surface.pro7,51,8.553332238,0,239,5/31/2018,d5199df0-7f58-4102-ba12-7ab0ae46de76
14,surface.pro7,28,7.965545573,0,239,6/7/2018,83fe6e1c-6e0e-4ed3-a699-994accd6376e
14,surface.pro7,142,9.566054855,1,179,6/14/2018,3f120e55-8b99-45bf-b031-bad611a24496
14,surface.pro7,124,9.426741242,0,239,6/21/2018,41eacb0a-3033-49d2-beec-473c3ef997fe
14,surface.pro7,388,10.56741187,1,169,6/28/2018,16e08705-b45e-4dcb-bc33-8a986d58d9db
14,surface.pro7,112,9.323669057,0,169,7/5/2018,1806d8ba-3ef9-4756-90d4-2c85c42df590
14,surface.pro7,26,7.896552702,0,239,7/12/2018,ef6f035f-0d37-4db1-991f-a3209aec7035
14,surface.pro7,40,8.317766167,0,239,7/19/2018,f8b285ed-bb06-4f0f-bf36-fc166ef6d07e
14,surface.pro7,31,8.050703382,0,239,7/26/2018,5ab054bd-484d-4231-8ce8-8367dba756fa
14,surface.pro7,26,7.896552702,0,239,8/2/2018,ba9e4fb4-c14c-4503-b0b1-8b199e8c2b35
14,surface.pro7,26,7.896552702,0,239,8/9/2018,8165c862-80d2-45b2-86dd-fd79b540a22d
14,surface.pro7,155,9.651944527,0,239,8/16/2018,ecf45bf5-7be7-4456-bf2a-6a68daeff4d3
14,surface.pro7,1196,11.69204189,1,99,8/23/2018,3028854a-9671-484a-b5ba-b2cd163e46c3
14,surface.pro7,66,8.803273983,0,239,8/30/2018,a47b4deb-7e88-4d2e-86a4-a234228e371d
14,surface.pro7,342,10.44114983,0,239,9/6/2018,691ecd49-5e34-4115-92d6-4ff300932c6a
14,surface.pro7,216,9.981928979,1,199,9/13/2018,7ca9c1e6-b5d6-43ad-b873-421a06f30b2c
14,surface.pro7,86,9.064157862,0,199,9/20/2018,7525cb71-dfc3-4045-a8d2-a3f99511c4df
14,surface.pro7,118,9.379238908,0,189,9/27/2018,f79cc3c3-be87-42fa-85d1-50043aba4101
14,surface.pro7,149,9.609921537,0,179,10/4/2018,fd243321-0b97-47ff-9998-b1046ddb4fc2
14,surface.pro7,103,9.246479419,0,179,10/11/2018,d7c92e19-9f9c-41fe-8167-a729839072f4
14,surface.pro7,1461,11.89256665,1,169,10/18/2018,ea860e8b-4909-421e-a8ac-18a23d416a84
14,surface.pro7,60,8.712759975,0,239,10/25/2018,cb98ce56-cc78-4e13-8f50-64feb710f996
14,surface.pro7,315,10.35939226,0,149,11/1/2018,601dfd52-07a4-480e-9cf9-c1af856e9560
14,surface.pro7,50,8.528330936,0,239,11/8/2018,8b478889-a7b3-44ab-ad01-01130e55cf95
14,surface.pro7,81,9.010913347,0,239,11/15/2018,8c55e2cc-f873-4695-8631-3310584d13ab
14,surface.pro7,154,9.64782081,0,199,11/22/2018,1a6f1260-323e-4a44-8594-bafc57bb587f
14,surface.pro7,93,9.142489705,0,199,11/29/2018,6154dc6f-dbd5-4e00-9233-8734f65ab027
14,surface.pro7,78,8.962904128,0,199,12/6/2018,0e9f4718-8540-4ab3-a158-6f2a577e0f0e
14,surface.pro7,39,8.269756948,0,239,12/13/2018,fffa8ef1-418b-48a6-a2d5-0114aa6dbc40
14,surface.pro7,60,8.712759975,0,239,12/20/2018,981fdc02-1863-45d0-93e4-3d83c1f4057b
14,surface.pro7,169,9.738612909,1,199,12/27/2018,361b286c-ee1f-4949-9340-5eac46fbc0f2
14,surface.pro7,148,9.605620455,0,199,1/3/2019,ce63246e-3413-409d-825a-69c7183eb3b1
14,surface.pro7,77,8.954673629,0,199,1/10/2019,8e945ae3-602c-4d4b-8791-6e3cd80b0c7b
14,surface.pro7,115,9.357380115,1,249,1/17/2019,478bf2f2-2f68-4c32-a115-6baa51242805
14,surface.pro7,82,9.018695488,1,249,1/24/2019,b7b99266-e667-44c3-8af4-b7e7b4787285
14,surface.pro7,53,8.589699882,0,249,1/31/2019,1f3a4a2d-222e-4c51-a570-90e31a7492ce
14,surface.pro7,86,9.064157862,0,279,2/7/2019,f343c455-2dba-4b6d-be5b-cfcf7e60d23d
14,surface.pro7,154,9.643680017,0,199,2/14/2019,34eed4a9-a0dd-4530-8619-42692ab30ccc
14,surface.pro7,894,11.40168101,1,199,2/21/2019,4143c550-cc83-43c5-b08d-533d2d857f49
14,surface.pro7,75,8.929567708,0,199,2/28/2019,a6f5eca0-02ed-43e5-81fa-8119fd1c36e3
14,surface.pro7,62,8.733594062,0,279,3/7/2019,47bba1ba-4488-474b-916f-b09f711c36ab
14,surface.pro7,248,10.11988842,1,199,3/14/2019,2793c198-3e5e-4383-a557-91a39571cfda
14,surface.pro7,90,9.114710141,0,199,3/21/2019,1c8fc925-f53b-4340-9757-03577794c7f9
14,surface.pro7,94,9.14931567,0,279,3/28/2019,208dfc6e-3cb2-460b-beb6-3e06f1ac3572
14,surface.pro7,225,10.02251426,1,199,4/4/2019,e83d6e46-4739-495b-976b-fb2ff7ee6216
14,surface.pro7,130,9.477003077,0,199,4/11/2019,f254fff8-879b-4405-92c4-7dff9c998039
14,surface.pro7,60,8.712759975,0,279,4/18/2019,81d4b842-9ed8-4989-b848-0e6347ac2149
14,surface.pro7,265,10.1871616,1,209,4/25/2019,9806eb2d-4ff5-4199-b6f8-84c7c6fbd2a1
14,surface.pro7,42,8.348537825,0,279,5/2/2019,b64271b9-a360-4ac1-8c25-fbeaeab6bdf1
14,surface.pro7,55,8.624791202,0,279,5/9/2019,353e841e-6f6a-42f8-86f0-30016d04c734
14,surface.pro7,69,8.850230966,0,279,5/16/2019,92c19e0a-a71a-4748-9eb4-1aae9738fb65
14,surface.pro7,256,10.15284451,1,209,5/23/2019,7b14089a-5a2e-41c8-a908-accbde6be6e7
14,surface.pro7,46,8.449342525,0,289,6/6/2019,c29ee9f5-bc7b-4f06-898e-06f95ab01a82
14,surface.pro7,55,8.61323038,0,289,6/13/2019,d9d4fb40-d20d-4e22-8507-07d3f181766e
14,surface.pro7,42,8.348537825,0,289,6/20/2019,27c9917d-2d87-40fe-be10-c31b0d36ec0f
14,surface.pro7,68,8.831711918,0,289,6/27/2019,c9d84f6e-deae-4553-b28e-286ca9140b43
14,surface.pro7,190,9.852615222,1,203,7/4/2019,c36e383f-4132-484c-bb60-35eee76ba7a1
14,surface.pro7,50,8.528330936,1,219,7/11/2019,e6684387-b13c-4ea3-b71d-3bfa0e7f1a73
14,surface.pro7,60,8.702177866,0,289,7/18/2019,eb43a728-4e68-4254-bf07-ba022b2fe486
14,surface.pro7,391,10.57561537,1,229,7/25/2019,a2116803-6b91-4315-9e81-52e07376478b
14,surface.pro7,65,8.783855897,0,289,8/1/2019,7d19558c-4239-49d7-8957-bb9339e89d84
14,surface.pro7,48,8.489616424,1,281,8/8/2019,9be25662-6b8d-4212-816f-0d17b8ba9a1b
14,surface.pro7,468,10.7546636,1,199,8/15/2019,79700b38-2320-4d1b-94f2-f9d0af5a3814
14,surface.pro7,290,10.27698028,1,199,8/22/2019,918bcd2d-f26d-4822-bcdc-551be9ce7590
14,surface.pro7,191,9.859326657,0,169,8/29/2019,7cb19966-282c-437b-826a-772c9f65d017
14,surface.pro7,270,10.20625526,1,199,9/12/2019,f8841408-1da0-4e11-b7eb-babe4b6171d4
14,surface.pro7,71,8.868413285,0,289,9/19/2019,c29b69bf-18fe-4e66-bf39-14e89ed2bb3e
14,surface.pro7,62,8.733594062,0,269,9/26/2019,fd0eabf3-18b0-4919-b5db-08cc43091c9c
14,surface.pro7,558,10.92967251,1,219,10/3/2019,b32a02e7-63c2-4f85-b822-4b5937c62055
