Notebooks/PySpark/Synapse Link for Cosmos DB samples/Retail/RetailData/RetailSales.csv
storeId,productCode,quantity,logQuantity,advertising,price,weekStarting,id
14,surface.laptop3,64,8.764053269,0,387,6/15/2017,e432fc90-5689-435b-bd8b-4b313994bfb2
14,surface.laptop3,65,8.783855897,0,387,6/22/2017,c0f0d15c-8fd2-4327-b0ea-4a974ba70eac
14,surface.laptop3,108,9.29468152,0,387,6/29/2017,1072c1f9-490e-4232-8453-7f4e6f6f4393
14,surface.laptop3,81,9.00307017,0,387,7/6/2017,1ad6dda0-51ec-4780-a357-6bc6f41f22b7
14,surface.laptop3,57,8.658692754,0,387,7/13/2017,3435180f-feb0-4b22-b7de-2cc2ec8094dc
14,surface.laptop3,74,8.921057018,0,387,7/20/2017,192e93b8-f841-4d8f-aedd-83efae2f8bb8
14,surface.laptop3,69,8.850230966,0,387,7/27/2017,a0b69f9e-5403-428b-879d-6bb3b557a794
14,surface.laptop3,53,8.589699882,0,387,8/3/2017,a9224878-7e9f-4afd-8dab-4cb7f304dd75
14,surface.laptop3,84,9.041685006,0,387,8/10/2017,588cf82a-6a45-4b96-9d80-2d38dbe74ae0
14,surface.laptop3,72,8.886270902,0,387,8/17/2017,e5d22520-2ed4-4c54-b88d-0dfe59889179
14,surface.laptop3,53,8.577723691,0,387,8/24/2017,8886b9b9-bb6d-4f9d-b3b2-3ebdaefbcc44
14,surface.laptop3,69,8.841014311,0,387,8/31/2017,ebc693d5-a821-45ca-a0ef-ddbe9548c9e0
14,surface.laptop3,110,9.312174678,0,329,9/7/2017,b6f883fc-45a2-4fb7-a39a-5327db061565
14,surface.laptop3,103,9.240287448,0,329,9/14/2017,30d4c6cd-19eb-43f8-973d-0b764087130d
14,surface.laptop3,98,9.195835686,0,329,9/21/2017,3090a750-41fc-4bdc-acfc-d69a43bff7f3
14,surface.laptop3,76,8.938006577,0,387,9/28/2017,403142aa-7be2-4338-99d1-2ea02c339097
14,surface.laptop3,121,9.405907156,1,329,10/5/2017,1d46756a-67c4-4157-ab91-c28abff5f547
14,surface.laptop3,71,8.868413285,0,329,10/12/2017,81e51f91-328e-4b81-b36b-b23a54f8e13a
14,surface.laptop3,50,8.528330936,0,356,10/19/2017,761ac3a6-9644-416d-b13b-97941c856134
14,surface.laptop3,73,8.903815212,0,356,10/26/2017,18854998-14ea-43be-aaa6-4402d7872e6e
14,surface.laptop3,71,8.868413285,0,356,11/2/2017,d2d31110-558f-4e9d-ae8c-f70d520f07e3
14,surface.laptop3,69,8.850230966,0,356,11/9/2017,9f63341d-1be8-46f4-9276-60dc76d6db87
14,surface.laptop3,104,9.258749511,0,387,11/16/2017,7e7990cd-10b2-4544-86d1-163c33e85c15
14,surface.laptop3,137,9.529521112,0,299,11/23/2017,1fe17202-bad9-4db0-b448-c661778ce995
14,surface.laptop3,116,9.36288977,0,299,11/30/2017,a2471743-5963-42e9-98f1-b7398f7be5e2
14,surface.laptop3,66,8.803273983,0,359,12/7/2017,9b67d449-992b-4783-8ef4-6cbef77ee8f2
14,surface.laptop3,67,8.822322178,0,359,12/14/2017,3124f26b-0192-435f-adac-fc8a84042918
14,surface.laptop3,264,10.18474906,0,239,12/21/2017,0d9cc8a0-b32a-439b-9da8-d444d67cccbe
14,surface.laptop3,174,9.76468515,0,239,12/28/2017,48aa7489-fdd5-427e-b9ef-7b7c87753d51
14,surface.laptop3,113,9.340666634,0,359,1/4/2018,3eaf2cca-a66c-4df0-bd4b-3065995b0e45
14,surface.laptop3,179,9.793672686,0,259,1/11/2018,a96ee14c-3b20-479a-8a70-7bbe4b2edee6
14,surface.laptop3,126,9.447150114,0,259,1/18/2018,3385a5ee-c940-4276-806c-9c15089d34e5
14,surface.laptop3,82,9.018695488,0,359,1/25/2018,1b6ca8d3-54c7-4ed7-a5df-33438813573f
14,surface.laptop3,84,9.041685006,0,359,2/1/2018,62abbbba-f22f-4245-adf5-19a120b99fbb
14,surface.laptop3,238,10.07777694,0,249,2/8/2018,0523ab26-c375-481b-861c-129525a8d98d
14,surface.laptop3,100,9.215128889,0,359,2/15/2018,2787d5ad-4250-4fe3-b619-243b6f71d49b
14,surface.laptop3,74,8.912473275,0,359,2/22/2018,9e8b226c-5756-4035-8c9c-c47e35a1fe57
14,surface.laptop3,69,8.841014311,0,359,3/1/2018,8b0addac-974b-492e-936e-68fccd9d844e
14,surface.laptop3,63,8.754002934,0,359,3/8/2018,7e3351f2-bf70-4125-a725-e5876f90855c
14,surface.laptop3,69,8.850230966,0,359,3/15/2018,20e42d02-4301-4929-b7a4-9a5b9668ac2f
14,surface.laptop3,627,11.04745554,1,169,3/29/2018,324c5f50-d6bc-4da8-ab17-9383abb0e5ff
14,surface.laptop3,103,9.240287448,0,359,4/5/2018,e34a3a68-980e-45bd-b73b-458b43c31a59
14,surface.laptop3,325,10.3913311,1,199,4/12/2018,621d55d6-d5ad-43f9-acc9-8d135f926394
14,surface.laptop3,120,9.395325046,0,359,4/19/2018,5b4fcb46-06c2-4072-b70c-117d7803366a
14,surface.laptop3,387,10.56576307,1,199,4/26/2018,d3d1beb6-8c66-40ac-9367-79049b962ced
14,surface.laptop3,191,9.859326657,0,199,5/3/2018,645d9888-c490-4fcf-8d5c-906f444d1d49
14,surface.laptop3,275,10.22266829,1,229,5/17/2018,a2c5c973-16cb-4fe8-8b81-a089f3c4f174
14,surface.laptop3,72,8.886270902,0,359,5/24/2018,a1bf5ef5-7bf0-4abc-8908-13c65e85cb47
14,surface.laptop3,80,8.99516499,0,359,5/31/2018,a4e73069-c1bd-4927-81bd-cbbea5e3e990
14,surface.laptop3,492,10.80397405,0,199,6/7/2018,f21c8f64-e3a1-428b-9429-e3b080983c52
14,surface.laptop3,194,9.875910785,0,199,6/14/2018,9e5c716e-60b3-4fe9-866f-c51fe75a9890
14,surface.laptop3,67,8.812843434,0,359,6/21/2018,a6169812-375b-4ae7-a7f0-b60c9b303be2
14,surface.laptop3,120,9.395325046,0,359,6/28/2018,76fa050b-5d10-48a6-8f6c-75a031a3acfd
14,surface.laptop3,370,10.52018556,0,199,7/5/2018,2e915c98-3857-43fb-9b38-111acff1a29d
14,surface.laptop3,202,9.917784857,0,199,7/12/2018,02e7d2f6-0269-4f60-a5bd-df636a7f699a
14,surface.laptop3,174,9.768354879,0,199,7/19/2018,96cd8fce-c8c4-4ea3-ae7f-0ecaafbe317d
14,surface.laptop3,140,9.55251063,1,359,7/26/2018,c028bd18-c1c6-4fa1-97a8-73b380713047
14,surface.laptop3,315,10.35939226,0,219,8/2/2018,ec4e4f24-9fbf-42de-9947-27059e96b170
14,surface.laptop3,155,9.651944527,0,219,8/9/2018,137e76ef-a5b0-4507-ae70-bf9c31c07116
14,surface.laptop3,90,9.107642974,0,359,8/16/2018,db8d9963-86f6-4e14-a9c6-8674b91e307e
14,surface.laptop3,106,9.270870872,0,359,8/23/2018,73ef496e-075c-42ea-8289-bb7279e7217c
14,surface.laptop3,80,8.99516499,0,359,8/30/2018,a45fad65-7c42-46af-98e3-55e51b7d51d2
14,surface.laptop3,703,11.16103904,1,189,9/6/2018,35e8bb44-a6a4-4781-93f3-5979ee5c0e7c
14,surface.laptop3,131,9.486759252,0,359,9/13/2018,71119c60-ff30-4c6d-b326-2f3a78edf23d
14,surface.laptop3,161,9.692272572,1,249,9/20/2018,2ddec0c3-1cd1-43d3-afb9-602585f11ae1
14,surface.laptop3,102,9.234056899,0,359,9/27/2018,784ff519-adcc-48fd-a00b-a20c2ed07428
14,surface.laptop3,104,9.252633284,0,319,10/4/2018,d177ef57-f57c-4f03-9ff2-6d47b16db1ae
14,surface.laptop3,135,9.515469358,0,307,10/11/2018,17958a12-0239-404f-8d1c-b0893f28c9aa
14,surface.laptop3,113,9.335032816,0,307,10/18/2018,c00b267a-71d2-4cf8-8163-9201fb858890
14,surface.laptop3,122,9.416378455,0,307,10/25/2018,86b0126c-c66e-4afc-a71e-cb145785262c
14,surface.laptop3,102,9.234056899,0,307,11/1/2018,6bc5b728-595c-4daa-8017-313becffe1b7
14,surface.laptop3,150,9.618468598,0,307,11/8/2018,08192510-9eb2-4e2f-a663-1db9ddb430ff
14,surface.laptop3,129,9.467150781,0,319,11/15/2018,6cf407b0-fc54-4a74-8cca-985cdd7d3631
14,surface.laptop3,668,11.11065525,1,199,11/22/2018,d6a9dccf-82a5-4e4d-a492-83635d2ff46c
14,surface.laptop3,111,9.317938383,0,319,11/29/2018,57a6ad93-1bd7-43ce-92e6-2e18982db871
14,surface.laptop3,107,9.282847063,0,319,12/6/2018,d64c3db4-0a8b-44c4-bae5-0ddcb307430a
14,surface.laptop3,124,9.426741242,0,319,12/13/2018,8a39a2ef-9f34-42b9-8815-ade2254adcb5
14,surface.laptop3,145,9.588228712,0,319,12/20/2018,7ecc913b-b7ed-4d47-937e-f496703a6ce5
14,surface.laptop3,184,9.825309772,0,239,12/27/2018,4c1c4eb6-80ce-45b9-bf61-a8496d3055cf
14,surface.laptop3,202,9.914625297,0,239,1/3/2019,3ec5b9f9-13eb-4ba3-ac71-0614151aed7b
14,surface.laptop3,182,9.811372264,0,229,1/10/2019,b0000300-6e3a-4809-bc73-9523cdd506bc
14,surface.laptop3,151,9.626943225,0,229,1/17/2019,f03e57b4-7f1c-4028-8990-544e1b58fc26
14,surface.laptop3,88,9.086136769,0,319,1/24/2019,ea01bd1a-d59b-407c-9812-093c914c934e
14,surface.laptop3,100,9.215128889,0,319,1/31/2019,f5404c0c-6d19-4163-8da8-1dbf8ed103cf
14,surface.laptop3,126,9.447150114,0,319,2/7/2019,b08294f1-7bef-4a0a-9295-fb011d75ae5e
14,surface.laptop3,430,10.66914142,1,199,2/14/2019,26c8c1e2-9696-49ad-8762-cd8a9422a40c
14,surface.laptop3,80,8.99516499,0,319,2/21/2019,b9aa0fb1-bebb-4a4f-8019-76784c1cfa85
14,surface.laptop3,577,10.96460564,1,199,2/28/2019,109cf06e-e890-4b22-8b5d-a7cdaafb75bd
14,surface.laptop3,381,10.54912375,0,179,3/7/2019,7a425e86-2672-4580-b875-20b4c34f726e
14,surface.laptop3,287,10.26590597,0,179,3/14/2019,1e242ba9-cdaf-4be8-9abb-d7bb24d27510
14,surface.laptop3,212,9.964018052,0,179,3/21/2019,23ca7e1b-60cb-4054-8f7d-605484a3326f
14,surface.laptop3,260,10.16769627,0,319,3/28/2019,0956bff8-d156-4e30-ae4b-94351957b786
14,surface.laptop3,325,10.3913311,1,250,4/4/2019,1f4e78db-0956-49d4-9829-5aa3a2ff5194
14,surface.laptop3,175,9.77201119,0,250,4/11/2019,13fc0f74-4b03-4718-8d6e-297820655025
14,surface.laptop3,101,9.227787286,0,319,4/18/2019,71c0260f-3294-4987-95fb-0638c8bd9019
14,surface.laptop3,148,9.605620455,0,319,4/25/2019,f569b4bc-5058-4d19-9689-ee56ec640dd2
14,surface.laptop3,357,10.48324205,1,239,5/2/2019,47e1ef06-01f2-43cf-a18d-a5bed8fa78d9
14,surface.laptop3,138,9.534161491,0,319,5/9/2019,6654cc17-62d9-44a5-ae96-c817c056a54b
14,surface.laptop3,140,9.55251063,0,319,5/16/2019,a51801dc-dfe2-4afc-9fee-286b59c4d03d
14,surface.laptop3,111,9.317938383,0,319,5/23/2019,85f91a73-7d4f-4875-9b78-fbd36fcd9064
14,surface.laptop3,768,11.24979291,1,249,6/6/2019,26228534-fd07-4371-9196-f4b311650b4e
14,surface.laptop3,378,10.54238972,0,249,6/13/2019,c1d7cb81-b02c-412b-bf79-ce6777b2cc76
14,surface.laptop3,737,11.20813793,1,199,6/20/2019,6832520a-5a54-4df9-985f-285bf493ca51
14,surface.laptop3,110,9.30637756,1,319,6/27/2019,21e9fa4b-ba2f-493a-86f6-d4457e640985
14,surface.laptop3,222,10.00820786,0,269,7/4/2019,1bf6d7e4-f332-484c-be60-0e2b68a9c844
14,surface.laptop3,113,9.340666634,0,319,7/11/2019,6555c838-5a31-495b-8d4f-09de4c2dc6b6
14,surface.laptop3,120,9.395325046,0,319,7/18/2019,c404bfb9-a3e9-4339-bf2c-571a4dc3719a
14,surface.laptop3,88,9.093357017,0,319,7/25/2019,61481a28-e20a-430c-922e-2387706b9d3b
14,surface.laptop3,94,9.156095357,0,319,8/1/2019,84b830eb-af18-4715-99c3-de2874961b87
14,surface.laptop3,125,9.436997743,1,309,8/8/2019,c2f8fb7a-c4d3-4f57-bb8c-1dee3f9a02fe
14,surface.laptop3,106,9.270870872,0,319,8/15/2019,a527442a-bc4c-48a9-849f-8427fe66ba15
14,surface.laptop3,242,10.09641929,1,279,8/22/2019,39bc06c0-18d3-4af2-a5b8-6cd654679bb5
14,surface.laptop3,216,9.981928979,0,319,8/29/2019,6cb9d687-e56b-43c4-812e-8ed496179d60
14,surface.laptop3,160,9.680344001,0,249,9/12/2019,a09ae779-e9cd-465a-9c17-14def833c660
14,surface.laptop3,96,9.17616292,0,319,9/19/2019,308081d6-43d0-4758-9151-aff0ae630d63
14,surface.laptop3,254,10.14281936,1,279,9/26/2019,97d5524d-652f-4807-8250-00f50739453e
14,surface.laptop3,106,9.276876896,0,341,10/3/2019,bb8677f6-ac51-42ac-b5b9-6ced6e7a874e
