Notebooks/PySpark/Synapse Link for Cosmos DB samples/Retail/RetailData/RetailSales.csv
storeId,productCode,quantity,logQuantity,advertising,price,weekStarting,id
18,surface.go,50,8.528330936,1,159,6/15/2017,0e0c64c2-7198-497f-b1c2-1a8627130187
18,surface.go,53,8.577723691,0,229,7/6/2017,f5765efd-b793-45e0-be0d-7b88d3315012
18,surface.go,42,8.348537825,0,229,7/13/2017,7e14df71-3a5f-44bb-a880-7a68c7d365e7
18,surface.go,55,8.61323038,0,229,7/20/2017,1c383aa2-0abb-4928-8ac7-2fd41b235e91
18,surface.go,81,9.010913347,0,229,7/27/2017,7de599af-f551-4313-adfb-ee08f06576e3
18,surface.go,67,8.812843434,1,209,8/3/2017,52573abb-2025-4f1f-adab-ce59fe07a049
18,surface.go,70,8.859363449,0,209,8/10/2017,3f0831cc-7cde-413d-9ca3-797248e1de6d
18,surface.go,29,7.98752448,0,209,8/17/2017,3e0b3d21-724a-4d87-9c23-d242dcf5e8b8
18,surface.go,23,7.742402022,0,209,8/24/2017,8454a824-fce9-4f11-b06c-4bb589d8c90c
18,surface.go,503,10.82711133,1,189,8/31/2017,07d8d2e6-d085-4848-a69d-eea0e8765351
18,surface.go,162,9.69621735,0,189,9/7/2017,cb631bdd-c73f-45a2-ae21-d36ef8ef5af9
18,surface.go,297,10.30092049,0,189,9/14/2017,708f4ef4-6ecc-4427-bf12-d7a75827ca0c
18,surface.go,190,9.852615222,0,179,9/21/2017,671102ea-423d-407a-a4fe-3bdf67f6a7d5
18,surface.go,563,10.93994071,1,179,9/28/2017,d9fe7a9e-f7fc-4231-9df4-337117f39c00
18,surface.go,151,9.626943225,0,179,10/5/2017,08be6406-c10f-4416-afef-05645cea9fe0
18,surface.go,50,8.528330936,0,229,10/12/2017,43312c1e-d7f3-4353-83bb-a4f4aef0b38b
18,surface.go,947,11.45868045,1,114,10/19/2017,785ba2cb-56c3-4a52-8040-ce241b7fa10a
18,surface.go,37,8.219326094,0,159,10/26/2017,698f78f4-bff3-482e-a326-4e9944ff55a5
18,surface.go,304,10.32430094,1,159,11/2/2017,c9c02b02-f9f8-4de6-a8a1-d00c9ba10f7e
18,surface.go,261,10.17259824,0,129,11/9/2017,1c504f75-fbaa-432b-ac28-5c27bf796edd
18,surface.go,353,10.47243113,0,99,11/16/2017,12004ed3-ae17-402e-b78e-77323e4f1e12
18,surface.go,288,10.27035042,1,159,11/23/2017,e7fc9397-993a-44fa-9be1-7df1e4991e3a
18,surface.go,899,11.40738716,1,229,11/30/2017,60fa50f5-1f4d-48d1-8987-c8e177c5a879
18,surface.go,167,9.723403491,0,189,12/7/2017,a72d2254-3ab9-4b34-871e-f82047ef1eea
18,surface.go,838,11.3366655,1,139,12/14/2017,579f6b48-ec60-494f-a435-fc21c10e9400
18,surface.go,115,9.357380115,0,189,12/21/2017,77155f95-fdab-49d3-8ee9-8d353791b129
18,surface.go,51,8.540909718,0,189,12/28/2017,603e2289-b350-44c1-9dbf-876bbe121991
18,surface.go,68,8.831711918,0,189,1/4/2018,f8d46933-d2d8-4973-a2ef-de92b1e64d7c
18,surface.go,1753,12.07459628,1,99,1/11/2018,b76e3ac7-3d24-437e-aba5-5bb6c901fdf4
18,surface.go,4,6.104793232,0,189,1/18/2018,02911391-6548-4c32-b3e7-e615dc915749
18,surface.go,78,8.962904128,0,189,1/25/2018,df3a3e4a-5312-47af-b677-62f53578ee91
18,surface.go,774,11.25725872,1,149,2/1/2018,0b51560b-058f-4336-82d2-e3bdf31e2e79
18,surface.go,117,9.368369236,0,149,2/8/2018,ed1cd657-0c8c-47f4-852e-4a13f32c682d
18,surface.go,15,7.336936914,0,189,2/15/2018,60050a19-ebcf-4256-b264-3c4d64627daf
18,surface.go,33,8.129174997,0,189,2/22/2018,aff0ee59-52ec-46a9-9514-7e59c2e3959f
18,surface.go,42,8.363575703,1,189,3/1/2018,a187f4f7-3bfd-4bab-bd8e-79ec2c2240b4
18,surface.go,1299,11.77516665,1,94,3/8/2018,b4f43a21-c7e4-4d79-97da-20e63bbb85b7
18,surface.go,37,8.219326094,0,189,3/15/2018,22c1eafb-fc86-4139-a8c4-17f867a40e0c
18,surface.go,101,9.221478116,0,189,3/22/2018,734e7ff8-6503-48b5-b8ef-0d8a3b5d2964
18,surface.go,274,10.22034,1,159,3/29/2018,a2af725a-9895-4b75-9912-e6f84720e00f
18,surface.go,188,9.84585844,0,159,4/5/2018,948b506d-8995-4ab4-800e-2c7f19e43fd7
18,surface.go,60,8.702177866,0,159,4/12/2018,4cb6c1ac-4a84-4018-af94-377a01c354c3
18,surface.go,1820,12.11184987,1,99,4/19/2018,496a6268-e869-4767-b788-a2f575134e3e
18,surface.go,44,8.407378325,1,189,4/26/2018,949f94dc-fb5c-400b-a27d-e3019740186b
18,surface.go,54,8.60153434,0,189,5/3/2018,6ef16359-394a-446d-8131-d869e17563c4
18,surface.go,26,7.896552702,0,189,5/10/2018,6d18c238-04c2-4061-a19f-2a5f76766b01
18,surface.go,120,9.395325046,0,189,5/17/2018,c4ad14ca-7720-4461-b0d8-dd34d53c8887
18,surface.go,346,10.45414909,1,159,5/24/2018,f5acd373-be75-4182-ab7c-070e8cdef47d
18,surface.go,62,8.733594062,0,159,5/31/2018,1afd7066-e6b1-4018-aed6-b5f1802c8dd0
18,surface.go,61,8.723231275,0,169,6/7/2018,5939111f-41dc-4e35-89be-c368726d54ff
18,surface.go,63,8.754002934,1,126,6/14/2018,b12c1aad-144e-4fab-b526-6a3ec31da7f1
18,surface.go,54,8.60153434,0,129,6/21/2018,b26bf7db-7526-4bb6-bf1b-b1b3669b6896
18,surface.go,37,8.219326094,0,169,6/28/2018,f0e26ac3-c7ef-4eb0-af8d-69ab8a51f460
18,surface.go,45,8.42156296,0,169,7/5/2018,316e2a92-5a00-47fb-9a09-b67969658768
18,surface.go,377,10.53900562,1,159,7/12/2018,518726b3-2322-4711-8b14-a27ca52bddca
18,surface.go,116,9.36288977,0,159,7/19/2018,9842afe8-e8b8-411c-b85b-4a8cea4fefd0
18,surface.go,180,9.800790154,0,169,7/26/2018,ccc1d3b3-1f50-4d4d-bf16-3b7c5f4767d1
18,surface.go,1045,11.55766936,1,99,8/2/2018,614cda5d-3066-4986-884f-ec5350a2a2c9
18,surface.go,343,10.44301724,0,99,8/9/2018,46001da3-1e21-487f-9dfe-1b4beac4a132
18,surface.go,412,10.62658181,1,149,8/16/2018,6ec227fc-d2d7-430b-ac52-7801599caeb5
18,surface.go,72,8.886270902,0,149,8/23/2018,c7e27576-5c3e-4f45-893d-846b659614d1
18,surface.go,80,8.99516499,0,139,9/6/2018,1ba136f4-5096-4992-a9e3-f61752529d03
18,surface.go,60,8.712759975,0,139,9/13/2018,5547f373-52d0-4e2b-85d2-635266d8afa6
18,surface.go,183,9.814874894,1,158,9/20/2018,26240bf5-c91c-441c-b927-1e505554b305
18,surface.go,129,9.472089062,0,158,9/27/2018,87315278-fae2-418b-b006-659e444e6b06
18,surface.go,145,9.588228712,0,158,10/4/2018,250d3d80-f4f7-4f93-bff6-28e993bf7a64
18,surface.go,481,10.78294831,1,158,10/11/2018,d1c9c75d-8a65-4d33-95a7-3954812a0c54
18,surface.go,97,9.182763604,0,158,10/18/2018,800f0501-2468-46e2-bdb3-bc947f28b2ca
18,surface.go,85,9.049232212,0,158,10/25/2018,8e2f4004-9cdf-488a-9f4f-eaa8735e6483
18,surface.go,44,8.407378325,0,158,11/1/2018,e667eb82-1b93-4b1c-99be-7bc44b480e30
18,surface.go,130,9.477003077,1,158,11/8/2018,7abcd50f-81ad-41e0-bd64-6d43439fbe3f
18,surface.go,88,9.093357017,0,158,11/15/2018,6d4adef3-375d-4787-ae21-246b8b654c9c
18,surface.go,101,9.221478116,0,158,11/22/2018,ea18de9f-a042-4afa-ac2b-30ca18b9e46f
18,surface.go,327,10.39525267,1,158,11/29/2018,8dcb6a72-3aec-4429-af72-efd459b88fc4
18,surface.go,419,10.64351832,0,158,12/6/2018,0a8be1b0-7a7e-4aa5-99f3-4b39f2d19286
18,surface.go,332,10.4127119,1,158,12/13/2018,01aa0900-3d4f-4ed3-81c2-1487efc81ec3
18,surface.go,37,8.236420527,0,158,12/20/2018,b6e0bf18-69c9-4139-b09a-5dc25187744a
18,surface.go,213,9.967025573,1,158,12/27/2018,8f95b1a6-a1f1-419d-a270-fc30cab6a6b1
18,surface.go,87,9.071537969,0,158,1/3/2019,01410c27-4b79-48d0-a2b4-bd17c34c19a7
18,surface.go,22,7.714231145,0,158,1/10/2019,9c6d1bb0-6e88-4ef9-a9d8-d287b21d661e
18,surface.go,57,8.658692754,0,158,1/17/2019,c0ea0f8e-ac89-44fe-a9ec-08764775e022
18,surface.go,188,9.84585844,0,158,1/24/2019,9832c131-3b09-44bb-9a38-7babab595a2f
18,surface.go,654,11.08839985,0,158,1/31/2019,d9fb82dc-c04b-421a-a224-e61bd7112f12
18,surface.go,166,9.719564714,0,158,2/7/2019,e08bd116-3858-4b78-be97-2f2f5812bc68
18,surface.go,46,8.435549202,0,158,2/14/2019,0aa6eddc-eb68-430e-b864-e11020b2927c
18,surface.go,108,9.288781798,0,158,2/21/2019,83603944-afdf-44c6-b1ef-c2ee951796b2
18,surface.go,147,9.596962392,0,158,2/28/2019,66d5c400-1c8a-4ae4-9f1d-5d87562a5b36
18,surface.go,682,11.13148934,1,158,3/7/2019,2fa3481d-7827-427e-b7f8-00fe3d311835
18,surface.go,168,9.731037116,0,158,3/14/2019,3f51d501-5c95-4b4b-9e74-188cb88df3d8
18,surface.go,462,10.74229231,0,158,3/21/2019,28924c9d-f21e-40c5-b2b9-305f22fea202
18,surface.go,84,9.041685006,0,158,3/28/2019,7c620ed1-ad2e-4ef5-b6b4-3866f602cde6
18,surface.go,101,9.227787286,0,158,4/4/2019,cd2014fe-b619-4790-aa5e-8754adbcc96c
18,surface.go,197,9.888982866,0,158,4/11/2019,f39cd6aa-44fb-4293-82f7-aa71405b8175
18,surface.go,828,11.32514906,1,129,4/18/2019,208ab6a6-72c3-4175-a62e-83360e8b7d9c
18,surface.go,384,10.55581274,0,129,4/25/2019,b7b7d5a7-d77b-464a-8e73-2738866a14f9
18,surface.go,135,9.515469358,0,169,5/2/2019,810de16b-7494-4a3f-be4d-4fc974ef0166
18,surface.go,99,9.208739091,0,169,5/9/2019,2a1ebfff-4a9a-4947-87f7-1b34027b6c60
18,surface.go,178,9.790094865,0,179,5/16/2019,5c40a318-8d54-414b-9341-dd75a21893aa
18,surface.go,295,10.29444797,0,169,5/23/2019,2fb54920-ec03-49d7-8d79-954406535e94
18,surface.go,846,11.34654025,0,169,5/30/2019,8cfd7ade-d0ce-42a3-a015-aec32fe626d3
18,surface.go,407,10.61565274,0,169,6/6/2019,92493777-97bf-40cf-8cbc-20d3acc80e8e
18,surface.go,128,9.45720045,0,179,6/13/2019,5eebd6c1-eec0-4f1c-960d-aa86ac5ba3d2
18,surface.go,96,9.17616292,0,179,6/20/2019,b36eb927-2ddc-4af0-8c12-223e8e1ee5dd
18,surface.go,111,9.317938383,0,179,6/27/2019,e10b153d-d44c-4a5d-8c1c-71bba89b4d3e
18,surface.go,116,9.36288977,0,179,7/4/2019,28374f38-3b73-4ac9-8e8a-483a6edad343
18,surface.go,184,9.821843564,0,129,7/11/2019,13fc6e4e-a15d-4588-99af-b9701f4bfedd
18,surface.go,152,9.631153757,0,169,7/25/2019,d0c981d2-17f2-46d3-a0f4-3955d1a3854a
18,surface.go,637,11.06263034,1,149,8/1/2019,2762bc01-2a83-4d98-8d0b-7f331292a7d3
18,surface.go,108,9.29468152,1,169,8/8/2019,9a48000f-1a5d-4899-b1e9-52f12f0878fa
18,surface.go,82,9.018695488,0,179,8/15/2019,ca2951eb-bc43-4e40-a887-816420d0cb88
18,surface.go,625,11.04336974,0,149,9/26/2019,1e5ee0c8-8d67-4e60-a2df-8e1c18878095
18,surface.go,115,9.357380115,0,166,10/3/2019,3cf224ad-87ef-4cf0-919c-fb0dab55bf2d
