Notebooks/PySpark/Synapse Link for Cosmos DB samples/Retail/RetailData/RetailSales.csv
storeId,productCode,quantity,logQuantity,advertising,price,weekStarting,id
18,surface.pro7,49,8.502688505,0,262,6/15/2017,e6813f56-dbe6-45b2-913f-3aaefee2e6ff
18,surface.pro7,95,9.162829389,0,262,7/6/2017,13686eea-5909-4693-9a8c-340841c07b77
18,surface.pro7,419,10.64351832,1,259,7/13/2017,5f040fa6-48e8-4f8b-b213-881d596a6084
18,surface.pro7,62,8.743850562,0,262,7/20/2017,79ea0ed2-6fed-4c93-b9da-d66ca6fb980c
18,surface.pro7,83,9.026417534,0,262,7/27/2017,09970516-7852-4f2f-9fc5-51b2133406a0
18,surface.pro7,285,10.25920204,1,239,8/3/2017,6394a998-7e93-4a45-a439-e1b89d90a5ad
18,surface.pro7,46,8.449342525,0,262,8/10/2017,245fb2bf-8b97-4921-86fa-2402b1b522a4
18,surface.pro7,656,11.09230611,1,199,8/17/2017,be8df180-9e42-4caf-847e-575735fe1dfd
18,surface.pro7,45,8.42156296,0,262,8/24/2017,897f4802-735c-4b57-8771-f64bf914ca5d
18,surface.pro7,63,8.754002934,0,262,8/31/2017,8b6ff23d-9a85-4a68-9004-057a380b9341
18,surface.pro7,82,9.018695488,0,262,9/7/2017,9dfe889b-4ea1-40dd-a9b7-e50fe742a5c9
18,surface.pro7,224,10.01681624,1,219,9/14/2017,e96e95b2-7573-48d5-9ae1-138124dd8ff7
18,surface.pro7,55,8.61323038,0,262,9/21/2017,716160a2-70fd-4188-840e-529a84a68a1e
18,surface.pro7,67,8.812843434,0,262,9/28/2017,1677ec0c-2c08-45d4-95ea-1184c2f48201
18,surface.pro7,174,9.76468515,0,262,10/5/2017,355f3d2b-8c14-4362-b007-ee9aa44e23ec
18,surface.pro7,462,10.74090822,1,199,10/12/2017,39eb205d-344d-45e0-9c48-6708f05fdf6b
18,surface.pro7,88,9.086136769,0,238,10/19/2017,3544bc22-903e-4e99-a948-633844f09482
18,surface.pro7,61,8.723231275,0,262,10/26/2017,6a63acc6-45cc-43c7-8223-4a9e02d7b6e8
18,surface.pro7,433,10.67655436,1,199,11/2/2017,8f151159-5391-472d-a1a9-d3bcfb449f85
18,surface.pro7,58,8.66974259,0,262,11/9/2017,6054b276-2f3f-4d3c-b3e1-1d66fa10a84c
18,surface.pro7,574,10.95905315,1,199,11/16/2017,c885f76b-cef2-46f3-8a5d-5609e56495dc
18,surface.pro7,119,9.384629757,0,199,11/23/2017,2ddd3077-4436-4a2c-9851-3cc390fed3ef
18,surface.pro7,92,9.128696383,0,262,11/30/2017,d5103961-1fdd-4d82-bebb-7f4a29dab74e
18,surface.pro7,448,10.71139097,1,199,12/7/2017,c163aa67-2b63-45f0-9702-c32d4642ccf1
18,surface.pro7,95,9.162829389,0,199,12/14/2017,eb4b6dff-7397-4dd7-8b97-f2661b082c1b
18,surface.pro7,123,9.421573272,0,199,12/21/2017,91e069c8-9333-4cf3-ac6a-0c73d1b226b3
18,surface.pro7,117,9.373818841,0,199,12/28/2017,295783d4-b5d2-4f43-8f93-b0ea41b66b9e
18,surface.pro7,115,9.351839934,0,199,1/4/2018,8c8fc693-3bda-486b-baed-50c8b71e9e55
18,surface.pro7,75,8.929567708,0,217,1/11/2018,0149f784-85b0-483c-807b-0d417c50ba2d
18,surface.pro7,65,8.793612072,0,217,1/18/2018,0ca5492f-cc78-4917-b8fe-4cd9d4ae3829
18,surface.pro7,556,10.92622621,1,199,1/25/2018,1b87042e-9010-4459-9fb1-570eddb6a72f
18,surface.pro7,85,9.056722883,0,217,2/1/2018,4eeb1f29-38f0-4410-9cec-591cd2dcc276
18,surface.pro7,133,9.501217335,0,212,2/8/2018,000ba78c-8bbb-4890-8254-f32b8358ee91
18,surface.pro7,71,8.877381955,0,212,2/15/2018,ad4936de-593f-44ba-adc9-cd5866ccfcb2
18,surface.pro7,118,9.379238908,0,212,2/22/2018,c5c0037d-de99-4f06-b4f2-a2f94a681a04
18,surface.pro7,322,10.38145935,1,199,3/1/2018,1234143a-8bfb-430d-827f-f2a9261a081c
18,surface.pro7,55,8.61323038,0,217,3/8/2018,18ac6f95-b80f-4a5d-9d2b-a6a38ae87ab0
18,surface.pro7,228,10.03661887,0,217,3/15/2018,35090253-a2b3-4542-a331-16be6104f443
18,surface.pro7,1285,11.76427545,1,169,3/22/2018,98c422bd-8093-4585-ae33-458be207ce33
18,surface.pro7,337,10.42797937,0,169,3/29/2018,429a4e64-933b-4e71-b04b-b6e583e25b77
18,surface.pro7,81,9.00307017,1,217,4/5/2018,7524ca54-831f-4c9b-8f99-05a82bd82e04
18,surface.pro7,118,9.379238908,0,199,4/12/2018,a76a66b4-ae3c-4444-ba1c-0dfe1b518ffc
18,surface.pro7,87,9.078864009,0,199,4/19/2018,2ed561ec-5560-4749-b8b4-d39652d88698
18,surface.pro7,119,9.384629757,0,199,4/26/2018,4df86b23-6dba-43b3-a26c-2f55f61c0eb7
18,surface.pro7,276,10.22730867,0,199,5/3/2018,bff40075-f849-4d08-8848-bfb6dab80d08
18,surface.pro7,1469,11.89780684,1,139,5/10/2018,dcb0e16f-2687-4588-8624-a6dbed74dce1
18,surface.pro7,224,10.01681624,0,199,5/17/2018,b772ff81-f304-474e-822b-a5f3da19e3dd
18,surface.pro7,122,9.416378455,0,199,5/24/2018,b244d06d-74e3-4018-b2a1-68a86b1d9b9c
18,surface.pro7,81,9.00307017,0,199,5/31/2018,8662d677-ec46-4a86-8758-fd74e637ce99
18,surface.pro7,92,9.135616826,0,199,6/7/2018,6f4ddce6-b263-4ea8-988b-a1e700634260
18,surface.pro7,545,10.90646961,1,149,6/14/2018,ebf200ec-d91f-488b-a5ec-f214c0eeab6f
18,surface.pro7,227,10.03381381,0,199,6/21/2018,c11ddd74-daef-4a37-b939-83b0fad1baac
18,surface.pro7,663,11.10297029,1,169,6/28/2018,a305e958-2ea9-46da-b7c9-bffd2b2030b2
18,surface.pro7,174,9.768354879,0,169,7/5/2018,42fd6ae8-02bd-4cb1-bb06-f981dcf79335
18,surface.pro7,74,8.912473275,0,199,7/12/2018,05ed0470-af0f-45ce-ae56-612923448b91
18,surface.pro7,90,9.114710141,0,199,7/19/2018,2239be79-03ab-4538-8d55-79863a4bfab9
18,surface.pro7,66,8.803273983,0,199,7/26/2018,0b724cf3-d46c-4acd-a2a7-709c97a64e28
18,surface.pro7,82,9.018695488,0,199,8/2/2018,35177f5b-f5aa-49a4-ad2c-59bc4161fbf4
18,surface.pro7,79,8.979164649,0,199,8/9/2018,e1382df5-9e15-439e-8ca1-4c7f61560d65
18,surface.pro7,224,10.01966931,0,199,8/16/2018,dca3d639-0f00-4bf3-b697-0bf4461e56c5
18,surface.pro7,1306,11.78056808,1,129,8/23/2018,23d843f8-b567-427a-a353-8f12ae83c7b9
18,surface.pro7,110,9.30637756,0,199,9/6/2018,bdb2c8d4-3843-48b1-a9dd-974a174b6f2a
18,surface.pro7,152,9.631153757,1,199,9/13/2018,cd2edb4d-60a3-409d-9a23-971eb9f3a6df
18,surface.pro7,83,9.026417534,0,199,9/20/2018,214540a8-7221-4c63-8a31-ff5ec17b1264
18,surface.pro7,158,9.66827142,0,189,9/27/2018,309f8de3-b183-43a4-8dff-82dc0ae20b65
18,surface.pro7,166,9.719564714,0,179,10/4/2018,269ee7be-d0f8-49a7-ad5a-7d8e4e98de03
18,surface.pro7,127,9.452187908,0,179,10/11/2018,2e8a0b90-4b15-4312-9274-001aacd15ca0
18,surface.pro7,2556,12.45168194,1,169,10/18/2018,4d562a72-4690-4578-81e3-bbd3ef7ff92e
18,surface.pro7,138,9.534161491,0,199,10/25/2018,90bf0cc7-70cb-432b-8fcd-c97809d5a5f7
18,surface.pro7,367,10.51151248,0,149,11/1/2018,ced36dfc-d8aa-4e51-b8e6-707f9caabac8
18,surface.pro7,90,9.107642974,0,199,11/8/2018,98b115d1-59f2-4279-9eb6-da5b33411418
18,surface.pro7,119,9.384629757,0,199,11/15/2018,c84225c1-5ee6-429a-bfab-3ca7a20e8a9f
18,surface.pro7,134,9.505990614,0,199,11/22/2018,df8cb891-c0f6-45c7-9a92-48fee6814c09
18,surface.pro7,104,9.252633284,0,199,11/29/2018,777eb16a-65d6-48c8-86c4-849ed5539fdf
18,surface.pro7,104,9.258749511,0,199,12/6/2018,b5c76a41-242e-498f-9229-3385cae08766
18,surface.pro7,76,8.938006577,0,199,12/13/2018,c22954e1-406b-4f85-aae4-4aa0ee6e90e8
18,surface.pro7,74,8.921057018,0,199,12/20/2018,7054fddb-7ec8-4179-a925-960500be45a7
18,surface.pro7,181,9.807857322,1,199,12/27/2018,019baf5d-c0eb-4115-8486-1fdfea21d0ef
18,surface.pro7,154,9.64782081,0,199,1/3/2019,9981022b-17b6-4d06-8070-95c495099905
18,surface.pro7,56,8.636219898,0,199,1/10/2019,f1522a25-4394-4534-bef2-d82e561ea256
18,surface.pro7,177,9.78290059,1,249,1/17/2019,4735c8a9-b3bc-4e52-8785-72443090538e
18,surface.pro7,140,9.547954813,1,249,1/24/2019,6c3f6a03-4cd0-41ed-a820-27cf00fe9a26
18,surface.pro7,58,8.66974259,0,249,1/31/2019,5533311d-0eca-4bc8-9b8a-5b9a7cb7566d
18,surface.pro7,52,8.565602331,0,239,2/7/2019,a4d84544-c200-4f24-bcc8-73b9b38ca6d5
18,surface.pro7,81,9.00307017,0,199,2/14/2019,bf96cc7b-7a70-4562-981c-165b357a0dc9
18,surface.pro7,1255,11.74009291,1,199,2/21/2019,e5ba2409-9861-4d32-a99e-c9aa0820e89a
18,surface.pro7,92,9.135616826,0,199,2/28/2019,9981ae48-a503-420e-a496-30d7c00194e8
18,surface.pro7,91,9.121727714,0,239,3/7/2019,c80558dd-5cd7-4c62-83f1-445ddfaa46a1
18,surface.pro7,216,9.981928979,1,199,3/14/2019,6bc9e37c-d04b-4e00-8ef2-c1aa3d14092b
18,surface.pro7,106,9.270870872,0,199,3/21/2019,15a66618-4bd0-43f5-87c2-08284fa3a4c7
18,surface.pro7,71,8.868413285,0,239,3/28/2019,aa4f59c8-4b81-46e7-b3ff-f13e336b2f2a
18,surface.pro7,214,9.973013615,1,199,4/4/2019,435eb7cf-49e0-48e1-8227-536e75cb5e9f
18,surface.pro7,179,9.797237753,0,199,4/11/2019,8bc694ae-292b-450b-9bae-5aa630cd4829
18,surface.pro7,88,9.093357017,0,239,4/18/2019,4ddc6feb-152b-415a-8db7-8b6a2cf59c2c
18,surface.pro7,298,10.30306872,1,179,4/25/2019,c7edc72e-d98c-4438-931e-d5255d8c8449
18,surface.pro7,62,8.733594062,0,239,5/2/2019,2c0e496a-c212-47b0-a40b-88972c2f4be1
18,surface.pro7,114,9.346268889,0,239,5/9/2019,7db9ce38-3c51-4cf0-b797-bf71f9f79d98
18,surface.pro7,95,9.162829389,0,239,5/16/2019,607135f6-ec01-49b7-848b-364790d112c5
18,surface.pro7,295,10.29444797,1,179,5/23/2019,65fd547e-1578-4077-a32d-49c561bfaad8
18,surface.pro7,77,8.954673629,0,239,5/30/2019,76329e77-42ab-4165-a331-0ee71c75e3d8
18,surface.pro7,47,8.462948177,0,249,6/6/2019,9bd637df-0e00-42d4-8368-d865ed11bf70
18,surface.pro7,51,8.553332238,0,249,6/13/2019,1703d64b-3b86-4efe-8cb9-9c114b17473f
18,surface.pro7,59,8.691482577,0,249,6/20/2019,42036f45-888a-44ea-bb28-eebf09720b00
18,surface.pro7,51,8.540909718,0,249,6/27/2019,08e7aa0c-8737-4460-bb82-0a7eb094e88e
18,surface.pro7,122,9.411156511,1,201,7/4/2019,a672960f-bff3-4af4-8c34-977b6790940e
18,surface.pro7,60,8.702177866,1,219,7/11/2019,06aa370d-a9bb-4356-81da-8ad0e91424a3
18,surface.pro7,343,10.44488118,1,229,7/25/2019,df4edbba-b9fd-414d-adab-7cb5cebdbc69
18,surface.pro7,64,8.764053269,0,249,8/1/2019,a2ebc8f5-320d-4b6e-bfc2-cdf89f834b2f
18,surface.pro7,60,8.712759975,1,245,8/8/2019,55d23ffd-1aac-4032-8965-08c537ff6025
18,surface.pro7,759,11.23722466,1,199,8/15/2019,9183d5be-54b5-416e-a9f6-f684d41a0af3
18,surface.pro7,69,8.841014311,0,249,9/26/2019,28f25bc6-09c3-48be-b9a6-93f02b146bfd
18,surface.pro7,730,11.19854343,1,209,10/3/2019,24d87e18-2cd4-45ae-8d70-3e1a90920467
