Notebooks/PySpark/Synapse Link for Cosmos DB samples/Retail/RetailData/RetailSales.csv
storeId,productCode,quantity,logQuantity,advertising,price,weekStarting,id
18,surface.laptop3,72,8.886270902,0,319,6/15/2017,e1c92915-4c66-455e-a699-7a00e8a4fb6d
18,surface.laptop3,99,9.2023082,0,319,7/6/2017,ae053f64-6b0e-4614-a003-ecc769fe96da
18,surface.laptop3,71,8.877381955,0,319,7/13/2017,8072f294-4876-4d28-96cf-118821dec66c
18,surface.laptop3,81,9.00307017,0,319,7/20/2017,a56e6208-6aa2-4ffd-b9fe-81a9af5dbbbf
18,surface.laptop3,97,9.189321005,0,319,7/27/2017,0f74c1a4-6334-4a0a-b8fe-1e83319f2db6
18,surface.laptop3,93,9.142489705,0,319,8/3/2017,2f7e9f00-a446-4519-a4d7-baebee5948db
18,surface.laptop3,126,9.442086812,0,319,8/10/2017,b96920dd-9022-48a7-88dd-b139cc354371
18,surface.laptop3,82,9.018695488,0,319,8/17/2017,4cfe0af1-607e-4cba-8f18-f807779bf5cc
18,surface.laptop3,87,9.071537969,0,319,8/24/2017,230523f6-6c6d-4854-ae72-df5776ffa1ae
18,surface.laptop3,97,9.189321005,0,319,8/31/2017,d354db4b-c427-4a5d-bc7b-c960440c9487
18,surface.laptop3,80,8.987196821,0,319,9/7/2017,0befbc98-4194-41fa-9a76-7d982cbf8aff
18,surface.laptop3,82,9.018695488,0,319,9/14/2017,6946fbe7-bebd-4951-af84-1dde4fb87536
18,surface.laptop3,108,9.29468152,0,319,9/21/2017,99b9a50f-896f-4eb9-91ec-96d69b84b157
18,surface.laptop3,76,8.946374826,0,319,9/28/2017,dab91bd3-42bf-4d35-bd2f-1f1add5c6b5b
18,surface.laptop3,115,9.357380115,1,319,10/5/2017,973ba8eb-2d0a-42ec-9758-cf44fbdc8ef8
18,surface.laptop3,92,9.135616826,0,319,10/12/2017,b5d95f28-1c66-43cf-874d-0471f77b65fa
18,surface.laptop3,67,8.812843434,0,304,10/19/2017,f7b59066-6389-415b-b268-daaf160b25ab
18,surface.laptop3,92,9.135616826,0,304,10/26/2017,ed7dc2aa-c61a-4193-8d86-7e40892a5276
18,surface.laptop3,99,9.208739091,0,304,11/2/2017,946a6363-929b-4bc8-97e9-c703f3adb0fe
18,surface.laptop3,85,9.049232212,0,304,11/9/2017,86c9c2af-79ce-4b52-837f-192b063f01c3
18,surface.laptop3,111,9.317938383,0,319,11/16/2017,26ec1d90-cce2-4b4e-a152-460ba659c513
18,surface.laptop3,174,9.76468515,0,299,11/23/2017,b77fc42c-0b1e-438b-81cb-ea2d9af5f1db
18,surface.laptop3,148,9.605620455,0,299,11/30/2017,7ef5c904-753e-4286-9ae2-138316ce1a17
18,surface.laptop3,85,9.049232212,0,299,12/7/2017,889da357-2dad-491e-835f-e08913f5c0fd
18,surface.laptop3,85,9.056722883,0,299,12/14/2017,bb5a42e8-f166-4455-b530-b06e9d4eca8d
18,surface.laptop3,326,10.39329381,0,239,12/21/2017,6c7a3752-d210-41cf-ab9a-9bb0e8c20692
18,surface.laptop3,121,9.405907156,0,239,12/28/2017,626fefe7-5588-480c-94d7-2ea2070dbb60
18,surface.laptop3,81,9.010913347,0,299,1/4/2018,1e0e0816-bb44-41f4-83c3-118ad0c50f99
18,surface.laptop3,168,9.734832187,0,259,1/11/2018,6fa7d8d2-3cd1-40ed-ba96-f67a6695453a
18,surface.laptop3,90,9.107642974,0,259,1/18/2018,b98811e8-8773-4432-8f01-aaa7c6149c4c
18,surface.laptop3,72,8.895081532,0,299,1/25/2018,f5aabfbe-bdc6-4128-930e-9b15c9c107a6
18,surface.laptop3,89,9.100525506,0,299,2/1/2018,cd13f442-fc4e-4eb0-8b44-0c1db9c78a05
18,surface.laptop3,259,10.16277015,0,249,2/8/2018,119c74f5-220b-46d5-bd09-dbc4dd8ea491
18,surface.laptop3,85,9.049232212,0,299,2/15/2018,3b9367b8-7298-40aa-8398-8c97830c5ecb
18,surface.laptop3,90,9.107642974,0,299,2/22/2018,d9e0ad15-7cf1-4b85-90d3-171f98908f30
18,surface.laptop3,69,8.841014311,0,299,3/1/2018,4af61b29-b180-4d6a-9ce3-fd4c8754f656
18,surface.laptop3,71,8.877381955,0,299,3/8/2018,6d8b79ff-e6ff-4229-9545-58840404ac68
18,surface.laptop3,72,8.886270902,0,299,3/15/2018,aa659a02-554a-4e21-a782-35964f97717a
18,surface.laptop3,69,8.841014311,0,299,3/22/2018,4db66fa5-4061-4c07-a461-81600b950fed
18,surface.laptop3,753,11.22960719,1,149,3/29/2018,9c5e4d2b-670c-4152-94c3-bf06d6b23ea0
18,surface.laptop3,119,9.384629757,0,299,4/5/2018,84825930-fa7d-406f-a5ed-3d7b06a24a50
18,surface.laptop3,616,11.0289365,1,199,4/12/2018,798a6e48-78a1-4c26-b9e6-1883f2880e2c
18,surface.laptop3,115,9.357380115,0,299,4/19/2018,2c225479-1e42-4b5a-8367-0c6667217ce0
18,surface.laptop3,595,10.99406767,1,199,4/26/2018,824a21e3-3f98-44d1-acd5-fa82bd4e5101
18,surface.laptop3,160,9.680344001,0,199,5/3/2018,0ac08a98-92fc-4891-8889-ffa73046fda4
18,surface.laptop3,74,8.912473275,0,299,5/10/2018,57422c30-8d75-4753-9d30-f74a16968f87
18,surface.laptop3,161,9.692272572,1,229,5/17/2018,06ad4bea-3cf7-427f-9574-7d5ecd18c6a0
18,surface.laptop3,64,8.764053269,0,299,5/24/2018,997d3022-5fc5-4706-8e34-da3668e418b3
18,surface.laptop3,74,8.921057018,0,299,5/31/2018,961d17d1-8f4a-435d-92d6-201ef18ff8c3
18,surface.laptop3,608,11.01534507,0,199,6/7/2018,4f4ea54b-71a7-4a6f-aee0-4152fac7a33b
18,surface.laptop3,176,9.775654181,0,199,6/14/2018,d093e9ed-e442-4094-8256-c2c221a2a8d1
18,surface.laptop3,91,9.121727714,0,299,6/21/2018,db08fed6-ebc7-4e0a-befd-f07a3b98eb45
18,surface.laptop3,170,9.742379392,0,299,6/28/2018,e283e500-8428-4d91-bec7-69c90cde6e70
18,surface.laptop3,530,10.87910324,0,199,7/5/2018,9a51dc9e-cdbd-401a-8c6f-94729d220919
18,surface.laptop3,206,9.933434629,0,199,7/12/2018,f858da60-3dfa-49d3-ab4f-a3e006b96fc6
18,surface.laptop3,88,9.086136769,0,199,7/19/2018,53752de5-d3c3-4c56-9189-1eebbf68b9b8
18,surface.laptop3,129,9.467150781,1,299,7/26/2018,a8ba9e7e-7e73-4339-8038-80e43574cdd9
18,surface.laptop3,213,9.970024076,0,219,8/2/2018,a8710e55-145b-4e14-8eb0-c00f0d0291e1
18,surface.laptop3,120,9.395325046,0,219,8/9/2018,b2a94be3-ffb7-41db-8f2e-e59e54fefd25
18,surface.laptop3,72,8.886270902,0,299,8/16/2018,d60dfa2d-6f16-4964-816f-6b44dafb8055
18,surface.laptop3,69,8.841014311,0,299,8/23/2018,10e6931f-f104-42cb-a2e8-89bbbacfc648
18,surface.laptop3,590,10.98651232,1,199,9/6/2018,b7a3b830-2b1e-433e-9c1c-11313af97097
18,surface.laptop3,103,9.240287448,0,299,9/13/2018,f60258c9-a7e0-4b58-8bf1-66c33a170bb2
18,surface.laptop3,103,9.246479419,1,249,9/20/2018,dfd3e92b-523e-4162-ae2a-d6e3bf4c553b
18,surface.laptop3,77,8.954673629,0,299,9/27/2018,982e0666-0491-4dac-a4b7-8d06dc8f797f
18,surface.laptop3,71,8.877381955,0,299,10/4/2018,7c2130ce-274d-49c7-9c3b-056bf470ee0a
18,surface.laptop3,71,8.877381955,0,294,10/11/2018,7850329b-c26e-48f7-9890-dbd21f47386f
18,surface.laptop3,83,9.034080407,0,294,10/18/2018,67355eef-b066-4656-80b3-c2ce2bd6c9de
18,surface.laptop3,86,9.064157862,0,294,10/25/2018,311b2a59-8c07-4194-811c-8128ac4f7bfd
18,surface.laptop3,67,8.812843434,0,294,11/1/2018,3a542933-795a-4009-9362-38d174b549c9
18,surface.laptop3,88,9.093357017,0,294,11/8/2018,d538d008-10f7-46a2-b3a4-514cfb6c2268
18,surface.laptop3,86,9.064157862,0,299,11/15/2018,94c90903-660e-4cb2-acab-8595920872d7
18,surface.laptop3,693,11.14637333,1,199,11/22/2018,13bff186-f970-401a-8bfc-c96b4cb9d665
18,surface.laptop3,74,8.921057018,0,299,11/29/2018,e6749ef4-1a2d-4a17-b7a8-f6ab4347936e
18,surface.laptop3,82,9.018695488,0,299,12/6/2018,5b99cbb5-e4fc-4b71-92a2-e574ad2da142
18,surface.laptop3,90,9.107642974,0,299,12/13/2018,c95c04ee-68f2-4667-99d9-35b6eace9d0a
18,surface.laptop3,66,8.803273983,0,299,12/20/2018,01826656-2406-4486-8b36-c7516d2c2ba1
18,surface.laptop3,152,9.635346635,0,239,12/27/2018,d25b807b-f4e9-4926-806b-2f9a72f44924
18,surface.laptop3,157,9.664214619,0,239,1/3/2019,36721168-16e5-49ee-a499-631a89a905c7
18,surface.laptop3,120,9.400630098,0,229,1/10/2019,b07b8dfa-4d6e-4a71-8f9d-d4562055de97
18,surface.laptop3,90,9.114710141,0,229,1/17/2019,cf7ee8a7-ce07-4db4-bc37-7034b8f4281d
18,surface.laptop3,62,8.733594062,0,289,1/24/2019,5e64da87-5b1d-4504-9f73-036332e492a0
18,surface.laptop3,64,8.7740036,0,289,1/31/2019,811b05a4-a899-4a8c-97f4-01af32c56d3e
18,surface.laptop3,74,8.921057018,0,289,2/7/2019,80398056-dd46-4519-b3f0-63f1ff0f8b93
18,surface.laptop3,231,10.04776104,1,199,2/14/2019,23061a3e-f167-4dda-af56-72ed508cbb0f
18,surface.laptop3,47,8.462948177,0,289,2/21/2019,0065e4cf-513d-49fb-9854-c750b39b2513
18,surface.laptop3,649,11.08152698,1,199,2/28/2019,a472b10a-73e5-46e2-8de4-df30d0b6bbe5
18,surface.laptop3,168,9.734832187,0,179,3/7/2019,d0621563-caeb-487d-be7f-32844bffb861
18,surface.laptop3,398,10.59182318,0,179,3/14/2019,b9ccb505-b024-44ea-baca-cd16bc20640c
18,surface.laptop3,163,9.700146629,0,179,3/21/2019,d3e5f355-6a38-43b0-98e7-2f8ace5576f1
18,surface.laptop3,142,9.561560465,0,289,3/28/2019,ab3c538a-9775-46fd-bf7e-8df6a71dbf5d
18,surface.laptop3,206,9.936535407,1,250,4/4/2019,c934bd10-e95e-4c2d-b0af-eec1d85b6f00
18,surface.laptop3,181,9.804329981,0,250,4/11/2019,5188d897-9839-4504-877e-70bdc13e9d69
18,surface.laptop3,90,9.107642974,0,289,4/18/2019,47893468-b463-473b-9154-9375867bfda5
18,surface.laptop3,105,9.264828557,0,289,4/25/2019,8a03fa40-3df0-48bb-bba7-ebd7ff72c385
18,surface.laptop3,367,10.51151248,1,216,5/2/2019,6cdd56d1-f6cb-4056-b03f-cb8895883e5d
18,surface.laptop3,87,9.078864009,0,289,5/9/2019,8893559e-accf-400b-927e-c2a30eefdd08
18,surface.laptop3,92,9.128696383,0,289,5/16/2019,592af15d-4879-4c58-aad1-43f716656f43
18,surface.laptop3,80,8.987196821,0,289,5/23/2019,ede97983-292c-4e56-bc00-a92493d81157
18,surface.laptop3,92,9.135616826,0,289,5/30/2019,25f2486d-ae93-41ce-851b-c4d74d8e3b2e
18,surface.laptop3,830,11.32669227,1,249,6/6/2019,5f001cc1-3e3e-4b46-a44a-56e73a0d3b3a
18,surface.laptop3,296,10.29661014,0,249,6/13/2019,9d4b04a8-7cd1-4a08-bad2-afcbbd1f0f1e
18,surface.laptop3,632,11.05456578,1,199,6/20/2019,a110fc9c-67c3-47d9-b37a-35567b4b14db
18,surface.laptop3,67,8.812843434,1,289,6/27/2019,7b571642-8d0e-4607-bd71-6e1cb846346b
18,surface.laptop3,137,9.529521112,0,269,7/4/2019,3b064440-1e0f-4a24-8ba0-c64648c35dc5
18,surface.laptop3,85,9.056722883,0,289,7/11/2019,421ae709-3360-4ea0-ac1e-4b7cf0c56b79
18,surface.laptop3,64,8.764053269,0,289,7/25/2019,be5d134f-3394-4c99-9b2f-aaa7d8f71fb9
18,surface.laptop3,71,8.877381955,0,289,8/1/2019,68c2c964-4d61-4b88-9833-6127353e0be5
18,surface.laptop3,100,9.215128889,1,279,8/8/2019,dc61960e-0f05-491a-a986-53c95380cfa1
18,surface.laptop3,61,8.723231275,0,289,8/15/2019,7aba05fd-8739-4ed1-82a4-69b1ab63d8cf
18,surface.laptop3,108,9.29468152,1,269,9/26/2019,38c2616f-e451-4912-a477-86d246b1a338
18,surface.laptop3,84,9.041685006,0,269,10/3/2019,e76aada4-a256-4f77-938e-774cf4dcd40d
