Notebooks/PySpark/Synapse Link for Cosmos DB samples/Retail/RetailData/RetailSales.csv
storeId,productCode,quantity,logQuantity,advertising,price,weekStarting,id
21,surface.go,82,9.018695488,1,159,6/15/2017,77330cd0-a407-4a5f-8e24-8ecc834526b3
21,surface.go,28,7.943072717,0,229,6/22/2017,53c35d14-d06c-4052-861a-d151bd196598
21,surface.go,37,8.236420527,0,229,7/6/2017,856a5b95-9696-44a8-98c8-6222bee2b5cb
21,surface.go,26,7.87245515,0,229,7/13/2017,96fbc0fd-58f9-4ddd-8b9c-599d28482d21
21,surface.go,45,8.42156296,0,229,7/20/2017,81f2a330-d069-48fd-b0ce-f83f12453c53
21,surface.go,41,8.333270353,0,229,7/27/2017,96831664-b9f3-44c3-b1db-f90abea3d458
21,surface.go,65,8.783855897,1,209,8/3/2017,a460b015-f427-4dfc-9684-e4c89867ece6
21,surface.go,28,7.965545573,0,209,8/10/2017,f197db99-8524-4640-b8ae-7382c53c46d3
21,surface.go,21,7.685243608,0,209,8/17/2017,9c51ac88-9e38-43d8-ba7a-fcadce80f1f1
21,surface.go,24,7.796469243,0,209,8/24/2017,4d766e61-87d8-4b4c-a346-d980b1192594
21,surface.go,264,10.18474906,1,189,8/31/2017,fdc21bc6-b65c-43cc-823f-312a763c8f1c
21,surface.go,64,8.7740036,0,189,9/7/2017,bf431ae1-6cb0-4ed2-9a1c-333df0d8a324
21,surface.go,99,9.2023082,0,189,9/14/2017,8b771d63-39a4-47e0-b875-feb7287420bf
21,surface.go,80,8.99516499,0,179,9/21/2017,b279ccbe-636a-4823-b5fb-a1b9f3748002
21,surface.go,298,10.30521234,1,179,9/28/2017,75076108-bbf4-43f9-b650-929421e1bbf1
21,surface.go,80,8.99516499,0,179,10/5/2017,9017b115-93e5-4131-b249-daa7a12c7a17
21,surface.go,17,7.491087594,0,229,10/12/2017,1815b86b-1720-4a84-9ea4-4c80a4b63a1b
21,surface.go,737,11.20813793,1,114,10/19/2017,78f6f245-5983-4be9-b6c2-007c9ea23c49
21,surface.go,8,6.797940413,0,159,10/26/2017,76159c84-a461-48f3-b785-1c199d42e688
21,surface.go,143,9.570529135,1,159,11/2/2017,1fb2b8b1-308c-45fb-88e3-ee081f9a1d2e
21,surface.go,161,9.692272572,0,129,11/9/2017,6b34fb94-a119-414c-8034-b81f3fe64853
21,surface.go,284,10.25695737,0,99,11/16/2017,ca24ac4b-e7bd-4b9d-ba7c-98e4861432f3
21,surface.go,146,9.592605087,1,159,11/23/2017,0dde6ae7-ac1e-4886-812f-0d046058e99d
21,surface.go,497,10.81560961,1,229,11/30/2017,1cd87b67-7f94-4438-9cd2-253a9c86d11c
21,surface.go,248,10.12246243,0,179,12/7/2017,ddc5eefe-a59d-4789-a62e-2ed0783fcf82
21,surface.go,538,10.89347474,1,139,12/14/2017,ce2609c0-3734-418e-9b4e-220d5a9320fd
21,surface.go,61,8.723231275,0,179,12/21/2017,bd646f12-ea0e-48ac-b0cd-11223b2ac10a
21,surface.go,120,9.395325046,0,179,12/28/2017,94507881-cabd-49fb-9bfd-21a8c38a863f
21,surface.go,184,9.825309772,0,179,1/4/2018,7bce9e75-60e2-4e8d-b471-8e731f6d84e3
21,surface.go,956,11.46876457,1,99,1/11/2018,c3f8b6d2-aa8d-4677-942e-28e8af002dd7
21,surface.go,24,7.82244473,0,179,1/18/2018,099452c0-b825-4ccf-b2c5-7e8663983ee9
21,surface.go,121,9.405907156,0,179,1/25/2018,455f621f-8247-426e-8f34-f3e91069be39
21,surface.go,446,10.70710219,1,149,2/1/2018,f31c6de1-04dc-4b6f-b5ce-04a05ddf8e80
21,surface.go,159,9.67633598,0,149,2/8/2018,3ab8b795-9b5d-4560-9f68-434b40a153af
21,surface.go,20,7.624618986,0,179,2/15/2018,83957860-9628-420c-bbd9-4aba07aa6d3d
21,surface.go,39,8.269756948,0,179,2/22/2018,05f13764-83b0-4b63-a580-c0b988a992fb
21,surface.go,113,9.340666634,1,179,3/1/2018,2dd08bde-8849-46b0-b12c-abe55991fd12
21,surface.go,932,11.44301789,1,89,3/8/2018,a02a33ab-2518-408d-a457-62c75cfb1b13
21,surface.go,30,8.030084094,0,179,3/15/2018,b1e55448-9029-4236-991b-bc6cdb53f952
21,surface.go,71,8.877381955,0,179,3/22/2018,da37c7dc-af93-488d-a3a8-7436bd97ff21
21,surface.go,70,8.859363449,1,159,3/29/2018,28118bb7-01d0-40d4-9da0-e90bb27480c9
21,surface.go,67,8.812843434,0,159,4/5/2018,a7bda0da-8c7c-4f8c-b9f6-15ff7ce6dc03
21,surface.go,64,8.7740036,0,159,4/12/2018,47390c82-8855-4d20-b074-2d585d356a4f
21,surface.go,1297,11.77319523,1,99,4/19/2018,f32c6dfc-d308-4f98-b6ae-0764d73e34de
21,surface.go,50,8.528330936,1,179,4/26/2018,d40a12de-0eba-4b97-a781-259c6c796651
21,surface.go,55,8.61323038,0,179,5/3/2018,6c3ae994-f31d-47b1-88f7-7b62c4ab940b
21,surface.go,22,7.714231145,0,179,5/10/2018,25240d5d-0e53-46db-babf-80e968b9a564
21,surface.go,49,8.502688505,0,179,5/17/2018,f9d470ad-053e-4d05-a2a5-2ad2f29a39f1
21,surface.go,284,10.25470765,1,159,5/24/2018,bd9a7796-7220-4831-a2a3-a08b219f4667
21,surface.go,28,7.965545573,0,159,5/31/2018,d615b1b2-8d2b-476f-9994-ba73adbb4da1
21,surface.go,63,8.754002934,0,159,6/7/2018,44afa47e-96e2-432f-86b5-43ead1180a16
21,surface.go,79,8.979164649,1,119,6/14/2018,2c789c02-1e63-4714-8591-1c9f2884c62e
21,surface.go,168,9.734832187,0,129,6/21/2018,4df2f010-e3de-41a3-a215-e6e6098f1400
21,surface.go,75,8.929567708,0,159,6/28/2018,1f293b55-dee7-4863-8312-41cad0ed04ea
21,surface.go,80,8.987196821,0,159,7/5/2018,c339ec65-88ec-4785-ba9e-ba79801267c3
21,surface.go,156,9.660141294,1,159,7/12/2018,3369e489-2192-495e-bfa0-5d73ded3490b
21,surface.go,126,9.442086812,0,159,7/19/2018,5acd2101-8740-4748-b679-56ece2d86c3e
21,surface.go,195,9.882468185,0,159,7/26/2018,52ce8c56-c6b5-426d-bb00-c09b96840bb2
21,surface.go,679,11.12679229,1,99,8/2/2018,2c643e49-56bf-4029-a6f2-0da4c8f5da7f
21,surface.go,169,9.738612909,0,99,8/9/2018,ff2ce8f9-69cd-4f3e-8592-7538117a1af3
21,surface.go,248,10.12246243,1,149,8/16/2018,445913c6-28ef-4baf-aa29-01ea81e5fd80
21,surface.go,37,8.236420527,0,149,8/23/2018,a5b535e5-51fc-443e-9ee0-abea0355ee82
21,surface.go,158,9.67231183,0,139,8/30/2018,cd66b428-041a-422b-af9d-a691810aa155
21,surface.go,76,8.938006577,0,139,9/6/2018,dec87b91-e01c-4f9c-abe5-8ecf316d8d29
21,surface.go,170,9.746131742,0,139,9/13/2018,eaf290bd-f99e-447a-b357-8e8692a01e23
21,surface.go,220,10.0024275,1,159,9/20/2018,a1a3101c-fd2b-48fc-9684-5d680745cac6
21,surface.go,132,9.491601877,0,159,9/27/2018,aff94337-60fc-4cc1-a303-3d8efba218f4
21,surface.go,126,9.442086812,0,154,10/4/2018,76c43b43-2076-4448-a833-20a35469e743
21,surface.go,271,10.20861654,1,149,10/11/2018,55c555a9-3d50-4d21-9172-be7f80e3519d
21,surface.go,73,8.903815212,0,151,10/18/2018,2654532d-eee3-48d4-b548-11fa4e062296
21,surface.go,97,9.189321005,0,159,10/25/2018,e15d5e1f-d833-453a-8893-8c6f5611f75f
21,surface.go,56,8.636219898,0,159,11/1/2018,205bb594-5741-486a-9b3b-f0b5dbad6a81
21,surface.go,99,9.208739091,1,159,11/8/2018,6081b0dc-9584-4f0e-9005-90144a134073
21,surface.go,104,9.252633284,0,159,11/15/2018,e746b00d-b860-42dc-bd9a-2f9d5d3afc50
21,surface.go,113,9.335032816,0,159,11/22/2018,86cadab5-8856-448f-abcb-24409a583eae
21,surface.go,174,9.768354879,1,150,11/29/2018,2c5dd461-4145-401f-9360-27d8e077bf61
21,surface.go,170,9.742379392,0,159,12/6/2018,2da6d95a-4151-4695-b8ae-d13e1b538cc9
21,surface.go,140,9.55251063,1,159,12/13/2018,8eacf0fb-4672-42a3-88d0-d29862b7f156
21,surface.go,65,8.783855897,0,159,12/20/2018,d0a3b189-1970-44ae-94ef-8cb94706b2c3
21,surface.go,99,9.208739091,1,159,12/27/2018,78341725-c91c-4c57-9628-e47496cc8300
21,surface.go,116,9.36288977,0,159,1/3/2019,957fd9e0-fcb0-4f0a-b433-9cb28918050a
21,surface.go,35,8.166216269,0,159,1/10/2019,86bd2fb3-ea6f-4bc4-b726-2c8f3627ac5f
21,surface.go,72,8.886270902,0,159,1/17/2019,79b92c81-bbb6-4f48-8c02-172a58ded1bb
21,surface.go,181,9.807857322,0,146,1/24/2019,f94fefd1-771c-487d-8cbe-ebbefb662c12
21,surface.go,472,10.76282691,0,129,1/31/2019,06ecfca1-4b1c-40e2-97b6-c01d9c60a369
21,surface.go,102,9.234056899,0,131,2/7/2019,9fb08344-66ab-4576-b61c-2db831bb557c
21,surface.go,197,9.888982866,0,100,2/14/2019,a648531c-56d4-40a8-aaab-e249e9125be8
21,surface.go,96,9.169518378,0,99,2/21/2019,7b62652a-5227-4f7d-b18f-55e4026770a6
21,surface.go,149,9.614204199,0,115,2/28/2019,86f7d85c-dbc7-47d8-a689-4b502acfd790
21,surface.go,504,10.8296494,1,139,3/7/2019,f5269a53-1bed-4f6f-a56c-c4fd64707fed
21,surface.go,170,9.746131742,0,145,3/14/2019,c62f69a4-84d0-4a6a-926f-460acb8aaf03
21,surface.go,214,9.973013615,0,159,3/21/2019,3779d303-f468-41ee-93b1-725221c6f1c7
21,surface.go,87,9.071537969,0,159,3/28/2019,00b8d467-813a-4e49-997d-feeb5bc4ff2c
21,surface.go,106,9.270870872,0,159,4/4/2019,1d2b50df-89d5-423d-8ef9-92bb5a704efb
21,surface.go,160,9.680344001,0,143,4/11/2019,01b942da-a5c3-4ac9-856f-187cfe15736b
21,surface.go,708,11.16829202,1,129,4/18/2019,86de5567-b6c5-4760-a201-d4d63befe6ae
21,surface.go,149,9.614204199,0,134,4/25/2019,575cd80c-b03e-47f2-9111-717d3a726ca1
21,surface.go,122,9.411156511,0,159,5/2/2019,381f810a-e7e3-4d01-93e2-e5435bcdf4e4
21,surface.go,167,9.727227587,0,163,5/9/2019,fab5e43f-531b-469f-bc05-a9e286b00fe3
21,surface.go,119,9.384629757,0,179,5/16/2019,c93ac37f-4fb1-4628-b837-76f7901d17bc
21,surface.go,108,9.288781798,0,169,5/23/2019,4910a65d-c45f-45d7-aab9-a30e8e7811bd
21,surface.go,485,10.78956647,0,169,5/30/2019,33d565d2-2b28-4767-8527-d9737c15cba0
21,surface.go,199,9.901886271,0,170,6/6/2019,d1d3a732-b62c-4732-9b21-6ff2669af180
21,surface.go,161,9.688312171,0,179,6/13/2019,a0e8e472-d5ad-4a98-a482-3102c75593bc
21,surface.go,72,8.895081532,0,179,6/20/2019,99109413-4581-499c-a02e-76f58f7630e9
21,surface.go,64,8.764053269,0,179,6/27/2019,75390957-7137-416e-ab0d-72de14138387
21,surface.go,101,9.221478116,0,175,7/4/2019,6bf725c6-59b6-4071-b34a-4eb03720ba1f
21,surface.go,82,9.018695488,0,145,7/11/2019,a7b19372-9be7-4609-88ee-ec4b71b1bb7f
21,surface.go,90,9.107642974,0,176,7/18/2019,15faec15-5590-4960-93b3-5cc71c460d76
21,surface.go,62,8.743850562,0,169,7/25/2019,4bca5b4f-4286-48fb-ad1d-861985df0cda
21,surface.go,335,10.42037477,1,149,8/1/2019,6a5296c3-20e9-4def-9a96-10347d0c56f2
21,surface.go,98,9.195835686,1,169,8/8/2019,d6b2efc5-3b20-42d2-97b9-102f14d2140a
21,surface.go,78,8.962904128,0,170,8/15/2019,bdf5d45a-a9e8-44be-ad22-f82f5e470a6e
21,surface.go,170,9.742379392,0,128,8/22/2019,f4c295bc-c39c-4bc2-9271-fefe3ffec584
21,surface.go,117,9.373818841,0,105,8/29/2019,0b137901-614a-48e7-879c-a8a3bff51ba8
21,surface.go,46,8.449342525,0,179,9/5/2019,3db624b4-b73a-4789-b266-82a675e5c445
21,surface.go,69,8.841014311,0,179,9/12/2019,0d8ae0ad-f66c-4dd1-a34a-745cb60fecbf
21,surface.go,85,9.049232212,0,165,9/19/2019,1682716e-aa9e-4e5b-ad58-0f2366e15435
21,surface.go,275,10.22499117,0,149,9/26/2019,357f8bb6-769e-4166-a24f-af265cfda661
21,surface.go,104,9.258749511,0,170,10/3/2019,1f30235d-3515-4c59-9ded-63a27742b8a2
