Notebooks/PySpark/Synapse Link for Cosmos DB samples/Retail/RetailData/RetailSales.csv
storeId,productCode,quantity,logQuantity,advertising,price,weekStarting,id
21,surface.pro7,31,8.050703382,0,262,6/15/2017,f27df056-34d9-402d-b253-611e8ccd03b8
21,surface.pro7,298,10.30306872,1,199,6/22/2017,588a135a-8505-4d16-9acb-05412eb5987f
21,surface.pro7,37,8.236420527,0,262,7/6/2017,c937349f-019a-4332-9575-ce14e339182c
21,surface.pro7,206,9.936535407,1,259,7/13/2017,de61510e-16f3-4d0c-a0d4-3534160cd7c6
21,surface.pro7,35,8.166216269,0,262,7/20/2017,80363e5b-266b-495d-8763-ebd087fd2827
21,surface.pro7,68,8.831711918,0,262,7/27/2017,d756d511-6ad4-4ca6-9bab-e9f363690ac6
21,surface.pro7,138,9.534161491,1,239,8/3/2017,db9241d4-eb9d-407f-9e9b-fc178a3f8223
21,surface.pro7,32,8.070906089,0,262,8/10/2017,b9469231-5438-4cb4-ab0c-e315deeff1f4
21,surface.pro7,338,10.42987152,1,199,8/17/2017,8d305549-25ee-40af-9426-1e75ff186d8d
21,surface.pro7,30,8.030084094,0,262,8/24/2017,6ad2f4db-d00f-478e-9cf5-7fdd00088fc8
21,surface.pro7,37,8.236420527,0,262,8/31/2017,21b94f14-cf98-4cb6-b133-51a4421f18c2
21,surface.pro7,42,8.348537825,0,262,9/7/2017,d6ff0477-4875-42a9-a96c-4fec09ddf54f
21,surface.pro7,133,9.501217335,1,219,9/14/2017,e66222cb-5d26-409c-aa73-604038137fbb
21,surface.pro7,32,8.070906089,0,262,9/21/2017,d484194c-5fc0-4fcc-8eef-e08d5886abe8
21,surface.pro7,34,8.14786713,0,262,9/28/2017,47279f29-e248-4e37-863d-93a353579558
21,surface.pro7,72,8.886270902,0,262,10/5/2017,618247d6-37d9-4e2b-a511-78c009d51523
21,surface.pro7,283,10.25245285,1,199,10/12/2017,ca1bee29-9b5c-42b9-aa6c-2321df522c25
21,surface.pro7,42,8.363575703,0,240,10/19/2017,1752cbec-3198-4299-b544-36e1c392ab1d
21,surface.pro7,28,7.965545573,0,262,10/26/2017,a47ef1fc-c92c-45be-a2c0-375b070847df
21,surface.pro7,226,10.02818,1,199,11/2/2017,2973f6dc-bde6-44c4-9b7b-af73a9d3ffa5
21,surface.pro7,40,8.30201781,0,262,11/9/2017,83f5bc44-a25e-4bd9-a550-9a2665ec7b1d
21,surface.pro7,305,10.32849382,1,199,11/16/2017,6ccd2ab8-0f46-4881-ad4f-2b031487ec46
21,surface.pro7,126,9.447150114,0,199,11/23/2017,77aa2b88-ca57-423c-98ac-d1228cc3ea8e
21,surface.pro7,54,8.60153434,0,262,11/30/2017,480abbc7-b593-4bf0-b05c-a8c874a99d65
21,surface.pro7,160,9.680344001,1,199,12/7/2017,7c0fcef5-4df9-417f-8bde-385101a339a1
21,surface.pro7,69,8.850230966,0,199,12/14/2017,3ea17d14-3286-4e34-9b1d-b45d24c93182
21,surface.pro7,88,9.093357017,0,199,12/21/2017,1ac3c0cb-61e8-404f-b846-c098283213ba
21,surface.pro7,65,8.793612072,0,199,12/28/2017,5ee240d4-c4fa-41c9-b976-5b5ee2908e17
21,surface.pro7,73,8.903815212,0,199,1/4/2018,1ef9e8dc-83c5-4bc5-afee-e17fa9930ad8
21,surface.pro7,51,8.540909718,0,198,1/11/2018,b5a8aaed-0018-4e7a-a1cb-4535b7a00c55
21,surface.pro7,43,8.378390789,0,198,1/18/2018,c6087507-3d62-4c00-8a0d-1979c794c90b
21,surface.pro7,241,10.09112827,1,198,1/25/2018,5b8ca9c8-1cd2-4ac0-b80f-69a72c0f8219
21,surface.pro7,67,8.822322178,0,198,2/1/2018,a6ed1d14-5cfa-4cc7-bb80-7c110e1a570a
21,surface.pro7,81,9.010913347,0,189,2/8/2018,731374f5-f417-45f0-8fd0-d143dabe4173
21,surface.pro7,55,8.624791202,0,189,2/15/2018,6663fc50-6d8a-4a7a-adfc-ba2fc270cd4a
21,surface.pro7,51,8.553332238,0,189,2/22/2018,4a153118-6e5a-498b-b3e1-9910c65668f9
21,surface.pro7,93,9.142489705,1,198,3/1/2018,3a89d2a5-beb5-4344-b0e7-9abcbb7000c7
21,surface.pro7,50,8.528330936,0,198,3/8/2018,10bca5ec-a6e5-4a44-9b6c-936143950719
21,surface.pro7,86,9.064157862,0,198,3/15/2018,33856924-f776-4344-a320-f1493273b91c
21,surface.pro7,648,11.08054127,1,169,3/22/2018,cc6f48f7-7f13-4bde-b39a-260b7b13472d
21,surface.pro7,147,9.601300794,0,169,3/29/2018,74184f7d-3a8a-4499-ab8f-5363cf449a4e
21,surface.pro7,59,8.691482577,1,198,4/5/2018,988ef36a-8250-41f6-96e7-d18e7afad18b
21,surface.pro7,58,8.68067166,0,185,4/12/2018,0d49f710-4031-46d9-9ea5-1b6c7611076a
21,surface.pro7,60,8.712759975,0,185,4/19/2018,0a2a4e0b-4301-4f06-aeb1-d58007adf835
21,surface.pro7,64,8.7740036,0,185,4/26/2018,630fe8d3-8040-4be0-a040-1ab52d5bfc17
21,surface.pro7,152,9.635346635,0,185,5/3/2018,09f294b0-21a8-495d-a1ca-3f15beea7d03
21,surface.pro7,891,11.39809806,1,139,5/10/2018,2223db3c-76a7-4abf-8f1c-57dfc3aada21
21,surface.pro7,56,8.636219898,0,185,5/17/2018,9672694b-15da-49a3-a923-70d99a114085
21,surface.pro7,105,9.264828557,0,185,5/24/2018,09947e34-e34c-4a6c-8de5-f81926a29279
21,surface.pro7,49,8.502688505,0,185,5/31/2018,5ffccaaa-c435-4513-89bd-9d10c08d5b15
21,surface.pro7,35,8.184234774,0,185,6/7/2018,644bd7d3-861d-429e-8703-32d2389a493d
21,surface.pro7,138,9.534161491,1,138,6/14/2018,99efcdc8-2505-4c9a-be89-493755437128
21,surface.pro7,95,9.162829389,0,185,6/21/2018,510c26e5-fdbf-4a51-8166-64910168bfd6
21,surface.pro7,306,10.33058368,1,169,6/28/2018,c1e043a2-e115-4188-aa1c-655e61a8f194
21,surface.pro7,144,9.579418083,0,169,7/5/2018,480669c5-fc02-462f-84b8-e7f1b086d91b
21,surface.pro7,172,9.753594463,0,185,7/12/2018,171b09ff-caf7-4d02-9b5b-acd9042f0fad
21,surface.pro7,92,9.135616826,0,185,7/19/2018,8fe790ac-807c-43bc-a249-e7f4ac1a6e8a
21,surface.pro7,63,8.754002934,0,185,7/26/2018,9e266df2-5bcf-4772-aaa1-9e4941f3504d
21,surface.pro7,48,8.489616424,0,185,8/2/2018,3a852cc9-8d58-4628-91c5-af0bcb33a0ee
21,surface.pro7,58,8.68067166,0,185,8/9/2018,ca862989-6c1c-4096-8c00-3bd46951fdbf
21,surface.pro7,130,9.477003077,0,185,8/16/2018,7621243b-eb7f-4c2b-a1c7-6deefa76a2fd
21,surface.pro7,834,11.33207483,1,129,8/23/2018,61fdb499-9dd1-426f-8cca-96719830ddcd
21,surface.pro7,49,8.502688505,0,185,8/30/2018,3505fe46-89e0-4f3a-8f45-dd1088da488d
21,surface.pro7,60,8.712759975,0,185,9/6/2018,f9860948-acbf-47f5-8cb1-2042c0ea4a2b
21,surface.pro7,132,9.491601877,1,185,9/13/2018,62cfef12-8dba-4f30-9c9d-2cdbff8d8296
21,surface.pro7,53,8.577723691,0,185,9/20/2018,b30b73f3-9ec5-4056-8513-0d7d3582f2f3
21,surface.pro7,56,8.647519453,0,182,9/27/2018,4607c57b-b369-4aaa-8d9e-826bfe40f7b5
21,surface.pro7,77,8.954673629,0,179,10/4/2018,5d3ebe63-ad68-4bb8-a677-f322647ec41e
21,surface.pro7,71,8.868413285,0,178,10/11/2018,6eab2356-4d3f-45f6-9026-a6a438d11fa5
21,surface.pro7,1715,12.05245516,1,169,10/18/2018,25e89624-23ed-455e-bcfe-ca80d110b0c7
21,surface.pro7,69,8.841014311,0,185,10/25/2018,ff1db254-f94d-4b30-8c2a-d8b4909ad82f
21,surface.pro7,199,9.901886271,0,149,11/1/2018,e6d1af3e-df7c-477a-98bd-d043caf69ca4
21,surface.pro7,62,8.743850562,0,185,11/8/2018,f4b98ed3-a758-45ea-8ae2-aa7f86036633
21,surface.pro7,67,8.812843434,0,185,11/15/2018,d94d8fdf-c4e4-415e-b05f-a9be4df788f0
21,surface.pro7,72,8.895081532,0,185,11/22/2018,c159a2b3-173b-4450-b0f7-99daa4847187
21,surface.pro7,72,8.895081532,0,185,11/29/2018,494fc652-c551-4248-9cd4-8bc1ff76609d
21,surface.pro7,66,8.803273983,0,185,12/6/2018,2909ad00-15d4-4ff3-a599-6fadc8ba8862
21,surface.pro7,60,8.712759975,0,185,12/13/2018,cbf36712-544e-4324-9be8-7889fdd2ff9b
21,surface.pro7,46,8.435549202,0,185,12/20/2018,231a1362-b5d1-4a88-b70a-7e4fff9a5076
21,surface.pro7,77,8.954673629,1,185,12/27/2018,a90324b6-4111-4431-87da-2173b17eb3c6
21,surface.pro7,64,8.764053269,0,185,1/3/2019,b872b06e-3f07-441e-bb78-cd0e9e1ae6b4
21,surface.pro7,55,8.624791202,0,202,1/10/2019,70e756b0-8ecb-407b-8db6-943a2e15600e
21,surface.pro7,82,9.018695488,1,249,1/17/2019,e1c4634e-c8c3-4097-a3b2-3d2db3c434b0
21,surface.pro7,69,8.850230966,1,249,1/24/2019,6fa8cef3-c1d3-4d8e-ad1d-ff8999f11180
21,surface.pro7,33,8.129174997,0,239,1/31/2019,a2a2b1c9-e1ba-4c3b-baa4-4de5150feef9
21,surface.pro7,33,8.129174997,0,213,2/7/2019,dfb01d58-59ab-4869-873f-54910f9d654b
21,surface.pro7,48,8.476371197,0,199,2/14/2019,1a620762-00fb-4a34-89e1-698cb4ec3876
21,surface.pro7,872,11.37705992,1,199,2/21/2019,fa3021c3-6b26-47c2-b3e5-75591a93b0bb
21,surface.pro7,53,8.577723691,0,204,2/28/2019,a9d1c9de-c34b-499a-8a1c-b91b28704247
21,surface.pro7,52,8.565602331,0,212,3/7/2019,d0749e6b-6c9d-4b35-ba8e-ccca5b6d4546
21,surface.pro7,152,9.635346635,1,199,3/14/2019,204417ca-cf09-479e-a64d-bc810ca751a4
21,surface.pro7,61,8.723231275,0,201,3/21/2019,2f6d1e33-4f84-4e7a-8a64-308ed3d80f43
21,surface.pro7,141,9.557045785,0,130,3/28/2019,72eb46f3-5b42-4ca0-832d-f729287dc89c
21,surface.pro7,148,9.605620455,1,165,4/4/2019,2ade2ca3-12f3-412b-bf81-1db20b9df4df
21,surface.pro7,66,8.803273983,0,204,4/11/2019,e38e3dae-7e8f-4f85-9097-c039d34a54b8
21,surface.pro7,48,8.489616424,0,225,4/18/2019,50de0d5a-52f4-4286-935f-876cd73244ff
21,surface.pro7,273,10.2156671,1,168,4/25/2019,915b0794-da79-41dc-9aad-0a6eabee5944
21,surface.pro7,33,8.110126802,0,225,5/2/2019,1acb28f9-33b6-4942-9216-f6c3db76b08f
21,surface.pro7,33,8.129174997,0,225,5/9/2019,f535fa02-6c55-4fb2-818e-e8ebde394d81
21,surface.pro7,31,8.050703382,0,225,5/16/2019,7e3c0793-2a95-4eeb-b9f3-0ae415ec3a04
21,surface.pro7,376,10.53561003,1,168,5/23/2019,88d07d12-cde0-4587-96df-0b6dbef4a196
21,surface.pro7,28,7.965545573,0,232,5/30/2019,830a7e6d-ba03-4c0a-8f2f-ea3896ba83be
21,surface.pro7,28,7.965545573,0,249,6/6/2019,fc696745-ca9b-4ae4-8302-bd8e7e16aed3
21,surface.pro7,30,8.030084094,0,249,6/13/2019,5cbe8bcf-7e7d-48a0-a29c-75453e83ad4f
21,surface.pro7,24,7.82244473,0,249,6/20/2019,4c969e2f-c730-4212-8ccb-c2e9f829e4e9
21,surface.pro7,28,7.943072717,0,238,6/27/2019,f93fffcd-bcbf-408d-92ee-3895c7f5def7
21,surface.pro7,124,9.431882642,1,215,7/4/2019,52fc41f6-03ba-4c63-abb5-9997bb865517
21,surface.pro7,29,7.98752448,1,223,7/11/2019,c7742ab8-a9d8-4486-83b2-785fcb5bef7b
21,surface.pro7,40,8.30201781,0,249,7/18/2019,4ed48a4c-0f94-4f99-8636-aaf44c32cdb2
21,surface.pro7,306,10.33058368,1,229,7/25/2019,3751973e-235f-4683-b4a2-b74ca84e124e
21,surface.pro7,26,7.87245515,0,248,8/1/2019,a1056548-2b91-4e1d-9a76-7a1f519ef0e5
21,surface.pro7,19,7.592870288,1,245,8/8/2019,8be30667-2447-43d0-8fde-308501146d24
21,surface.pro7,343,10.44301724,1,199,8/15/2019,349b1d3c-295e-4c9f-b9ff-50bb7b9b480d
21,surface.pro7,235,10.06696602,1,194,8/22/2019,d2afb412-4250-44f5-a748-c9541265ac26
21,surface.pro7,216,9.984883191,0,169,8/29/2019,022bdad3-48ec-4349-8a10-af602f433c71
21,surface.pro7,111,9.317938383,0,173,9/5/2019,de5599bd-21f7-4825-b5d0-33d49163d77b
21,surface.pro7,132,9.491601877,1,199,9/12/2019,a2a11ef2-5111-4eef-8674-17aec24fca67
21,surface.pro7,32,8.070906089,0,249,9/19/2019,46662657-22b5-4844-80fe-2898992044ac
21,surface.pro7,38,8.253227646,0,242,9/26/2019,7f5dff0d-a46d-45b4-b6a7-656c5e7d68c6
21,surface.pro7,328,10.40110635,1,219,10/3/2019,d7d10ddf-62af-4d3b-98f5-291885b9e4c8
