Notebooks/PySpark/Synapse Link for Cosmos DB samples/Retail/RetailData/RetailSales.csv
storeId,productCode,quantity,logQuantity,advertising,price,weekStarting,id
21,surface.laptop3,24,7.82244473,0,319,6/15/2017,9ce7dd2d-af8e-4205-83d4-e2064d6e3e86
21,surface.laptop3,26,7.87245515,0,319,6/22/2017,5ca99eee-b53b-4878-9857-7f404f9d9db7
21,surface.laptop3,33,8.110126802,0,319,7/6/2017,545f0d4a-e548-4d43-b68b-55324044a3d8
21,surface.laptop3,25,7.847762538,0,319,7/13/2017,3ab873c6-5e47-4d35-98ed-55c541e3be95
21,surface.laptop3,30,8.009030685,0,319,7/20/2017,580ee532-ce3c-442b-af9c-59c83bd93f16
21,surface.laptop3,30,8.030084094,0,319,7/27/2017,60d85dc9-c825-41e0-a6cb-b3e181eeeff3
21,surface.laptop3,35,8.184234774,0,319,8/3/2017,bec3fafe-686d-4d73-a71b-e1a9c07478aa
21,surface.laptop3,28,7.943072717,0,319,8/10/2017,9366a2ec-bd98-4a56-a4c1-9cfc56e3f72e
21,surface.laptop3,19,7.592870288,0,319,8/17/2017,035e77ce-ed54-4dde-8e34-4e05b352bd50
21,surface.laptop3,39,8.286017468,0,319,8/24/2017,74cbda31-d5ea-4ae1-8b7f-aa7c0b70281a
21,surface.laptop3,33,8.110126802,0,319,8/31/2017,b68b6c5d-34c2-4e96-b929-10c2fe0cc8ce
21,surface.laptop3,24,7.796469243,0,319,9/7/2017,a5061e5f-4382-4438-9bfb-e9e59657c520
21,surface.laptop3,24,7.796469243,0,319,9/14/2017,2e164840-6c13-4276-ab9e-69618d9b78cb
21,surface.laptop3,29,7.98752448,0,319,9/21/2017,7aec8751-9e06-4476-9404-0e02f3b12c6c
21,surface.laptop3,34,8.14786713,0,319,9/28/2017,7db0bf6a-1052-4223-af5b-5219b634204c
21,surface.laptop3,80,8.99516499,1,299,10/5/2017,ae328d33-95fb-40eb-ad5c-58b17cbc4f15
21,surface.laptop3,30,8.030084094,0,299,10/12/2017,50d7ecf4-6c1f-49e9-8325-ac45ac999f2d
21,surface.laptop3,35,8.184234774,0,299,10/19/2017,13d7b4a5-505c-4401-aaa8-747adaa6e73e
21,surface.laptop3,33,8.110126802,0,319,10/26/2017,4875c5e4-fa1d-4bb6-9eeb-801786a74a56
21,surface.laptop3,19,7.560080465,0,319,11/2/2017,0c5bbee5-6eb7-4373-b65a-207d10ec01db
21,surface.laptop3,33,8.129174997,0,319,11/9/2017,d8ca42ea-84c8-40f8-9ec1-506caa2f9694
21,surface.laptop3,40,8.30201781,0,319,11/16/2017,664cb614-0375-4933-bc6a-6ddf85065579
21,surface.laptop3,60,8.702177866,0,299,11/23/2017,8d7bb366-3271-4f3f-917e-6f64d2ad27dc
21,surface.laptop3,44,8.392989588,0,299,11/30/2017,433084a8-6ee4-4699-87f5-563b2967ef55
21,surface.laptop3,29,7.98752448,0,273,12/7/2017,1e2ea603-c257-4aff-8de8-3341a0157293
21,surface.laptop3,28,7.943072717,0,273,12/14/2017,a3d23be2-b195-4a32-9059-beba0f22579f
21,surface.laptop3,71,8.868413285,0,239,12/21/2017,3cdf6f17-f1d1-4165-a7df-dfd12c1a6635
21,surface.laptop3,58,8.68067166,0,239,12/28/2017,adfd2345-2b81-4c39-a459-7b3bb6ba6fcf
21,surface.laptop3,39,8.269756948,0,273,1/4/2018,ce0d4e94-07cd-4361-946b-7541ded0f444
21,surface.laptop3,39,8.286017468,0,259,1/11/2018,573fc04b-094c-405a-b49b-d5af86c68cdc
21,surface.laptop3,35,8.166216269,0,259,1/18/2018,14017195-03ee-482c-919f-b21c9f252929
21,surface.laptop3,30,8.009030685,0,273,1/25/2018,8ee4a2c0-cc5b-4a02-b312-4561d59bd5b3
21,surface.laptop3,32,8.090708716,0,273,2/1/2018,373f25c4-0fe9-4261-9b98-ad0d7eb98379
21,surface.laptop3,55,8.61323038,0,249,2/8/2018,f0a0990a-1ae9-4933-b147-6ba8412deaea
21,surface.laptop3,24,7.796469243,0,273,2/15/2018,2fbdc6cb-baa0-4d57-bb5a-08dc14662b95
21,surface.laptop3,36,8.201934351,0,273,2/22/2018,e30ba0bb-4519-40d3-91c8-fea5c5ce529f
21,surface.laptop3,30,8.030084094,0,273,3/1/2018,9c9972ef-9ac0-4a59-90cd-555d19394d4a
21,surface.laptop3,24,7.82244473,0,273,3/8/2018,0c8bff9e-b119-4d42-9de8-ed6cec30e92c
21,surface.laptop3,28,7.965545573,0,273,3/15/2018,d5cbfd12-ea21-403b-bb23-e9561cc4c79f
21,surface.laptop3,28,7.943072717,0,273,3/22/2018,12991959-4e6c-4995-b1d0-10f262144969
21,surface.laptop3,968,11.4807328,1,136,3/29/2018,73c00f69-6403-454c-ac3f-227e121af10c
21,surface.laptop3,34,8.14786713,0,273,4/5/2018,4e0ea796-84c7-480c-b60e-9a7d0dccdabf
21,surface.laptop3,226,10.02818,1,199,4/12/2018,61c7f5c0-33fc-4c75-9fdb-cae43696645c
21,surface.laptop3,51,8.540909718,0,273,4/19/2018,0775846a-479d-464d-9d7f-033a909c8d91
21,surface.laptop3,253,10.1402973,1,199,4/26/2018,e1915453-f237-49ba-8c48-363ea0370abe
21,surface.laptop3,55,8.61323038,0,199,5/3/2018,c1764abd-e9e1-4a61-b8ff-ca65b863c532
21,surface.laptop3,26,7.896552702,0,273,5/10/2018,decaa442-f912-4d6a-87aa-3896a3bb8161
21,surface.laptop3,57,8.658692754,1,229,5/17/2018,09850a82-f71e-4756-9162-8051590f3489
21,surface.laptop3,34,8.14786713,0,273,5/24/2018,e6a74857-fd4a-4c50-80c7-df383eaf7072
21,surface.laptop3,32,8.090708716,0,273,5/31/2018,d75dcee1-a921-4c4e-90d9-f55e4bc2893e
21,surface.laptop3,260,10.16769627,0,199,6/7/2018,5af6cd37-3f90-43a9-954c-fd1699559488
21,surface.laptop3,204,9.927204079,0,199,6/14/2018,adc3bc10-8afa-455f-98fa-dcf9e884b90f
21,surface.laptop3,35,8.166216269,0,273,6/21/2018,421309b4-178a-4ce4-96e7-02e2f542f264
21,surface.laptop3,49,8.502688505,0,273,6/28/2018,4191019c-d895-439b-93a0-33c550c829d0
21,surface.laptop3,163,9.704060528,0,199,7/5/2018,696c508d-4d5a-4e3e-a30e-567cabb5f7b2
21,surface.laptop3,64,8.764053269,0,199,7/12/2018,8fb2f1e6-65bb-4219-8e05-561d0a88203e
21,surface.laptop3,48,8.489616424,0,199,7/19/2018,cc1e2db5-49ab-4c7e-8e71-8d10cf475418
21,surface.laptop3,67,8.812843434,1,273,7/26/2018,0ef9aef4-eff6-4cd5-9c6b-435e7c2ed982
21,surface.laptop3,79,8.979164649,0,219,8/2/2018,03ef0bdb-0c65-4848-8c8f-c205dc814ee1
21,surface.laptop3,40,8.30201781,0,219,8/9/2018,735f1760-4860-475d-bc56-baefc47386d6
21,surface.laptop3,26,7.87245515,0,273,8/16/2018,f6dc0349-30b1-4aa8-9b77-71614ccf7dea
21,surface.laptop3,33,8.110126802,0,273,8/23/2018,09bbf6e4-d028-4196-91c4-2d9b8e36b79a
21,surface.laptop3,29,7.98752448,0,273,8/30/2018,deab1592-0b31-4b9e-9768-a247fe5121f4
21,surface.laptop3,254,10.14281936,1,199,9/6/2018,70782690-e33f-4b6c-ba3f-07a3a3fd6b0b
21,surface.laptop3,44,8.407378325,0,273,9/13/2018,f392887b-7cb0-4010-b315-f04441c21f6d
21,surface.laptop3,59,8.691482577,1,255,9/20/2018,14909ec8-8d7e-46cd-ad77-50a160964adb
21,surface.laptop3,35,8.166216269,0,273,9/27/2018,07c086c8-514e-4e2a-a255-fb116a98882e
21,surface.laptop3,36,8.201934351,0,273,10/4/2018,18747738-856b-4896-950d-2bdeed1f1a1c
21,surface.laptop3,34,8.14786713,0,273,10/11/2018,dab78c15-f630-4eab-a0b9-58c45724aa62
21,surface.laptop3,26,7.896552702,0,273,10/18/2018,3d61465c-03c1-421e-bade-fb8a4c121ebf
21,surface.laptop3,33,8.129174997,0,273,10/25/2018,9a897741-f513-4b6f-9bc4-34284db272bc
21,surface.laptop3,35,8.166216269,0,273,11/1/2018,0d54621b-5a70-4686-8beb-ccc6122532e0
21,surface.laptop3,46,8.435549202,0,273,11/8/2018,4bc57801-0557-4601-9428-bfc9a70d9dcd
21,surface.laptop3,49,8.51559191,0,273,11/15/2018,76d6aa5b-1b5f-4aae-859d-7de1571d8034
21,surface.laptop3,252,10.13776885,1,199,11/22/2018,c39b6212-d284-471b-8c8b-dcb606f66ef2
21,surface.laptop3,61,8.723231275,0,253,11/29/2018,1e4c61cc-2a93-4c31-82a4-ea086a1b2c99
21,surface.laptop3,42,8.348537825,0,273,12/6/2018,7cfa6e41-c9ec-4a72-a6b6-fc054773ee2c
21,surface.laptop3,33,8.129174997,0,273,12/13/2018,ce9735be-0674-4d98-8b17-7ea54b848e1e
21,surface.laptop3,39,8.269756948,0,259,12/20/2018,91d28ba7-7aa4-42f6-94a4-6987260632f2
21,surface.laptop3,72,8.886270902,0,239,12/27/2018,0c34d22e-658d-4d81-aea0-2e00b7bf3b02
21,surface.laptop3,61,8.723231275,0,235,1/3/2019,e4e02c47-ed7f-4011-8442-e47904aef356
21,surface.laptop3,38,8.253227646,0,229,1/10/2019,9a3ef587-e914-485e-9451-4e78a81c9cce
21,surface.laptop3,37,8.236420527,0,234,1/17/2019,ed4e92e4-1ece-4190-89fa-55839fb039d2
21,surface.laptop3,33,8.129174997,0,259,1/24/2019,2fd04aca-bac2-4e77-b53a-6e5c3dd1c093
21,surface.laptop3,37,8.219326094,0,259,1/31/2019,7f51ee7f-8a22-4076-a50e-f2ecdd4f0834
21,surface.laptop3,42,8.363575703,0,259,2/7/2019,d0862965-3754-448e-9e93-a589726e11ba
21,surface.laptop3,115,9.351839934,1,199,2/14/2019,20fd91fc-8fd5-4f87-88b8-f9ac4656fdf7
21,surface.laptop3,34,8.14786713,0,259,2/21/2019,8274aeb2-cb93-45b3-b485-e0c8e2eca8e0
21,surface.laptop3,288,10.26813067,1,199,2/28/2019,93d81ea6-554e-4cee-b37b-b284724199da
21,surface.laptop3,117,9.368369236,0,179,3/7/2019,0815ea77-676d-46ee-90d1-4708f63115f6
21,surface.laptop3,225,10.02251426,0,179,3/14/2019,e6cbb992-db52-45fb-bd86-249c45013988
21,surface.laptop3,176,9.775654181,0,172,3/21/2019,a473508c-98ad-4e94-b1bd-733fe8e45456
21,surface.laptop3,91,9.121727714,0,256,3/28/2019,bd52b3c7-1a00-4ea9-9296-3c6f10170bb4
21,surface.laptop3,89,9.100525506,1,250,4/4/2019,79b3b8a2-896a-4c86-9dfc-eb67b9cf339a
21,surface.laptop3,60,8.702177866,0,252,4/11/2019,f496a0e6-ecb4-468c-8ac8-e7629c48964c
21,surface.laptop3,56,8.636219898,0,259,4/18/2019,71498163-a299-47ce-af25-275d8e20b4a5
21,surface.laptop3,61,8.723231275,0,224,4/25/2019,dd9283f8-ceed-453a-9aee-21cd8a7fdde1
21,surface.laptop3,277,10.22962081,1,194,5/2/2019,fba0072a-d07f-4de2-8428-062f78602859
21,surface.laptop3,39,8.286017468,0,259,5/9/2019,85546513-2d99-4abb-adc0-af64e93b91e1
21,surface.laptop3,51,8.553332238,0,259,5/16/2019,5a9662ab-8508-413c-8ae4-ba7a7d39e509
21,surface.laptop3,40,8.30201781,0,259,5/23/2019,20bad651-e63e-4bea-96a9-4f37b894f5c2
21,surface.laptop3,62,8.743850562,0,262,5/30/2019,f2081296-4f90-4456-9c40-cf20e386fc64
21,surface.laptop3,507,10.83470631,1,249,6/6/2019,057dc5ea-0a8e-4092-8d20-7841f8e7ed7a
21,surface.laptop3,88,9.086136769,0,219,6/13/2019,bfb0f82c-4fc5-44a5-af02-c2e35b099250
21,surface.laptop3,273,10.2156671,1,199,6/20/2019,438dd039-d3bb-492e-ae56-5dd12790a8c3
21,surface.laptop3,32,8.070906089,1,269,6/27/2019,9cb7ff93-053c-49ab-9630-74a4b8cf0513
21,surface.laptop3,57,8.658692754,0,269,7/4/2019,027196c6-1ede-4e53-9e68-88d8f2a90a1c
21,surface.laptop3,39,8.286017468,0,273,7/11/2019,e9e370ad-ab71-41ba-adea-32703b7b9bc3
21,surface.laptop3,34,8.14786713,0,289,7/18/2019,be7eeff3-8c42-45f8-8e49-e14622957854
21,surface.laptop3,30,8.009030685,0,289,7/25/2019,ce1f2f19-59c9-4fff-90f0-de381be85cd1
21,surface.laptop3,35,8.166216269,0,285,8/1/2019,70e67bb7-866f-4d4a-95bf-c0e3548cbe7f
21,surface.laptop3,37,8.219326094,1,279,8/8/2019,3a0ce796-1905-468d-90dc-14f0a58219b9
21,surface.laptop3,28,7.965545573,0,289,8/15/2019,01a02282-c5e1-47b4-a1c6-d14a037fa310
21,surface.laptop3,40,8.317766167,1,279,8/22/2019,b9c78e51-6131-4301-9d51-a3b07d1f9fb6
21,surface.laptop3,37,8.236420527,0,266,8/29/2019,9726bee6-ea4b-499a-a58d-682916463978
21,surface.laptop3,113,9.340666634,1,249,9/5/2019,72fc5279-5aaf-4b90-9de4-7ec74d7909b5
21,surface.laptop3,80,8.99516499,0,259,9/12/2019,8b4242c6-d4bd-4031-8f0b-8d94315ba59e
21,surface.laptop3,26,7.896552702,0,289,9/19/2019,974e06a6-12e2-4f1a-8c19-c5703028ff54
21,surface.laptop3,35,8.166216269,1,279,9/26/2019,64db548e-56a4-498c-9f5a-15462c7e247c
21,surface.laptop3,19,7.592870288,0,284,10/3/2019,945d3563-282b-42a3-a51c-e3cfcf795595
