Notebooks/PySpark/Synapse Link for Cosmos DB samples/Retail/RetailData/RetailSales.csv
storeId,productCode,quantity,logQuantity,advertising,price,weekStarting,id
28,surface.go,42,8.363575703,1,159,6/15/2017,6bfe9d6e-54d1-4b72-87ad-3dd42e021afc
28,surface.go,21,7.685243608,0,249,6/22/2017,5206c087-4ae3-4f44-9b89-2b286548ee71
28,surface.go,23,7.769800996,0,249,6/29/2017,fd300601-63f5-4c7c-998c-fba50034eadf
28,surface.go,28,7.943072717,0,249,7/6/2017,9546bc58-1ee9-463f-9ca3-737515a3096d
28,surface.go,6,6.461468176,0,249,7/13/2017,6df857bf-b35e-47ff-8af8-b5b600245fe6
28,surface.go,8,6.797940413,0,249,7/20/2017,97fc9f0a-d9c9-4b9d-91f6-580bb3e66929
28,surface.go,23,7.742402022,0,249,7/27/2017,5cfbdb0d-4001-44ea-a53d-37ec9299fd77
28,surface.go,46,8.449342525,1,209,8/3/2017,d442ccce-2008-4bc3-89d6-baf4c5dd80fe
28,surface.go,18,7.526178913,0,209,8/10/2017,4816cfb6-5e10-43b0-856b-ac8f5bd2b8b8
28,surface.go,9,6.866933285,0,209,8/17/2017,67f0809c-bb2e-414d-ac79-e0187dd6d678
28,surface.go,13,7.203405521,0,209,8/24/2017,71285f1c-a459-4024-95be-318808e9e082
28,surface.go,138,9.538780437,1,189,8/31/2017,11a7fde6-e29c-4f63-8a3b-1f63b1d42b00
28,surface.go,65,8.793612072,0,189,9/7/2017,7625faf8-266f-4dcd-abad-1c1abedb9325
28,surface.go,87,9.071537969,0,189,9/14/2017,883ea225-a0cc-4f4a-bace-436d57dbee63
28,surface.go,58,8.68067166,0,179,9/21/2017,083c396a-4a3f-4fa7-95ea-671112f91dcf
28,surface.go,173,9.761001904,1,179,9/28/2017,71455388-503b-431d-a850-7155d3531091
28,surface.go,35,8.166216269,0,179,10/5/2017,bd5a06d2-f53f-40c7-b76f-8c12250f9beb
28,surface.go,12,7.154615357,0,249,10/12/2017,8fb660b2-abe0-44f7-b3fc-b0dea04a8f7a
28,surface.go,309,10.33889974,1,124,10/19/2017,52c640b0-9f3d-41a2-98e1-5a9421525976
28,surface.go,11,7.049254841,0,159,10/26/2017,38f72a15-c130-4d19-8cdb-d1cd55dc1d78
28,surface.go,51,8.540909718,1,159,11/2/2017,43460f88-1dce-4623-ab1e-b925032bc520
28,surface.go,65,8.793612072,0,129,11/9/2017,bc1c8b91-23fb-42a2-a28f-53645cb96b2f
28,surface.go,156,9.656051309,0,99,11/16/2017,3a2092e3-16e0-4fa2-84bc-6bbddc016f8d
28,surface.go,83,9.026417534,1,159,11/23/2017,2cb80aec-a103-4230-95d4-059ca3d45ec7
28,surface.go,300,10.31161578,1,249,11/30/2017,01f55bff-592a-4100-98e0-bdcc3407993c
28,surface.go,44,8.407378325,0,219,12/7/2017,ebb042ff-de95-4d73-b4e3-3b3433373fe7
28,surface.go,218,9.990765561,1,139,12/14/2017,1ea19bbc-42d7-412f-bae6-b14a9b35d24a
28,surface.go,17,7.454719949,0,219,12/21/2017,94b7bbb9-ffd7-47e5-86e3-508ec7103e59
28,surface.go,10,6.931471806,0,219,12/28/2017,bdf04a44-4f7e-4b2e-b83e-d9393051d9e8
28,surface.go,10,6.992096427,0,219,1/4/2018,d0bd35b1-39dc-4df4-a52a-0ca8fa5722da
28,surface.go,698,11.15464924,1,99,1/11/2018,1e119858-11de-4b63-8359-4e63ab248650
28,surface.go,10,6.992096427,0,219,1/18/2018,a562372a-aa82-45a8-be66-248de260bf0d
28,surface.go,45,8.42156296,0,219,1/25/2018,776d4873-1179-4284-a26b-b7f21f8bb7d5
28,surface.go,220,10.0024275,1,149,2/1/2018,da0a1db7-dda0-42cd-9aea-024ca3eb2519
28,surface.go,45,8.42156296,0,149,2/8/2018,20196e84-623a-41c8-b6c0-5c355fd8a840
28,surface.go,10,6.931471806,0,219,2/15/2018,4c61b55e-9246-42f4-a41e-ec61748a35c5
28,surface.go,24,7.796469243,0,219,2/22/2018,61aa842a-5e35-4fec-909a-b684816aaa2d
28,surface.go,73,8.903815212,1,199,3/1/2018,0e8d4b43-24a1-4b0f-9b2d-d3b925986d9f
28,surface.go,354,10.47604777,1,109,3/8/2018,ec526b8b-9f23-42a0-a178-654e99f1cff8
28,surface.go,5,6.238324625,0,219,3/15/2018,453e3bda-97a5-48fc-a3f5-4f15c409eb0d
28,surface.go,24,7.796469243,0,219,3/22/2018,4ab477ac-f148-4935-b338-3ea5de41e5fd
28,surface.go,67,8.822322178,1,159,3/29/2018,83662d12-6098-480c-88dc-5d20192e7712
28,surface.go,74,8.921057018,0,159,4/5/2018,96a84029-5550-425c-9f00-2b351d2d78fc
28,surface.go,42,8.363575703,0,159,4/12/2018,e8d51cf6-8546-4ebd-8f83-0b2404aa7760
28,surface.go,741,11.21333274,1,99,4/19/2018,10809cfb-1168-4482-8349-860648d349f6
28,surface.go,6,6.461468176,1,219,4/26/2018,cd66edda-efd2-4f74-a0de-caedab732793
28,surface.go,12,7.103322063,0,219,5/3/2018,45d42664-072e-401e-a405-e19a8e115b10
28,surface.go,11,7.049254841,0,219,5/10/2018,16783ebc-9f8e-4c5e-b928-fba61de2b73a
28,surface.go,35,8.166216269,0,219,5/17/2018,9ba3fd79-ba94-4347-b8f0-cd205b5dedec
28,surface.go,225,10.02251426,1,159,5/24/2018,da657463-a248-436f-9a6b-0bfc7c60eb53
28,surface.go,48,8.476371197,0,159,5/31/2018,4164a5f1-fe6b-48cd-b8fd-f7846c2b88fd
28,surface.go,14,7.249925537,0,209,6/7/2018,12e6340d-23a5-4595-a376-b5571b98f0b6
28,surface.go,49,8.502688505,1,141,6/14/2018,cb0f9368-2d42-41ee-914c-1afb0e90d2f9
28,surface.go,64,8.764053269,0,129,6/21/2018,6f1e3001-4b39-4206-a45a-b5f98046256f
28,surface.go,28,7.943072717,0,189,6/28/2018,6a13ba1e-163c-43d4-9804-79e8e0d49e2f
28,surface.go,22,7.714231145,0,189,7/5/2018,20aa1f7d-970e-4e7b-b4c7-a389fb7c1bc0
28,surface.go,116,9.36288977,1,159,7/12/2018,bf739384-8cea-4f56-91ff-58287a625968
28,surface.go,95,9.162829389,0,159,7/19/2018,833752ca-54e3-4f89-be27-7d5811b0b130
28,surface.go,37,8.219326094,0,189,7/26/2018,d225c9c0-2153-4e4d-98d9-4451d47e90aa
28,surface.go,328,10.40110635,1,99,8/2/2018,d3cf7513-a58b-49e2-a466-eeb157b63d13
28,surface.go,85,9.056722883,0,99,8/9/2018,7d8ffb3f-bf34-4e0f-94f3-43716d97b84e
28,surface.go,153,9.639522007,1,149,8/16/2018,dcfff7a9-765c-4f5f-94ed-bf6de265470a
28,surface.go,40,8.317766167,0,149,8/23/2018,eb7cc57a-fc9f-4789-a31c-d6e8be75a9e1
28,surface.go,49,8.502688505,0,139,8/30/2018,4132a5c0-116f-4081-b2e2-07acadc51ccf
28,surface.go,5,6.238324625,0,139,9/6/2018,eb228ff3-6ca6-484f-9761-c013324257ad
28,surface.go,1,4.852030264,0,139,9/13/2018,25b420df-5d89-4989-b019-8b2e978a9410
28,surface.go,64,8.764053269,1,158,9/20/2018,46da141c-3d21-4e43-aba7-8ed694c9e6f5
28,surface.go,38,8.253227646,0,158,9/27/2018,05ad848c-87ed-4c9e-889f-466ba2b7839a
28,surface.go,55,8.61323038,0,158,10/18/2018,05c549f9-28ba-405b-947c-a5503c6a827f
28,surface.go,20,7.624618986,0,158,10/25/2018,7f8ffe60-468b-45e8-a824-deedcc09f869
28,surface.go,42,8.363575703,0,158,11/1/2018,fbc5ac28-8d9f-446b-8614-deaad4709d5e
28,surface.go,39,8.269756948,1,158,11/8/2018,ff4587ae-21d0-47ff-be25-6e6548ec6d1c
28,surface.go,46,8.435549202,0,158,11/15/2018,01a921e2-63ea-4644-81c7-1941e8de6ee7
28,surface.go,28,7.943072717,0,158,11/22/2018,bb5235f3-829d-4e2e-b7e9-1361ca4381f7
28,surface.go,97,9.182763604,1,158,11/29/2018,50a6e7f8-938c-4307-a042-042869ee9e9a
28,surface.go,142,9.561560465,0,158,12/6/2018,3590e0c2-4fab-4e5e-8865-4876afc6620b
28,surface.go,108,9.29468152,1,158,12/13/2018,7bf40e31-61f2-4e34-9377-54cc9f642963
28,surface.go,29,7.98752448,0,158,12/20/2018,bd26dee6-4ab9-4b3e-8aab-666536954e94
28,surface.go,46,8.449342525,1,158,12/27/2018,50e618e8-b60f-4c5a-a65e-1a2f3484d75e
28,surface.go,53,8.577723691,0,158,1/3/2019,81539f56-8f28-4091-8589-bd3c20f04cdc
28,surface.go,16,7.416979621,0,158,1/10/2019,0882c25e-26c1-4701-8ae8-04c59393a851
28,surface.go,19,7.560080465,0,158,1/17/2019,5dba669c-2d98-434d-b09f-51233fcc5dd3
28,surface.go,9,6.866933285,0,158,1/24/2019,ed2d3015-8028-4a40-8738-27dd8d6e4f71
28,surface.go,213,9.970024076,0,158,1/31/2019,e8e6edc2-c12d-4047-9d2f-870fb69080f1
28,surface.go,65,8.793612072,0,158,2/7/2019,fda3b680-1ab5-4fb3-b96e-b401dd22fbd9
28,surface.go,14,7.249925537,0,158,2/14/2019,14c0e1e7-decb-4606-9c23-266c8d5fdf9a
28,surface.go,20,7.624618986,0,158,2/21/2019,15018120-b910-4910-9784-0046be9b2d34
28,surface.go,16,7.416979621,0,158,2/28/2019,118ebca8-f060-4c00-9a5c-c8f3a18679bf
28,surface.go,145,9.588228712,1,158,3/7/2019,e214cabc-46e8-4cab-a59f-39bee9d245b1
28,surface.go,65,8.783855897,0,158,3/14/2019,fd3d6c50-7e75-48f5-8c12-49485a286c17
28,surface.go,97,9.182763604,0,158,3/21/2019,9c1f36c4-3299-4c50-a0d4-018237b8788e
28,surface.go,49,8.502688505,0,158,3/28/2019,f5cdd700-ddce-4381-9e32-2fe7bbaa9319
28,surface.go,29,7.98752448,0,158,4/4/2019,52748cd6-3f99-4798-bda1-41ac96c0110d
28,surface.go,42,8.348537825,0,158,4/11/2019,35e84f13-f858-4c35-bbaf-30baeb3ba263
28,surface.go,251,10.1326927,1,129,4/18/2019,3826f487-3f1c-4ea7-9536-be2a91b59200
28,surface.go,65,8.783855897,0,129,4/25/2019,7f80e1f9-83d6-4fc4-a6c6-7261dc78d5fb
28,surface.go,28,7.943072717,0,189,5/2/2019,8c9f8b7c-8f4a-4b1e-ae2a-889b23cf412a
28,surface.go,72,8.886270902,0,199,5/16/2019,6937a297-2292-4f9c-bcb4-334e00485099
28,surface.go,46,8.449342525,0,169,5/23/2019,5fa98217-aab5-4bc2-9b98-f01d2b4248b2
28,surface.go,99,9.208739091,0,169,6/6/2019,c7766612-c373-41b5-bd96-a0d94ade3aeb
28,surface.go,43,8.378390789,0,199,6/13/2019,662801a3-8b72-4d70-8a7b-da7924ea791a
28,surface.go,26,7.87245515,0,199,6/20/2019,420f5481-0790-4a45-af5d-28dafcfb0fd8
28,surface.go,24,7.796469243,0,199,6/27/2019,9fa9e6de-dcb9-4774-88ea-3e3bb7b4bda2
28,surface.go,22,7.714231145,0,199,7/4/2019,52f289d8-6e95-4d3d-980e-c4e4f04c082a
28,surface.go,41,8.333270353,0,129,7/11/2019,47aaad0f-1a62-4f0e-88cf-4ab206abf074
28,surface.go,36,8.201934351,0,199,7/18/2019,0412ddf0-bd31-463b-95ca-034c81154bf7
28,surface.go,55,8.624791202,0,169,7/25/2019,2451c496-959b-4238-a8eb-b98ee6d2f9f5
28,surface.go,129,9.472089062,1,149,8/1/2019,db97d69a-a0ff-45f6-b6be-7d9bd94b6592
28,surface.go,33,8.129174997,1,189,8/8/2019,62316581-075e-4332-9891-68b03fa9a78e
28,surface.go,37,8.219326094,0,199,8/15/2019,7a23fafd-b977-4c3a-9bc3-70b47dfc05bd
28,surface.go,42,8.363575703,0,179,8/22/2019,cf0cb406-96eb-4cfa-aa1f-1977f3ac3a8d
28,surface.go,55,8.61323038,0,129,8/29/2019,988be745-f69f-4f9c-99d9-dcd79edbea0d
28,surface.go,12,7.154615357,0,199,9/5/2019,b35731e5-f5d1-4f48-96d5-080a65d53bd3
28,surface.go,10,6.931471806,0,213,9/12/2019,9b633856-bba4-4677-a01a-33a0ddd313fb
28,surface.go,9,6.866933285,0,213,9/19/2019,440278c6-7d7c-47b2-ba1b-8a07d61cce8d
28,surface.go,80,8.987196821,0,149,9/26/2019,81dd7e65-5c3a-4c07-be3e-2262947bb1b3
28,surface.go,69,8.850230966,0,213,10/3/2019,d13ee816-46e5-4fea-a49d-b58b12c77fb5
