Notebooks/PySpark/Synapse Link for Cosmos DB samples/Retail/RetailData/RetailSales.csv
storeId,productCode,quantity,logQuantity,advertising,price,weekStarting,id
28,surface.pro7,41,8.333270353,0,299,6/15/2017,2f30b1ec-171c-4994-a94b-7b113a57aa88
28,surface.pro7,207,9.939626599,1,199,6/22/2017,6ead58ae-459d-43cf-b6b3-443b0f8b31aa
28,surface.pro7,33,8.110126802,0,299,6/29/2017,73bac8b3-c296-4762-90fb-154550a2b1b5
28,surface.pro7,37,8.236420527,0,299,7/6/2017,a80f5468-cddd-4908-90f7-9f7a7630a76f
28,surface.pro7,174,9.768354879,1,259,7/13/2017,0693ab4d-2d78-4889-a678-32772996e60b
28,surface.pro7,30,8.009030685,0,299,7/20/2017,8a566f26-ef07-4dcd-929a-7688704c3203
28,surface.pro7,74,8.912473275,0,299,7/27/2017,1e886c52-710c-4968-8666-46ffbd43308e
28,surface.pro7,120,9.400630098,1,239,8/3/2017,7960505f-6dd0-46e2-b24c-3eb361fb6fa0
28,surface.pro7,25,7.847762538,0,299,8/10/2017,f8f378e6-c624-41e0-a83a-7c6b9ec3032f
28,surface.pro7,241,10.09377728,1,199,8/17/2017,a68a9c93-80e9-4192-802b-ad860fb371c9
28,surface.pro7,21,7.685243608,0,299,8/24/2017,baa132b7-5f7a-4aaf-8f50-9958bf23077e
28,surface.pro7,36,8.201934351,0,299,8/31/2017,5467cc45-8a00-4fd8-98fd-b118defcb264
28,surface.pro7,32,8.070906089,0,299,9/7/2017,0e897d7d-e945-46f3-b89d-e0738712f842
28,surface.pro7,144,9.574983486,1,219,9/14/2017,aba44366-792b-4bde-bb3a-4e4c0b39133b
28,surface.pro7,23,7.769800996,0,299,9/21/2017,d1caecea-bb5a-487d-952b-1f6dbbf24674
28,surface.pro7,39,8.269756948,0,299,9/28/2017,42bae6fb-5ac5-4215-8c1d-510fd73cb507
28,surface.pro7,56,8.647519453,0,299,10/5/2017,a376b703-82a6-4cfc-bea1-801009661398
28,surface.pro7,193,9.872615889,1,199,10/12/2017,a64007b6-3f2e-4497-b139-5a0e327d6572
28,surface.pro7,35,8.184234774,0,267,10/19/2017,435a7143-0717-4d38-8c79-d0ab6b403728
28,surface.pro7,28,7.943072717,0,299,10/26/2017,49dde170-0ab1-4cee-b77f-e8cba91e652f
28,surface.pro7,240,10.08580911,1,199,11/2/2017,47a6756c-5928-402f-8945-f4453bcbf03d
28,surface.pro7,31,8.050703382,0,299,11/9/2017,cc2cf548-183b-4f6a-a7a0-8f3fa13ae7c3
28,surface.pro7,205,9.930324207,1,199,11/16/2017,12e824d9-a9bb-4203-8c5a-e58705a9d06b
28,surface.pro7,83,9.034080407,0,199,11/23/2017,16a91f46-715d-4dfd-afaf-3aaa1d0f5632
28,surface.pro7,78,8.971067439,0,299,11/30/2017,95378850-dfb2-4778-899a-f9a8935b8af4
28,surface.pro7,182,9.811372264,1,199,12/7/2017,f1c69f6d-bfdd-4bf9-a02b-6da263b69268
28,surface.pro7,82,9.018695488,0,199,12/14/2017,7303c429-b4b4-4a07-8885-71a09a94f62e
28,surface.pro7,107,9.282847063,0,199,12/21/2017,105d01dd-534c-4c68-b6db-0c0058978e94
28,surface.pro7,64,8.764053269,0,199,12/28/2017,f2656162-4dd5-447c-84c8-edafb1f4aac8
28,surface.pro7,71,8.868413285,0,199,1/4/2018,6f266e5b-8003-4c40-88d4-b112e322e811
28,surface.pro7,39,8.286017468,0,246,1/11/2018,ac940606-8e74-4408-899f-f55dc9ea6f61
28,surface.pro7,40,8.317766167,0,246,1/18/2018,3eac999d-1849-4623-ba8f-cd6d52e4f918
28,surface.pro7,199,9.901886271,1,199,1/25/2018,f3051b97-77c3-4094-8d80-28d18d88a3c6
28,surface.pro7,33,8.129174997,0,246,2/1/2018,bc52e51b-9834-4326-9d85-6a3098dbcee9
28,surface.pro7,40,8.317766167,0,241,2/8/2018,c7de1137-6968-4859-bd70-9c63add2db08
28,surface.pro7,32,8.070906089,0,241,2/15/2018,1ad756fb-a467-4aed-a99d-82f0160bad46
28,surface.pro7,49,8.51559191,0,241,2/22/2018,7d3706c7-fe70-4534-87c0-a2587d9126db
28,surface.pro7,128,9.45720045,1,199,3/1/2018,3fd4b85f-77e9-4a17-b831-226f6947a513
28,surface.pro7,27,7.920083199,0,246,3/8/2018,d1ef292c-8a0f-4aa8-b530-d2b933b64c8d
28,surface.pro7,76,8.946374826,0,246,3/15/2018,5c9f7583-e6c4-4b7f-9510-87968134fc1e
28,surface.pro7,401,10.60142325,1,169,3/22/2018,332c0062-051c-4fcf-a2b5-a5157dcb128f
28,surface.pro7,134,9.505990614,0,169,3/29/2018,5e573ca9-25d5-4366-808e-fb66390cb4c4
28,surface.pro7,37,8.219326094,1,246,4/5/2018,d27390dc-5c0d-40e9-b708-bca96de68c82
28,surface.pro7,36,8.201934351,0,209,4/12/2018,752f6063-ab28-4890-88a4-032104da0072
28,surface.pro7,42,8.348537825,0,209,4/19/2018,1ea023ae-2db0-4f9b-a3d7-1d98e5815321
28,surface.pro7,46,8.449342525,0,209,4/26/2018,5f5b7a02-19b2-4658-a692-16f4def21a25
28,surface.pro7,152,9.635346635,0,209,5/3/2018,54889e8e-a667-4afa-a976-565bf37a9578
28,surface.pro7,519,10.85838342,1,139,5/10/2018,ce48d8fd-240e-4d38-9f65-38e27631513c
28,surface.pro7,33,8.110126802,0,226,5/17/2018,687b84a5-1f5b-42c9-a180-17c97b4c07d1
28,surface.pro7,32,8.090708716,0,226,5/24/2018,00d93b4b-7de9-4080-b9fa-78e19b6fab11
28,surface.pro7,30,8.009030685,0,226,5/31/2018,64586f8a-bd6f-431f-961a-8887f8db28d0
28,surface.pro7,21,7.655390645,0,226,6/7/2018,d0fd4a45-0657-401e-8e3a-595519dbf0ba
28,surface.pro7,106,9.270870872,1,169,6/14/2018,73c2c2e3-7939-4a24-81a8-83a9a46222b7
28,surface.pro7,67,8.812843434,0,226,6/21/2018,4f0cc53b-3b81-4ed3-9577-e126625758c6
28,surface.pro7,274,10.22034,1,169,6/28/2018,b6118c74-9927-4ac6-903e-e26c84272eb4
28,surface.pro7,65,8.793612072,0,169,7/5/2018,db2749c5-b2db-4ebb-83d5-23415e05b6da
28,surface.pro7,20,7.624618986,0,226,7/12/2018,f6489426-80ea-43a3-813c-2091014b12dc
28,surface.pro7,64,8.7740036,0,226,7/19/2018,fd3b954b-6322-47c0-a684-65bb945ae780
28,surface.pro7,21,7.655390645,0,226,7/26/2018,cbb82fb1-acae-4db0-a021-08cbf229667d
28,surface.pro7,23,7.742402022,0,226,8/2/2018,34032476-4995-4750-bc7c-0eea39d31de8
28,surface.pro7,24,7.82244473,0,226,8/9/2018,ff401afd-ef53-4092-8c6d-b4c443596193
28,surface.pro7,37,8.219326094,0,226,8/16/2018,2acea01c-9286-4bb3-bc46-28100a032c4a
28,surface.pro7,431,10.67211319,1,129,8/23/2018,8874c30b-d9c0-4e40-9567-5ac8d231247f
28,surface.pro7,24,7.82244473,0,226,8/30/2018,120957c2-4c45-4811-aaa0-8fb17dd615ac
28,surface.pro7,39,8.286017468,0,226,9/6/2018,0e6a164f-ee94-4fb7-bde0-de9517fca219
28,surface.pro7,103,9.240287448,1,199,9/13/2018,7684381a-c9d0-49c4-9e3f-079e55d9d711
28,surface.pro7,31,8.050703382,0,199,9/20/2018,d405d965-76b3-406d-bb8f-3ede01358927
28,surface.pro7,48,8.476371197,0,189,9/27/2018,050350a5-a03e-4630-a9e3-606a9ff431b4
28,surface.pro7,977,11.49059805,1,169,10/18/2018,88f345d1-75ed-4244-bb8f-60fce42d17c6
28,surface.pro7,33,8.110126802,0,226,10/25/2018,ee52cd1b-acd7-4d11-a834-f2be1089755d
28,surface.pro7,33,8.129174997,0,149,11/1/2018,8de568a6-8bce-45fd-a478-ad80426a6e2f
28,surface.pro7,32,8.070906089,0,226,11/8/2018,a0e43057-1af3-4577-891b-da22f5c8f3d6
28,surface.pro7,46,8.449342525,0,226,11/15/2018,aae202b1-eee0-4df2-b978-61dcedc8b028
28,surface.pro7,42,8.348537825,0,199,11/22/2018,68ccb9dd-3da5-4231-8c0d-c418b5dca1fb
28,surface.pro7,34,8.14786713,0,199,11/29/2018,a42ecba7-a797-4b76-99d4-0ce9370edc6e
28,surface.pro7,42,8.348537825,0,199,12/6/2018,9f97645b-6324-4406-a87f-25050337d315
28,surface.pro7,30,8.009030685,0,226,12/13/2018,bea454e1-a5a4-478a-ad87-0f0ff7c80a80
28,surface.pro7,36,8.201934351,0,226,12/20/2018,5f28504f-a802-4f50-8939-4552658080c0
28,surface.pro7,69,8.850230966,1,199,12/27/2018,8abfec2c-752b-40e4-baf9-f5c5dbd91dee
28,surface.pro7,70,8.859363449,0,199,1/3/2019,24ce2b4f-13e3-44ab-81db-1aad033112ca
28,surface.pro7,37,8.236420527,0,199,1/10/2019,fff313c1-d064-41a8-b5b1-40d55a38d20e
28,surface.pro7,59,8.691482577,1,249,1/17/2019,ea40ff63-d7bc-4944-a419-a4646a17bede
28,surface.pro7,51,8.540909718,1,249,1/24/2019,8e7dea9d-5d63-4393-8db1-e60896cc2bf1
28,surface.pro7,27,7.920083199,0,249,1/31/2019,bf1cef12-e55a-40f3-b285-578eabb7b0d3
28,surface.pro7,60,8.712759975,0,266,2/7/2019,bc016fe7-8eab-443e-a4f6-7af707f44ce8
28,surface.pro7,40,8.30201781,0,199,2/14/2019,f4cf8834-0230-4285-b216-76e3d6d03132
28,surface.pro7,562,10.93766798,1,199,2/21/2019,3a203d9a-0da3-4da3-9a7b-3ba4980686a7
28,surface.pro7,51,8.553332238,0,199,2/28/2019,0330869c-47ed-41e7-a7f0-b1709228a962
28,surface.pro7,40,8.30201781,0,266,3/7/2019,2ae5f082-1900-435a-8aaf-eec10b36f785
28,surface.pro7,92,9.128696383,1,199,3/14/2019,fbbb540e-67c8-490a-8781-3b7cf8a1eda7
28,surface.pro7,72,8.895081532,0,199,3/21/2019,126bbcbe-90f7-416d-8150-0416c3c9c084
28,surface.pro7,30,8.009030685,0,266,3/28/2019,d4f2a58d-bdf0-4a8f-8e7b-a3b2f7f84670
28,surface.pro7,72,8.886270902,1,199,4/4/2019,e750cfd3-9406-42dd-a6b3-68b8dde3e6e7
28,surface.pro7,61,8.723231275,0,199,4/11/2019,55d8ec40-1d56-4e34-93f2-464f0afa59e6
28,surface.pro7,43,8.378390789,0,266,4/18/2019,08bb7848-ac44-4afa-9156-61efa61d0067
28,surface.pro7,152,9.631153757,1,199,4/25/2019,56032369-7bb0-4764-b90b-226675476e1d
28,surface.pro7,23,7.742402022,0,266,5/2/2019,016123d4-c94e-4913-bc62-367ed84eda10
28,surface.pro7,70,8.859363449,0,266,5/16/2019,b7e5104f-7bd2-4eae-8c5c-6920cdad2e55
28,surface.pro7,128,9.45720045,1,199,5/23/2019,9fd37978-4a82-4678-b5ca-370d2a121c28
28,surface.pro7,20,7.624618986,0,269,6/6/2019,a6d64584-df61-491f-8f0d-527f2c4a6501
28,surface.pro7,31,8.050703382,0,269,6/13/2019,00433525-f0c4-4e08-858c-be467b40caed
28,surface.pro7,28,7.943072717,0,269,6/20/2019,7bd885ca-c23f-4b34-ae65-2f60d6625b77
28,surface.pro7,26,7.87245515,0,269,6/27/2019,3bee9537-f76b-4205-9610-a4b70a143619
28,surface.pro7,74,8.912473275,1,204,7/4/2019,80c9fe29-f2dc-48ab-b406-9cfcbb4b6347
28,surface.pro7,41,8.333270353,1,219,7/11/2019,380c1f56-c831-464d-8338-f53ee8668837
28,surface.pro7,41,8.333270353,0,269,7/18/2019,6bedc2cd-b146-41e5-b9c9-12ea642b3987
28,surface.pro7,109,9.30054664,1,229,7/25/2019,2a560572-5a4e-425c-b624-275208cdd348
28,surface.pro7,34,8.14786713,0,269,8/1/2019,532915d1-d983-4716-9519-4bb06b571d3d
28,surface.pro7,21,7.655390645,1,265,8/8/2019,522179d3-9204-439a-a548-1c564ffe3041
28,surface.pro7,271,10.20861654,1,199,8/15/2019,6e386c1b-4b5c-4de8-a17c-7ede878fd9eb
28,surface.pro7,173,9.761001904,1,199,8/22/2019,c17415c3-c7c7-43f3-8157-39057ef0af57
28,surface.pro7,51,8.553332238,0,169,8/29/2019,a8281f54-291e-4258-80f0-1742166489a9
28,surface.pro7,44,8.407378325,0,169,9/5/2019,a20982dd-ea64-4fa9-a496-e124c23c8f86
28,surface.pro7,137,9.529521112,1,199,9/12/2019,cfa82e1c-b3fc-4374-b2a1-662dc6ab0a0c
28,surface.pro7,51,8.553332238,0,269,9/19/2019,4a039d76-610e-4ed2-a44a-b1b6793ff24b
28,surface.pro7,40,8.30201781,0,249,9/26/2019,675d4390-a64d-4d0d-a431-3298c53aeca3
28,surface.pro7,253,10.1402973,1,219,10/3/2019,2273b97a-2985-4eae-b85f-cd5d56bc6ef9
