Notebooks/PySpark/Synapse Link for Cosmos DB samples/Retail/RetailData/RetailSales.csv
storeId,productCode,quantity,logQuantity,advertising,price,weekStarting,id
28,surface.laptop3,58,8.66974259,0,366,6/15/2017,c1e45e17-c538-44a2-bb69-923464cf35c1
28,surface.laptop3,35,8.166216269,0,366,6/22/2017,7288ee01-d4de-41c8-be93-a4795f15b995
28,surface.laptop3,49,8.502688505,0,366,6/29/2017,8d625c14-6648-4a91-b388-e681e0e324d0
28,surface.laptop3,38,8.253227646,0,366,7/6/2017,43cd978e-9a45-4b7b-925a-8b033310e6ed
28,surface.laptop3,38,8.253227646,0,366,7/13/2017,359a70b1-1f9a-4397-9814-a59f32b67ede
28,surface.laptop3,50,8.528330936,0,366,7/20/2017,6522c02f-ac6e-4642-accb-89e28c5aebe4
28,surface.laptop3,34,8.14786713,0,366,7/27/2017,956d9c8a-b1d2-44f0-be45-ac356384792a
28,surface.laptop3,40,8.317766167,0,366,8/3/2017,94a7c09b-0616-4bf4-a1cd-6cf2e92a4c00
28,surface.laptop3,55,8.61323038,0,366,8/10/2017,5cc4c20f-5fc7-4400-b9a0-d2417d2afa88
28,surface.laptop3,31,8.050703382,0,366,8/17/2017,56f80569-e64c-4df3-b33f-44ada780cc6f
28,surface.laptop3,71,8.877381955,0,366,8/24/2017,32c441d3-9962-4121-a788-b2a5fc37699f
28,surface.laptop3,30,8.030084094,0,366,8/31/2017,2a99fdcc-fe43-45d1-9a51-db5373e4b5c6
28,surface.laptop3,49,8.51559191,0,329,9/7/2017,1e526125-a881-4346-a346-749349dccd53
28,surface.laptop3,50,8.528330936,0,329,9/14/2017,53e0f628-b84e-4731-b89c-17de86e53b47
28,surface.laptop3,59,8.691482577,0,329,9/21/2017,2ff65c47-a07c-4b3e-889a-22cde984b942
28,surface.laptop3,46,8.449342525,0,366,9/28/2017,de678458-1ba0-4684-9ee9-63c3605f3a41
28,surface.laptop3,67,8.812843434,1,329,10/5/2017,910b6d0a-eb0a-4524-8ca2-54cb5beb7258
28,surface.laptop3,34,8.14786713,0,329,10/12/2017,6b8b381a-e078-4755-967b-729280f540b3
28,surface.laptop3,36,8.201934351,0,351,10/19/2017,fd0814ec-ba99-4e9c-899c-1a5e7d9ab1cb
28,surface.laptop3,40,8.30201781,0,351,10/26/2017,1877afcb-cb73-4944-b82a-7241fa76d5e2
28,surface.laptop3,32,8.070906089,0,351,11/2/2017,391917df-bf00-4112-9dd4-e0923455805e
28,surface.laptop3,36,8.201934351,0,351,11/9/2017,30c2c57a-8c5d-447c-86e5-2d40b18bbe1a
28,surface.laptop3,48,8.489616424,0,366,11/16/2017,a1e12fdd-d47f-41ee-8011-7381f2d0fcc7
28,surface.laptop3,81,9.00307017,0,299,11/23/2017,a96d0efc-fbf6-4c70-a0c9-9f7a89739dab
28,surface.laptop3,60,8.702177866,0,299,11/30/2017,39bcb7df-3270-42ad-93a4-a2e77befb14e
28,surface.laptop3,41,8.333270353,0,339,12/7/2017,8087dfd4-0625-41d3-9f00-b5d66ed76d01
28,surface.laptop3,40,8.30201781,0,339,12/14/2017,60dfe907-51b1-4f31-914f-88cc17d4592a
28,surface.laptop3,162,9.69621735,0,239,12/21/2017,95f2cdd2-f2ec-4b29-a93f-9c2548fabd84
28,surface.laptop3,74,8.912473275,0,239,12/28/2017,d0e4a389-64cb-4ae9-a957-9098bfe88bca
28,surface.laptop3,55,8.624791202,0,339,1/4/2018,5c2a3fb8-ef9a-487e-8218-c2d05df15415
28,surface.laptop3,72,8.895081532,0,259,1/11/2018,f6a020f6-76bb-49df-ac81-097a95406911
28,surface.laptop3,48,8.489616424,0,259,1/18/2018,e4de8ec3-464a-459a-b3e0-0ad9ee04e599
28,surface.laptop3,52,8.565602331,0,339,1/25/2018,4c0d3b06-4c0d-4c1f-8015-221e69a11c71
28,surface.laptop3,51,8.553332238,0,339,2/1/2018,1da588b8-e367-4fd5-8874-63de3256434d
28,surface.laptop3,75,8.929567708,0,249,2/8/2018,e2c89f69-848b-4cc1-bbe8-4c697d386f31
28,surface.laptop3,61,8.723231275,0,339,2/15/2018,32553dd2-bf3b-4bcf-92ab-1e622de355aa
28,surface.laptop3,32,8.090708716,0,339,2/22/2018,2072c099-8552-4905-8e92-958f00d28d67
28,surface.laptop3,30,8.009030685,0,339,3/1/2018,249abce1-9b96-47a6-950d-d24209222604
28,surface.laptop3,36,8.201934351,0,339,3/8/2018,434457b5-2f0a-4421-be8f-7972a2b1a035
28,surface.laptop3,40,8.317766167,0,339,3/15/2018,124433ab-9e28-49b1-a44f-9829d95cddff
28,surface.laptop3,30,8.030084094,0,339,3/22/2018,aba9f041-e134-4319-8f9d-9f971587a32c
28,surface.laptop3,317,10.36545901,1,169,3/29/2018,10855349-054a-4566-b0bb-63a67db2a982
28,surface.laptop3,58,8.66974259,0,339,4/5/2018,72ba1c52-7bd9-4bcd-974a-e34eb048ff35
28,surface.laptop3,225,10.02535114,1,199,4/12/2018,fb02fecb-2a99-4e49-97b7-595c492cf332
28,surface.laptop3,48,8.489616424,0,339,4/19/2018,ab5d6510-f8c2-46d3-a25e-21bb1289d556
28,surface.laptop3,293,10.28793329,1,199,4/26/2018,c13c734a-d491-4757-b198-636b67099bee
28,surface.laptop3,143,9.570529135,0,199,5/3/2018,2c2a8147-be9c-4681-add2-dec4fb4c790f
28,surface.laptop3,23,7.769800996,0,339,5/10/2018,db773ad3-6070-4596-b686-162a2fd3bb5d
28,surface.laptop3,137,9.529521112,1,229,5/17/2018,adac9d01-58ba-4d37-8a86-1ed06ec7dcfb
28,surface.laptop3,32,8.070906089,0,339,5/24/2018,83381dee-09e9-4d08-83a6-2c10b4485329
28,surface.laptop3,30,8.030084094,0,339,5/31/2018,2f2fcc1d-e98b-4ee5-8619-5d3eab04630b
28,surface.laptop3,291,10.2791805,0,199,6/7/2018,487658dc-2b55-4ec9-aefe-427cab6185c7
28,surface.laptop3,68,8.831711918,0,199,6/14/2018,e82b61b4-4284-42cb-a212-29c3cbbd69b3
28,surface.laptop3,33,8.129174997,0,339,6/21/2018,2e56396e-b8f1-42f9-a58a-30e0ca5a9ee5
28,surface.laptop3,51,8.540909718,0,339,6/28/2018,48ad7ee7-eec8-476d-96f1-d3f08bd35255
28,surface.laptop3,150,9.618468598,0,199,7/5/2018,120d6770-d74b-4b30-8091-dab22cb95b36
28,surface.laptop3,172,9.753594463,0,199,7/12/2018,cd7030fb-c03c-4d1d-8cf9-83b10fb45ed5
28,surface.laptop3,87,9.078864009,0,199,7/19/2018,864fe3b4-3275-4338-bdd8-506a73a0ee71
28,surface.laptop3,49,8.51559191,1,339,7/26/2018,bab27060-508d-4305-8f9a-e0b6ebb2b228
28,surface.laptop3,133,9.496421163,0,219,8/2/2018,2b3769c0-c503-4152-ab33-10d1292f2e9a
28,surface.laptop3,67,8.812843434,0,219,8/9/2018,4a4228a4-afcb-4332-b353-3dad547406fa
28,surface.laptop3,30,8.009030685,0,339,8/16/2018,1e0c19dc-9be4-495e-91b9-846994c9a7cc
28,surface.laptop3,29,7.98752448,0,339,8/23/2018,fac01c8a-d475-4f25-987b-d27879f3b4b4
28,surface.laptop3,24,7.796469243,0,339,8/30/2018,9d553ae5-1e9d-47fc-ab6f-c3b5ebeacbc7
28,surface.laptop3,250,10.13014492,1,199,9/6/2018,e0bf6c07-0cfd-4e69-a424-41228bd9b343
28,surface.laptop3,36,8.201934351,0,339,9/13/2018,0759056e-57f5-4e18-aed6-6f94d78b7a50
28,surface.laptop3,48,8.476371197,1,249,9/20/2018,0bf52a66-00d2-4f8a-be80-42ee8bde6ce8
28,surface.laptop3,33,8.129174997,0,339,9/27/2018,c523fd60-c484-46b3-aae6-765746ebf619
28,surface.laptop3,28,7.965545573,0,294,10/18/2018,51a18418-5965-427c-91e7-b6082cf694bc
28,surface.laptop3,41,8.333270353,0,294,10/25/2018,b5b690a2-550e-497c-8bee-57daa01ad33d
28,surface.laptop3,37,8.236420527,0,294,11/1/2018,cbcec48f-b2a9-4e53-8303-435708c3c78e
28,surface.laptop3,49,8.502688505,0,294,11/8/2018,609eb15a-9dfe-4831-ac6b-a7ad13139025
28,surface.laptop3,55,8.61323038,0,299,11/15/2018,a8486765-6220-468a-bc00-0ae531202f6d
28,surface.laptop3,318,10.36747311,1,199,11/22/2018,a82610b7-4320-4eea-80ad-adb02ba91ef1
28,surface.laptop3,40,8.317766167,0,299,11/29/2018,900e953c-0ed6-4135-9af2-8522882db467
28,surface.laptop3,42,8.363575703,0,299,12/6/2018,f98b217b-f867-4f94-8701-2e42337978fe
28,surface.laptop3,42,8.348537825,0,299,12/13/2018,e9742771-e178-4ce3-8db7-c48f6738430e
28,surface.laptop3,56,8.636219898,0,299,12/20/2018,36530f47-93df-40da-bfa0-e49a5e37b944
28,surface.laptop3,60,8.702177866,0,239,12/27/2018,3bdd6b8b-b11f-4d20-95fa-da5cd3568f47
28,surface.laptop3,64,8.764053269,0,239,1/3/2019,0cbfdb94-876d-47c8-9316-a33f21a2bc33
28,surface.laptop3,52,8.565602331,0,229,1/10/2019,f49af6c0-5b2a-46d9-a033-6da78e40cf91
28,surface.laptop3,38,8.253227646,0,229,1/17/2019,ff5e7a40-fbea-4d33-b34b-e855a3afafb4
28,surface.laptop3,36,8.201934351,0,299,1/24/2019,64c61aca-874b-435b-b5fc-93fddff1df70
28,surface.laptop3,41,8.333270353,0,299,1/31/2019,12612a58-6e5c-4a60-8422-ff4a29e757d8
28,surface.laptop3,50,8.528330936,0,299,2/7/2019,b3882744-5e54-42f4-a923-47c629a2cd24
28,surface.laptop3,161,9.688312171,1,199,2/14/2019,eafdd733-3118-490b-9dbf-36e31ce8d015
28,surface.laptop3,49,8.51559191,0,299,2/21/2019,b4e3a7bf-ed15-4ed2-837d-ad7a78fb5427
28,surface.laptop3,234,10.06151642,1,199,2/28/2019,8e2b2d5e-1491-47fa-a115-4c727159b004
28,surface.laptop3,46,8.449342525,0,179,3/7/2019,5982350b-af3c-410a-b04c-035bbff8cd5b
28,surface.laptop3,118,9.379238908,0,179,3/14/2019,b51a35d7-9603-475b-98a5-f81509041b4d
28,surface.laptop3,43,8.378390789,0,179,3/21/2019,c26d9935-dd89-49cb-bb56-4f1e6eb28696
28,surface.laptop3,71,8.877381955,0,299,3/28/2019,727ed2e7-b0e1-4142-8d87-124dbb4b7429
28,surface.laptop3,89,9.100525506,1,250,4/4/2019,fba434fb-3add-48a5-8050-e7ceb7632bdd
28,surface.laptop3,70,8.859363449,0,250,4/11/2019,d6676db2-347d-4514-b2f4-e5c93e751d9d
28,surface.laptop3,39,8.286017468,0,299,4/18/2019,02066c9d-acce-4bee-85e7-6f080dca0943
28,surface.laptop3,51,8.553332238,0,299,4/25/2019,89797677-2784-4ae7-80eb-655c9a5f74f5
28,surface.laptop3,66,8.803273983,1,224,5/2/2019,fc319625-49d0-4621-94e9-587cc58adafb
28,surface.laptop3,93,9.142489705,0,299,5/16/2019,9483c524-3b0a-468d-b253-4a752a5f71bf
28,surface.laptop3,42,8.348537825,0,299,5/23/2019,0c9ff453-c2c0-4707-aedd-e9ae565cf9d2
28,surface.laptop3,360,10.49393734,1,249,6/6/2019,5f108844-d1e4-42c0-b815-c368185f0bc4
28,surface.laptop3,110,9.30637756,0,249,6/13/2019,e8611975-c402-48ea-8aff-85264e840c18
28,surface.laptop3,257,10.15533517,1,199,6/20/2019,eaafe265-599d-4b6a-9c9a-f7a7a994010d
28,surface.laptop3,40,8.317766167,1,299,6/27/2019,b6f8c24a-ecfd-42a4-b43e-dd89cba5b260
28,surface.laptop3,39,8.269756948,0,269,7/4/2019,f09f999d-6c89-41b1-b32b-109e575ba71a
28,surface.laptop3,42,8.363575703,0,299,7/11/2019,cfef2ae1-f76d-49c2-a076-5cad31732884
28,surface.laptop3,42,8.363575703,0,299,7/18/2019,8f954157-a086-442d-8f92-fc6a2cae605b
28,surface.laptop3,33,8.110126802,0,299,7/25/2019,b6f3ef43-0f65-45bb-9677-2dc9f76a4c48
28,surface.laptop3,41,8.333270353,0,299,8/1/2019,906d725e-6661-4ac1-87cc-2ce8c4eb99c2
28,surface.laptop3,55,8.61323038,1,289,8/8/2019,46a6b7cf-e030-47d8-8fec-2d5c33e68c18
28,surface.laptop3,37,8.219326094,0,299,8/15/2019,7c06d980-5be7-493e-bae1-4d95c6aa79cf
28,surface.laptop3,78,8.971067439,1,279,8/22/2019,9c8c3dd0-f285-4b39-b3a0-00c0bc007b3e
28,surface.laptop3,53,8.577723691,0,299,8/29/2019,6154a5ba-0aa9-4aa5-9884-6dfb644b7da1
28,surface.laptop3,104,9.252633284,1,249,9/5/2019,2c5b47d9-e9ea-4f96-b23a-fa8404fd3ef5
28,surface.laptop3,70,8.859363449,0,249,9/12/2019,e3b13e0e-3a9a-4c93-be35-126344e4ba7a
28,surface.laptop3,31,8.050703382,0,299,9/19/2019,9010f0e7-1ec4-41e6-b452-13088816659d
28,surface.laptop3,40,8.317766167,1,279,9/26/2019,8a4f4952-5c02-4de7-8fbf-a8b050cf55b4
28,surface.laptop3,41,8.333270353,0,320,10/3/2019,7cc6177c-eeda-4c27-b19f-93b55617ebb4
