Notebooks/PySpark/Synapse Link for Cosmos DB samples/Retail/RetailData/RetailSales.csv
storeId,productCode,quantity,logQuantity,advertising,price,weekStarting,id
32,surface.go,64,8.764053269,1,159,6/15/2017,147725a5-33d3-4c79-a1e6-9910e5749f29
32,surface.go,28,7.965545573,0,269,6/22/2017,ea4f77a8-cd0c-4bef-82d9-4304504a28f5
32,surface.go,21,7.685243608,0,269,6/29/2017,22256ea0-7450-43c0-b71a-ad52d667c5ea
32,surface.go,83,9.026417534,0,269,7/6/2017,40e1b74c-8da1-4fcb-b2cb-5c8066316c07
32,surface.go,10,6.931471806,0,269,7/13/2017,d367f9ee-66ba-4e7b-9446-2e07760ffca1
32,surface.go,17,7.454719949,0,269,7/20/2017,846a184b-a440-4ddb-be40-f860162ca765
32,surface.go,47,8.462948177,0,269,7/27/2017,dc44507f-abe4-4b21-8506-873d837f91ec
32,surface.go,72,8.895081532,1,209,8/3/2017,17b98e46-ef89-4146-a7d1-0b4d52867e04
32,surface.go,41,8.333270353,0,209,8/10/2017,b495e9d6-e560-4aac-acd8-82b21f880203
32,surface.go,25,7.847762538,0,209,8/17/2017,d755c92e-f9e5-468d-8eb6-46a9a3ee2508
32,surface.go,36,8.201934351,0,209,8/24/2017,ddb24158-f4dd-4908-9a86-cef3f8417fe3
32,surface.go,524,10.86818742,1,189,8/31/2017,1fa48947-5976-4209-8804-ee25cb44b3f1
32,surface.go,232,10.05328592,0,189,9/7/2017,3363d781-0d54-455e-b453-7cc3237bfee6
32,surface.go,172,9.753594463,0,189,9/14/2017,a1b48c44-92b4-4b02-bb4c-da547bfb95f1
32,surface.go,165,9.715711145,0,179,9/21/2017,150a4294-e1ae-4a1f-af69-e6824bd66d01
32,surface.go,479,10.77762207,1,179,9/28/2017,14686b2e-3417-496b-a915-ae56d64ccbd8
32,surface.go,109,9.30054664,0,179,10/5/2017,d134c93e-f1fb-4b34-966b-ffcfec8cc1b4
32,surface.go,23,7.742402022,0,269,10/12/2017,5fd15d4b-345d-4c3a-b3ab-270bf339e8c4
32,surface.go,1256,11.74111228,1,124,10/19/2017,6d74f065-7d5c-4b0b-a375-a373bbe3e3db
32,surface.go,29,7.98752448,0,159,10/26/2017,c8f1575d-cdc4-4f91-8781-3bca0d9fbda7
32,surface.go,452,10.71991375,1,159,11/2/2017,e7eafb94-a490-400c-814d-1d86b2f7eb4d
32,surface.go,216,9.981928979,0,129,11/9/2017,662ae7a1-b77c-4846-877e-3c1c5fb17d83
32,surface.go,435,10.68097588,0,99,11/16/2017,e570b5eb-18b0-408e-b76f-ab670ba03473
32,surface.go,186,9.832206351,1,159,11/23/2017,5374fb4e-36a0-4075-95f3-ad35782bbd13
32,surface.go,478,10.77494827,1,249,11/30/2017,2beaaaaa-ca1f-41a8-92bf-f3728df9c509
32,surface.go,94,9.156095357,0,269,12/7/2017,9f8f9e72-7fe3-40bf-9b4f-d8c6085ed9a8
32,surface.go,752,11.22875721,1,139,12/14/2017,51703868-e88f-4f94-87b9-578fdc35d08a
32,surface.go,20,7.624618986,0,269,12/21/2017,e01de6ac-1272-4cbf-a61c-4a037c2ba9c6
32,surface.go,126,9.447150114,0,269,12/28/2017,d512fd5d-bfef-443b-a5fa-1db2ac0893cd
32,surface.go,21,7.655390645,0,269,1/4/2018,0cab9cf8-fec3-4489-9a25-d062d3ed4f9f
32,surface.go,1664,12.02214981,1,99,1/11/2018,539f12cf-532d-4dce-80ea-08e509b9f981
32,surface.go,20,7.624618986,0,269,1/18/2018,0762df51-823f-4144-bdba-2277c0a34d00
32,surface.go,101,9.221478116,0,269,1/25/2018,94adbe82-880e-44a1-a530-372487ef0787
32,surface.go,790,11.27770933,1,149,2/1/2018,c4d5e9c7-1dab-4a2f-b5e5-af1feb77142c
32,surface.go,161,9.688312171,0,149,2/8/2018,e24cbaf0-c52f-40e5-9100-0e7291373f26
32,surface.go,16,7.416979621,0,269,2/15/2018,68c8342b-8203-4af0-9662-df3ef8310f41
32,surface.go,52,8.565602331,0,269,2/22/2018,1a7ea400-820b-4e51-995b-74937b832e0c
32,surface.go,212,9.964018052,1,199,3/1/2018,7c22e782-e377-4b4c-b7ea-971727c43e70
32,surface.go,897,11.40453815,1,109,3/8/2018,8e4dd8b0-23a9-41f5-8ef4-7a84459f7b5a
32,surface.go,14,7.294377299,0,269,3/15/2018,240f57a2-56f4-4c58-a6f1-85288864fe47
32,surface.go,41,8.333270353,0,269,3/22/2018,5b85b07e-b4ee-41a4-b271-54df6bd31ca6
32,surface.go,360,10.49393734,1,159,3/29/2018,d0101809-9af6-47eb-b668-8dc457f7b3b6
32,surface.go,147,9.596962392,0,159,4/5/2018,26f3464a-eb1f-4c20-affe-d355b6eee0f2
32,surface.go,29,7.98752448,0,159,4/12/2018,eb60dcfb-c4eb-483a-90b4-e9a6ef5f3cc8
32,surface.go,1413,11.85917829,1,99,4/19/2018,25d77cb5-3d91-4322-a9a1-11056c68ba05
32,surface.go,10,6.931471806,1,269,4/26/2018,758e6eff-fb44-416c-bb01-ac1c280f1269
32,surface.go,18,7.526178913,0,269,5/3/2018,9999084c-4b13-4067-a921-f8359b54a5af
32,surface.go,14,7.294377299,0,269,5/10/2018,43e13a76-de68-4a84-8d14-2acd83c1c8b0
32,surface.go,61,8.723231275,0,269,5/17/2018,b69200fd-8a38-43d4-aaef-58e2c39ec185
32,surface.go,725,11.19238957,1,159,5/24/2018,71280287-e015-4284-9cb9-974bebad8415
32,surface.go,98,9.195835686,0,159,5/31/2018,78e4bcb8-5ce7-466c-9dff-0c3d57adda40
32,surface.go,25,7.847762538,0,269,6/7/2018,d1e593d3-254c-40e7-8b16-0564f998b46d
32,surface.go,113,9.335032816,1,149,6/14/2018,ba3ee926-845b-451c-82d3-d81678d5fc28
32,surface.go,108,9.288781798,0,129,6/21/2018,0a77bb40-1874-439d-a7db-517b45e3d215
32,surface.go,26,7.896552702,0,199,6/28/2018,c6550690-10b7-437e-9f59-af6a4558eebe
32,surface.go,67,8.812843434,0,199,7/5/2018,21428a47-b9bd-401a-bf6f-76b16e2ed9c5
32,surface.go,412,10.6281334,1,159,7/12/2018,e14e094a-4ba9-4b1f-bed4-709afe69c30c
32,surface.go,135,9.510741217,0,159,7/19/2018,de9f1fb9-e73c-469f-b71d-09aae8c84fb9
32,surface.go,151,9.622714888,0,199,7/26/2018,87991ccd-510f-4823-bc29-dcccddf13572
32,surface.go,1112,11.6199486,1,99,8/2/2018,201a02b1-8e94-4fe9-9592-812d81441192
32,surface.go,299,10.30735138,0,99,8/9/2018,d1ed2cdb-b3ab-407a-913b-f2994340be74
32,surface.go,513,10.8472378,1,149,8/16/2018,4e40f076-a746-4e91-bdd3-45c647e4fe9f
32,surface.go,108,9.29468152,0,149,8/23/2018,edee9c30-f210-4985-8569-095966689478
32,surface.go,225,10.02251426,0,139,8/30/2018,2d6c5ffa-9a64-402c-b075-11a780124196
32,surface.go,238,10.07777694,0,139,9/6/2018,8a96e181-9bd6-49ef-8252-1d9fccd18f3a
32,surface.go,161,9.692272572,0,139,9/13/2018,8ca452ae-ad33-4c82-99e6-313aeae69d2e
32,surface.go,193,9.869310101,1,158,9/20/2018,6df6b32f-28f0-425c-84ac-36a30baf8bb6
32,surface.go,168,9.734832187,0,158,9/27/2018,ec16c224-a2b3-48f2-bfeb-a5dbd4e185a9
32,surface.go,198,9.895455381,0,158,10/4/2018,49c0149e-0f3c-47fc-8c71-4f301ec37c35
32,surface.go,468,10.7546636,1,158,10/11/2018,12c56781-c27a-45b8-ade5-1b5d58c183b7
32,surface.go,142,9.566054855,0,158,10/18/2018,e9e548d7-e16e-43ce-ba26-812bd60347ae
32,surface.go,68,8.831711918,0,158,10/25/2018,9d7f0d96-7f3d-4578-a186-2a58d4831dcf
32,surface.go,53,8.589699882,0,158,11/1/2018,1511c608-3e9b-4d53-a46a-31ac7f962bdd
32,surface.go,149,9.609921537,1,158,11/8/2018,6db36742-379c-409a-91f0-07a60d3af016
32,surface.go,119,9.384629757,0,158,11/15/2018,36d4bed4-bd51-46ab-967d-99be7b3cc7dd
32,surface.go,28,7.943072717,0,158,11/22/2018,afee8ed2-5248-4169-90fa-6c014644c948
32,surface.go,314,10.35532721,1,158,11/29/2018,176c7df4-3561-458f-ab62-59fc1eb4d408
32,surface.go,444,10.70279493,0,158,12/6/2018,23dd5801-04f6-4ef9-8576-eb0900291b92
32,surface.go,413,10.62968259,1,158,12/13/2018,d8b44dfa-e5ba-430d-8791-b89c8f104ce2
32,surface.go,68,8.831711918,0,158,12/20/2018,deb7b9e1-f26a-4b8c-8ded-5df90fecffdc
32,surface.go,346,10.45414909,1,158,12/27/2018,767e56e5-0bf7-4148-bb9b-f140eb058e0b
32,surface.go,128,9.462187991,0,158,1/3/2019,1bf3304f-6e70-4e60-8855-ac835bb14f03
32,surface.go,46,8.449342525,0,158,1/10/2019,d30a55bd-8a84-4612-a25a-6651d5e43ac8
32,surface.go,85,9.056722883,0,158,1/17/2019,e3a55b88-b38b-453e-829c-88419dd54529
32,surface.go,303,10.32009041,0,158,1/24/2019,9e629a95-bb5b-4f1a-8e92-420c2b604924
32,surface.go,861,11.36377559,0,158,1/31/2019,e46219b9-ed4a-49e9-8f13-f7f1f5846724
32,surface.go,112,9.329367078,0,158,2/7/2019,96605da1-ec4f-4e9f-bb18-b8850ff510bf
32,surface.go,119,9.384629757,0,158,2/14/2019,77d44ab0-9910-4066-978b-0c80b961cfa7
32,surface.go,165,9.715711145,0,158,2/21/2019,f1c9468f-481f-47e2-a39f-575c64d3391e
32,surface.go,144,9.574983486,0,158,2/28/2019,0ecd5afa-f299-4251-9c96-8fba185ec8a3
32,surface.go,816,11.30958454,1,158,3/7/2019,2dff0689-672a-47c6-9380-297d92f2cf8d
32,surface.go,154,9.64782081,0,158,3/14/2019,8f9a30a1-b380-4f5c-b285-35a480f415fb
32,surface.go,512,10.84474403,0,158,3/21/2019,eaae12f5-6d42-4f5d-b62e-1b11be57e9f0
32,surface.go,122,9.411156511,0,158,3/28/2019,3e8e0662-d7ec-4f21-99a9-e6fc1230ff50
32,surface.go,49,8.51559191,0,158,4/4/2019,732b898c-4686-4e44-9f34-3e154ae08aa9
32,surface.go,209,9.948843254,0,158,4/11/2019,ab007ca9-b806-4296-8110-c2a3af495c28
32,surface.go,1025,11.53851524,1,129,4/18/2019,c2f8b18d-e32c-41f9-8539-e67a0e11e023
32,surface.go,166,9.719564714,0,129,4/25/2019,d0b193ec-0d9a-49c5-b42a-e86566e72822
32,surface.go,122,9.416378455,0,199,5/2/2019,d0622125-5956-4917-855d-5844cf58eaf7
32,surface.go,104,9.252633284,0,199,5/9/2019,4750061e-f870-4888-8392-3b877a3dca32
32,surface.go,62,8.743850562,0,209,5/16/2019,3272e50e-bcf8-4ccf-a890-a4ce85d7d770
32,surface.go,216,9.981928979,0,169,5/23/2019,90e5d54d-0177-4746-894f-234a8a00b60d
32,surface.go,942,11.4539395,0,169,5/30/2019,e7f3f67d-ce25-44a9-987b-b1758671feba
32,surface.go,373,10.52707027,0,169,6/6/2019,dfc3e8e7-f57c-4f90-97e7-f9b470ec2f05
32,surface.go,80,8.987196821,0,209,6/13/2019,4c85d320-f586-448a-9ae6-f0de8c7c8777
32,surface.go,30,8.030084094,0,199,6/27/2019,55395a30-cd8e-4811-b34e-ab2c1ef18242
32,surface.go,133,9.496421163,0,199,7/4/2019,9a5ed118-4c7d-478c-8840-2a6c7203e88d
32,surface.go,103,9.246479419,0,129,7/11/2019,d98d38de-f995-4ef0-85f5-90501fd5cb94
32,surface.go,65,8.783855897,0,209,7/18/2019,e428b3c1-4ee5-4304-b639-3f65b64843e6
32,surface.go,98,9.195835686,0,169,7/25/2019,53a0b9ad-feb0-437f-8cb8-b73a6091eab8
32,surface.go,604,11.00900925,1,149,8/1/2019,33f17096-1f42-40cf-a117-e56f326cea4e
32,surface.go,96,9.17616292,1,199,8/8/2019,2dc7a3e5-b84a-4f8f-9588-400adc8e3ff0
32,surface.go,40,8.30201781,0,209,8/15/2019,969351d2-dede-48f1-b695-2ff99d1c82d3
32,surface.go,226,10.02818,0,189,8/22/2019,641c5c46-1377-4928-bece-f37a9d10bd74
32,surface.go,58,8.68067166,0,129,8/29/2019,68b14018-930f-4478-a78e-6ecffdbf26fe
32,surface.go,49,8.502688505,0,209,9/5/2019,584a7692-6d87-4641-a953-466626d8b540
32,surface.go,46,8.449342525,0,194,9/12/2019,e00187a5-be0e-43f1-b72f-0829f5e98d79
32,surface.go,78,8.971067439,0,194,9/19/2019,c1cf05a0-dce4-4c98-abaf-7bd672493ad5
32,surface.go,560,10.93310697,0,149,9/26/2019,7a375c5c-b8a2-4100-8e72-fb296dd07210
32,surface.go,101,9.227787286,0,194,10/3/2019,053c34d7-4560-4973-91d4-3520a35b17b0
