Notebooks/PySpark/Synapse Link for Cosmos DB samples/Retail/RetailData/RetailSales.csv
storeId,productCode,quantity,logQuantity,advertising,price,weekStarting,id
32,surface.pro7,32,8.090708716,0,317,6/15/2017,a7f1d043-eeb5-4ac1-9617-5d8c294ff986
32,surface.pro7,616,11.0289365,1,199,6/22/2017,a800756e-feb7-4b80-adb1-b422129290c6
32,surface.pro7,32,8.070906089,0,317,6/29/2017,6acdfc1d-6684-4543-985e-f41636d9f2ba
32,surface.pro7,55,8.61323038,0,317,7/6/2017,a53aa391-b922-4359-9934-7bcaa24fb31b
32,surface.pro7,525,10.86940619,1,259,7/13/2017,2b739c15-333a-421a-8299-2245416fa954
32,surface.pro7,31,8.050703382,0,317,7/20/2017,684c22bd-48c7-4920-b745-8af4625fb85b
32,surface.pro7,104,9.252633284,0,317,7/27/2017,8429fe55-48d7-4949-8cab-cf6d2571a2a1
32,surface.pro7,371,10.52191119,1,239,8/3/2017,cab45af3-88fb-420d-809a-370fdde3ab0a
32,surface.pro7,44,8.392989588,0,317,8/10/2017,6dffadff-ee7b-4fcb-a9b3-67be774a0c51
32,surface.pro7,608,11.01534507,1,199,8/17/2017,4e83f346-8ac2-466b-86e2-a9027e2650e8
32,surface.pro7,37,8.236420527,0,317,8/24/2017,6af48331-0eb2-4910-b4bd-e54f2a887f5c
32,surface.pro7,51,8.540909718,0,317,8/31/2017,d0cc9c6d-a8e9-49b2-a200-e734d4be8f3e
32,surface.pro7,53,8.589699882,0,317,9/7/2017,6ed2739a-f41a-47e2-ac0e-bcc88589901e
32,surface.pro7,439,10.69121738,1,219,9/14/2017,2c725827-2b60-4bd0-8097-51338020d02b
32,surface.pro7,37,8.219326094,0,317,9/21/2017,b84d479f-9809-4423-b9ca-1a2545f0ed51
32,surface.pro7,52,8.565602331,0,317,9/28/2017,092ab337-16b0-476e-941f-72621928183c
32,surface.pro7,129,9.467150781,0,317,10/5/2017,c7b6f328-34ae-4431-83af-f618bf0b969e
32,surface.pro7,565,10.94334015,1,199,10/12/2017,06422ae2-f8f0-47b3-90c0-55cdbb977732
32,surface.pro7,55,8.624791202,0,291,10/19/2017,22690ba9-495c-42e4-90c0-e3bd7dba2b9c
32,surface.pro7,46,8.449342525,0,317,10/26/2017,16e56116-98d7-4349-885f-673f63f597a4
32,surface.pro7,430,10.67062841,1,199,11/2/2017,025a4db1-a845-4b6b-90e3-670c7062d469
32,surface.pro7,42,8.363575703,0,317,11/9/2017,d480b4b7-4103-4c3a-a068-fff0cfc227b4
32,surface.pro7,568,10.94898032,1,199,11/16/2017,12732aac-84fc-4e76-9c4c-973f271bb5c7
32,surface.pro7,186,9.835636886,0,199,11/23/2017,964cd1cd-637a-4e9b-aaa2-975e7b274fff
32,surface.pro7,117,9.373818841,0,317,11/30/2017,e74ac08f-0a08-4763-a9c9-4d1c1af4ab7f
32,surface.pro7,563,10.93880499,1,199,12/7/2017,a3962245-1c0f-4955-b5bd-d2c435b546d8
32,surface.pro7,206,9.933434629,0,199,12/14/2017,aeeea3db-4314-4097-b748-4c364588da4e
32,surface.pro7,225,10.02251426,0,199,12/21/2017,53b277a9-9fc4-4ade-9e2c-07472476279e
32,surface.pro7,154,9.643680017,0,199,12/28/2017,be41c642-0284-4b8a-b84b-a7b75c66ab1c
32,surface.pro7,144,9.579418083,0,199,1/4/2018,5de7059f-9620-446b-b0eb-0736ea75f3d7
32,surface.pro7,77,8.954673629,0,259,1/11/2018,39ca8e09-4d4c-47c2-a863-ba0363311798
32,surface.pro7,82,9.018695488,0,259,1/18/2018,d787bc31-227e-4cd8-9eef-89827cb0adc2
32,surface.pro7,580,10.96902553,1,199,1/25/2018,141a93f9-dcd9-4bb5-9762-131b92a788b5
32,surface.pro7,99,9.208739091,0,259,2/1/2018,dc55daca-aa72-45df-b266-4722de46625b
32,surface.pro7,92,9.128696383,0,249,2/8/2018,d8588d6a-ebbd-4e6a-9a9a-8d8b4418025e
32,surface.pro7,62,8.733594062,0,249,2/15/2018,fb3d9c5a-64b8-4f0c-b2f6-00df62e870be
32,surface.pro7,133,9.496421163,0,249,2/22/2018,a68681d3-e22c-44e5-921c-a052f1ff03da
32,surface.pro7,309,10.33889974,1,199,3/1/2018,5ba9c738-3f94-46f9-9114-6788d7e46a56
32,surface.pro7,77,8.954673629,0,259,3/8/2018,9c8de8fa-f120-4223-939c-8005420fad57
32,surface.pro7,234,10.06424493,0,259,3/15/2018,70e3b2a2-302c-4487-99f5-491da29af324
32,surface.pro7,1143,11.6471766,1,169,3/22/2018,2ed98760-7e70-4bc4-b41b-88e03f470bb8
32,surface.pro7,243,10.09905434,0,169,3/29/2018,bfe265a8-c4f8-422a-b3a0-65f30645dd3e
32,surface.pro7,98,9.195835686,1,259,4/5/2018,c946d9a4-789b-47ab-b825-64a0809a91a2
32,surface.pro7,136,9.520175249,0,209,4/12/2018,bae389f0-6fb6-4a7d-aacb-800af3658b88
32,surface.pro7,156,9.656051309,0,209,4/19/2018,d6015474-0832-4386-9877-7cc8478d74ba
32,surface.pro7,114,9.346268889,0,209,4/26/2018,f158ba74-4ae9-419f-a70f-799f16be86ae
32,surface.pro7,289,10.27477521,0,209,5/3/2018,b7101067-24ac-4487-aa99-88b5441d6a54
32,surface.pro7,1667,12.02445484,1,139,5/10/2018,cc5ac640-aaf7-40af-b644-5195e9e4c912
32,surface.pro7,82,9.018695488,0,239,5/17/2018,8ae804dc-1d7a-43e1-b38a-c23f04f7703c
32,surface.pro7,80,8.987196821,0,239,5/24/2018,3639d472-8482-46a6-b605-47fff9a51a2f
32,surface.pro7,102,9.234056899,0,239,5/31/2018,a31f562e-5963-4014-bbf0-7bf1a75442da
32,surface.pro7,63,8.754002934,0,239,6/7/2018,d9c41db9-3cb8-4d59-83a4-097af94fdf7f
32,surface.pro7,273,10.21800628,1,179,6/14/2018,9e4de9cc-43f6-4422-9f40-ea5ec3554c07
32,surface.pro7,234,10.06151642,0,239,6/21/2018,8f79d24d-f1f3-472a-8cbe-d88521bcd4f5
32,surface.pro7,917,11.42710611,1,169,6/28/2018,0eec81b0-c5c1-4e84-9ecc-90927ce4281b
32,surface.pro7,218,9.99369382,0,169,7/5/2018,d00d4d1c-32cf-4154-a5c9-5250428efa00
32,surface.pro7,49,8.51559191,0,239,7/12/2018,9200f78b-9d78-4a96-ac04-dce6f7f09ae6
32,surface.pro7,60,8.712759975,0,239,7/19/2018,8f8ab4c2-f521-42bd-a2af-032252f950ab
32,surface.pro7,48,8.476371197,0,239,7/26/2018,3c19e20a-0cab-4b6d-b3bd-7562d8790b89
32,surface.pro7,42,8.348537825,0,239,8/2/2018,03997f77-15b2-4e81-ae64-d2f6d1c5a5fa
32,surface.pro7,65,8.793612072,0,239,8/9/2018,cd47b64d-79f8-4873-9451-38e058160c2d
32,surface.pro7,149,9.614204199,0,239,8/16/2018,17a2aa51-7fa3-4c8e-a3f4-0bf1726685a5
32,surface.pro7,1219,11.71164517,1,129,8/23/2018,ade341ee-cf7e-46a9-b763-52aca92708dc
32,surface.pro7,50,8.528330936,0,239,8/30/2018,cde38bff-966d-40eb-9ad0-4e221f274084
32,surface.pro7,74,8.921057018,0,239,9/6/2018,c2517688-2359-408f-8a06-629160436e4c
32,surface.pro7,445,10.70423274,1,199,9/13/2018,e7442ea3-4e53-4ac1-8aab-8b84ec820f53
32,surface.pro7,104,9.252633284,0,199,9/20/2018,76571f09-059d-4234-9800-fd000d6056d6
32,surface.pro7,193,9.869310101,0,189,9/27/2018,6222f109-286b-4ffb-aa48-b40016851245
32,surface.pro7,154,9.643680017,0,179,10/4/2018,41c5f72f-e992-40fb-a0c9-92b6b8593091
32,surface.pro7,103,9.246479419,0,179,10/11/2018,9f9ccea8-e391-4d61-b273-04d2e5c4cb3e
32,surface.pro7,1946,12.17882477,1,169,10/18/2018,cf34afd8-06a9-4fa7-b29c-cb20a8fc9535
32,surface.pro7,94,9.156095357,0,239,10/25/2018,9ec0bb8f-3129-408f-a04d-dc2d9949ab64
32,surface.pro7,309,10.34096799,0,149,11/1/2018,eef14ab1-f927-48e0-b323-7efa7dd8461a
32,surface.pro7,53,8.577723691,0,239,11/8/2018,34537e5c-5faa-4f5e-8a11-bd3be12f0ca2
32,surface.pro7,106,9.276876896,0,239,11/15/2018,d7effb53-cf3d-41db-b3cc-2c519baf2e1b
32,surface.pro7,154,9.64782081,0,199,11/22/2018,324b1f34-47a8-460b-96e7-741b9c977017
32,surface.pro7,131,9.486759252,0,199,11/29/2018,5880f607-b63a-4299-8db3-ace9f9cf7663
32,surface.pro7,101,9.227787286,0,199,12/6/2018,1b2f6680-ba6d-4ea2-8836-3f727720f171
32,surface.pro7,66,8.803273983,0,239,12/13/2018,ce56ae72-b130-4679-aeb8-8e225ab2a840
32,surface.pro7,71,8.877381955,0,239,12/20/2018,8a72f7c2-6342-4fc4-ad4a-6bcf39410717
32,surface.pro7,245,10.10952564,1,199,12/27/2018,fec15dde-36d9-4be3-90a7-59330c5d11fc
32,surface.pro7,204,9.924074186,0,199,1/3/2019,99158150-b95b-44b3-9115-41627c3488bd
32,surface.pro7,80,8.99516499,0,199,1/10/2019,10521d03-5661-4b54-92a8-e83058fed7c4
32,surface.pro7,392,10.57887801,1,249,1/17/2019,e29762ba-3106-4795-880c-7e98664f4088
32,surface.pro7,231,10.0505273,1,249,1/24/2019,f486064a-c049-4940-abba-8f848f1d9b2b
32,surface.pro7,78,8.971067439,0,249,1/31/2019,4a154dd8-c26c-4090-99c4-dc73ca323d3c
32,surface.pro7,53,8.589699882,0,279,2/7/2019,0ad734ac-4364-434f-8155-23229108b105
32,surface.pro7,101,9.227787286,0,199,2/14/2019,f40c13a5-9f9e-4487-91b6-10f65fedafae
32,surface.pro7,1383,11.83767208,1,199,2/21/2019,06fb8339-c9e5-40ff-a869-8f68f1ad241f
32,surface.pro7,97,9.182763604,0,199,2/28/2019,75279e40-5f5d-4798-a5f6-168deb27c510
32,surface.pro7,88,9.093357017,0,279,3/7/2019,8f4471e7-a656-436d-a4ae-554c4ddcbdd6
32,surface.pro7,206,9.936535407,1,199,3/14/2019,acddcc16-ea5f-4121-88b5-6f627ba2389b
32,surface.pro7,108,9.288781798,0,199,3/21/2019,955426a4-590f-4353-9a9d-f1c198deb3b8
32,surface.pro7,85,9.049232212,0,279,3/28/2019,87670078-7ffd-4816-8afd-38a726178199
32,surface.pro7,296,10.29876764,1,199,4/4/2019,e0293b6f-c8b7-4370-8aac-bbbf8b3f2f00
32,surface.pro7,144,9.579418083,0,199,4/11/2019,c0fa7383-4455-49b2-ba5d-4ddcd9a71f12
32,surface.pro7,67,8.812843434,0,279,4/18/2019,52e6a0ab-69e8-4330-bcf3-64e1e9687184
32,surface.pro7,421,10.64808802,1,209,4/25/2019,c2cbdd0e-2c6a-4818-93d5-fb87e887c989
32,surface.pro7,62,8.743850562,0,279,5/2/2019,1274f449-61b3-4748-a23f-a1002f32674b
32,surface.pro7,78,8.962904128,0,279,5/9/2019,1d3eadf5-1955-4f86-b189-3944c67b4382
32,surface.pro7,81,9.010913347,0,279,5/16/2019,1938237b-3c55-4313-b7bc-dcf8b0ac8792
32,surface.pro7,433,10.67655436,1,209,5/23/2019,fc8dc798-46a5-4044-93ed-778779bd997b
32,surface.pro7,58,8.66974259,0,279,5/30/2019,19abf56a-940f-493a-8bc3-558c23948590
32,surface.pro7,39,8.286017468,0,289,6/6/2019,1edb6c0a-ce5d-43f6-982b-9bd0cb33d730
32,surface.pro7,54,8.60153434,0,289,6/13/2019,7ed38ad5-ab42-400f-ae60-2f204ed6783f
32,surface.pro7,47,8.462948177,0,289,6/27/2019,f18fdcd5-eb78-4e8f-90cb-37976b67a8f7
32,surface.pro7,284,10.25470765,1,200,7/4/2019,2984c0b8-d4b7-4cbf-94ff-64f3986a52ec
32,surface.pro7,88,9.086136769,1,219,7/11/2019,648ec8a2-d7f1-4732-8019-d4d2e62e5370
32,surface.pro7,101,9.227787286,0,289,7/18/2019,98b6ed9c-aa7b-4b8c-baac-bdd8baba0841
32,surface.pro7,584,10.97561896,1,229,7/25/2019,6a276e38-6727-412e-a48d-f4880eb5ce04
32,surface.pro7,65,8.793612072,0,289,8/1/2019,d64d5c2f-3c1b-4b85-b3f7-4d0e3a41ae47
32,surface.pro7,55,8.624791202,1,281,8/8/2019,784d2cfe-351a-4978-a792-c0ab7f58ead5
32,surface.pro7,826,11.32205547,1,199,8/15/2019,04026f13-6758-4f49-897d-45f620cc1631
32,surface.pro7,427,10.66317126,1,199,8/22/2019,6568cdfc-c37f-4979-b258-17893a2fdf4a
32,surface.pro7,259,10.16523624,0,169,8/29/2019,9cd0e3b7-4f5e-4042-8c29-4e3546434626
32,surface.pro7,234,10.06424493,0,169,9/5/2019,0757aa39-a302-4130-82bb-e61fc9eb67cc
32,surface.pro7,423,10.65263692,1,199,9/12/2019,4cc044e3-d2ef-4e7b-b368-88276707d9a9
32,surface.pro7,78,8.971067439,0,289,9/19/2019,7689c08b-83af-449b-9fd7-dd75193feab6
32,surface.pro7,64,8.7740036,0,269,9/26/2019,901a6cb1-2de3-4089-b7b3-a81a50790f2a
32,surface.pro7,674,11.11923081,1,219,10/3/2019,6a7355cb-86b1-4c2e-b1d6-cbe7326ebb1b
