Notebooks/PySpark/Synapse Link for Cosmos DB samples/Retail/RetailData/RetailSales.csv
storeId,productCode,quantity,logQuantity,advertising,price,weekStarting,id
32,surface.laptop3,101,9.221478116,0,387,6/15/2017,9084f482-65d6-4a85-bb27-553a6d401802
32,surface.laptop3,104,9.252633284,0,387,6/22/2017,37056333-64fa-4128-b605-6d59dba961df
32,surface.laptop3,122,9.416378455,0,387,6/29/2017,df278f1a-b28a-45a4-88c6-92aff0e6cf92
32,surface.laptop3,93,9.142489705,0,387,7/6/2017,833be452-4f70-4d44-89a0-9c916738a2d2
32,surface.laptop3,96,9.169518378,0,387,7/13/2017,100f93c5-6822-411f-8d66-1861f8631b43
32,surface.laptop3,107,9.282847063,0,387,7/20/2017,5d861401-fe15-4407-baeb-7997dda8424a
32,surface.laptop3,93,9.142489705,0,387,7/27/2017,5e18860b-29ff-4c7f-98d6-daff0a60a669
32,surface.laptop3,88,9.086136769,0,387,8/3/2017,094d8275-a26b-4079-b5ae-1f3c5a22430a
32,surface.laptop3,118,9.379238908,0,387,8/10/2017,e42e61ef-8410-419a-9bc5-d17d37aca8ed
32,surface.laptop3,92,9.128696383,0,387,8/17/2017,a0cf6beb-17ad-42fd-91ba-c2ef0efa4d7f
32,surface.laptop3,110,9.312174678,0,387,8/24/2017,5412ed07-816d-4f63-85ca-df9a9647ba81
32,surface.laptop3,92,9.135616826,0,387,8/31/2017,fa1f293a-a863-4c22-8d00-bd8cd240a51f
32,surface.laptop3,174,9.768354879,0,329,9/7/2017,0c44d701-76b6-4573-a0d6-a9961a1ba705
32,surface.laptop3,115,9.357380115,0,329,9/14/2017,f14814ea-41b1-4392-a7fb-d0460167552e
32,surface.laptop3,130,9.477003077,0,329,9/21/2017,02bbf2d3-7657-4b30-aa95-65728438b167
32,surface.laptop3,88,9.093357017,0,387,9/28/2017,54068c34-bc25-4dea-99ac-05307674af87
32,surface.laptop3,196,9.885730831,1,329,10/5/2017,a6ef2755-1e56-45f3-a364-487bb37c593b
32,surface.laptop3,123,9.421573272,0,329,10/12/2017,00f58430-d18a-45e5-99c8-8c681585ba16
32,surface.laptop3,79,8.979164649,0,356,10/19/2017,029522ec-e21a-48f4-970b-703e781e6ac1
32,surface.laptop3,88,9.093357017,0,356,10/26/2017,148c197c-13d9-48f1-8f2a-1e4538ddcb90
32,surface.laptop3,96,9.17616292,0,356,11/2/2017,540c7dfc-7ded-42bb-b3c9-20c0d9814f23
32,surface.laptop3,102,9.234056899,0,356,11/9/2017,fb3bacf2-00ca-4e7e-86c4-90528d5c2d44
32,surface.laptop3,138,9.538780437,0,387,11/16/2017,9c8af39f-a75b-4e58-8284-fc64dc00f704
32,surface.laptop3,257,10.15533517,0,299,11/23/2017,46e85739-4ee1-4b3b-9087-a0877c191e6a
32,surface.laptop3,183,9.814874894,0,299,11/30/2017,c728424d-cdc2-4b1a-a35f-e67f9dcb7886
32,surface.laptop3,83,9.026417534,0,359,12/7/2017,a9f6dae4-89d3-4df7-95d4-bdffad1b7a28
32,surface.laptop3,96,9.169518378,0,359,12/14/2017,b8b70e2f-e829-4a7f-b527-bd1fe6f1e41e
32,surface.laptop3,465,10.74918413,0,239,12/21/2017,a08c7c3a-94dc-49ad-99f3-8a9c5e77bd66
32,surface.laptop3,179,9.797237753,0,239,12/28/2017,32bc3780-029c-4adb-8654-636fde35a3b5
32,surface.laptop3,158,9.66827142,0,359,1/4/2018,3ff2f3e1-c902-4dc3-a4e9-778c56136c38
32,surface.laptop3,264,10.18233068,0,259,1/11/2018,bac390f9-cbf2-4417-8f95-381d2494eede
32,surface.laptop3,154,9.64782081,0,259,1/18/2018,18ec7eb0-b5aa-462e-bc2e-414a1d8b0206
32,surface.laptop3,85,9.049232212,0,359,1/25/2018,1b83c24a-c03e-4c75-9fda-dd80256393f0
32,surface.laptop3,109,9.30054664,0,359,2/1/2018,5a38a0f1-b1c5-4254-9335-7e8e4e5e91df
32,surface.laptop3,426,10.66017275,0,249,2/8/2018,42fdc0d0-54af-40a6-9ef6-172319449ca1
32,surface.laptop3,107,9.282847063,0,359,2/15/2018,7fd7593c-d297-4e68-a3fd-d0bf346225e5
32,surface.laptop3,65,8.793612072,0,359,2/22/2018,ae408257-c820-49db-9d2e-9dcdfb9bf82b
32,surface.laptop3,96,9.17616292,0,359,3/1/2018,1db4ec6a-379c-4c0f-b3cc-a3cbdfcc3793
32,surface.laptop3,72,8.895081532,0,359,3/8/2018,644664b3-7cbc-4a8f-8e7c-0be209cd9c92
32,surface.laptop3,95,9.162829389,0,359,3/15/2018,d73cb602-d309-40aa-9b1a-9b9204601b74
32,surface.laptop3,74,8.921057018,0,359,3/22/2018,9f918b68-3b06-4855-b104-7d3117e9093a
32,surface.laptop3,675,11.12017913,1,169,3/29/2018,8e1a4640-b8bd-42cf-b626-80b22e61dafe
32,surface.laptop3,145,9.588228712,0,359,4/5/2018,eb1a55ef-270d-4a5d-83c0-65d53d7f7247
32,surface.laptop3,817,11.31193472,1,199,4/12/2018,4d03c225-2a14-4130-a44a-e9d702dc6678
32,surface.laptop3,213,9.970024076,0,359,4/19/2018,519bd0dc-e3bd-4e1f-8934-94a6f9a3c124
32,surface.laptop3,869,11.37265139,1,199,4/26/2018,b2b9b40b-7d76-41f7-a4ff-a64f18114e00
32,surface.laptop3,262,10.17504024,0,199,5/3/2018,0ef10c79-3eb4-49e0-8dff-11dd1e7f11de
32,surface.laptop3,93,9.142489705,0,359,5/10/2018,413e1ab1-b7de-4916-9ac9-e50ca15ebefa
32,surface.laptop3,428,10.6661608,1,229,5/17/2018,b815f40c-525f-46cd-9f4e-b2ad430fcc67
32,surface.laptop3,90,9.114710141,0,359,5/24/2018,a857dbdc-a727-4ae5-9b17-1549bbcf4d7c
32,surface.laptop3,88,9.086136769,0,359,5/31/2018,565670eb-b98f-4724-ab05-ae250b6e44cb
32,surface.laptop3,926,11.43682166,0,199,6/7/2018,2d91eb00-deae-4f03-9b12-f52266057250
32,surface.laptop3,151,9.626943225,0,199,6/14/2018,654df688-fe94-47e0-a3bc-c2a6af9fe1ab
32,surface.laptop3,90,9.107642974,0,359,6/21/2018,8e42efac-3f81-4731-b2a7-58e24f6bff03
32,surface.laptop3,329,10.40304998,0,359,6/28/2018,ab9d20d4-7d43-49ed-b561-354d6a9639c8
32,surface.laptop3,563,10.93994071,0,199,7/5/2018,cbe5a71e-c98a-4101-8c0d-fa060b46dfbd
32,surface.laptop3,361,10.49570882,0,199,7/12/2018,368691c2-bfa8-4cf9-8655-bcb3f370d621
32,surface.laptop3,295,10.29228113,0,199,7/19/2018,b2639591-dcec-4cc5-9473-df7e0de08cb4
32,surface.laptop3,167,9.723403491,1,359,7/26/2018,7fdb5e28-ea46-4c9f-95aa-7c25cfeaf101
32,surface.laptop3,423,10.65263692,0,219,8/2/2018,07e66167-69cb-4a8b-81f4-22ba6ac4e847
32,surface.laptop3,229,10.04220547,0,219,8/9/2018,b80396be-5c27-4704-abb9-94a4fef49f69
32,surface.laptop3,81,9.010913347,0,359,8/16/2018,bfe92f5d-2edb-4561-806f-d513e94fba71
32,surface.laptop3,99,9.2023082,0,359,8/23/2018,6ad0cf7e-b3cb-482f-9863-43f013311c5b
32,surface.laptop3,82,9.018695488,0,359,8/30/2018,968525ce-64ca-4f5a-9ec5-48f9d852ebcb
32,surface.laptop3,867,11.37043982,1,199,9/6/2018,573554e2-8d23-4b8e-b02e-be4323917265
32,surface.laptop3,88,9.093357017,0,359,9/13/2018,903d7ffa-7cb7-49bb-8285-d48079d406b5
32,surface.laptop3,146,9.592605087,1,249,9/20/2018,fd373b7d-2950-48f2-9178-f395de060f9d
32,surface.laptop3,108,9.288781798,0,359,9/27/2018,1cba7d86-9c1a-4bab-850c-17af37ce12c4
32,surface.laptop3,80,8.987196821,0,319,10/4/2018,88f59d1b-0ecb-47d0-b956-b6fb69c8c5d5
32,surface.laptop3,120,9.400630098,0,307,10/11/2018,ca76bbfc-cc1d-47ff-ad62-13ee6e22bad1
32,surface.laptop3,101,9.221478116,0,307,10/18/2018,5593b498-2871-4584-abbc-6b44b8e43d60
32,surface.laptop3,117,9.373818841,0,307,10/25/2018,65993849-4ae3-485e-9562-be289bb57a08
32,surface.laptop3,132,9.491601877,0,307,11/1/2018,1bf0ecd1-771b-435f-b995-4bc3925cef66
32,surface.laptop3,122,9.416378455,0,307,11/8/2018,66c96d24-71f9-4274-9e46-c1ea92abb2af
32,surface.laptop3,129,9.467150781,0,319,11/15/2018,2ca808bf-e289-4a0e-a39d-bf07ee322906
32,surface.laptop3,1003,11.51643928,1,199,11/22/2018,6d887e4d-db69-4cda-bfb4-82569e743fa2
32,surface.laptop3,163,9.700146629,0,319,11/29/2018,5854eced-a833-4d63-8ab0-1a9e5b3be5f7
32,surface.laptop3,83,9.034080407,0,319,12/6/2018,2a271e36-4535-4f8f-a0c0-687186eed0c6
32,surface.laptop3,89,9.100525506,0,319,12/13/2018,b464f79d-38e3-4dd2-8341-2674ba6b5ba6
32,surface.laptop3,137,9.529521112,0,319,12/20/2018,450f607b-193c-47f3-bdd3-93cf2ee1ed22
32,surface.laptop3,309,10.34096799,0,239,12/27/2018,d1049121-27de-4454-9402-62da7080a8b7
32,surface.laptop3,179,9.797237753,0,239,1/3/2019,cda2de91-3a7b-475a-95d0-9db4ba5d6df8
32,surface.laptop3,202,9.917784857,0,229,1/10/2019,9400d20c-4551-4a96-8870-af08f124d578
32,surface.laptop3,144,9.579418083,0,229,1/17/2019,0fd31124-b9ef-49da-a639-de637e14930c
32,surface.laptop3,80,8.99516499,0,319,1/24/2019,c547f710-f1da-4c58-b1af-94e21ca5770c
32,surface.laptop3,104,9.258749511,0,319,1/31/2019,68a9bf10-09c7-40dc-a0b2-bb9d92bfbe64
32,surface.laptop3,103,9.246479419,0,319,2/7/2019,6b6b5b67-d059-4fd2-bc65-95a79b0dd4b4
32,surface.laptop3,385,10.56080028,1,199,2/14/2019,23ad1bdf-6fb3-46bc-a0ce-87cfce6b8e86
32,surface.laptop3,102,9.234056899,0,319,2/21/2019,20629604-83f2-47a7-a746-c6c6d20ac992
32,surface.laptop3,876,11.3814491,1,199,2/28/2019,31c994ae-a268-4a62-af5c-d6d1f65d330d
32,surface.laptop3,156,9.656051309,0,179,3/7/2019,c6a25dc5-706c-46ee-9729-3a7056aa65e2
32,surface.laptop3,646,11.07658869,0,179,3/14/2019,03b1344c-c5d9-4598-8060-f9b749eed4d2
32,surface.laptop3,204,9.927204079,0,179,3/21/2019,95b8fa39-4ee6-4b07-a22c-bfe185e0b5cd
32,surface.laptop3,155,9.651944527,0,319,3/28/2019,fdc7e301-af32-425e-8886-d2720a17abbc
32,surface.laptop3,364,10.50276352,1,250,4/4/2019,244b9fd8-28f5-41cf-8f9b-cfd3ecb0ef4e
32,surface.laptop3,311,10.34714721,0,250,4/11/2019,742bf97a-8f98-4740-bb78-6eb5c3c83348
32,surface.laptop3,89,9.100525506,0,319,4/18/2019,5c84b34f-e467-4180-bac7-fe0699aba119
32,surface.laptop3,115,9.351839934,0,319,4/25/2019,fef49820-63c9-4054-b0af-e2eee5f0ca70
32,surface.laptop3,332,10.4127119,1,239,5/2/2019,4dd114db-26a7-4f53-8f46-9502d5bb314b
32,surface.laptop3,150,9.618468598,0,319,5/9/2019,f375fe9a-012b-4496-a02e-3b02e44fc11e
32,surface.laptop3,115,9.351839934,0,319,5/16/2019,3190e9ad-cfab-496e-98e6-1082f3c86788
32,surface.laptop3,108,9.288781798,0,319,5/23/2019,0f05d426-4d1c-4728-a49f-fe82ecc77fec
32,surface.laptop3,100,9.215128889,0,319,5/30/2019,b5fb81ae-490d-42cf-8aee-37219c4542ea
32,surface.laptop3,988,11.50101481,1,249,6/6/2019,9235309a-164a-4a0f-8b6c-15c685be954b
32,surface.laptop3,586,10.97889945,0,249,6/13/2019,d22594db-896c-4d25-b3c9-117e77b411b3
32,surface.laptop3,115,9.351839934,1,319,6/27/2019,8244c3ab-f394-4e44-8a0f-8d6487631efb
32,surface.laptop3,175,9.77201119,0,269,7/4/2019,ff3e4661-7d17-4165-a79b-c948663d3703
32,surface.laptop3,154,9.643680017,0,319,7/11/2019,5ffb6978-55ad-450f-bb77-84ca12d4d870
32,surface.laptop3,128,9.462187991,0,319,7/18/2019,0627f6dd-1470-4871-b32d-1af3a0d3a23f
32,surface.laptop3,88,9.093357017,0,319,7/25/2019,f174ae11-0b51-4ef2-b7e5-fd021013477b
32,surface.laptop3,99,9.2023082,0,319,8/1/2019,ab8b1e0e-3d17-414f-8a48-d4ef28f8ffa2
32,surface.laptop3,97,9.189321005,1,309,8/8/2019,38f20d9f-ea1d-4969-93b7-2f8350cce4e6
32,surface.laptop3,69,8.841014311,0,319,8/15/2019,67b7a6f4-3aeb-4bbf-98b6-a770d92ba57c
32,surface.laptop3,250,10.13014492,1,279,8/22/2019,f42fbc70-9cf5-4024-b890-d475fdf92b51
32,surface.laptop3,136,9.524859098,0,319,8/29/2019,4836f9b3-42ed-4c2a-a350-099757cad1b3
32,surface.laptop3,421,10.64960662,1,249,9/5/2019,5679bdc1-5395-4e94-9314-b97c62992f40
32,surface.laptop3,149,9.609921537,0,249,9/12/2019,30130ed7-8428-447f-9b83-ea3a01ba9f6f
32,surface.laptop3,128,9.45720045,0,319,9/19/2019,4ea29c18-e584-4dc5-a3ad-6e1681e8185c
32,surface.laptop3,194,9.875910785,1,279,9/26/2019,5e315d42-d775-435a-b1a2-7bf5575f73af
32,surface.laptop3,96,9.169518378,0,297,10/3/2019,9b2c3312-792b-4e60-8d88-c01538011015
