Notebooks/PySpark/Synapse Link for Cosmos DB samples/Retail/RetailData/RetailSales.csv
storeId,productCode,quantity,logQuantity,advertising,price,weekStarting,id
33,surface.go,19,7.560080465,1,159,6/15/2017,d3954d52-9979-4d5b-aa46-941929707809
33,surface.go,17,7.491087594,0,269,6/22/2017,539f1f39-c03b-4ae6-b2e5-28618c5202b8
33,surface.go,33,8.110126802,0,269,6/29/2017,b7f3a3bb-72db-4efe-b76a-6f3203ff3a72
33,surface.go,33,8.110126802,0,269,7/6/2017,e828faba-5fea-4229-98a3-4855999be53e
33,surface.go,16,7.416979621,0,269,7/13/2017,80881b49-cad0-4145-a8a1-70ae36f822fe
33,surface.go,10,6.992096427,0,269,7/20/2017,dfbdd43b-e996-44e9-8ce5-529d5b614b90
33,surface.go,40,8.30201781,0,269,7/27/2017,d1ab2a3f-3b19-428a-8e9f-85a25480f104
33,surface.go,55,8.61323038,1,209,8/3/2017,b32edda5-5677-40ce-9d2c-d8a1a26f5b1e
33,surface.go,28,7.943072717,0,209,8/10/2017,3cb9aa23-2c26-4f37-96aa-e5b1ba4ad211
33,surface.go,15,7.336936914,0,209,8/17/2017,4794a0e6-44f5-46b4-a4a8-7f3d480e0dbf
33,surface.go,16,7.416979621,0,209,8/24/2017,ac8e08e0-846b-4ae1-bacd-e09f78de77de
33,surface.go,175,9.77201119,1,189,8/31/2017,d4f973b3-b3c7-46f3-b765-7f84a674d8b1
33,surface.go,79,8.979164649,0,189,9/7/2017,0985e1b3-a2a5-401b-a744-1b943d56cc37
33,surface.go,31,8.050703382,0,189,9/14/2017,16b438ad-9abf-432a-939f-020cbc453c4f
33,surface.go,17,7.491087594,0,179,9/21/2017,cb51b512-1031-4852-8d69-f5b7f85dcaea
33,surface.go,112,9.323669057,1,179,9/28/2017,0d6836ca-a3d7-43cc-91bc-6a5b864fc5e1
33,surface.go,27,7.920083199,0,179,10/5/2017,388cf6e4-9b6e-4396-ae78-3ca1813dc2c0
33,surface.go,19,7.592870288,0,269,10/12/2017,e0be6bdc-96c9-4e1f-8897-e06f3ef62b71
33,surface.go,396,10.58698836,1,124,10/19/2017,ab669163-62d3-409e-8bd9-15cfd780ada5
33,surface.go,23,7.769800996,0,159,10/26/2017,d58274f5-22c1-4008-a9aa-7601911c1f03
33,surface.go,154,9.643680017,1,159,11/2/2017,7a93c44a-b558-4b42-ab7e-6b92387ed013
33,surface.go,211,9.961001459,0,129,11/9/2017,0862c33f-38d9-48a8-92a6-259b87f7d361
33,surface.go,225,10.02535114,0,99,11/16/2017,25b6c9e4-86c0-4b21-afbb-e7d571ea1731
33,surface.go,126,9.442086812,1,159,11/23/2017,4ee46a44-7f21-46d1-be1c-eb9930827a9c
33,surface.go,112,9.329367078,1,249,11/30/2017,e07852b4-6029-4f28-a854-3a9502039d40
33,surface.go,76,8.938006577,0,269,12/7/2017,6a559988-9197-46af-bc0b-9c50f7a95bed
33,surface.go,369,10.51845695,1,139,12/14/2017,96c4463d-7bf2-4319-9960-c56ed46d4da1
33,surface.go,14,7.249925537,0,269,12/28/2017,81137f0b-53c9-4e20-8f11-af5d703687b2
33,surface.go,23,7.742402022,0,269,1/4/2018,cc4ecb85-b47e-4293-8825-e9bf57722b82
33,surface.go,778,11.26302718,1,99,1/11/2018,3d20b5fd-784f-4b6e-8f0e-ecdb5951c2fc
33,surface.go,7,6.556778356,0,269,1/18/2018,86467191-d61e-4bcd-88ae-923ca14e7c33
33,surface.go,69,8.850230966,0,269,1/25/2018,b86f0c2e-28c2-4b16-89ae-e0ef7c1e8b3c
33,surface.go,368,10.51325312,1,149,2/1/2018,08ec8e3c-8fb8-44f4-a5b2-fdfecb98dc19
33,surface.go,103,9.246479419,0,149,2/8/2018,213aedf3-b452-45d5-82fb-979ce2a28ad5
33,surface.go,12,7.103322063,0,269,2/15/2018,83344bb3-ba56-4a5d-aa86-26a185ccd9af
33,surface.go,21,7.685243608,0,269,2/22/2018,216973eb-eea6-465c-bc5d-dd4a52fbcf0e
33,surface.go,72,8.886270902,1,199,3/1/2018,421c1c7f-413b-41de-af1a-3aef50e457d4
33,surface.go,330,10.40498985,1,109,3/8/2018,e07657ed-bca1-4ef6-8640-f5fd8856cc44
33,surface.go,10,6.931471806,0,269,3/15/2018,71a910bb-fe1c-47c3-91c8-2797d6a25f5c
33,surface.go,26,7.896552702,0,269,3/22/2018,6276c246-466f-4516-a91e-0ac56b26151c
33,surface.go,123,9.421573272,1,159,3/29/2018,c0763358-47ac-4423-910e-c6e744bd14b1
33,surface.go,138,9.538780437,0,159,4/5/2018,f36e97b5-a70b-4dd9-8138-efb47d03567c
33,surface.go,121,9.405907156,0,159,4/12/2018,a520fa51-d0e2-49aa-81c7-9ab5c3eca617
33,surface.go,713,11.17549277,1,99,4/19/2018,77d0e93a-f119-41dd-92e7-ca81d7a6684d
33,surface.go,6,6.461468176,1,269,4/26/2018,849591ac-21a0-4c68-90e8-536c41bee808
33,surface.go,1,5.257495372,0,269,5/3/2018,53f3e5d0-e070-4421-b4de-160be3728585
33,surface.go,6,6.461468176,0,269,5/10/2018,a771ab49-112b-4412-869c-ff4b46941c26
33,surface.go,44,8.407378325,0,269,5/17/2018,078c91e0-efe1-48e1-947d-4b16fd88b354
33,surface.go,190,9.852615222,1,159,5/24/2018,0a2cba2d-6d91-4f7a-81ed-01233395cc9e
33,surface.go,81,9.00307017,0,159,5/31/2018,11cac024-0974-4402-b8ab-2d4639f1e097
33,surface.go,8,6.723832441,0,239,6/7/2018,ecfa60b8-63ca-4332-bc47-17c9606d4fe5
33,surface.go,98,9.195835686,1,149,6/14/2018,13f06136-285f-427b-a891-08b85648bda4
33,surface.go,46,8.435549202,0,129,6/21/2018,1de1111c-52df-4e9c-b4a4-73088fb9ea3b
33,surface.go,14,7.294377299,0,199,6/28/2018,d050d9ba-9f91-4ac2-9c64-63965951a92e
33,surface.go,44,8.392989588,0,199,7/5/2018,268dd1af-ea0d-4372-ac9a-8c760a0532f0
33,surface.go,231,10.0505273,1,159,7/12/2018,b979c4ea-de5a-4357-9408-f5c57152bdbd
33,surface.go,155,9.651944527,0,159,7/19/2018,a6377327-92c9-4c0b-a0dc-f1345841b44b
33,surface.go,23,7.742402022,0,199,7/26/2018,571c8ff8-aecd-4e21-9b31-99d57ec025a8
33,surface.go,615,11.02789753,1,99,8/2/2018,333ab6bf-e7e0-4539-9668-8b13becee72d
33,surface.go,154,9.643680017,0,99,8/9/2018,bf02d896-9f7c-4f9b-b113-00ce50b3d542
33,surface.go,301,10.31374118,1,149,8/16/2018,35c73675-2236-4171-af37-634a8b1223f4
33,surface.go,116,9.36288977,0,149,8/23/2018,8aac2d84-8ad1-4cef-8a4e-83ab7930697f
33,surface.go,154,9.643680017,0,139,9/6/2018,b55ff846-ca57-4a8b-a4b8-afa0dda72f1a
33,surface.go,83,9.034080407,0,139,9/13/2018,001e1f57-c984-4a44-9afb-0b00614231dc
33,surface.go,163,9.704060528,1,159,9/20/2018,90648063-d266-45fd-ba1e-216228dc65c2
33,surface.go,123,9.421573272,0,159,9/27/2018,b9a41627-2545-4509-b584-914c2b310180
33,surface.go,150,9.618468598,0,155,10/4/2018,d1c89df0-e710-4011-bb67-e66696891f3a
33,surface.go,74,8.912473275,0,156,10/18/2018,bacdf0eb-86df-40f2-9b77-2b1f563a1cac
33,surface.go,45,8.42156296,0,199,10/25/2018,14d795f1-ec46-4575-9028-cf9b7c226c4f
33,surface.go,44,8.407378325,0,183,11/1/2018,f4803303-527a-4157-891b-f168fead9c85
33,surface.go,102,9.234056899,1,169,11/8/2018,98868e0c-8e10-4c2c-91bd-8cbe71e8653d
33,surface.go,78,8.971067439,0,176,11/15/2018,71722717-a9d4-434d-a0ff-f3ed29e4eb94
33,surface.go,30,8.009030685,0,199,11/22/2018,f1de5caf-59f9-4905-8593-de405470b656
33,surface.go,184,9.825309772,1,150,11/29/2018,f3f807a0-956a-4f72-8442-2311c8b20a29
33,surface.go,180,9.800790154,0,159,12/6/2018,1ad15f96-9692-4023-ba85-3cbb49148240
33,surface.go,156,9.656051309,1,159,12/13/2018,dc8e028f-b208-488d-b3a4-fb7a38779336
33,surface.go,160,9.684336023,1,169,12/27/2018,a8bd6947-3a5c-4c57-91f7-c3769743f9ae
33,surface.go,114,9.346268889,0,169,1/3/2019,c17fbcd2-0258-42cc-9f21-3227e6273388
33,surface.go,60,8.702177866,0,176,1/10/2019,99371a29-1759-4784-baae-94dd12b1960f
33,surface.go,58,8.66974259,0,180,1/17/2019,de9956d8-59aa-4ef9-8dd7-e05546841ddf
33,surface.go,186,9.835636886,0,147,1/24/2019,7c318f2c-1146-496e-b305-0cb597bb7e31
33,surface.go,463,10.74367448,0,129,1/31/2019,7253944c-216f-42f7-b914-cb3096f409b3
33,surface.go,147,9.596962392,0,141,2/7/2019,8ac992bb-9329-4de7-97b1-e410ac7a6ad8
33,surface.go,53,8.577723691,0,176,2/14/2019,276e4430-a580-459c-b6d6-60cf2d231561
33,surface.go,128,9.462187991,0,169,2/21/2019,addd847a-01ef-43aa-9250-18241aad70d6
33,surface.go,62,8.743850562,0,159,2/28/2019,9472043d-35d9-47fe-9fed-46670785b541
33,surface.go,429,10.66765222,1,139,3/7/2019,3f8cd200-8f21-4f4a-a730-12f35d510d17
33,surface.go,202,9.917784857,0,146,3/14/2019,e459e4c7-695e-47d3-8953-019253239e7b
33,surface.go,285,10.25920204,0,159,3/21/2019,9b6cbd84-a087-4eca-8527-e4ed6ee2f4a2
33,surface.go,83,9.026417534,0,171,3/28/2019,7ed419fd-744b-4c00-bd5a-3b93b13505ad
33,surface.go,45,8.42156296,0,199,4/4/2019,af8dc951-8583-42dc-85ff-384355b2f1c9
33,surface.go,83,9.034080407,0,149,4/11/2019,d57fd4f1-7a35-45cc-b4b6-37b3502bd32e
33,surface.go,492,10.8052736,1,129,4/18/2019,cbc977df-d8aa-4434-81ca-5600680aac21
33,surface.go,42,8.363575703,0,149,4/25/2019,86388a41-929f-4ac2-9272-27b2bca0b6d6
33,surface.go,89,9.100525506,0,199,5/2/2019,80cb1af9-92ab-4214-9f51-34f996c4beaf
33,surface.go,98,9.195835686,0,199,5/9/2019,ca38ae21-f88b-49c7-b649-66793d49bf5c
33,surface.go,56,8.636219898,0,209,5/16/2019,74be7d4d-1b5d-4bd8-9949-47a138a79103
33,surface.go,209,9.951896692,0,169,5/23/2019,ebbf5aba-65a1-4f61-a29b-1334c7d2f230
33,surface.go,543,10.90294227,0,169,5/30/2019,b3c55726-631a-4eb8-bd4d-40fba2441699
33,surface.go,212,9.964018052,0,176,6/6/2019,5b08db31-724a-4255-8b2f-e931cdc410e9
33,surface.go,76,8.946374826,0,209,6/13/2019,182112ef-6901-4088-a9a2-d776a7485608
33,surface.go,54,8.60153434,0,204,6/20/2019,e2905077-3208-4047-bfe5-53daaecb1e1f
33,surface.go,34,8.14786713,0,199,6/27/2019,06b31bc1-0996-4de9-973f-8bde259181cb
33,surface.go,62,8.743850562,0,172,7/4/2019,c211ec50-799c-4881-862d-1dfeb36b8464
33,surface.go,65,8.783855897,0,140,7/11/2019,4d1790d6-5316-4a3d-96b8-0c4366725c60
33,surface.go,60,8.712759975,0,193,7/18/2019,abd19329-ad4a-453e-89f0-ccd78c61ad59
33,surface.go,101,9.227787286,0,169,7/25/2019,61d98725-8eb6-49f6-bf4e-5fbd25f4bd57
33,surface.go,234,10.06151642,1,149,8/1/2019,c41b7ccc-3438-4637-ab21-21caf4d8cca0
33,surface.go,57,8.658692754,1,199,8/8/2019,94df86bb-7acc-4635-bd8b-8e687618e349
33,surface.go,72,8.886270902,0,201,8/15/2019,4935e8b8-9221-433b-abc7-b999789f642b
33,surface.go,144,9.574983486,0,134,8/22/2019,069e94df-7336-46fa-be56-9ed35574471e
33,surface.go,131,9.481893063,0,132,8/29/2019,f82e40d4-b0c7-4c5e-bbe7-5d572014a652
33,surface.go,33,8.110126802,0,212,9/5/2019,0559b570-fa47-4668-ba1d-40e6fed95da0
33,surface.go,24,7.82244473,0,224,9/12/2019,302f50de-711a-4575-b206-c503e7e0a6ce
33,surface.go,51,8.540909718,0,197,9/19/2019,ff1244a7-1308-4da7-89da-12f4627aadb3
33,surface.go,298,10.30521234,0,149,9/26/2019,617b61db-4752-4127-8bb8-2a746121d789
33,surface.go,69,8.850230966,0,170,10/3/2019,60c1dfff-dc8b-4221-a161-ea20b68ec91c
