Notebooks/PySpark/Synapse Link for Cosmos DB samples/Retail/RetailData/RetailSales.csv
storeId,productCode,quantity,logQuantity,advertising,price,weekStarting,id
33,surface.pro7,37,8.236420527,0,317,6/15/2017,706c46be-ee9e-4e54-814c-ac056de83e7a
33,surface.pro7,311,10.34714721,1,199,6/22/2017,4fdaeba9-3fec-4400-8f3f-1daaaee47455
33,surface.pro7,46,8.435549202,0,317,6/29/2017,d9e0ba2b-f86c-4beb-bbae-e591721e07e7
33,surface.pro7,43,8.378390789,0,317,7/6/2017,9c4ad381-990b-4bec-b001-ad057df05ceb
33,surface.pro7,234,10.06424493,1,259,7/13/2017,594112e0-917e-43dd-a989-5091c98ccbec
33,surface.pro7,35,8.184234774,0,317,7/20/2017,cb5dbd8b-afe1-40e1-bed7-451ac9db90da
33,surface.pro7,71,8.868413285,0,317,7/27/2017,8eed5d41-9e0f-4f6f-a921-dacc6d3d06eb
33,surface.pro7,180,9.800790154,1,239,8/3/2017,7f77a938-e5da-4121-bc91-a9528c402901
33,surface.pro7,29,7.98752448,0,317,8/10/2017,3d64c141-0e5b-4c6b-bfab-7cbea36486fe
33,surface.pro7,261,10.17015026,1,199,8/17/2017,5999e68d-a199-432a-8161-4c612a4e23c2
33,surface.pro7,35,8.166216269,0,317,8/24/2017,77b7ee8a-e2f6-4ff7-b16c-a4fa4f631699
33,surface.pro7,37,8.236420527,0,317,8/31/2017,1ae43ea1-5a9a-4146-a447-42ed085a5bc7
33,surface.pro7,33,8.129174997,0,317,9/7/2017,28a80717-b127-41af-ac31-ae3991872553
33,surface.pro7,232,10.05603695,1,219,9/14/2017,79a1fa14-fb23-4c08-805e-af1b3e22c405
33,surface.pro7,53,8.577723691,0,317,9/21/2017,bd6ffb52-2839-4fe8-b480-a0c819fd5344
33,surface.pro7,47,8.462948177,0,317,9/28/2017,1e7fe20e-5008-4997-906c-ae1797095474
33,surface.pro7,90,9.114710141,0,317,10/5/2017,513add63-a649-4a56-8da7-38800ab70354
33,surface.pro7,291,10.2791805,1,199,10/12/2017,f856614c-3803-42ed-aba4-c82844dacfbb
33,surface.pro7,60,8.712759975,0,291,10/19/2017,45b599a3-ea0e-434e-bb67-4e19ef60424c
33,surface.pro7,31,8.050703382,0,317,10/26/2017,ecfa728b-7f56-44dd-90b7-d9d3422f6170
33,surface.pro7,251,10.1326927,1,199,11/2/2017,a4a3e86e-4bf3-4a25-92ff-9e7c9225d902
33,surface.pro7,33,8.110126802,0,317,11/9/2017,287635b6-9fd5-4d01-8c9a-4d83f453c0ba
33,surface.pro7,210,9.954940834,1,199,11/16/2017,6519454e-1375-4e01-a566-ef17446aa5b3
33,surface.pro7,30,8.030084094,0,199,11/23/2017,c1c1f79a-f27f-4d74-986f-cce706fedc6e
33,surface.pro7,104,9.252633284,0,317,11/30/2017,afc708ca-0726-4709-8ea6-c4dc207e2785
33,surface.pro7,286,10.26367632,1,199,12/7/2017,12e79717-f120-4a43-96eb-13b098203161
33,surface.pro7,100,9.215128889,0,199,12/14/2017,40e6891a-6dbc-4ec9-b1af-6b11afa7ff44
33,surface.pro7,107,9.282847063,0,199,12/28/2017,8618fdc6-25c2-48e0-8473-34643419c03d
33,surface.pro7,96,9.17616292,0,199,1/4/2018,09f26fd9-dd0b-42f4-8935-ef1c7b4f9832
33,surface.pro7,62,8.733594062,0,259,1/11/2018,f34e606e-80a5-4b20-9f17-68c0cd501026
33,surface.pro7,72,8.886270902,0,259,1/18/2018,8d7e2093-e373-4e22-b96a-38f1c46ac294
33,surface.pro7,312,10.34919849,1,199,1/25/2018,784262f3-c7f7-4a12-b860-577797fc721c
33,surface.pro7,58,8.68067166,0,259,2/1/2018,2ae10bb1-22a9-4461-a8db-188a9d27e61c
33,surface.pro7,81,9.00307017,0,249,2/8/2018,6a72092f-64b3-47eb-a4fe-95593a20b2d4
33,surface.pro7,86,9.064157862,0,249,2/15/2018,37175512-4ae6-4d26-a941-bfe6a773a0e6
33,surface.pro7,90,9.114710141,0,249,2/22/2018,91896547-c46d-44bb-a1ab-7044870b60fa
33,surface.pro7,248,10.11988842,1,199,3/1/2018,3fdc61a1-b37f-4cef-a851-292696fbdaf6
33,surface.pro7,47,8.462948177,0,259,3/8/2018,5956f6e7-5ae0-4acc-84f1-93c0119c5173
33,surface.pro7,37,8.219326094,0,259,3/15/2018,bd506614-f485-40d7-9acb-7d06a772fc22
33,surface.pro7,478,10.77494827,1,169,3/22/2018,a3c308d4-788d-4bf3-8170-7e49af79c42d
33,surface.pro7,129,9.472089062,0,169,3/29/2018,301702e8-2def-4eed-a9c7-6dc3dc8f8388
33,surface.pro7,48,8.476371197,1,259,4/5/2018,732f0e52-0e5c-42e3-bd5e-90153b4c5724
33,surface.pro7,76,8.938006577,0,209,4/12/2018,86cae5e8-ba4f-43ae-bac2-88b20c0915b0
33,surface.pro7,129,9.472089062,0,209,4/19/2018,ee9ef176-ae58-4b96-8944-aa949fb7d2e7
33,surface.pro7,99,9.208739091,0,209,4/26/2018,fb86adf3-8b40-47bf-9247-6a8dbdb0550e
33,surface.pro7,170,9.746131742,0,209,5/3/2018,44f49879-c2fb-43bd-af50-ee867c5dce3a
33,surface.pro7,935,11.44644372,1,139,5/10/2018,ee12d990-ba94-4d46-900e-f1904e7f099b
33,surface.pro7,74,8.912473275,0,239,5/17/2018,404de698-710a-42ec-a616-85d570462cb7
33,surface.pro7,83,9.026417534,0,239,5/24/2018,bd244de9-ba27-4204-b1b9-f962a743da8c
33,surface.pro7,94,9.156095357,0,239,5/31/2018,10e847b5-6068-43ce-a2bf-ebe63f06bd0f
33,surface.pro7,51,8.540909718,0,239,6/7/2018,cc10b6f3-53f9-49b6-a4e6-3864c3547c92
33,surface.pro7,200,9.908276069,1,179,6/14/2018,54691965-60ac-4914-81f7-c0db907f612d
33,surface.pro7,190,9.852615222,0,239,6/21/2018,84c3ce37-072f-4fa2-8fa7-3490fc69dc08
33,surface.pro7,510,10.84099168,1,169,6/28/2018,401d6c9e-4791-4a3f-b2ec-12abaae91c29
33,surface.pro7,195,9.882468185,0,169,7/5/2018,93084750-dcee-41a1-b4a7-0ea40481890c
33,surface.pro7,52,8.565602331,0,239,7/12/2018,e5539fd3-58fb-4d00-97f2-575124bcc6dd
33,surface.pro7,71,8.877381955,0,239,7/19/2018,b5433fed-a9b1-42b8-b59c-39c27ea29e21
33,surface.pro7,44,8.392989588,0,239,7/26/2018,9cbf952a-eeba-4b4e-8bd8-a5b51f59c476
33,surface.pro7,48,8.489616424,0,239,8/2/2018,b19cd8b6-6e7c-48fa-b0a5-2fc5587413f9
33,surface.pro7,60,8.712759975,0,239,8/9/2018,5a136ebe-cea2-4c45-92a8-6cd5eef3d2ae
33,surface.pro7,85,9.056722883,0,239,8/16/2018,1569a087-f3c5-44b2-a28a-3812e0c5edb9
33,surface.pro7,554,10.92392206,1,129,8/23/2018,611b50b3-f977-44d8-b9cb-58e0d7a2d6a7
33,surface.pro7,60,8.712759975,0,239,9/6/2018,0b04b84f-71f8-405f-9d20-79fe45ba02e3
33,surface.pro7,228,10.03661887,1,199,9/13/2018,26e0eedb-e00b-47e2-9627-b165e9c7dc41
33,surface.pro7,111,9.317938383,0,194,9/20/2018,0112c6d4-4bde-4d12-9ad1-c284d9ec4b68
33,surface.pro7,90,9.107642974,0,186,9/27/2018,22aa06ff-23f0-4350-bb46-9ccd914b9aec
33,surface.pro7,128,9.45720045,0,179,10/4/2018,7e4e6848-f420-4d25-8c4f-9147508f84f8
33,surface.pro7,999,11.51260541,1,169,10/18/2018,557e9b1e-ab8d-4474-bceb-bf0ce20986a9
33,surface.pro7,56,8.636219898,0,239,10/25/2018,a8582805-6bbb-49d2-9b2c-98c0f65c88b9
33,surface.pro7,224,10.01966931,0,149,11/1/2018,9bbc04e5-0f13-4eeb-afa4-47f22bb5b587
33,surface.pro7,58,8.66974259,0,231,11/8/2018,6e18bcc7-81f6-451e-b733-01a1c36d993f
33,surface.pro7,93,9.142489705,0,215,11/15/2018,845fa4c4-4dcf-4bf4-aefd-cef4c3f959b6
33,surface.pro7,127,9.452187908,0,199,11/22/2018,9e53f5b0-7b5d-481e-8931-816bb33e8174
33,surface.pro7,108,9.288781798,0,199,11/29/2018,c2d703ee-8d55-4fe5-a3ac-2ca4c28a69da
33,surface.pro7,85,9.056722883,0,204,12/6/2018,6a952a04-ea64-47d2-a75a-20e8c8e11606
33,surface.pro7,46,8.435549202,0,239,12/13/2018,c2e0e562-099b-41a2-92c0-034ddb547f7d
33,surface.pro7,224,10.01681624,1,199,12/27/2018,4abd441e-4493-4210-9224-585734fcd257
33,surface.pro7,145,9.588228712,0,199,1/3/2019,a2e83989-c55e-4767-9bed-266ac976434b
33,surface.pro7,90,9.114710141,0,208,1/10/2019,d586e1dc-0972-4674-aea4-f58fb5aea613
33,surface.pro7,77,8.954673629,1,249,1/17/2019,29bcbc7f-2fc7-44af-ada2-c28d2f25cc12
33,surface.pro7,84,9.041685006,1,249,1/24/2019,4f31408a-988b-4f33-81ad-27f328cf2c8c
33,surface.pro7,56,8.636219898,0,257,1/31/2019,f22a2c8d-88f6-4865-965f-e68214a113ea
33,surface.pro7,74,8.921057018,0,227,2/7/2019,ca56192b-6ea0-48d6-97d2-a6f9346a7a3a
33,surface.pro7,103,9.246479419,0,199,2/14/2019,86bdabaa-21c6-4f60-81da-4551d9e1e9b9
33,surface.pro7,845,11.34502739,1,199,2/21/2019,503648f1-ba1f-4372-9c86-86d6cc530254
33,surface.pro7,81,9.010913347,0,216,2/28/2019,2d712568-8d17-4f18-abef-e9d2060322c7
33,surface.pro7,64,8.7740036,0,232,3/7/2019,dd3a618e-9d67-42c6-a8da-27a995383e4f
33,surface.pro7,218,9.99369382,1,199,3/14/2019,ca297a66-5148-4b24-921d-87994ed9c492
33,surface.pro7,99,9.2023082,0,216,3/21/2019,5a983055-450c-42e7-879c-99395f3fe7de
33,surface.pro7,89,9.100525506,0,224,3/28/2019,6205c99d-2cd0-4bc5-9a1b-f6bfd2b1d08b
33,surface.pro7,261,10.17015026,1,199,4/4/2019,ffbaac86-0f3f-4219-a171-9b37f5e84dd9
33,surface.pro7,142,9.566054855,0,212,4/11/2019,16a7f92b-1976-4c56-be7c-7d5ab848dd4f
33,surface.pro7,53,8.577723691,0,278,4/18/2019,05b5f553-5597-405a-b0ec-dfae291c0e78
33,surface.pro7,294,10.29010957,1,209,4/25/2019,14496318-9c07-414b-942a-74176c79a240
33,surface.pro7,47,8.462948177,0,279,5/2/2019,633f4584-9e3d-418a-9757-eaf1552440e0
33,surface.pro7,60,8.712759975,0,279,5/9/2019,adb4583d-b56b-4700-b7e1-13f9b0983456
33,surface.pro7,49,8.502688505,0,279,5/16/2019,f4323fe0-6d43-41c3-99cc-84dc4f849bea
33,surface.pro7,193,9.869310101,1,209,5/23/2019,b9ac93bc-20ef-4eae-abf5-5cec060d3c84
33,surface.pro7,55,8.624791202,0,283,5/30/2019,648ca303-e9f4-4434-a9fb-5598c3cf8cbc
33,surface.pro7,40,8.30201781,0,289,6/6/2019,93b0a75d-8648-4cfd-8e02-88d53ac1bb4e
33,surface.pro7,54,8.60153434,0,289,6/13/2019,0f8d5b63-2c46-43bf-87c3-debb93aac0e0
33,surface.pro7,55,8.624791202,0,289,6/20/2019,a4373b7f-d23e-4edc-86dd-904ae594cc1f
33,surface.pro7,60,8.712759975,0,242,6/27/2019,19d27367-c5a5-4c05-ab82-e1ab55686b6e
33,surface.pro7,216,9.981928979,1,199,7/4/2019,5cbf620d-63e4-40b7-bb98-30ee94da28e8
33,surface.pro7,72,8.886270902,1,237,7/11/2019,9437b4a8-c2f1-4177-a4c4-28cab1574891
33,surface.pro7,62,8.743850562,0,289,7/18/2019,ed580ea3-f055-46da-8b00-922b758b46b4
33,surface.pro7,330,10.40692596,1,229,7/25/2019,efda401a-9d20-44a3-b1c9-28919574489d
33,surface.pro7,71,8.868413285,0,287,8/1/2019,9dff953f-00fc-40a7-bb7a-9936a5db8410
33,surface.pro7,46,8.435549202,1,281,8/8/2019,6d0adffe-228e-4637-91a0-ab860b2448e0
33,surface.pro7,494,10.80786763,1,199,8/15/2019,cfd62cbf-7de8-4f49-9345-ad63919ce696
33,surface.pro7,341,10.43927892,1,194,8/22/2019,0cb1a7e6-3a42-4205-8d75-ec7bff091d22
33,surface.pro7,170,9.746131742,0,169,8/29/2019,18e257c4-bd0a-477a-a636-41879ef436f7
33,surface.pro7,165,9.715711145,0,174,9/5/2019,6d368245-dffa-4777-bffc-b5f2e490562f
33,surface.pro7,334,10.41655067,1,199,9/12/2019,7fa060e0-1dbf-4749-8667-d14a51527d7f
33,surface.pro7,126,9.447150114,0,184,9/19/2019,91e97e15-24d4-4a74-bc02-77d03586d3cd
33,surface.pro7,66,8.803273983,0,273,9/26/2019,a8e7b8e1-b3ca-4490-a6ca-763ffaecb9c8
33,surface.pro7,487,10.79482964,1,219,10/3/2019,fe2d98e4-5bff-4ba2-91a4-b587b5006a6a
