Notebooks/PySpark/Synapse Link for Cosmos DB samples/Retail/RetailData/RetailSales.csv
storeId,productCode,quantity,logQuantity,advertising,price,weekStarting,id
33,surface.laptop3,89,9.100525506,0,387,6/15/2017,ab4aaebf-ee06-4c1b-8e0b-82db17a2831d
33,surface.laptop3,78,8.962904128,0,387,6/22/2017,155a1115-4149-4cda-aef1-4325e6d5414c
33,surface.laptop3,119,9.3899917,0,387,6/29/2017,93443117-d648-40ac-a13e-73e288129b3a
33,surface.laptop3,83,9.026417534,0,387,7/6/2017,8243c003-6e48-4ede-9e7f-8deaebf709f3
33,surface.laptop3,85,9.056722883,0,387,7/13/2017,64a565f9-bb34-49c4-92b8-d97de68c58f6
33,surface.laptop3,88,9.086136769,0,387,7/20/2017,60ab7835-ece8-4d89-b87a-be819556a562
33,surface.laptop3,87,9.078864009,0,387,7/27/2017,1473b06e-6fb7-44ae-9af4-b352e6fc7962
33,surface.laptop3,76,8.938006577,0,387,8/3/2017,4b5ac760-c6dc-415d-8d34-6f766334bf34
33,surface.laptop3,97,9.182763604,0,387,8/10/2017,0a600f27-26d7-47a5-bda5-791056969f26
33,surface.laptop3,88,9.086136769,0,387,8/17/2017,c713f7fb-b77a-46b5-93c4-9575a2970be7
33,surface.laptop3,78,8.962904128,0,387,8/24/2017,3f74fb88-87ae-4cc9-88b7-d2c34c6008ca
33,surface.laptop3,72,8.886270902,0,387,8/31/2017,6d401843-8f3f-4c20-8fa3-54f45e865b09
33,surface.laptop3,145,9.588228712,0,329,9/7/2017,3f63f7dc-ce7e-46ae-8907-6f10576b9798
33,surface.laptop3,113,9.340666634,0,329,9/14/2017,99b4ab76-3ed8-4919-995e-30a94df8669d
33,surface.laptop3,54,8.60153434,0,329,9/21/2017,8d5f56cf-fb05-4632-a784-6d79bf6ea289
33,surface.laptop3,93,9.142489705,0,387,9/28/2017,ee96211a-ed1f-430b-b98f-c36591111abb
33,surface.laptop3,136,9.520175249,1,299,10/5/2017,079c042f-2265-46f6-8cbb-be06842d4fd0
33,surface.laptop3,76,8.938006577,0,299,10/12/2017,56c9fd00-fe0c-493f-a1f2-a85cd0f4ae9b
33,surface.laptop3,70,8.859363449,0,299,10/19/2017,3cc0a6fb-14ad-443d-9ed7-d5fd2826048d
33,surface.laptop3,84,9.041685006,0,387,10/26/2017,f19df1bd-bbc5-4fc5-934c-751b8b3c43de
33,surface.laptop3,66,8.803273983,0,387,11/2/2017,33565a12-d435-40d7-8257-17bc6e7c9769
33,surface.laptop3,63,8.754002934,0,387,11/9/2017,84723d18-e320-490c-9a04-2b40790aeef1
33,surface.laptop3,96,9.169518378,0,387,11/16/2017,abec939b-dac9-49f2-a108-07768073b46b
33,surface.laptop3,162,9.69621735,0,299,11/23/2017,8b20b1f7-4c57-4b4c-8984-02325dc27407
33,surface.laptop3,113,9.335032816,0,299,11/30/2017,e7deacd6-d330-46e8-9767-6589c37ce141
33,surface.laptop3,93,9.142489705,0,359,12/7/2017,ca9ff3d6-8d00-4ee8-aed4-43c06ba948a9
33,surface.laptop3,87,9.078864009,0,359,12/14/2017,1e36212b-d2f0-42f9-bc68-c2e785363de3
33,surface.laptop3,133,9.501217335,0,239,12/28/2017,3c477caa-6a7a-42e3-86d0-717aaf78884f
33,surface.laptop3,142,9.566054855,0,359,1/4/2018,ea24a1af-1734-4701-960b-7f8816355467
33,surface.laptop3,266,10.19196931,0,259,1/11/2018,c2470c49-2d6b-4d3e-a125-cee2f19a0790
33,surface.laptop3,154,9.643680017,0,259,1/18/2018,b9fad9d5-4350-46e4-9ef1-05311aa125e0
33,surface.laptop3,70,8.859363449,0,359,1/25/2018,92f24ba6-81ef-40cb-9c7c-8e45ed55b80a
33,surface.laptop3,90,9.114710141,0,359,2/1/2018,1e5096e2-4948-4f71-aa51-b68d9835cc0b
33,surface.laptop3,318,10.36747311,0,249,2/8/2018,98a33b8a-4db5-43c6-ae54-679baa4371b0
33,surface.laptop3,97,9.182763604,0,359,2/15/2018,ae2ac81f-0bbb-48a4-bf4a-2c068d8df2b3
33,surface.laptop3,85,9.049232212,0,359,2/22/2018,bcefbd95-abba-4018-861a-4bf9663747dc
33,surface.laptop3,71,8.877381955,0,359,3/1/2018,299816cb-a4f1-4fb6-b58a-eb283e89507d
33,surface.laptop3,88,9.086136769,0,359,3/8/2018,a177821e-11ba-4498-bd5d-6fc10f2cec54
33,surface.laptop3,85,9.056722883,0,359,3/15/2018,3c7358a6-d60a-4503-afc7-789c7ea73c0d
33,surface.laptop3,244,10.10430369,0,199,3/22/2018,81595a88-85e8-4f56-a37e-77d1816900ee
33,surface.laptop3,680,11.12867375,1,169,3/29/2018,0b5de662-5924-4e60-92df-71fb821d4edb
33,surface.laptop3,67,8.822322178,0,359,4/5/2018,75d01ce0-fbf4-49a8-b3ac-9ce5b9a1707f
33,surface.laptop3,460,10.7381343,1,179,4/12/2018,64729f3e-a994-4b22-a4bc-9c17e5298a73
33,surface.laptop3,174,9.76468515,0,359,4/19/2018,07b16b15-a695-4bb6-9a5d-e10816916a17
33,surface.laptop3,556,10.9273763,1,199,4/26/2018,f1123a89-1750-43d3-90a4-215f4d289787
33,surface.laptop3,263,10.17990643,0,199,5/3/2018,1ea18a05-491d-4255-bc97-b0b8e11c893d
33,surface.laptop3,88,9.093357017,0,359,5/10/2018,9ccd55db-6d9d-49d3-a200-46898195455c
33,surface.laptop3,257,10.15781965,1,229,5/17/2018,3c8d4eff-43ac-44d6-9fa6-3eacd53828cc
33,surface.laptop3,70,8.859363449,0,359,5/24/2018,34660e66-a00b-48b0-a778-2577da615b11
33,surface.laptop3,82,9.018695488,0,359,5/31/2018,845c4035-709d-4175-8213-ce323d7c5e49
33,surface.laptop3,569,10.95010455,0,199,6/7/2018,8b67cdc2-bfc7-4601-8ebf-41248b5ab2de
33,surface.laptop3,141,9.557045785,0,199,6/14/2018,a028d143-7f12-4563-9ed7-dc28185daf13
33,surface.laptop3,65,8.783855897,0,359,6/21/2018,789a0a0d-b566-474d-926c-ab9689f57870
33,surface.laptop3,159,9.67633598,0,359,6/28/2018,21dbced7-368a-4213-b61a-25bd25ccb32c
33,surface.laptop3,579,10.96792239,0,199,7/5/2018,ac50d453-e0b6-40a7-af72-17578586c8b6
33,surface.laptop3,325,10.38936453,0,199,7/12/2018,8590a1b6-bc25-41a6-b532-d3b99a794093
33,surface.laptop3,255,10.1478445,0,199,7/19/2018,ca866315-8b71-4a7a-aa9c-ab4c6dcd147e
33,surface.laptop3,97,9.189321005,1,359,7/26/2018,6b98957c-6020-4364-97a6-a1de248e0576
33,surface.laptop3,394,10.58213005,0,219,8/2/2018,b80cbb42-3769-4bbc-bdcb-0520d7725c12
33,surface.laptop3,169,9.738612909,0,219,8/9/2018,80e5681c-4766-4630-977c-b58963634ff7
33,surface.laptop3,70,8.859363449,0,359,8/16/2018,50ccaf8f-b442-43fa-8ee7-289c40d7f704
33,surface.laptop3,72,8.895081532,0,359,8/23/2018,95e0859d-1b7a-4dd4-a7fe-f6106a40a05b
33,surface.laptop3,414,10.63277378,1,199,9/6/2018,d4844e46-3991-4161-8dd8-220fe2926a48
33,surface.laptop3,125,9.436997743,0,359,9/13/2018,2dc14a3f-0942-46f8-9dc0-94034a7b3aaa
33,surface.laptop3,120,9.400630098,1,273,9/20/2018,ea08f15f-0bb5-49df-92e2-8d9049a2e694
33,surface.laptop3,87,9.071537969,0,341,9/27/2018,3c5b69f5-50b2-490c-ab1b-8de9467cbb9a
33,surface.laptop3,93,9.142489705,0,314,10/4/2018,5366df09-9e99-4404-a32c-3744eece9b90
33,surface.laptop3,118,9.379238908,0,307,10/18/2018,305daae0-4eb9-44fc-b83d-9b2dee672ee2
33,surface.laptop3,120,9.395325046,0,307,10/25/2018,421b94e0-9a1c-441b-ac94-5e9c7f167e2f
33,surface.laptop3,114,9.346268889,0,307,11/1/2018,bfc63242-fe31-4e72-a7a6-3cf0ffc613f1
33,surface.laptop3,108,9.29468152,0,312,11/8/2018,6a7b68e5-3caa-4f19-b141-70de4f1fe556
33,surface.laptop3,113,9.335032816,0,319,11/15/2018,ad780f6f-34fb-41d8-bc35-1d7542de870a
33,surface.laptop3,616,11.02997438,1,199,11/22/2018,62a0efe5-7d63-409b-a2eb-ca8d1b863733
33,surface.laptop3,136,9.520175249,0,284,11/29/2018,81ea7cb6-d023-40bb-8da1-d21ec45561ea
33,surface.laptop3,107,9.282847063,0,319,12/6/2018,36439a1b-8e3e-498c-a80c-1aca9cc7e3c1
33,surface.laptop3,80,8.987196821,0,319,12/13/2018,d6856cc2-5f65-493c-886c-9f260a0bc2ef
33,surface.laptop3,264,10.18233068,0,239,12/27/2018,b38122de-b626-4134-a908-4327357621b5
33,surface.laptop3,205,9.930324207,0,234,1/3/2019,136c9da7-2d3f-4e96-9080-a74c06bc8afe
33,surface.laptop3,198,9.895455381,0,229,1/10/2019,da7e46fc-9a08-4ea9-8239-551b0e5611e3
33,surface.laptop3,145,9.588228712,0,252,1/17/2019,7fd2654c-bf8d-4861-8c1a-19d7e882b6e8
33,surface.laptop3,102,9.234056899,0,319,1/24/2019,6bb28634-8ea8-4dcc-979a-a5df0796234f
33,surface.laptop3,94,9.156095357,0,319,1/31/2019,d3ff9cb4-5293-4c30-95c4-fbd9024cbb48
33,surface.laptop3,101,9.227787286,0,318,2/7/2019,cf0f05b9-e6b5-4d44-99c2-bb566a080753
33,surface.laptop3,385,10.56080028,1,199,2/14/2019,0fee1d51-8654-4d3d-aef9-8906992fafe7
33,surface.laptop3,87,9.078864009,0,317,2/21/2019,739ee521-2a67-4d3c-ac8e-0d2c9fd61a96
33,surface.laptop3,766,11.24729186,1,199,2/28/2019,06e473b4-9aa2-48d3-a05c-2cd4059f770f
33,surface.laptop3,330,10.40692596,0,179,3/7/2019,39f04bb4-950b-4ab5-8f4d-f7af18f8547e
33,surface.laptop3,497,10.81560961,0,179,3/14/2019,ec46010b-af22-4386-accc-fb0132a58db1
33,surface.laptop3,243,10.10168246,0,196,3/21/2019,463e7674-889e-4ee4-83da-8b1f5ab87373
33,surface.laptop3,148,9.605620455,0,287,3/28/2019,482502b8-b161-488c-9eca-5401424223df
33,surface.laptop3,312,10.34919849,1,250,4/4/2019,3410ac96-d836-4773-a12d-48bdb5aa1248
33,surface.laptop3,213,9.970024076,0,263,4/11/2019,508b98db-a703-45ef-b7d6-df61cd859e63
33,surface.laptop3,82,9.018695488,0,319,4/18/2019,e1112ac4-7a79-4682-9f58-57b20f041000
33,surface.laptop3,107,9.282847063,0,282,4/25/2019,852ef9cf-6674-4f3f-b716-a876d7c4bfd4
33,surface.laptop3,371,10.52191119,1,239,5/2/2019,2db10eaf-72d7-44bb-8ae2-9d8988193140
33,surface.laptop3,117,9.368369236,0,319,5/9/2019,de08ad8b-8ee6-45ea-860a-00a9f9a1333e
33,surface.laptop3,119,9.384629757,0,319,5/16/2019,441de28c-7619-44ab-9d5f-c30bd90752a1
33,surface.laptop3,62,8.743850562,0,319,5/23/2019,ef625b91-57da-44c7-86b9-00cfa6a8a0cd
33,surface.laptop3,106,9.270870872,0,319,5/30/2019,bfc3a881-fcd4-481f-ae1d-e3ab16df9fa7
33,surface.laptop3,693,11.14637333,1,249,6/6/2019,8ffadc07-868c-4d1e-a2d2-b119acb4ceb6
33,surface.laptop3,323,10.38541975,0,232,6/13/2019,5d11f4f0-c598-43ed-bc91-4a2c82b40dcf
33,surface.laptop3,449,10.71423998,1,199,6/20/2019,9616737f-c6a6-420a-b236-4037f662ef32
33,surface.laptop3,96,9.17616292,1,312,6/27/2019,896ae7db-4404-4a5a-863b-b21b2ebc38d6
33,surface.laptop3,280,10.24110199,0,269,7/4/2019,74d19903-9d47-4d64-b84a-28f2d7563394
33,surface.laptop3,106,9.270870872,0,319,7/11/2019,f042a398-f77e-4022-86f5-b576cd0a5e34
33,surface.laptop3,85,9.056722883,0,319,7/18/2019,a88be590-415d-48ad-9cc9-2425e881e1f9
33,surface.laptop3,91,9.121727714,0,319,7/25/2019,a08a23ab-05e5-4678-b23d-8e7f72a7f374
33,surface.laptop3,110,9.30637756,0,317,8/1/2019,887b3f72-f074-43fa-82ae-49703251962c
33,surface.laptop3,87,9.078864009,1,309,8/8/2019,1bcd2f31-a6d2-41d4-bfa8-df54da403c3d
33,surface.laptop3,110,9.30637756,0,319,8/15/2019,54ecd8a3-e388-4a6a-80df-a9a4ef823320
33,surface.laptop3,238,10.0804615,1,279,8/22/2019,813e57ff-350b-47ff-b44a-c04d31cdec76
33,surface.laptop3,168,9.731037116,0,279,8/29/2019,016d3e58-8e40-4736-996b-e717dadc3510
33,surface.laptop3,368,10.51325312,1,249,9/5/2019,58bdb53a-504b-4ec6-9fa8-2e1ccf9b96a4
33,surface.laptop3,171,9.749870064,0,265,9/12/2019,d7a946d6-85ac-4d6c-997c-1fab29e28440
33,surface.laptop3,104,9.252633284,0,324,9/19/2019,29c6d19e-b503-436f-987d-d4644c1a462f
33,surface.laptop3,279,10.23881628,1,279,9/26/2019,167d193a-2561-4f52-954b-51f5a11dd639
33,surface.laptop3,86,9.064157862,0,303,10/3/2019,1c576f55-7ea3-4123-9688-c3a17295d3f3
