Notebooks/PySpark/Synapse Link for Cosmos DB samples/Retail/RetailData/RetailSales.csv
storeId,productCode,quantity,logQuantity,advertising,price,weekStarting,id
40,surface.go,85,9.056722883,1,159,6/15/2017,24c9f33e-5bd8-41fb-8722-dd27ffa7b8b0
40,surface.go,78,8.962904128,0,185,6/22/2017,1ef8d8d0-9112-465a-9169-f76fd736a384
40,surface.go,63,8.754002934,0,185,6/29/2017,a7e842c9-fae6-4f17-82a5-4784ba05d70d
40,surface.go,127,9.452187908,0,185,7/6/2017,2a58f731-b79e-4537-8444-e4938178b066
40,surface.go,103,9.246479419,0,185,8/24/2017,2f4f0923-5a3f-46a8-ab7d-50b5a839940f
40,surface.go,298,10.30521234,1,185,8/31/2017,ebf9297e-8a43-48b3-bc00-60024f625224
40,surface.go,158,9.67231183,0,185,9/7/2017,0eaf0dfc-e0b2-4ede-80e6-566597c8bdce
40,surface.go,136,9.520175249,0,185,9/14/2017,ddc766be-5bbb-4255-bf31-ba76f2b94361
40,surface.go,162,9.69621735,0,179,9/21/2017,cd02813e-5a90-4677-b443-df5d09347aaf
40,surface.go,443,10.69991308,1,179,9/28/2017,837d7aef-92ad-4ce3-9989-f074e686d387
40,surface.go,138,9.534161491,0,179,10/5/2017,1e1e0675-b96f-4f3e-84ea-73eb4ce1aadc
40,surface.go,108,9.29468152,0,185,10/12/2017,0fde966c-e604-417d-9d9b-954117663ed3
40,surface.go,1518,11.93079334,1,92,10/19/2017,d4a59b6a-9bc5-48f9-8f82-26599f7cc748
40,surface.go,97,9.182763604,0,159,10/26/2017,9c32ba86-9830-4e74-8993-9905a6e351ab
40,surface.go,410,10.62347139,1,159,11/2/2017,f7bb5b53-4a52-451a-a048-4104d8ed7f06
40,surface.go,733,11.20291598,0,129,11/9/2017,83023253-1899-47a8-855f-150f2669ef83
40,surface.go,384,10.55747802,0,99,11/16/2017,068f6e8a-f9c2-4957-85c2-0ea510909940
40,surface.go,342,10.44114983,1,159,11/23/2017,81e2f75b-07e8-48f8-939b-a4dd94bf0c1e
40,surface.go,846,11.3457841,1,185,11/30/2017,ce339d82-0c33-4346-820d-12aefb625647
40,surface.go,162,9.69621735,0,185,12/7/2017,9fc6c097-1444-460e-b8f1-3af0f95ba2fe
40,surface.go,536,10.88990118,1,139,12/14/2017,9162dbee-19e1-4904-83af-10a889922d8a
40,surface.go,181,9.807857322,0,185,12/21/2017,4d6ae56e-4b5b-4ede-9215-5b1f098947a4
40,surface.go,138,9.538780437,0,185,12/28/2017,e17e4629-a471-49bf-9b15-cf0439b100c2
40,surface.go,172,9.757305042,0,185,1/4/2018,80d08f67-3090-4009-9b01-e244a6ba062d
40,surface.go,1671,12.02675457,1,99,1/11/2018,d32f5c29-0598-4b46-a261-71ed1f25c30e
40,surface.go,147,9.596962392,0,185,1/18/2018,d628a7b4-fd5c-4447-8daa-3a52c51dc156
40,surface.go,145,9.588228712,0,185,1/25/2018,2ab43390-4be1-4523-89ee-7f4e9f0ab616
40,surface.go,690,11.14267305,1,149,2/1/2018,55688158-f6aa-4505-9528-034877808f09
40,surface.go,340,10.43552657,0,149,2/8/2018,f1a0f4c1-4f8b-4243-811a-3a07aca5e287
40,surface.go,33,8.129174997,0,185,2/15/2018,79674722-e14b-4068-bbfe-2829a1632ded
40,surface.go,1034,11.54721094,1,92,3/8/2018,8e0347d6-668d-469a-a2ab-fc67864ad5a4
40,surface.go,28,7.965545573,0,185,3/15/2018,26ee7923-ad72-49a8-bc30-e323f24ba625
40,surface.go,57,8.658692754,0,179,3/22/2018,4f9cf1b9-2f73-48c8-bf76-09cc5a62f674
40,surface.go,61,8.723231275,1,159,3/29/2018,98013c36-80bf-44ea-8714-4abf238523e7
40,surface.go,69,8.841014311,0,159,4/5/2018,14331d1f-f0ed-4545-83d6-c4f7c255ab8c
40,surface.go,58,8.66974259,0,159,4/12/2018,194076af-175e-4b82-bc37-dd258e7e7db5
40,surface.go,1189,11.686139,1,99,4/19/2018,2ca28756-13e9-4c47-8ae0-d2f75f2d2484
40,surface.go,55,8.624791202,1,179,4/26/2018,c08887a4-25d3-4626-a50a-de5695415de0
40,surface.go,94,9.14931567,0,179,5/3/2018,eac27957-8529-41de-bda9-77869dbf4910
40,surface.go,27,7.920083199,0,179,5/10/2018,75285ade-970d-49b6-bacc-3b8a98fad940
40,surface.go,71,8.868413285,0,179,5/17/2018,63c03459-d69b-4651-8c30-ba860de69757
40,surface.go,347,10.4559924,1,159,5/24/2018,dfbb5565-ab0f-415b-8fea-60dac79cf7d5
40,surface.go,61,8.723231275,0,159,5/31/2018,ae0936dd-4242-4ed5-82ff-aba4a4280a91
40,surface.go,110,9.312174678,0,159,6/7/2018,c745105a-e2d4-4363-9b83-ef3a4ae1d63e
40,surface.go,435,10.68097588,1,119,6/14/2018,f2cc5393-d41b-4e51-82cb-cdd6ab7d5547
40,surface.go,284,10.25470765,0,129,6/21/2018,09989082-3dd8-4233-866a-4c2b45edc0ca
40,surface.go,88,9.086136769,0,159,6/28/2018,845ee996-b213-4af9-853f-76f3cef0f52d
40,surface.go,122,9.416378455,0,159,7/5/2018,387983fa-e3cf-4867-a980-b6cdf456c312
40,surface.go,319,10.37148918,1,159,7/12/2018,dc02c7c4-0a6b-4679-8fb2-9285453b0e36
40,surface.go,126,9.447150114,0,159,7/19/2018,4550da60-d4b0-4e48-a7dc-a90b2b95db93
40,surface.go,122,9.416378455,0,159,7/26/2018,f79a79b6-a173-4105-b030-b41fab1b0d6e
40,surface.go,496,10.81174611,1,99,8/2/2018,867c9135-048f-4d5a-b3e3-10cbc361d4da
40,surface.go,208,9.945780465,0,99,8/9/2018,ebb38b73-1341-4650-8e93-53305a742b63
40,surface.go,343,10.44301724,1,149,8/16/2018,9c01a279-70b7-43ba-88c1-2746956fddb5
40,surface.go,77,8.954673629,0,149,8/23/2018,15901f18-faa1-404d-9761-588c2c8eb9c4
40,surface.go,183,9.814874894,0,139,8/30/2018,914b5e99-f7aa-4545-939a-970ffc3d042b
40,surface.go,89,9.100525506,0,139,9/6/2018,90035667-6680-4238-bdbe-c0489242980b
40,surface.go,99,9.2023082,0,139,9/13/2018,0140b769-e224-407d-b5b2-debb210d030d
40,surface.go,87,9.071537969,1,159,9/20/2018,ae17dddb-903e-4bfc-9b06-2d1e86126202
40,surface.go,82,9.018695488,0,159,9/27/2018,e393530a-b9af-45d2-bf20-f67c999f47c7
40,surface.go,92,9.135616826,0,153,10/4/2018,c63f7e0e-06a1-40fd-815c-d5c326a6645b
40,surface.go,424,10.65716523,1,149,10/11/2018,3f06efd7-475c-4220-9c38-60d1d0170cb6
40,surface.go,76,8.938006577,0,152,10/18/2018,5830c5f7-acb6-4663-9efa-73135a3169dc
40,surface.go,72,8.895081532,0,159,10/25/2018,ffb04de6-fcf5-4b12-a677-8bc8e2204978
40,surface.go,33,8.110126802,0,159,11/1/2018,5f919579-289b-462c-9991-45528651ed80
40,surface.go,101,9.221478116,1,159,11/8/2018,fab940c3-9610-466f-bfe0-3b730666c5b8
40,surface.go,99,9.2023082,0,159,11/15/2018,2d76dc2b-3966-41a3-a6e5-4054d776d240
40,surface.go,94,9.156095357,0,159,11/22/2018,f0f2ea78-1a00-4928-ab1c-5b79df147ebd
40,surface.go,303,10.32009041,1,150,11/29/2018,c13083a8-f396-4dcd-8503-8884168e51f2
40,surface.go,278,10.23422911,0,159,12/6/2018,94b121d8-0040-47db-a3e3-2c4820a3040d
40,surface.go,244,10.10430369,1,159,12/13/2018,55f9fd28-5956-418a-923c-8a9042ae08f0
40,surface.go,84,9.041685006,0,159,12/20/2018,11b0ffe8-dd84-4aed-9780-c1a1106722cf
40,surface.go,144,9.579418083,1,159,12/27/2018,ec88924f-099f-4fdc-9de4-b35015452459
40,surface.go,91,9.121727714,0,159,1/3/2019,207e91f5-f9e3-4d0e-948e-7f8978e3b5fd
40,surface.go,30,8.009030685,0,159,1/10/2019,eff5e9f1-5e44-4036-907b-61c284ab6f93
40,surface.go,62,8.733594062,0,159,1/17/2019,558cbfb8-c1b4-475b-b1f3-b3a6f7a2c473
40,surface.go,160,9.680344001,0,143,1/24/2019,995991bc-f4e7-487a-bfa9-68091b3d1625
40,surface.go,737,11.2090056,0,129,1/31/2019,9b24145a-c850-46f7-80d2-ffd574fa8933
40,surface.go,69,8.841014311,0,131,2/7/2019,f3e89525-aa9a-4a53-b919-0c349e66bfc3
40,surface.go,41,8.333270353,0,156,2/14/2019,8d6f356e-a8d8-4092-a19d-16f5aac841a4
40,surface.go,63,8.754002934,0,159,2/21/2019,d3ee2a62-4b92-4044-a6fe-6315707b3d6e
40,surface.go,98,9.195835686,0,151,2/28/2019,194e63b6-ea64-47fb-a99b-ebcfcace107b
40,surface.go,542,10.90058378,1,139,3/7/2019,578cbabf-50fc-4469-b9e2-86437e4105b6
40,surface.go,135,9.510741217,0,143,3/14/2019,10e0c68a-0a58-4ad1-8e79-490576f3d126
40,surface.go,301,10.31374118,0,159,3/21/2019,6d718ab5-061d-4b2f-bf44-e14402cdebd8
40,surface.go,67,8.822322178,0,159,3/28/2019,0b15a798-04a7-4faf-a42e-bfae264c3f88
40,surface.go,96,9.169518378,0,159,4/4/2019,45a57019-5ffa-4ade-87af-3e3afe355787
40,surface.go,34,8.14786713,0,145,4/11/2019,28086e16-29f9-4a4f-b219-f5b58d178e57
40,surface.go,752,11.22790651,1,129,4/18/2019,5722d656-d644-4bcc-b3de-73c2f9ca7e03
40,surface.go,179,9.793672686,0,134,4/25/2019,7d922a4e-c581-4f39-8e5f-70fa3a658849
40,surface.go,97,9.182763604,0,159,5/2/2019,136733b7-b2e7-4042-a342-f9430264d3b5
40,surface.go,139,9.543378146,0,164,5/9/2019,2da24e0b-6b7c-491f-b755-f16ffffa57cc
40,surface.go,110,9.312174678,0,179,5/16/2019,425a13cf-84ca-4b10-8e43-82ba562bee7b
40,surface.go,64,8.764053269,0,169,5/23/2019,3ab86452-863c-4d07-b045-dcaa558a33e4
40,surface.go,780,11.26466921,0,169,5/30/2019,79ae9d2b-7908-4121-a2e8-4663f88fb426
40,surface.go,335,10.42037477,0,169,6/6/2019,f573ea2e-e940-41c9-a35b-082a672630fd
40,surface.go,109,9.30054664,0,179,6/13/2019,2bffda03-1a3b-4347-bd39-c495eb4560fe
40,surface.go,76,8.938006577,0,179,6/20/2019,ed3ece3e-82b0-4f6f-83f1-d4e0608ee92f
40,surface.go,72,8.886270902,0,179,6/27/2019,3f9f82fa-9656-4ce1-9819-df2cfda9ef8a
40,surface.go,57,8.658692754,0,176,7/4/2019,0c4b8e41-bc69-4183-9a36-b029e2c511f8
40,surface.go,58,8.68067166,0,144,7/11/2019,83991c54-5e54-4b68-9750-c2dfbb421dfe
40,surface.go,112,9.323669057,0,176,7/18/2019,7708f228-e5f0-4afb-ba89-dda722671fcb
40,surface.go,82,9.018695488,0,169,7/25/2019,54cb4c25-758a-4c7f-8578-aa0e9a43db52
40,surface.go,370,10.52018556,1,149,8/1/2019,15710e40-252f-4327-ab7c-db2d24de0ce2
40,surface.go,78,8.971067439,1,169,8/8/2019,de3a6dd0-b13e-4e11-8814-336542999f04
40,surface.go,71,8.877381955,0,171,8/15/2019,09380aab-b008-49f1-92e1-eacdf2745539
40,surface.go,68,8.831711918,0,140,8/22/2019,1e2149bd-e730-4692-9d10-752bb86d96e3
40,surface.go,151,9.622714888,0,104,8/29/2019,e9ea50f9-aae6-452e-bd6b-bd95d046ab90
40,surface.go,64,8.764053269,0,182,9/5/2019,c256ea8a-52c0-4dfd-a5df-0136fd4ef255
40,surface.go,46,8.449342525,0,192,9/12/2019,8638a26f-c2f7-41c0-959c-549b0ef010c9
40,surface.go,62,8.733594062,0,170,9/19/2019,d2cc647a-328c-410f-895e-a392e13332d0
40,surface.go,353,10.47424109,0,149,9/26/2019,3606809d-b493-44ed-a0f7-2f33c074800f
40,surface.go,155,9.651944527,0,141,10/3/2019,38cab6f4-366f-4117-9d92-2b02aec3704d
