Notebooks/PySpark/Synapse Link for Cosmos DB samples/Retail/RetailData/RetailSales.csv
storeId,productCode,quantity,logQuantity,advertising,price,weekStarting,id
40,surface.pro7,30,8.030084094,0,262,6/15/2017,d7d29e0d-69b1-486b-8a07-8a7303039ee5
40,surface.pro7,320,10.37548918,1,199,6/22/2017,a4e5980a-e88f-48aa-8330-f2782cadf78b
40,surface.pro7,49,8.502688505,0,262,6/29/2017,895f4103-b2f1-446d-9952-dd221a0809fd
40,surface.pro7,88,9.093357017,0,262,7/6/2017,b170042d-6610-49f9-bf6e-1ef6c1787304
40,surface.pro7,31,8.050703382,0,262,8/24/2017,2933e556-118a-4902-95dc-d10bc9bd3049
40,surface.pro7,39,8.269756948,0,262,8/31/2017,1de3aa94-aa06-48a0-9667-bbd4fc25f49a
40,surface.pro7,39,8.286017468,0,262,9/7/2017,1407bf02-c7c8-4fbc-bad4-5ef59475dc26
40,surface.pro7,201,9.911455722,1,219,9/14/2017,199bd5d2-6b36-4643-840f-5d81fb0efb17
40,surface.pro7,24,7.82244473,0,262,9/21/2017,0bfdf77e-2cd0-4f0a-8f5c-1c7aa2df5a53
40,surface.pro7,37,8.236420527,0,262,9/28/2017,67a4a2c6-71d9-4657-bab5-298adc59ebf8
40,surface.pro7,64,8.764053269,0,262,10/5/2017,e176a4b6-ee06-40d3-95b1-c2524eebb24f
40,surface.pro7,312,10.35124557,1,199,10/12/2017,a0be0167-16d5-42f9-84ad-84d99bd1a281
40,surface.pro7,62,8.733594062,0,230,10/19/2017,3ce2e1fc-6131-4e0c-8296-32d16c60bb81
40,surface.pro7,20,7.624618986,0,262,10/26/2017,a42710ad-e398-4a36-aef0-da417270f512
40,surface.pro7,223,10.01395501,1,199,11/2/2017,dce8a7a8-1465-46f3-b090-7a14c32ea37d
40,surface.pro7,24,7.82244473,0,262,11/9/2017,242e9460-5580-4d43-abc9-5d4278c219db
40,surface.pro7,381,10.54912375,1,199,11/16/2017,85343a9f-135a-44a0-9fc1-ebaa03a6e443
40,surface.pro7,90,9.107642974,0,199,11/23/2017,b5f3d966-a9a9-4cb2-8c4d-9e5a1da55d5f
40,surface.pro7,62,8.743850562,0,262,11/30/2017,a3dd0e7d-9a10-490f-adc8-1670df13b39e
40,surface.pro7,231,10.0505273,1,199,12/7/2017,4d081d33-b32d-444d-b182-9988c335e972
40,surface.pro7,65,8.793612072,0,199,12/14/2017,d580bccd-1255-4e19-92cb-adda9def9aaf
40,surface.pro7,92,9.135616826,0,199,12/21/2017,11024e86-0118-4bd3-bc67-3b5d7e73ee26
40,surface.pro7,64,8.7740036,0,199,12/28/2017,5da881b7-a00e-4b65-aae9-cd82031a8cb0
40,surface.pro7,94,9.14931567,0,199,1/4/2018,b1755638-01e2-4bb0-866d-40adb623e380
40,surface.pro7,53,8.577723691,0,198,1/11/2018,11d0cd96-1c76-4525-a54d-b1cf15ff74ae
40,surface.pro7,42,8.348537825,0,198,1/18/2018,ef02b66c-7d1e-486d-ac2c-b1daee56b782
40,surface.pro7,345,10.45045222,1,198,1/25/2018,ce53e8e8-86fc-4fa1-81d3-4838e430c665
40,surface.pro7,97,9.189321005,0,198,2/1/2018,f1a82c1e-15c2-4ce9-9608-0fa791d82a1e
40,surface.pro7,93,9.142489705,0,189,2/8/2018,65b75df9-738d-455a-9d49-090b6fb2c783
40,surface.pro7,46,8.449342525,0,189,2/15/2018,b3f1699e-fa2c-49f6-ab58-35448b064aaf
40,surface.pro7,49,8.51559191,0,198,3/8/2018,6962fe14-a793-4730-857b-9cf1fdf0aabf
40,surface.pro7,144,9.579418083,0,198,3/15/2018,58b03a5a-f86b-4944-ad0b-0af584ad42e1
40,surface.pro7,1192,11.68936308,1,169,3/22/2018,2ec0341d-0800-41d7-963f-2843af4ce3f0
40,surface.pro7,339,10.43364511,0,169,3/29/2018,7f5062ab-14cd-40d5-91aa-807ecbcd28c4
40,surface.pro7,60,8.712759975,1,198,4/5/2018,4aa03e30-ab60-4d09-8c62-7a58908f0125
40,surface.pro7,48,8.489616424,0,185,4/12/2018,0ccce7cd-75e6-4997-a08c-647d70f6a76a
40,surface.pro7,44,8.407378325,0,185,4/19/2018,41fdc10f-724c-4808-8ed8-4ca32abeda50
40,surface.pro7,63,8.754002934,0,185,4/26/2018,fa249faf-a652-446e-acee-c7240d149320
40,surface.pro7,126,9.442086812,0,185,5/3/2018,64e5defb-415e-4a46-bee6-99f8e58e2bdd
40,surface.pro7,1078,11.58840393,1,139,5/10/2018,ebe62ec7-8742-4cf7-9408-ef022ba0ec59
40,surface.pro7,41,8.333270353,0,185,5/17/2018,a0e1b1ec-fc54-433b-8db3-b5e628e8482f
40,surface.pro7,56,8.636219898,0,185,5/24/2018,3fc01b56-3215-4af1-b17a-1cfdf6a05892
40,surface.pro7,52,8.565602331,0,185,5/31/2018,39578bf3-b92a-4e70-be34-d9ea339ce8f6
40,surface.pro7,57,8.658692754,0,185,6/7/2018,733f1364-b03a-400f-931f-9166dc362800
40,surface.pro7,104,9.252633284,1,138,6/14/2018,47845b32-c334-48c8-be10-59881ac238ed
40,surface.pro7,107,9.282847063,0,185,6/21/2018,35f8a77a-f99f-4aa0-a1e0-63e16113e4f9
40,surface.pro7,480,10.78028874,1,169,6/28/2018,f1d5c7eb-9651-4d9c-a6d4-0c6ecba1f7cb
40,surface.pro7,194,9.875910785,0,169,7/5/2018,67992eb5-23db-478e-ac79-79117c400c38
40,surface.pro7,62,8.743850562,0,185,7/12/2018,8bb36f1c-1b2e-477a-aaba-b73a090e3e60
40,surface.pro7,58,8.68067166,0,185,7/19/2018,93ee0657-ab7f-4e4c-bdb1-ef170de9efba
40,surface.pro7,50,8.528330936,0,185,7/26/2018,44b6b6d5-0c41-45a4-be90-3323d4c0f114
40,surface.pro7,32,8.070906089,0,185,8/2/2018,44658f82-32ad-4bc6-9576-c80971bbbab9
40,surface.pro7,56,8.636219898,0,185,8/9/2018,c6fb4983-af16-45e8-864f-1150d5bd21f3
40,surface.pro7,126,9.447150114,0,185,8/16/2018,6bb4515e-b45d-4496-b13f-2434994bfc49
40,surface.pro7,929,11.44026875,1,129,8/23/2018,aed32ef6-8caf-46a5-8e50-1599518cc888
40,surface.pro7,64,8.764053269,0,185,8/30/2018,6416cea6-f73b-4fdb-9d3d-dabce95800dd
40,surface.pro7,69,8.850230966,0,185,9/6/2018,af67ed31-4500-45e5-83b2-4f5d11f0738b
40,surface.pro7,236,10.06967973,1,185,9/13/2018,0a35bb61-31fd-46bd-a7e8-78d42b3f02ad
40,surface.pro7,48,8.476371197,0,185,9/20/2018,f2eb3d7c-fb78-4fd0-8736-579c69d82547
40,surface.pro7,61,8.723231275,0,182,9/27/2018,0fb44e04-072b-4b15-ac40-f570af8f31ec
40,surface.pro7,75,8.929567708,0,179,10/4/2018,bfc74d6b-9b17-459e-8fd3-a3b1198a7ead
40,surface.pro7,84,9.041685006,0,180,10/11/2018,098445ca-2fa5-4577-acee-89c15da37cc3
40,surface.pro7,2139,12.27350697,1,169,10/18/2018,63bde8a1-55b1-4cce-934a-4a893e91001a
40,surface.pro7,92,9.135616826,0,178,10/25/2018,4a6e505b-d7ed-49a1-82e0-6fb950adfbf1
40,surface.pro7,426,10.66167313,0,149,11/1/2018,a61ed5b2-8550-46eb-bed5-a5ccb4ac69e3
40,surface.pro7,74,8.921057018,0,183,11/8/2018,17a13ce1-ff11-4411-abc7-198d30facc6f
40,surface.pro7,71,8.868413285,0,184,11/15/2018,ea1a5e1b-4316-463b-9f47-7d90723f467e
40,surface.pro7,80,8.987196821,0,185,11/22/2018,d0435aea-69ff-4532-9c00-36d4488524a5
40,surface.pro7,58,8.68067166,0,185,11/29/2018,c9b982d5-5e8b-4bc6-be65-4c96bac845e9
40,surface.pro7,71,8.868413285,0,185,12/6/2018,74e4ade9-9eb4-404a-8f72-efe48441ed28
40,surface.pro7,56,8.647519453,0,185,12/13/2018,5804ca3b-ba66-4ccc-a0a2-862000d7b8a0
40,surface.pro7,65,8.793612072,0,185,12/20/2018,6b5b7425-cc96-47a5-8025-00888a500572
40,surface.pro7,78,8.962904128,1,185,12/27/2018,02ee0ae0-8bd7-442d-a73a-5ff3f90b3201
40,surface.pro7,99,9.2023082,0,185,1/3/2019,9d68065f-35a0-43b7-9334-7dbb6ec3b86c
40,surface.pro7,43,8.378390789,0,193,1/10/2019,45eefde0-023b-4110-8391-13bc33edda2c
40,surface.pro7,110,9.30637756,1,249,1/17/2019,fbc6aa82-0da9-48f0-bc10-2c96eb26c015
40,surface.pro7,52,8.565602331,1,249,1/24/2019,c3ab088f-55ba-4b57-8ad1-3c1bfb8bb277
40,surface.pro7,26,7.87245515,0,239,1/31/2019,056f0801-7dbc-4458-a6e4-b98c4846b49a
40,surface.pro7,39,8.269756948,0,214,2/7/2019,6da6ac77-93c3-4f0e-ae82-87d40269f451
40,surface.pro7,48,8.489616424,0,199,2/14/2019,13afac9b-eaa3-4142-96f9-435bc8033f95
40,surface.pro7,1027,11.53976212,1,199,2/21/2019,95e72149-8c18-4fd8-aead-ba9439de8f82
40,surface.pro7,63,8.754002934,0,205,2/28/2019,e8747c1b-653e-4064-9f6f-bc9c37680348
40,surface.pro7,45,8.42156296,0,212,3/7/2019,05e6c7e6-0a1e-4577-8424-d45fd55fce0f
40,surface.pro7,160,9.680344001,1,199,3/14/2019,0772b410-56f4-4906-89e9-5502f6f85359
40,surface.pro7,70,8.859363449,0,202,3/21/2019,365aef64-a8b6-4983-b595-c0bf452ccdbb
40,surface.pro7,35,8.184234774,0,213,3/28/2019,0760fc60-5a17-46c2-b765-98411882db71
40,surface.pro7,126,9.447150114,1,199,4/4/2019,f2eec03a-7285-4121-8b7d-693f5b59c16e
40,surface.pro7,106,9.276876896,0,202,4/11/2019,7eb4c259-b0ba-40ab-8aef-8cbbd1c7f60a
40,surface.pro7,53,8.577723691,0,225,4/18/2019,eabcdb0c-69ec-4dc7-93e9-0a1a5282953e
40,surface.pro7,348,10.45783233,1,168,4/25/2019,6e1dc53a-d55c-431d-9e16-2d2e1afd23ae
40,surface.pro7,38,8.253227646,0,225,5/2/2019,1e4b83f3-d1e3-4cf0-9b23-60f37f0fafcc
40,surface.pro7,55,8.624791202,0,225,5/9/2019,8ff34030-6e84-4fee-ac05-48dc7c4e66df
40,surface.pro7,47,8.462948177,0,225,5/16/2019,15f8460b-5821-4d4c-a40e-9db3f8fe129b
40,surface.pro7,433,10.67803037,1,168,5/23/2019,a68730fd-2efa-44ce-86b5-fc811aa76ef6
40,surface.pro7,49,8.51559191,0,231,5/30/2019,cf8e6d6b-46e8-47d9-9e6e-68ca721a7517
40,surface.pro7,33,8.129174997,0,249,6/6/2019,a6dc8cd4-93b3-4b43-af2c-05a0c1ed4afe
40,surface.pro7,24,7.82244473,0,249,6/13/2019,0da7a160-98c4-4706-a381-8c51ee409d98
40,surface.pro7,33,8.110126802,0,249,6/20/2019,ba8d6ec2-cb81-4880-bc63-86a43e798e49
40,surface.pro7,41,8.333270353,0,233,6/27/2019,8b537691-026c-4bde-8a19-2c0799c1b106
40,surface.pro7,211,9.961001459,1,199,7/4/2019,8731fc19-0a5f-4563-a2e1-b8a419b87edf
40,surface.pro7,61,8.723231275,1,223,7/11/2019,f5fdf4f8-a0cc-4bcb-9b7a-adb838c874b4
40,surface.pro7,48,8.489616424,0,249,7/18/2019,54c4b966-ef9f-4192-b261-e83db4e1382c
40,surface.pro7,395,10.58537154,1,229,7/25/2019,81716105-b10f-4947-88c9-d14ebbe216b0
40,surface.pro7,39,8.269756948,0,248,8/1/2019,406df768-b2f2-415b-bfac-32e08c155391
40,surface.pro7,35,8.184234774,1,245,8/8/2019,29f6f4ae-ec46-4b4f-897d-bcf5932ace6c
40,surface.pro7,533,10.88511649,1,199,8/15/2019,2a5e1bdb-b001-4a93-b70a-b3bc4f444962
40,surface.pro7,325,10.38936453,1,196,8/22/2019,1aa24bae-360d-4a4b-9c5f-b5b647e2bb55
40,surface.pro7,107,9.282847063,0,169,8/29/2019,9cb4d366-c4d0-4325-b70b-6a621f646028
40,surface.pro7,96,9.169518378,0,176,9/5/2019,f19b700a-0959-49b7-bbef-11ae96ab6871
40,surface.pro7,229,10.04220547,1,199,9/12/2019,5730167c-72e1-4e7c-a221-0d8cb630d323
40,surface.pro7,36,8.201934351,0,249,9/19/2019,4f067ed8-ace7-46f5-9b91-d090dfdc9025
40,surface.pro7,34,8.14786713,0,246,9/26/2019,339b0867-1fb2-4f26-b327-6d85c23b44a8
40,surface.pro7,467,10.75329654,1,219,10/3/2019,af757820-b6f4-49ff-a5b1-2be664d80e54
