Notebooks/PySpark/Synapse Link for Cosmos DB samples/Retail/RetailData/RetailSales.csv
storeId,productCode,quantity,logQuantity,advertising,price,weekStarting,id
40,surface.laptop3,62,8.743850562,0,259,6/15/2017,398876ef-78ae-42a0-bad7-3aa0bb514a01
40,surface.laptop3,54,8.60153434,0,265,6/22/2017,47abd7ef-d71e-49fb-baa2-87b53afbb1d7
40,surface.laptop3,67,8.812843434,0,268,6/29/2017,668aeae0-b032-40cc-a93e-43864911ca1e
40,surface.laptop3,66,8.803273983,0,267,7/6/2017,5daf7814-2240-42c8-8bf5-8e9a2242808d
40,surface.laptop3,57,8.658692754,0,266,8/24/2017,c7f460c8-9442-46ad-8799-b9b06c3b164d
40,surface.laptop3,56,8.636219898,0,266,8/31/2017,db24f7d5-b4ea-4fa3-b99c-e98986a5d0cb
40,surface.laptop3,64,8.764053269,0,265,9/7/2017,d5ef6e87-54f7-4e9b-898d-5dd03de0e760
40,surface.laptop3,57,8.658692754,0,267,9/14/2017,59171a61-3a26-421e-bd06-c5d9bb5bafec
40,surface.laptop3,67,8.822322178,0,266,9/21/2017,0039dfc6-c095-45d3-b4a3-3808e928ef74
40,surface.laptop3,76,8.946374826,0,267,9/28/2017,5fcffc4a-9449-4c8d-becc-20aeabbbf8c6
40,surface.laptop3,60,8.702177866,1,267,10/5/2017,0028f6f3-dc65-4b86-aa87-bc4b2bd326d8
40,surface.laptop3,62,8.733594062,0,267,10/12/2017,d9b65feb-febb-4993-a21e-4a25cfc03939
40,surface.laptop3,45,8.42156296,0,266,10/19/2017,d486651f-4361-4595-b3d0-e0b233721b0f
40,surface.laptop3,56,8.636219898,0,266,10/26/2017,bec7a1b5-6f03-4fc8-bea9-a610bd8dcfaf
40,surface.laptop3,61,8.723231275,0,268,11/2/2017,03918a67-6f9b-4f3a-b363-ac739e9e7f3b
40,surface.laptop3,60,8.702177866,0,266,11/9/2017,467dde06-b2aa-41a3-bc61-3a9164d3f436
40,surface.laptop3,73,8.903815212,0,267,11/16/2017,aa1875d0-b552-4f8f-9c53-80219ea43357
40,surface.laptop3,58,8.68067166,0,267,11/23/2017,23d036be-3596-4202-ab42-7d258f21e8dc
40,surface.laptop3,65,8.783855897,0,259,11/30/2017,02ab7622-c244-41dd-a7cc-e69b451df2f3
40,surface.laptop3,61,8.723231275,0,259,12/7/2017,7a7dc3d6-3e92-4547-95dc-65c257a7d3c8
40,surface.laptop3,69,8.841014311,0,259,12/14/2017,cc9c2c32-4652-473f-935f-ca761b9c7859
40,surface.laptop3,248,10.12246243,0,239,12/21/2017,8e378cb8-f216-4b49-9e5f-2eb94bf0e892
40,surface.laptop3,85,9.049232212,0,239,12/28/2017,6a3aab73-00be-4794-8e0f-8719f8cfc68a
40,surface.laptop3,63,8.754002934,0,259,1/4/2018,bb2cdf82-0eac-4593-a714-2dbb054488d1
40,surface.laptop3,54,8.60153434,0,259,1/11/2018,84a5aa0c-b5b0-49c9-b871-09c7585e25ce
40,surface.laptop3,60,8.712759975,0,259,1/18/2018,ed5648e6-c2c5-4d7d-a25b-9aa344f47fd0
40,surface.laptop3,52,8.565602331,0,259,1/25/2018,52e43a49-53b1-4363-8e3a-956636a7772e
40,surface.laptop3,67,8.822322178,0,259,2/1/2018,19476cdc-a3f9-438f-8106-76c040d34563
40,surface.laptop3,94,9.14931567,0,249,2/8/2018,2c147605-49cf-4530-b6b3-c1b3ed0ca90c
40,surface.laptop3,53,8.589699882,0,259,2/15/2018,0457e68a-0135-46ae-8f28-7506a45b9f6f
40,surface.laptop3,54,8.60153434,0,259,3/8/2018,a8bd274a-b471-4935-87cc-96275f1ff523
40,surface.laptop3,62,8.733594062,0,259,3/15/2018,3050d4e8-887b-4961-8c06-6587519fae61
40,surface.laptop3,51,8.540909718,0,273,3/22/2018,7729ba99-6b39-49e0-a6f4-9c485a0d4e7a
40,surface.laptop3,1431,11.87132692,1,136,3/29/2018,97f4c905-289a-420b-beb2-78f4605c326d
40,surface.laptop3,344,10.44859865,0,273,4/5/2018,fb07760d-b139-459f-99ac-386752baad3c
40,surface.laptop3,227,10.03381381,1,199,4/12/2018,71682e5b-9c53-496e-8ed8-7e8e508f02ea
40,surface.laptop3,67,8.822322178,0,273,4/19/2018,bd9d782b-ff43-44df-ac24-f1cc0c65f639
40,surface.laptop3,276,10.22730867,1,199,4/26/2018,37120c28-92f5-487e-bc34-36973983e7c8
40,surface.laptop3,109,9.30054664,0,199,5/3/2018,5ace8c71-058c-413e-9f6e-e954ed8598e4
40,surface.laptop3,41,8.333270353,0,273,5/10/2018,f160d0db-05dd-43ea-93ef-8f2418b4d616
40,surface.laptop3,496,10.8130356,1,229,5/17/2018,c01f0a17-4642-495b-996a-45d3e61aefe6
40,surface.laptop3,42,8.363575703,0,273,5/24/2018,2776c126-c102-4aaa-b574-c571289b34df
40,surface.laptop3,51,8.553332238,0,273,5/31/2018,3bb62941-3a2f-4a6f-836b-00d0c02c55e2
40,surface.laptop3,279,10.23881628,0,199,6/7/2018,a510698c-e469-4d18-b2d0-4c771079d4f8
40,surface.laptop3,125,9.436997743,0,199,6/14/2018,1b54406a-e266-44de-9e7b-8ddace594901
40,surface.laptop3,41,8.333270353,0,273,6/21/2018,f7033a3d-b961-4e61-912a-3d9791cd7638
40,surface.laptop3,96,9.169518378,0,273,6/28/2018,5451c6c5-f69d-4122-9e71-495b60812e13
40,surface.laptop3,181,9.807857322,0,199,7/5/2018,08d56253-09ee-49a6-939e-e14c8fba6311
40,surface.laptop3,114,9.346268889,0,199,7/12/2018,feb7e30b-a5c6-4df9-aafb-7013493f613f
40,surface.laptop3,98,9.195835686,0,199,7/19/2018,3246939b-1f38-4164-b4d9-cfaf7ddb3c23
40,surface.laptop3,55,8.61323038,1,273,7/26/2018,340cac27-33d1-4036-b368-5b5d0a1a17af
40,surface.laptop3,108,9.29468152,0,219,8/2/2018,c2e5e253-5075-4706-a04b-5eca4526ba68
40,surface.laptop3,57,8.658692754,0,219,8/9/2018,40f0c602-7818-4467-8730-3197e8d9ce05
40,surface.laptop3,43,8.378390789,0,273,8/16/2018,efbbb7f2-b0b3-4590-86a7-4f2ffc606966
40,surface.laptop3,46,8.449342525,0,273,8/23/2018,d12d96f4-4e5b-46de-ba92-eb46939139e0
40,surface.laptop3,53,8.577723691,0,273,8/30/2018,17cc9399-0401-4a3a-966e-96d2c6ffd498
40,surface.laptop3,275,10.22499117,1,199,9/6/2018,bd0d90d9-96a3-4244-84e1-daa6c4cd5955
40,surface.laptop3,64,8.764053269,0,273,9/13/2018,5651f633-fccf-4536-a5bb-7dc885193c8a
40,surface.laptop3,48,8.476371197,1,256,9/20/2018,45d83bcf-390d-405d-8536-87b1955989d6
40,surface.laptop3,35,8.184234774,0,273,9/27/2018,d95c2d5a-d9ea-47ae-82d9-2cbe29db4e0a
40,surface.laptop3,39,8.286017468,0,273,10/4/2018,5e4fb969-c360-4097-b3a0-a24387cce0ef
40,surface.laptop3,34,8.14786713,0,273,10/11/2018,2e499264-9142-4946-bcd5-c550d9392607
40,surface.laptop3,32,8.070906089,0,273,10/18/2018,19d97a72-d689-4cd3-9e27-394d76dc7eec
40,surface.laptop3,37,8.219326094,0,273,10/25/2018,49d1a6b8-14b5-4412-be47-6175bc02236c
40,surface.laptop3,29,7.98752448,0,273,11/1/2018,053606bb-7e6a-460c-9de1-cf1b8cb93690
40,surface.laptop3,44,8.392989588,0,273,11/8/2018,7f2015b9-2ad1-4e61-a995-7457786ef5a7
40,surface.laptop3,53,8.589699882,0,273,11/15/2018,093d70ff-f842-43d1-8faf-0aaefb48b6ad
40,surface.laptop3,414,10.63122938,1,199,11/22/2018,fe8f4811-b845-412e-9d64-1abb09ab75a3
40,surface.laptop3,39,8.286017468,0,255,11/29/2018,cfc60cd4-e405-4df0-ac5a-ae5bfd7ce161
40,surface.laptop3,37,8.236420527,0,273,12/6/2018,e4b1d20f-f982-4403-baf8-3d6a9953ea2e
40,surface.laptop3,53,8.577723691,0,273,12/13/2018,b3c05fb3-47ea-441a-b040-c95310516ff5
40,surface.laptop3,63,8.754002934,0,261,12/20/2018,7b0a8688-66b7-47e1-b3f8-8fc25439d89a
40,surface.laptop3,87,9.078864009,0,239,12/27/2018,df4d0a1a-86bf-4ef9-840d-380eb8267499
40,surface.laptop3,101,9.227787286,0,234,1/3/2019,b527d350-b7b2-4b72-bb75-1c0a413dd1c6
40,surface.laptop3,52,8.565602331,0,229,1/10/2019,0e1876a2-ca89-4b32-ab8c-cdce7ae18555
40,surface.laptop3,44,8.392989588,0,235,1/17/2019,b431cd90-18ed-42ce-b978-7b5f13f55a4c
40,surface.laptop3,44,8.407378325,0,259,1/24/2019,39149bbc-806e-4ec6-ac22-05e01aba0ef9
40,surface.laptop3,49,8.51559191,0,259,1/31/2019,cdccfac9-a93d-4ea1-bce3-e97ea6cbb2a5
40,surface.laptop3,48,8.476371197,0,259,2/7/2019,e6fe14a8-f404-4242-a877-579522a0b717
40,surface.laptop3,167,9.723403491,1,199,2/14/2019,6b4aec50-6e28-4126-ab78-e875e44f7248
40,surface.laptop3,40,8.30201781,0,259,2/21/2019,fcc3c930-74c0-4d08-9324-71154570e7c5
40,surface.laptop3,382,10.5508002,1,199,2/28/2019,a23926fe-296b-4a54-90a4-0a6bcf465610
40,surface.laptop3,89,9.100525506,0,179,3/7/2019,2e7ea266-8a49-49dd-95bf-c7de66f2397a
40,surface.laptop3,318,10.36948316,0,179,3/14/2019,b127f8bf-df8b-4dbb-9094-d2755744cd6c
40,surface.laptop3,58,8.68067166,0,203,3/21/2019,0c031ae8-8888-4c0c-91c0-0070e3ea769e
40,surface.laptop3,135,9.510741217,0,254,3/28/2019,ccddffcb-caa4-4d27-883e-0c2454269447
40,surface.laptop3,188,9.842462851,1,250,4/4/2019,63d7e087-7dbe-45eb-89c2-9c46594870f4
40,surface.laptop3,129,9.472089062,0,251,4/11/2019,aa66278b-07e9-41b8-930f-0588ebcc688c
40,surface.laptop3,60,8.712759975,0,259,4/18/2019,b2e0f460-a462-47ef-9e80-73e16ac67a82
40,surface.laptop3,73,8.903815212,0,227,4/25/2019,e1399d1b-3334-445a-9165-bfd0585c3ed0
40,surface.laptop3,350,10.46515837,1,194,5/2/2019,100472e2-bd8b-4f58-b552-1d8ad9fd5975
40,surface.laptop3,62,8.743850562,0,259,5/9/2019,ff3a2b40-13ca-4924-8c60-bae0de72e163
40,surface.laptop3,62,8.743850562,0,259,5/16/2019,086866bc-fabd-4953-a812-db031cd04f52
40,surface.laptop3,54,8.60153434,0,259,5/23/2019,f804fff3-f9ed-4e66-834e-959f02bb0957
40,surface.laptop3,55,8.624791202,0,263,5/30/2019,41a80f64-44b0-4743-8013-dc11b79e732d
40,surface.laptop3,652,11.08644099,1,249,6/6/2019,d2a86a95-151d-496a-88b3-1b2724bff977
40,surface.laptop3,170,9.746131742,0,223,6/13/2019,0bc16817-6629-4b37-ba21-ee9c9f288e40
40,surface.laptop3,436,10.68391274,1,199,6/20/2019,f26ecb54-d77e-436b-8d16-43999bf2bf1a
40,surface.laptop3,55,8.624791202,1,269,6/27/2019,31daf4f4-5e05-4afa-ad7b-f69908602e69
40,surface.laptop3,61,8.723231275,0,269,7/4/2019,f590120a-9703-4597-960a-97291db4f46d
40,surface.laptop3,40,8.317766167,0,274,7/11/2019,0a6422a8-6339-4dc2-8aeb-50187203fb48
40,surface.laptop3,48,8.489616424,0,289,7/18/2019,f32712f8-b635-45f1-9624-ee59b826e600
40,surface.laptop3,26,7.896552702,0,289,7/25/2019,5ac4e366-e9e8-4c2e-ab09-ac8b5863dd6d
40,surface.laptop3,27,7.920083199,0,286,8/1/2019,abb2802c-9ba3-4510-bf41-77c6316bb615
40,surface.laptop3,46,8.435549202,1,279,8/8/2019,53c483ac-e518-4981-887a-2becfa429c60
40,surface.laptop3,30,8.030084094,0,289,8/15/2019,2fe91ad9-0e2b-4039-957f-f7e61523f704
40,surface.laptop3,65,8.783855897,1,279,8/22/2019,82b6b491-85b7-481e-b690-706b90e1b1e1
40,surface.laptop3,49,8.502688505,0,270,8/29/2019,ebf45b03-613e-4013-8cc6-6ead18531ed2
40,surface.laptop3,134,9.505990614,1,249,9/5/2019,f3604903-d781-4df9-9b29-beb749db2844
40,surface.laptop3,59,8.691482577,0,254,9/12/2019,84fb9f23-0074-4b73-bb42-188cdb614075
40,surface.laptop3,42,8.363575703,0,294,9/19/2019,1025100a-e4a4-4c70-b52a-c581ad5dc3d4
40,surface.laptop3,50,8.528330936,1,279,9/26/2019,af38874f-fda7-4ada-a913-36193eb80e83
40,surface.laptop3,30,8.009030685,0,290,10/3/2019,f0910c40-2616-4d60-9ae3-a65910a70094
