Notebooks/PySpark/Synapse Link for Cosmos DB samples/Retail/RetailData/RetailSales.csv
storeId,productCode,quantity,logQuantity,advertising,price,weekStarting,id
44,surface.go,24,7.796469243,1,159,6/15/2017,1fb0bbf9-c15d-4069-b2a6-a3200104babd
44,surface.go,21,7.655390645,0,249,7/6/2017,43e1423f-5d8c-4b4b-af70-d8b28b6fe5fe
44,surface.go,8,6.797940413,0,249,7/13/2017,2a40585c-7f21-4ca1-b97d-7a05541eee83
44,surface.go,11,7.049254841,0,249,7/20/2017,b5c3cdb4-9a64-4908-9860-da36edfed761
44,surface.go,30,8.030084094,0,249,7/27/2017,0d0a1e7a-7a64-4694-86c0-605da7557b31
44,surface.go,46,8.449342525,1,209,8/3/2017,6099150b-24fb-464d-9708-399fa26d54ea
44,surface.go,19,7.560080465,0,209,8/10/2017,e17f1b75-9191-4b55-a603-630fe6aef95e
44,surface.go,8,6.797940413,0,209,8/17/2017,8495c009-c4f0-4acb-bc70-edeb70a139d7
44,surface.go,11,7.049254841,0,209,8/24/2017,848a6d9a-7f6f-4211-8643-e803734ba7c4
44,surface.go,264,10.18233068,1,189,8/31/2017,99063766-5398-46cb-ad67-a728bf262f2b
44,surface.go,71,8.877381955,0,189,9/7/2017,75e162f2-22d6-4bd4-888a-55859d4931d5
44,surface.go,76,8.946374826,0,189,9/14/2017,f30a7f6b-ae86-4fec-b343-2d0e8f5965d9
44,surface.go,69,8.841014311,0,179,9/21/2017,a61ed397-2d2e-4c92-8741-08a70ad559bc
44,surface.go,327,10.39525267,1,179,9/28/2017,2b59ea5d-6879-4daf-8e81-a03bef621c50
44,surface.go,72,8.886270902,0,179,10/5/2017,3cacdb72-d9e3-4549-8eea-d49e30eed9f5
44,surface.go,11,7.049254841,0,249,10/12/2017,a44780d2-fed4-41a9-92c5-471e5dca485f
44,surface.go,655,11.09035489,1,124,10/19/2017,4bc830bb-47bd-4c27-a1bd-2a636f9c5f89
44,surface.go,10,6.931471806,0,159,10/26/2017,b0e75c9b-f543-4107-9526-4ae34e90b5fb
44,surface.go,238,10.0804615,1,159,11/2/2017,9bf47871-c4f8-45e0-aa53-ed632c7328a7
44,surface.go,433,10.67655436,0,129,11/9/2017,f5d41a34-0aad-4337-8875-59750681dc9a
44,surface.go,596,10.9962159,0,99,11/16/2017,cf6a466d-91f8-4b03-b8f1-0522cfe6a397
44,surface.go,163,9.700146629,1,159,11/23/2017,5d871e57-318b-4c74-884f-0b1c044ab13b
44,surface.go,60,8.712759975,0,219,12/7/2017,dfe3b740-f007-4b2f-a817-2008bbade46a
44,surface.go,328,10.39915893,1,139,12/14/2017,af5e3768-04ef-4f25-bef1-117f1eee0daf
44,surface.go,18,7.526178913,0,219,12/21/2017,cee4c6d1-45de-4bf2-845e-19e704d6ca8a
44,surface.go,11,7.049254841,0,219,12/28/2017,aa4fca93-35bb-473f-8365-0a5e4c0ba83f
44,surface.go,17,7.491087594,0,219,1/18/2018,750855d4-34ae-410a-baa8-8c7c765af23e
44,surface.go,63,8.754002934,0,219,1/25/2018,1013b45f-e98b-4894-936e-e544fec886d5
44,surface.go,362,10.49924239,1,149,2/1/2018,f088cd63-2c7d-4396-88b2-580ee2db25ba
44,surface.go,60,8.712759975,0,149,2/8/2018,b99d89f9-b506-4c6b-8021-060d3d949501
44,surface.go,17,7.454719949,0,219,2/15/2018,d50142af-40e9-481e-b5e9-d2547ea74b80
44,surface.go,28,7.965545573,0,219,2/22/2018,44a26d1e-db35-4210-bb83-3b3c8364ecf7
44,surface.go,45,8.42156296,1,199,3/1/2018,f0961967-a9c4-468f-b52e-341e445bb83e
44,surface.go,679,11.12585022,1,109,3/8/2018,e34455bf-8773-4555-9dbc-807adf02273b
44,surface.go,20,7.624618986,0,219,3/15/2018,39edfe34-86c9-4c9b-84cf-6609dc5fbd6a
44,surface.go,26,7.896552702,0,219,3/22/2018,3afb9d26-e397-4b2d-9f95-63ed581c6f5c
44,surface.go,88,9.093357017,1,159,3/29/2018,09a17bbf-dee3-46c2-8173-c1fb53603f4f
44,surface.go,94,9.14931567,0,159,4/5/2018,5ec7018c-2160-4cd7-8094-2bb9b90474ca
44,surface.go,156,9.660141294,0,159,4/12/2018,45127eae-99ba-4e88-967e-b8787ac36a42
44,surface.go,830,11.32669227,1,99,4/19/2018,096658a3-0be9-4eeb-8e54-07b3952e82fc
44,surface.go,15,7.336936914,1,219,4/26/2018,86d7a4ca-8918-451b-978c-69ef06cdaae0
44,surface.go,16,7.377758908,0,219,5/3/2018,85f963ee-6f35-499b-8bdb-e926ddd70ac8
44,surface.go,13,7.203405521,0,219,5/10/2018,31a4158b-7d71-4019-afa3-6967eff93fbf
44,surface.go,34,8.14786713,0,219,5/17/2018,c7fa8fb0-44f9-4e0b-b498-ca947384460c
44,surface.go,309,10.34096799,1,159,5/24/2018,ff7cda88-00ab-4950-a112-58281202e148
44,surface.go,44,8.392989588,0,159,5/31/2018,038ea493-6fc2-4abf-b772-0587b36615d4
44,surface.go,26,7.896552702,0,209,6/7/2018,2a21180d-bf1e-4810-81e2-e29210465608
44,surface.go,133,9.501217335,1,141,6/14/2018,6fe4b233-8f3f-487b-a8c5-a37649d5ceec
44,surface.go,178,9.790094865,0,129,6/21/2018,fd78f8b2-501a-4211-94c0-9e2345b1cde3
44,surface.go,40,8.317766167,0,189,6/28/2018,a5d37225-2355-4147-b29b-92baf4997294
44,surface.go,24,7.82244473,0,189,7/5/2018,e4c46b02-957f-41ed-ab7a-b7ce769c07fc
44,surface.go,149,9.614204199,1,159,7/12/2018,508e8efc-69cf-418c-9175-276a3b0b17e9
44,surface.go,64,8.7740036,0,159,7/19/2018,cd90ae8d-1b8c-4ed2-8280-8dd2c4d1441c
44,surface.go,36,8.201934351,0,189,7/26/2018,859f7658-71b8-4d1a-a419-c7fbe34b7065
44,surface.go,529,10.87668778,1,99,8/2/2018,3e5c69ce-e205-482a-9987-87a00c414f99
44,surface.go,244,10.10430369,0,99,8/9/2018,60e48c12-dd07-43b0-85f5-6395d7984429
44,surface.go,208,9.942708266,1,149,8/16/2018,3f1f3deb-035f-455c-ad6a-d8ab721828b8
44,surface.go,53,8.577723691,0,149,8/23/2018,ab6eaa01-542f-427e-88fa-7420b6279954
44,surface.go,151,9.622714888,0,139,8/30/2018,75997638-572f-455d-a157-bd18ae75c8ef
44,surface.go,131,9.481893063,0,139,9/6/2018,1b95b9bc-1cb7-4321-bcaf-db357b05decf
44,surface.go,122,9.416378455,0,139,9/13/2018,d9610e2f-67c2-4355-92eb-47dbe4922194
44,surface.go,80,8.99516499,1,159,9/20/2018,3bbe2b22-ffe7-4617-bb02-84c8ceffcf73
44,surface.go,97,9.182763604,0,159,9/27/2018,010d5fcc-d26b-48e8-b973-8fb91762a1b1
44,surface.go,99,9.208739091,0,154,10/4/2018,ef4211b0-e1d0-415a-943b-8df756c5cac8
44,surface.go,286,10.26144168,1,149,10/11/2018,b1a9272f-a7ae-46c1-bb71-0393c0f7e59a
44,surface.go,57,8.658692754,0,152,10/18/2018,3564691f-1a98-40d7-9248-40ccf500435f
44,surface.go,38,8.253227646,0,189,10/25/2018,53fa0056-8bc6-4e47-986c-561e7d8537d0
44,surface.go,20,7.624618986,0,182,11/1/2018,a9e9fcb7-80b9-450b-bf7f-297a735ae5d0
44,surface.go,33,8.129174997,1,169,11/8/2018,0ff2055e-ba41-4cf5-85e8-7ac1304bb6c4
44,surface.go,39,8.286017468,0,173,11/15/2018,17b92a25-532d-4869-9672-78e6862c1788
44,surface.go,43,8.378390789,0,189,11/22/2018,d32217aa-796a-49cf-89ad-38f11e0982a7
44,surface.go,192,9.865993348,1,150,11/29/2018,ff74ae70-e5f9-47bd-b506-e92630d73c2b
44,surface.go,307,10.33475035,0,159,12/6/2018,1c299801-f2b7-4e12-8222-19ad9264587d
44,surface.go,310,10.34303197,1,159,12/13/2018,65c94b4b-4ea4-4ce4-863b-c500503d5e43
44,surface.go,98,9.195835686,0,160,12/20/2018,c4baca94-7e82-4f15-aa1b-7877d39ca9a5
44,surface.go,206,9.936535407,1,169,12/27/2018,89121934-0ce3-446c-88df-b2d8180764ce
44,surface.go,113,9.340666634,0,169,1/3/2019,7d5ded66-57c3-444f-9974-9146c18dcf06
44,surface.go,23,7.742402022,0,171,1/10/2019,ac7ead40-d5b5-4a7e-9396-1079c90e011c
44,surface.go,49,8.502688505,0,177,1/17/2019,6322645a-3b33-4578-a636-9d967e6e1c13
44,surface.go,154,9.643680017,0,147,1/24/2019,c99c588a-cd47-4ef5-94c8-c117261d1cda
44,surface.go,652,11.08644099,0,129,1/31/2019,d51e5162-d8eb-4b50-a81b-51daf4f64f17
44,surface.go,108,9.29468152,0,132,2/7/2019,d61dad8a-5b97-462a-a970-f2ae992c3d91
44,surface.go,175,9.77201119,0,107,2/14/2019,76f14115-40a9-43eb-b662-5f4772850e59
44,surface.go,72,8.895081532,0,99,2/21/2019,d21bfd71-ceea-44d3-85b8-229c66b23a87
44,surface.go,44,8.407378325,0,123,2/28/2019,5ce88285-32d1-4f30-8eb9-ddb5d62c5504
44,surface.go,584,10.97671366,1,139,3/7/2019,1037827b-a515-4829-bef7-88500b0746fa
44,surface.go,83,9.034080407,0,144,3/14/2019,7bf12532-bd7a-48c8-82eb-38235331f692
44,surface.go,344,10.44674164,0,159,3/21/2019,289e238a-e6a4-4f16-b520-cdf034da8857
44,surface.go,56,8.647519453,0,167,3/28/2019,d5048009-8a95-4118-a799-2cf3d6b89738
44,surface.go,36,8.201934351,0,189,4/4/2019,a09afc25-bcc7-4861-95bd-7f918ecbf6a7
44,surface.go,76,8.946374826,0,145,4/11/2019,44de1723-5488-4e5b-85d7-c0d07b71c1f2
44,surface.go,700,11.15647907,1,129,4/18/2019,e8231c30-106d-41f0-b8f5-0ba5d13b98e8
44,surface.go,95,9.162829389,0,139,4/25/2019,270075af-267a-4916-b3bb-d0aea9e40cfa
44,surface.go,67,8.822322178,0,189,5/2/2019,9d2b4737-bcd3-4156-a37e-5664f2b82bbe
44,surface.go,92,9.128696383,0,193,5/9/2019,ef25dac8-960f-48af-a294-44c869c1c928
44,surface.go,56,8.647519453,0,199,5/16/2019,08bda073-d884-447d-92c2-261942c4941d
44,surface.go,243,10.10168246,0,169,5/23/2019,5b94757a-e45f-49d3-b0e5-ce9f79d18724
44,surface.go,778,11.26220515,0,169,5/30/2019,37c450a0-38e4-42e4-a707-86f63ef1d9e9
44,surface.go,387,10.56411154,0,172,6/6/2019,f145574d-0ddd-4800-92ed-3bd93eb15c98
44,surface.go,138,9.538780437,0,198,6/13/2019,ed1ea11d-dd85-4979-b16a-de649ed292a5
44,surface.go,35,8.166216269,0,199,6/20/2019,ba6741ec-3e4c-4981-be35-d1b176e67f7d
44,surface.go,30,8.009030685,0,199,6/27/2019,0a7d749b-17fc-4b3e-9f32-a5ac57de4ef1
44,surface.go,291,10.28137589,0,141,7/4/2019,b2bda064-8b1d-4c07-8e5f-a4b5f7ed5631
44,surface.go,157,9.664214619,0,139,7/11/2019,f497cc5e-308b-415f-8606-47d4e3142466
44,surface.go,66,8.803273983,0,189,7/18/2019,fa9dca10-67cb-4f25-945f-efda475e4982
44,surface.go,90,9.107642974,0,169,7/25/2019,5f0e3530-d99c-41a7-a9e8-35728a40ac10
44,surface.go,483,10.78692446,1,149,8/1/2019,7edda73b-3bc3-4e37-a51b-670216ee250c
44,surface.go,49,8.51559191,1,189,8/8/2019,00ffbd44-25ca-4e9e-9e06-44af3b9d84d3
44,surface.go,49,8.502688505,0,189,8/15/2019,656d3b09-b88e-4213-a1b1-0b5d34522260
44,surface.go,177,9.78290059,0,136,8/22/2019,b83064c2-a1f8-49f1-957b-5490ca0396e0
44,surface.go,117,9.368369236,0,106,8/29/2019,441ba389-1ef0-494a-a652-bedef0d48536
44,surface.go,29,7.98752448,0,203,9/5/2019,2b556166-c841-4b4a-ad01-247148735c76
44,surface.go,15,7.336936914,0,213,9/12/2019,660c5773-af23-440b-8ff3-560984a93bb8
44,surface.go,44,8.392989588,0,177,9/19/2019,beff13c9-e652-4c26-913f-50be29ee6e45
44,surface.go,460,10.7381343,0,149,9/26/2019,f9f5c0f3-b051-485c-b08d-bb6819a8600d
44,surface.go,50,8.528330936,0,172,10/3/2019,ae2fbb14-2135-4df7-9bbc-fc5b37831ec4
