Notebooks/PySpark/Synapse Link for Cosmos DB samples/Retail/RetailData/RetailSales.csv
storeId,productCode,quantity,logQuantity,advertising,price,weekStarting,id
44,surface.pro7,42,8.348537825,0,299,6/15/2017,c0049fa4-9593-4e73-8087-edc4ce076d99
44,surface.pro7,56,8.647519453,0,299,7/6/2017,53cd7f75-b276-4a4d-8380-ba4298512b1c
44,surface.pro7,361,10.49570882,1,259,7/13/2017,d91260c7-b142-48ab-bd60-70b9e7fe52cb
44,surface.pro7,32,8.070906089,0,299,7/20/2017,9e14e333-63dd-46de-80a7-359d29f86f5b
44,surface.pro7,119,9.384629757,0,299,7/27/2017,9d8a0fd9-c17c-4695-bc3e-c2cbcd50524f
44,surface.pro7,213,9.970024076,1,239,8/3/2017,b0430ee3-a78f-4efa-822f-e3518e8d4394
44,surface.pro7,36,8.201934351,0,299,8/10/2017,2a4605da-a4b8-4925-a267-ba2073beb1e4
44,surface.pro7,468,10.7546636,1,199,8/17/2017,656b6906-8db8-4627-9248-be66cb81a085
44,surface.pro7,33,8.110126802,0,299,8/24/2017,1fbe09b3-ab8b-4353-bbda-baaa77277551
44,surface.pro7,40,8.317766167,0,299,8/31/2017,0d2d2e5f-8585-43af-a4c1-77f2337fdabc
44,surface.pro7,48,8.489616424,0,299,9/7/2017,7b4c2a50-426d-4fb0-aad2-39da973edaad
44,surface.pro7,362,10.49924239,1,219,9/14/2017,07c923f1-a103-4b25-8d93-2790ede62b22
44,surface.pro7,30,8.030084094,0,299,9/21/2017,ad612c8d-a9da-4987-82d6-307fe2584f81
44,surface.pro7,48,8.489616424,0,299,9/28/2017,7f861f28-2bc1-4bd4-8c0c-0f6844642429
44,surface.pro7,91,9.121727714,0,299,10/5/2017,f77f2848-3447-4c9e-9e31-9d511ddc8218
44,surface.pro7,429,10.66765222,1,199,10/12/2017,9d220dad-e73d-42c1-862f-cb1f35ec6ed1
44,surface.pro7,40,8.30201781,0,287,10/19/2017,9026db1f-14f7-415b-9f2e-c26d304a29ca
44,surface.pro7,40,8.30201781,0,299,10/26/2017,f5b1823e-79d9-4e4c-a139-75ea25f61b15
44,surface.pro7,368,10.51325312,1,199,11/2/2017,5a800779-009f-4917-a92e-36efe61c209a
44,surface.pro7,42,8.348537825,0,299,11/9/2017,35045085-90dd-4b23-896d-24034f0d56b6
44,surface.pro7,256,10.15034763,1,199,11/16/2017,ff305e65-e9f4-4fa4-8903-8010aa13b13a
44,surface.pro7,101,9.227787286,0,199,11/23/2017,45c484db-7613-4edc-866d-b2a1f8071585
44,surface.pro7,293,10.28575227,1,199,12/7/2017,b87da23e-4c2b-44f6-b776-e6f6c4475677
44,surface.pro7,134,9.505990614,0,199,12/14/2017,1ad4d561-3ff9-46d4-a26e-0201f6d53e2a
44,surface.pro7,152,9.635346635,0,199,12/21/2017,86d27afd-ad85-47a2-94a9-048c5878b96e
44,surface.pro7,110,9.30637756,0,199,12/28/2017,56033ce7-e489-4692-b89b-e969be969f19
44,surface.pro7,149,9.614204199,0,246,1/18/2018,2565ff2f-9df6-4860-8713-5998220808f3
44,surface.pro7,373,10.52707027,1,199,1/25/2018,2c6f777a-4c27-455b-b193-963ea9b239e2
44,surface.pro7,65,8.783855897,0,246,2/1/2018,97273b1b-970d-4e1f-9442-73231437f3bc
44,surface.pro7,62,8.733594062,0,241,2/8/2018,1f695a79-2e27-4ed0-aa72-d7b088a4f333
44,surface.pro7,44,8.392989588,0,241,2/15/2018,750ed490-1df4-4857-864c-b45f72606bb3
44,surface.pro7,92,9.128696383,0,241,2/22/2018,821afb87-06fb-46ea-893e-e0298988b928
44,surface.pro7,256,10.15284451,1,199,3/1/2018,0e30a5f3-7939-4e1b-a77f-ecc5ded67404
44,surface.pro7,51,8.553332238,0,246,3/8/2018,ec0e2fa5-dfa4-419c-8e2a-f6dbfe27bc5d
44,surface.pro7,152,9.631153757,0,246,3/15/2018,c6337a73-e0b9-42a1-a9d7-3fe4ec86d2c3
44,surface.pro7,869,11.37265139,1,169,3/22/2018,1860827a-637b-4b61-92ba-c73c455ca150
44,surface.pro7,195,9.87919486,0,169,3/29/2018,4ee9e12e-d5be-4b00-b28b-21aabc16878c
44,surface.pro7,54,8.60153434,1,246,4/5/2018,e7f125ce-106a-4839-8b7f-070b3e5a28fb
44,surface.pro7,83,9.026417534,0,209,4/12/2018,30b01d80-1d2b-4ba5-8af7-3e65a70810c4
44,surface.pro7,74,8.912473275,0,209,4/19/2018,df1ab2d6-bea3-4eb0-8d57-33be34e1553f
44,surface.pro7,67,8.822322178,0,209,4/26/2018,3d5f090d-312d-488e-8c6c-9590f60100e2
44,surface.pro7,214,9.973013615,0,209,5/3/2018,b2bba686-9682-453b-aa1b-08eb00b374f1
44,surface.pro7,1322,11.79225273,1,139,5/10/2018,1aff4788-3ebf-4d4c-a7c8-a40d4812535b
44,surface.pro7,51,8.540909718,0,226,5/17/2018,418da74f-fe1b-44ca-aa73-48ab53ea6bc6
44,surface.pro7,56,8.647519453,0,226,5/24/2018,8176100e-4784-4006-b267-3b644d2fa18f
44,surface.pro7,54,8.60153434,0,226,5/31/2018,ead89513-30ff-45a2-8a01-32a54d736844
44,surface.pro7,35,8.166216269,0,226,6/7/2018,18f5b1ee-37e4-47e7-bd43-3a5c2df6a4d9
44,surface.pro7,195,9.882468185,1,169,6/14/2018,7bbb5ba2-b63c-400f-aa34-27df838eb9d0
44,surface.pro7,70,8.859363449,0,226,6/21/2018,fdcea0c3-88d2-45ca-9369-8d8857b46336
44,surface.pro7,392,10.57887801,1,169,6/28/2018,ebd2f7ae-ffec-49a9-b1fc-0165895d7d1c
44,surface.pro7,112,9.329367078,0,169,7/5/2018,2f0dcc49-e19f-4331-b7fb-fa831d121cfb
44,surface.pro7,48,8.489616424,0,226,7/12/2018,5f2a8a2d-3beb-4dc6-a74f-bc9d097a5d48
44,surface.pro7,51,8.553332238,0,226,7/19/2018,1a2d4be8-57d4-46ad-bb95-f9fd1fd45d96
44,surface.pro7,33,8.129174997,0,226,7/26/2018,6fba194c-c018-482e-ad3d-7b47152c819c
44,surface.pro7,37,8.219326094,0,226,8/2/2018,ec79e517-86b9-45c0-a48b-e202f00f4bea
44,surface.pro7,39,8.269756948,0,226,8/9/2018,7e276722-3267-4358-97a5-ab547f81c2d9
44,surface.pro7,89,9.100525506,0,226,8/16/2018,572893cf-5dde-4389-8518-42940960bcac
44,surface.pro7,830,11.32746298,1,129,8/23/2018,819d1f23-c43d-4f33-8096-cd67da7c86be
44,surface.pro7,41,8.333270353,0,226,8/30/2018,a3b521e2-8acc-4fc4-a675-d6d989596d3b
44,surface.pro7,49,8.502688505,0,226,9/6/2018,efb99f1a-a18a-4b70-b41e-3155230ce035
44,surface.pro7,343,10.44301724,1,199,9/13/2018,72759c87-9700-4282-a83d-a7b2c6f9e904
44,surface.pro7,67,8.812843434,0,195,9/20/2018,08403e5e-34e4-4e76-9d98-37847918a1ab
44,surface.pro7,126,9.442086812,0,185,9/27/2018,79c488c5-baf8-4195-aeaa-537a0681b3cb
44,surface.pro7,114,9.346268889,0,179,10/4/2018,1369080b-3d00-485e-badf-95058e1e207f
44,surface.pro7,94,9.14931567,0,190,10/11/2018,f3f57c8d-e904-4140-b7d1-bb99fce6f917
44,surface.pro7,1921,12.1659171,1,169,10/18/2018,af270598-6ad6-4deb-ad52-0a522bbcd095
44,surface.pro7,92,9.128696383,0,226,10/25/2018,66cbc5d8-58d2-4782-a9cb-c8d82d4af258
44,surface.pro7,487,10.79351644,0,149,11/1/2018,126ddc25-403d-43c3-a550-f394fadf79eb
44,surface.pro7,45,8.42156296,0,222,11/8/2018,e29267a5-9225-4d71-8b4d-d7e9e2921480
44,surface.pro7,80,8.987196821,0,207,11/15/2018,8569b1d5-5523-436a-8aff-f189534ec820
44,surface.pro7,111,9.317938383,0,199,11/22/2018,9d089f5a-55e0-45e0-a000-fe3f7d897899
44,surface.pro7,104,9.258749511,0,199,11/29/2018,44ce93c2-7c5c-4626-b346-efc9c4bc9f1b
44,surface.pro7,73,8.903815212,0,208,12/6/2018,89cdeaa6-7f8c-4ef1-ac97-3604cc1b57d2
44,surface.pro7,46,8.435549202,0,226,12/13/2018,bdc79892-a6cd-458c-9878-431845bb53fb
44,surface.pro7,62,8.743850562,0,212,12/20/2018,bdd4f4a2-963b-4650-83f6-e79fc4832236
44,surface.pro7,172,9.753594463,1,199,12/27/2018,5ab33065-b70e-4eea-8b55-3fb0faae1a09
44,surface.pro7,189,9.849242538,0,199,1/3/2019,ba4d6cc0-bd6f-49c8-86da-043acc539133
44,surface.pro7,74,8.912473275,0,215,1/10/2019,5acdbb09-9ab6-41ba-8b9c-49334c0d39cd
44,surface.pro7,142,9.561560465,1,249,1/17/2019,b96e829e-58ca-4bed-b7b0-cd30ff435622
44,surface.pro7,113,9.340666634,1,249,1/24/2019,0935d269-409c-488c-a3c6-7b815c9ceec6
44,surface.pro7,41,8.333270353,0,255,1/31/2019,f6513a37-1085-4956-b0c1-2bfc734a381a
44,surface.pro7,51,8.553332238,0,237,2/7/2019,36a70b64-5b0a-40b2-8137-6e672a181703
44,surface.pro7,64,8.764053269,0,199,2/14/2019,708eac55-f4b0-4d5f-8c19-ec52bbd5252e
44,surface.pro7,1239,11.72777875,1,199,2/21/2019,cf572c8a-821b-47be-b319-4e7cc04e1ffb
44,surface.pro7,144,9.574983486,0,208,2/28/2019,571f284a-891c-434a-8c6d-5c421677438a
44,surface.pro7,77,8.954673629,0,230,3/7/2019,c0dca816-f48b-4236-b22c-6b4dcbe51694
44,surface.pro7,185,9.828764006,1,199,3/14/2019,4353c4c6-b1ee-4f63-bdfb-0c3d8ec6bbed
44,surface.pro7,70,8.859363449,0,215,3/21/2019,877d48f4-5ad0-4161-bfc7-542c363b2b0c
44,surface.pro7,53,8.577723691,0,234,3/28/2019,5a4b196a-4723-474c-9d5d-0bd231d7af39
44,surface.pro7,229,10.04220547,1,199,4/4/2019,51b613b6-ed27-4917-acdf-438e5d329722
44,surface.pro7,73,8.903815212,0,222,4/11/2019,b0989125-c260-4146-b64c-cb0214825cb4
44,surface.pro7,59,8.691482577,0,266,4/18/2019,0e2cb9ba-725a-4361-868a-4b44d4a3d337
44,surface.pro7,268,10.1991378,1,199,4/25/2019,b3048af0-3925-4bb0-9f54-34a602720041
44,surface.pro7,49,8.502688505,0,266,5/2/2019,efb7cd63-25a3-46c8-80df-0b07c2c71f2e
44,surface.pro7,69,8.850230966,0,266,5/9/2019,ea46b0d5-f709-47e5-a4dd-a00802241e06
44,surface.pro7,65,8.783855897,0,266,5/16/2019,1306ee86-8cfe-4cd9-827d-21e26ed71254
44,surface.pro7,321,10.37947325,1,199,5/23/2019,b9331a2e-8cd6-4b03-bbd3-449e42f17372
44,surface.pro7,52,8.565602331,0,267,5/30/2019,bd43875f-c626-4bb7-b410-cc83292d1420
44,surface.pro7,51,8.540909718,0,269,6/6/2019,8ac60eea-3f03-45c3-a43f-c7bdb44a1de5
44,surface.pro7,64,8.764053269,0,269,6/13/2019,de211b2d-8806-486b-b1a8-8c4671a0ade6
44,surface.pro7,48,8.489616424,0,269,6/20/2019,7e8e2913-6a42-4649-9154-1cae84291e5c
44,surface.pro7,66,8.803273983,0,242,6/27/2019,83651767-90d9-4f36-8560-7318ea37adfc
44,surface.pro7,183,9.818365299,1,201,7/4/2019,8dac9af3-5297-48ef-add9-ccf9efaf70b9
44,surface.pro7,69,8.850230966,1,234,7/11/2019,a94645d2-1e95-4ccd-9602-33b3b68a4eed
44,surface.pro7,81,9.00307017,0,269,7/18/2019,85cb90b7-7032-41c5-9cc5-546625923119
44,surface.pro7,411,10.62502781,1,229,7/25/2019,4e7d9419-6f08-4d64-84f1-598c316af243
44,surface.pro7,64,8.764053269,0,268,8/1/2019,026c450f-df11-4ebc-95df-ba422a6f15d9
44,surface.pro7,49,8.51559191,1,265,8/8/2019,2b0a5117-d95d-4b5e-9ed8-6f6cd0357e18
44,surface.pro7,764,11.24394738,1,199,8/15/2019,14b866d3-e658-48e6-92b4-3f205eaa05fa
44,surface.pro7,296,10.29661014,1,196,8/22/2019,59d17ccc-8db3-40e2-980c-9aa7af8b7b89
44,surface.pro7,135,9.510741217,0,169,8/29/2019,2e16fbf7-2815-4fc1-b73d-97066926dafe
44,surface.pro7,102,9.234056899,0,180,9/5/2019,b995bba2-5f1a-4074-8644-f5de5ec28d78
44,surface.pro7,424,10.65716523,1,199,9/12/2019,234ef86f-fac7-4f3d-bb19-09849fb9a2fa
44,surface.pro7,63,8.754002934,0,258,9/19/2019,d3bd6375-2ea8-47c0-a07f-7d8bf93a04a7
44,surface.pro7,56,8.636219898,0,253,9/26/2019,bc74a777-8266-4d94-a21e-95b762d35ad9
44,surface.pro7,650,11.08251171,1,219,10/3/2019,90ecc46e-c10a-4ed4-9e74-5a9615bf3253
