Notebooks/PySpark/Synapse Link for Cosmos DB samples/Retail/RetailData/RetailSales.csv
storeId,productCode,quantity,logQuantity,advertising,price,weekStarting,id
44,surface.laptop3,65,8.783855897,0,366,6/15/2017,5704c23a-03e0-435e-b7c6-b88521e43ab8
44,surface.laptop3,60,8.702177866,0,366,7/6/2017,592f5735-6367-4a05-b151-bbfe1d9ee563
44,surface.laptop3,62,8.743850562,0,366,7/13/2017,218c9f68-d1b1-44e8-8c0c-3cdb2adf5341
44,surface.laptop3,68,8.831711918,0,366,7/20/2017,4cd13634-35d6-40e7-8cc7-6c80eeb5092d
44,surface.laptop3,74,8.912473275,0,366,7/27/2017,e45bbe5f-fe83-404d-9047-d809ead96ba2
44,surface.laptop3,68,8.831711918,0,366,8/3/2017,223db4f5-c3f9-43fa-a4b7-e6504b06a6b0
44,surface.laptop3,74,8.921057018,0,366,8/10/2017,1ae745cd-84ed-48d4-b919-50b45ff4c251
44,surface.laptop3,63,8.754002934,0,366,8/17/2017,7c5ba170-d30d-4c98-967c-54b11cf46e70
44,surface.laptop3,62,8.733594062,0,366,8/24/2017,ef5ce662-a277-43a9-86c7-8edf51a19a81
44,surface.laptop3,64,8.764053269,0,366,8/31/2017,15065120-7801-4a65-9f0e-71f463c7d6c1
44,surface.laptop3,130,9.477003077,0,329,9/7/2017,8945eb9d-91f4-4f11-a3f2-1f4f1d841fc3
44,surface.laptop3,87,9.071537969,0,329,9/14/2017,cc3d9522-c08e-4837-b12a-4e7617581e3f
44,surface.laptop3,88,9.086136769,0,329,9/21/2017,8fe62202-ca8a-4133-87b0-315eaf6aa925
44,surface.laptop3,56,8.647519453,0,366,9/28/2017,198ab209-eb36-4699-8176-c5aaadd81993
44,surface.laptop3,142,9.561560465,1,329,10/5/2017,48bc2480-1369-490b-9073-6a9bd8c1c2b7
44,surface.laptop3,76,8.938006577,0,329,10/12/2017,f0ee1763-a8b5-47a4-8067-f549786158b4
44,surface.laptop3,56,8.636219898,0,351,10/19/2017,e9d647c4-12cf-41f9-8377-5055d90a48bb
44,surface.laptop3,65,8.793612072,0,351,10/26/2017,6bd0a42c-a36b-496a-b148-e439d83e3448
44,surface.laptop3,76,8.946374826,0,351,11/2/2017,90aa6610-2a19-40f4-babd-8babf370c2d5
44,surface.laptop3,67,8.812843434,0,351,11/9/2017,7aabd1f7-b5c1-427b-a850-7bc1e149cb66
44,surface.laptop3,104,9.252633284,0,366,11/16/2017,eeb0f7af-8a91-4e92-b4ea-d1277695070d
44,surface.laptop3,138,9.534161491,0,299,11/23/2017,cbf2bee5-b694-4808-9262-bc2c254acbdb
44,surface.laptop3,78,8.971067439,0,339,12/7/2017,7de8fb1f-12d4-431f-b916-148e590c0346
44,surface.laptop3,80,8.99516499,0,339,12/14/2017,c61f442e-b451-431f-b01b-7dd54edf58fe
44,surface.laptop3,238,10.0804615,0,239,12/21/2017,6b119bde-008b-400c-aae9-67de05c1f3ea
44,surface.laptop3,137,9.529521112,0,239,12/28/2017,25e0733c-acec-46f2-870b-9a4c512309e2
44,surface.laptop3,103,9.246479419,0,259,1/18/2018,ccec6ed6-91e0-4a09-8a20-9345c4f689e9
44,surface.laptop3,46,8.435549202,0,339,1/25/2018,8a5bd29e-1d33-44db-9be4-f0e2ebc927cf
44,surface.laptop3,71,8.868413285,0,339,2/1/2018,4902450f-24c5-4545-8fa9-cbfbd9301f3f
44,surface.laptop3,344,10.44674164,0,249,2/8/2018,098481e6-8b73-4b6b-aa44-08a60e26500f
44,surface.laptop3,65,8.793612072,0,339,2/15/2018,a5029ca4-ea15-42b0-a5d9-a16c4ce2e4a3
44,surface.laptop3,72,8.895081532,0,339,2/22/2018,bfcd49e1-24bc-469d-8e94-ecfcc9cbb229
44,surface.laptop3,75,8.929567708,0,339,3/1/2018,f3c1c0ba-d0fb-4206-a28d-9474d04ad7e6
44,surface.laptop3,69,8.850230966,0,339,3/8/2018,263a9308-04b8-45d5-84d4-b69adbe71280
44,surface.laptop3,67,8.812843434,0,339,3/15/2018,cde00b74-326a-40c0-ae32-896ad8e39ddb
44,surface.laptop3,58,8.66974259,0,339,3/22/2018,1b48892c-13b9-48ed-84b9-45e688b1f67f
44,surface.laptop3,960,11.47276992,1,169,3/29/2018,f6d073bb-3157-4dda-b6af-e642eb2b857e
44,surface.laptop3,110,9.312174678,0,339,4/5/2018,bf6e1cd5-bedf-4d47-bd9b-9d663ff96888
44,surface.laptop3,558,10.92967251,1,199,4/12/2018,082819f7-48b9-4251-92a0-7d0543fc1186
44,surface.laptop3,129,9.467150781,0,339,4/19/2018,66c49ec6-143f-4765-bda0-2ac463154347
44,surface.laptop3,680,11.12773346,1,199,4/26/2018,0b3e4176-7286-4e62-af0a-04983510ae21
44,surface.laptop3,261,10.17015026,0,199,5/3/2018,9033c426-d4e2-40a1-aefe-db8b83ef6b2a
44,surface.laptop3,117,9.373818841,0,339,5/10/2018,e5df9749-f1f6-4cc6-b4e8-30d7af3de688
44,surface.laptop3,340,10.43552657,1,229,5/17/2018,881ebf9e-cfc5-40c2-8ed0-328c72bb973f
44,surface.laptop3,148,9.605620455,0,339,5/24/2018,15ef698f-8a16-43b3-8d8a-c0635e3ac3ba
44,surface.laptop3,154,9.643680017,0,339,5/31/2018,839546f5-e913-4dd1-97ab-06785bfee85f
44,surface.laptop3,640,11.06663836,0,199,6/7/2018,9fffd19e-44c1-4d5d-9d9b-47fcd9dd7aa5
44,surface.laptop3,145,9.583833101,0,199,6/14/2018,5ad7e78e-fdfd-4e48-820a-23bbba5eac69
44,surface.laptop3,70,8.859363449,0,339,6/21/2018,74dd37bb-fc28-4be5-8640-1dd5dcb258f6
44,surface.laptop3,151,9.626943225,0,339,6/28/2018,fcf3f7df-4417-4a0a-a34c-6fe506533528
44,surface.laptop3,530,10.87910324,0,199,7/5/2018,c6998957-d8bf-4901-be76-b7c037a8c301
44,surface.laptop3,95,9.162829389,0,199,7/12/2018,63551003-b18e-4539-97c7-1478037782aa
44,surface.laptop3,119,9.384629757,0,199,7/19/2018,6ef6a86a-98ed-4027-b7b7-91dbeb6b9393
44,surface.laptop3,111,9.317938383,1,339,7/26/2018,158a347e-a7df-44f4-af85-d6aa07258676
44,surface.laptop3,375,10.5339079,0,219,8/2/2018,91398ea1-be50-42b7-b5c9-644889cf42e5
44,surface.laptop3,133,9.501217335,0,219,8/9/2018,1ca31a05-34cc-44be-8898-40fb47a337c0
44,surface.laptop3,61,8.723231275,0,339,8/16/2018,3fe84084-cc51-4448-ac1a-e99428927b69
44,surface.laptop3,71,8.868413285,0,339,8/23/2018,97f5d409-aad6-476e-a689-d00c5300317b
44,surface.laptop3,56,8.647519453,0,339,8/30/2018,2bbb0e3d-6671-40ef-9d43-0d81fd5052e7
44,surface.laptop3,631,11.05355312,1,199,9/6/2018,ec1f7e5f-35f1-4be1-a003-4c2a3a00a08b
44,surface.laptop3,76,8.946374826,0,339,9/13/2018,1e2828f0-582d-4233-85fe-2a3982260cd8
44,surface.laptop3,111,9.317938383,1,273,9/20/2018,63d2f14c-8164-4c96-80b3-ee69874aae42
44,surface.laptop3,83,9.034080407,0,321,9/27/2018,b7237544-e7be-416d-98d9-c18a857f58ef
44,surface.laptop3,76,8.938006577,0,297,10/4/2018,fc23a198-47ed-4d7a-9a58-0f1079d5d7f8
44,surface.laptop3,92,9.128696383,0,294,10/11/2018,6a092874-b436-4964-9f95-13b889dab29f
44,surface.laptop3,85,9.049232212,0,294,10/18/2018,558c34d1-a2d7-4319-9de9-c94bd4d7707e
44,surface.laptop3,81,9.00307017,0,294,10/25/2018,fd62036d-8e28-4212-b2d9-4d0bff5a92f4
44,surface.laptop3,89,9.100525506,0,294,11/1/2018,70270873-62c3-43be-b4b5-730a3da77712
44,surface.laptop3,132,9.491601877,0,296,11/8/2018,8e40d9b8-dc10-4799-bfb0-c3925138cbda
44,surface.laptop3,106,9.270870872,0,299,11/15/2018,7196618c-f571-42b2-918c-d43b416078db
44,surface.laptop3,574,10.95793895,1,199,11/22/2018,234b0726-60fd-44bc-8770-8e7870eb004b
44,surface.laptop3,112,9.323669057,0,272,11/29/2018,e7a37ac8-c9a4-468d-8a25-d18663edd990
44,surface.laptop3,85,9.056722883,0,299,12/6/2018,520425f2-a034-4194-8702-57f749b9d61d
44,surface.laptop3,87,9.071537969,0,299,12/13/2018,a55eaa1a-519a-40c3-b192-0fde6eedc41b
44,surface.laptop3,120,9.395325046,0,274,12/20/2018,364a585e-e889-40c1-8b19-23de13ca5dae
44,surface.laptop3,190,9.852615222,0,239,12/27/2018,85ea9639-1052-4975-b029-0b4d8aeb69a0
44,surface.laptop3,184,9.821843564,0,235,1/3/2019,5e92270c-cabb-4d45-971a-649d5bd946dc
44,surface.laptop3,165,9.715711145,0,229,1/10/2019,c1ced9fe-ed8d-4dc2-9457-2b86a8b86594
44,surface.laptop3,103,9.240287448,0,249,1/17/2019,6a92c321-50db-4439-a322-28670f86d1a2
44,surface.laptop3,62,8.743850562,0,299,1/24/2019,8ddffcbb-2e77-499e-8215-035c5eb9a539
44,surface.laptop3,95,9.162829389,0,299,1/31/2019,8322d539-edaa-4c64-a94c-476a946596b7
44,surface.laptop3,84,9.041685006,0,299,2/7/2019,9606ae7f-08ee-4d19-8680-8f53651e8e81
44,surface.laptop3,342,10.44114983,1,199,2/14/2019,f8aefead-7c04-46b7-bc0b-a42a10e61c86
44,surface.laptop3,70,8.859363449,0,299,2/21/2019,930090d5-cb4f-4080-8da6-fca4e9736ac0
44,surface.laptop3,747,11.22193125,1,199,2/28/2019,3d1fe386-2661-47d7-96eb-3371b2d5c848
44,surface.laptop3,417,10.64046021,0,179,3/7/2019,ab918dea-9ad9-4600-8684-6ecfe12cc6f9
44,surface.laptop3,830,11.32746298,0,179,3/14/2019,85809a8e-0867-48a1-af69-167253bc1b9f
44,surface.laptop3,357,10.48324205,0,191,3/21/2019,5dcdcaab-bc18-4ecb-8b56-e40a2963416f
44,surface.laptop3,217,9.987828701,0,275,3/28/2019,6420321f-0450-4014-97bd-9b1c8fa96e8f
44,surface.laptop3,392,10.57887801,1,250,4/4/2019,c0ede015-c032-4a88-8324-2f880820da86
44,surface.laptop3,119,9.384629757,0,264,4/11/2019,6aceb71d-fa60-4b32-ae32-0bea20b4de0d
44,surface.laptop3,113,9.340666634,0,299,4/18/2019,4086e3d4-16cb-4ba5-9378-096174b3b07a
44,surface.laptop3,128,9.45720045,0,261,4/25/2019,632e86aa-953a-4f8c-8b2c-ed2afd67fc70
44,surface.laptop3,506,10.83218105,1,224,5/2/2019,f0ab9d50-0568-4853-9ec5-deac7509fcf7
44,surface.laptop3,118,9.379238908,0,299,5/9/2019,0d01f887-6135-42b8-be2b-199d27036dcb
44,surface.laptop3,120,9.400630098,0,299,5/16/2019,256a149f-4813-498b-aa57-43656d8a53d5
44,surface.laptop3,103,9.246479419,0,299,5/23/2019,2c9d7ecd-31ba-4ab6-a7e0-bef0daa6e793
44,surface.laptop3,122,9.411156511,0,299,5/30/2019,e604b77b-894c-4cb9-a17f-1716c86a6652
44,surface.laptop3,986,11.49906992,1,249,6/6/2019,740aefe8-3c3f-4bd7-8aa1-3cc91b8df51f
44,surface.laptop3,278,10.23422911,0,221,6/13/2019,6b8342bf-ef58-4376-aef9-c2364979830d
44,surface.laptop3,810,11.30329026,1,199,6/20/2019,e1dc892a-8590-4929-ad6e-1c87b1cc956d
44,surface.laptop3,106,9.276876896,1,299,6/27/2019,0c013527-858a-4b4c-adae-1e4af87e10a9
44,surface.laptop3,245,10.10691807,0,269,7/4/2019,e90532d8-0340-49cd-8a3d-fa1cbd741c82
44,surface.laptop3,86,9.064157862,0,299,7/11/2019,6a41711d-8baa-4046-86d9-729e7f6ffabb
44,surface.laptop3,114,9.346268889,0,299,7/18/2019,05b357be-d8b2-4119-b668-805166b2e5de
44,surface.laptop3,60,8.712759975,0,299,7/25/2019,a12b4107-883f-4284-b9f0-10bf5a67fe4b
44,surface.laptop3,96,9.17616292,0,296,8/1/2019,9a03797e-6c2c-421f-b8c3-a4398932e541
44,surface.laptop3,131,9.481893063,1,289,8/8/2019,1a5d9616-1101-4164-868f-657d820821cc
44,surface.laptop3,84,9.041685006,0,299,8/15/2019,c0585ba6-7f8e-440a-aaf3-7188bbabe8f8
44,surface.laptop3,270,10.20625526,1,279,8/22/2019,89535814-e30e-4a2c-9057-647b3ca8ffeb
44,surface.laptop3,147,9.601300794,0,275,8/29/2019,9c200f49-fd4b-4254-885b-2329cdeb597b
44,surface.laptop3,456,10.7283645,1,249,9/5/2019,8c681616-9cce-416a-9aa4-f428d851f74a
44,surface.laptop3,160,9.680344001,0,263,9/12/2019,23470ef2-58cd-4161-9c0c-ece592db7f0c
44,surface.laptop3,100,9.215128889,0,305,9/19/2019,5ecb56d7-dbf8-42c4-9954-c91e7980e9d9
44,surface.laptop3,229,10.04220547,1,279,9/26/2019,e757256f-16b9-4a87-9be8-83641c5c1494
44,surface.laptop3,104,9.258749511,0,299,10/3/2019,13e770a2-5425-42de-ae07-67dedccf2a79
