Notebooks/PySpark/Synapse Link for Cosmos DB samples/Retail/RetailData/RetailSales.csv
storeId,productCode,quantity,logQuantity,advertising,price,weekStarting,id
45,surface.go,35,8.166216269,1,159,6/15/2017,c2a6a8af-c5ad-4426-b4ea-639b74a66915
45,surface.go,21,7.685243608,0,229,6/22/2017,2c6ac93f-a47b-422a-8184-cbd89a7080ca
45,surface.go,16,7.416979621,0,229,6/29/2017,bfb51b01-9583-441e-ba5b-133eae856a03
45,surface.go,18,7.526178913,0,229,7/6/2017,355c3101-8252-43b1-8e6f-ac29b9afe977
45,surface.go,21,7.655390645,0,229,7/13/2017,187ff132-f2f8-4f90-96ed-ab0afd5affd1
45,surface.go,26,7.896552702,0,229,7/20/2017,e756917d-37b6-4bcf-b9a6-7407fd7d90ba
45,surface.go,30,8.030084094,0,229,7/27/2017,293b9ee6-685e-4ad1-a358-aed3aab54261
45,surface.go,65,8.783855897,1,209,8/3/2017,72eef5bd-cfca-4463-9f70-1dafb37df06e
45,surface.go,21,7.685243608,0,209,8/10/2017,047a5bb2-77df-4e5e-af3a-773d7877c82d
45,surface.go,28,7.943072717,0,209,8/17/2017,90a7a071-d95b-4ea0-84a6-08515017a109
45,surface.go,18,7.526178913,0,209,8/24/2017,f5d8385a-ee77-4041-9b47-b798fe6d2f62
45,surface.go,201,9.911455722,1,189,8/31/2017,8f60d9a1-500d-4a54-a1e6-904c89097632
45,surface.go,104,9.258749511,0,189,9/7/2017,135cdda0-ec36-412a-81e5-6ae9cfb3c43e
45,surface.go,136,9.520175249,0,189,9/14/2017,2cc170f9-596b-4622-aa81-9f548f8fb166
45,surface.go,89,9.100525506,0,179,9/21/2017,4717a1b7-be56-49ef-96eb-a9fa7188c314
45,surface.go,209,9.951896692,1,179,9/28/2017,29868c1d-25c0-4161-81f5-e6946a2d42c2
45,surface.go,97,9.182763604,0,179,10/5/2017,2a5b8937-ed91-4d6d-88ba-8cf0c58fb3fa
45,surface.go,24,7.82244473,0,229,10/12/2017,01bb88a6-1b8a-4cdc-b7b3-701821d5b296
45,surface.go,469,10.75602879,1,114,10/19/2017,8844b568-ade9-4874-a11a-046cb60191c5
45,surface.go,17,7.454719949,0,159,10/26/2017,fc82f5f7-7ee1-4530-bd89-41405bef4c1b
45,surface.go,169,9.738612909,1,159,11/2/2017,2860a093-0077-4b64-9505-72ecbf6596bf
45,surface.go,179,9.797237753,0,129,11/9/2017,13bbeea0-4a81-494f-b10a-1e4ce1297754
45,surface.go,281,10.24565781,0,99,11/16/2017,146b1ef3-b98f-4696-b6e6-c5fff47bfd14
45,surface.go,181,9.807857322,1,159,11/23/2017,d44e4a68-6fb5-4c2a-acf0-4c1bbd45694b
45,surface.go,336,10.42228135,1,229,11/30/2017,fdf4c080-7dca-42a9-a8c6-2506d975c1fd
45,surface.go,105,9.264828557,0,189,12/7/2017,18b82832-8561-43e8-9e5b-e7023e657a04
45,surface.go,250,10.12759064,1,139,12/14/2017,e65911ac-e790-4e7a-988b-5db25e7acf22
45,surface.go,86,9.064157862,0,189,12/21/2017,45ad07a3-b36a-4c49-8cdf-f2d0205bd1b4
45,surface.go,35,8.166216269,0,189,12/28/2017,a382b4d5-a540-4a71-be85-f52dacf44a57
45,surface.go,69,8.850230966,0,189,1/4/2018,8d8fa7b3-acf1-405a-8e4c-b9e1217e3a23
45,surface.go,567,10.94672807,1,99,1/11/2018,f91923df-0071-4560-894e-6718ef6cff83
45,surface.go,35,8.184234774,0,189,1/18/2018,158404f6-ce1a-45f1-afbd-1846b24a7f5e
45,surface.go,88,9.086136769,0,189,1/25/2018,48ef578e-e8d8-414c-931d-66441ea31ebd
45,surface.go,250,10.13014492,1,149,2/1/2018,6cfb7087-73f3-4e81-89a4-3f21a7b7ef34
45,surface.go,114,9.346268889,0,149,2/8/2018,d144c1e5-b3e3-4c96-8768-8edc7f4b2a55
45,surface.go,42,8.348537825,0,189,2/15/2018,807ba5d2-c609-4c8a-aea9-59b62c971a61
45,surface.go,64,8.764053269,0,189,2/22/2018,e1c60641-cf9a-4112-a7a8-e43bf8276787
45,surface.go,106,9.270870872,1,189,3/1/2018,fef3a0de-53ad-49c2-9b16-66f42c340f74
45,surface.go,398,10.59182318,1,94,3/8/2018,5e23ca27-0cc3-4e62-9a26-213a0f602467
45,surface.go,31,8.050703382,0,189,3/15/2018,8d030348-615d-4172-84d9-1901624558ec
45,surface.go,32,8.070906089,0,189,3/22/2018,0bd6dc77-0fa3-4332-9697-a1ff55979e0e
45,surface.go,64,8.764053269,1,159,3/29/2018,67a40767-f9da-49d8-bdaa-294fab8b1e88
45,surface.go,83,9.026417534,0,159,4/5/2018,9bfd0ac6-9732-4e56-bf41-67a135f6ee51
45,surface.go,74,8.912473275,0,159,4/12/2018,eac46bc1-ea9c-4671-86b9-4ec36c69a90f
45,surface.go,597,10.99728828,1,99,4/19/2018,f1830b33-9125-4b4c-9ffb-52b96bc82e8e
45,surface.go,35,8.184234774,1,189,4/26/2018,8f12118e-a3aa-4e8a-a810-007e91c3741d
45,surface.go,58,8.68067166,0,189,5/3/2018,466ed3af-15dd-4dff-a3d2-adbc647d4b25
45,surface.go,26,7.896552702,0,219,5/10/2018,5482da68-0d5a-47ac-90ce-c3eed5d46714
45,surface.go,53,8.589699882,0,219,5/17/2018,5cebe479-8101-4013-b721-892a2a71ec51
45,surface.go,230,10.04498712,1,159,5/24/2018,24bdb144-39bc-4229-ae5b-6af8a77957dd
45,surface.go,55,8.61323038,0,159,5/31/2018,40875e1d-fcde-437c-a8d2-625d304dff03
45,surface.go,23,7.769800996,0,209,6/7/2018,2984ca0b-d430-42dc-8f9c-65064dc94dc3
45,surface.go,96,9.169518378,1,141,6/14/2018,107634dd-1d3e-4e2e-8e8b-f6527c839f84
45,surface.go,67,8.822322178,0,129,6/21/2018,b3a7b64f-4cb8-41c2-80bb-7d31b1bd5b21
45,surface.go,10,6.992096427,0,189,6/28/2018,8e48c75c-1c7f-49f1-bdd7-3adacf998d6b
45,surface.go,44,8.392989588,0,189,7/5/2018,187c9653-c7f6-4c1d-9aba-5b18fa88bd8d
45,surface.go,136,9.524859098,1,159,7/12/2018,65d5328f-75bd-41fa-ba82-8401d9d71d11
45,surface.go,77,8.954673629,0,159,7/19/2018,e125ec85-6c52-4826-a7a2-67be82d40602
45,surface.go,58,8.66974259,0,189,7/26/2018,e0cecbb3-4069-40e6-af98-a8cdf5addaca
45,surface.go,95,9.162829389,0,99,8/9/2018,0d0583b5-6f9b-4e4c-b0b4-f113289ed195
45,surface.go,136,9.524859098,1,149,8/16/2018,cec83d9e-bbc8-47b1-9496-f6052a235c95
45,surface.go,57,8.658692754,0,149,8/23/2018,a59c5667-e642-4481-a631-dd55377ba899
45,surface.go,62,8.733594062,0,139,8/30/2018,1e06e6e4-5971-4b87-a7ee-c8be3a895c1f
45,surface.go,54,8.60153434,0,139,9/6/2018,d649683c-c9c2-4fda-9e62-91ab04d45bdf
45,surface.go,53,8.589699882,0,139,9/13/2018,105fd12c-671d-42f1-9447-25606be0dff7
45,surface.go,74,8.921057018,1,158,9/20/2018,1d5185c8-1aa4-45b9-b212-20056c6a50ec
45,surface.go,72,8.886270902,0,158,9/27/2018,cc3c5225-5336-4c95-8b4a-682cd6c2d6b2
45,surface.go,65,8.793612072,0,158,10/4/2018,34accc93-70c8-41d8-9ea7-9617218a73ec
45,surface.go,158,9.66827142,1,158,10/11/2018,47ef7f6d-0b32-409f-840e-9962e2d7287c
45,surface.go,28,7.943072717,0,158,10/18/2018,232f2bf7-584e-406b-8977-f0d6d7481e48
45,surface.go,36,8.201934351,0,158,10/25/2018,558f3615-16ce-4951-84b4-04545cae5f12
45,surface.go,36,8.201934351,0,158,11/1/2018,ab0723a4-10aa-4862-99ef-c527f1ac3993
45,surface.go,101,9.227787286,1,158,11/8/2018,d76a89c9-f141-4ab2-ba89-765e05247941
45,surface.go,57,8.658692754,0,158,11/15/2018,443286dd-971e-482a-a20d-675267256ea9
45,surface.go,42,8.348537825,0,158,11/22/2018,ff8c1ef4-e52e-46d5-b8b9-0ea0d2795c4c
45,surface.go,170,9.742379392,1,158,11/29/2018,810daeec-1105-4f06-a3d9-d89ecad82f17
45,surface.go,117,9.373818841,0,158,12/6/2018,49a2eec8-4582-43c9-82c7-60692eb8e304
45,surface.go,144,9.574983486,1,158,12/13/2018,05ba92df-9dd5-49df-b558-c187d66af0b6
45,surface.go,63,8.754002934,0,158,12/20/2018,50cfbb5f-a7d3-4f1e-a090-b4532d6f96bd
45,surface.go,103,9.240287448,1,158,12/27/2018,074b3def-69a5-4210-a83d-f07f39e0f0db
45,surface.go,56,8.647519453,0,158,1/3/2019,95807075-1989-42ee-ba0e-8bae5e2f3db7
45,surface.go,33,8.110126802,0,158,1/10/2019,7aa4ace4-2213-4e40-a572-c0733620f0c6
45,surface.go,53,8.589699882,0,158,1/17/2019,25391f51-e668-47b3-aaeb-9940437dd9f4
45,surface.go,89,9.100525506,0,158,1/24/2019,3481064d-0472-4fcc-adfa-d7332e3614f4
45,surface.go,270,10.2038884,0,158,1/31/2019,8057128f-9094-4b1a-8419-1c065e7fa869
45,surface.go,53,8.589699882,0,158,2/7/2019,e9961786-a79c-4b70-8bf3-7298f4342427
45,surface.go,25,7.847762538,0,158,2/14/2019,ed58cb3e-7a83-4677-849c-a540434bf159
45,surface.go,80,8.987196821,0,158,2/21/2019,ebdb34a8-0f37-4161-9494-29668f857ec7
45,surface.go,56,8.647519453,0,158,2/28/2019,0d7c8cc7-fd19-44a7-955b-1e2a3a7c3cc2
45,surface.go,232,10.05603695,1,158,3/7/2019,ca08dd7d-5704-4023-8c1f-ba270bb69608
45,surface.go,60,8.712759975,0,158,3/14/2019,b89f515e-0823-4098-8fa4-485a54d5711a
45,surface.go,181,9.807857322,0,158,3/21/2019,25d24056-3b14-4786-bf47-f2d7ef23b16b
45,surface.go,54,8.60153434,0,158,3/28/2019,009fd030-a149-4f5e-bc71-66de0409fc52
45,surface.go,42,8.363575703,0,158,4/4/2019,7b8becfc-48e0-48cc-88a0-01ee40e72187
45,surface.go,32,8.090708716,0,158,4/11/2019,2c95e915-e2c5-44cc-86ec-368b64bc1399
45,surface.go,304,10.32430094,1,129,4/18/2019,52f01b87-f040-4d50-aab9-4621e9e2c3f2
45,surface.go,74,8.921057018,0,129,4/25/2019,fc6b93d3-3c14-420d-b665-952177ff9435
45,surface.go,49,8.502688505,0,189,5/2/2019,8a065fd2-ba29-4091-b314-89af8e0a9072
45,surface.go,51,8.553332238,0,189,5/9/2019,b2d5c893-456d-4774-9019-dc07caa620da
45,surface.go,35,8.184234774,0,199,5/16/2019,bff2572d-413e-427e-8e66-aa081eab4b32
45,surface.go,105,9.264828557,0,169,5/23/2019,52f77316-6155-489c-8ca9-5df2afcebbbb
45,surface.go,282,10.24792796,0,169,5/30/2019,60d03c9e-4570-423c-a833-09eeca5ece54
45,surface.go,37,8.219326094,0,199,6/13/2019,9c12e81d-a3b0-4838-9f44-06e4bd6bbdba
45,surface.go,28,7.943072717,0,199,6/20/2019,5b82d9a6-a10b-4a1a-ab4f-847369675968
45,surface.go,20,7.624618986,0,199,6/27/2019,07470667-049b-453b-9e82-d7c54402b160
45,surface.go,29,7.98752448,0,199,7/4/2019,61eb5a1e-1feb-4e7a-939f-d7dd6ac34c3e
45,surface.go,58,8.68067166,0,129,7/11/2019,fe2a1eb2-e435-4363-bc7a-17d1551baf63
45,surface.go,51,8.540909718,0,199,7/18/2019,7aa115e6-10ed-483d-aeea-1ce98c67b5cd
45,surface.go,60,8.702177866,0,169,7/25/2019,7e86f078-4c4d-4194-bd27-a150770b2781
45,surface.go,218,9.990765561,1,149,8/1/2019,599c6379-3c30-48ea-b2ab-39b191a0c529
45,surface.go,44,8.392989588,1,189,8/8/2019,c8b2114f-d742-4d86-a5a1-19337f064295
45,surface.go,32,8.090708716,0,199,8/15/2019,947e9ba1-e567-4ccf-ba09-8216de5e2062
45,surface.go,76,8.938006577,0,179,8/22/2019,a7ffd1cc-7916-4c35-b307-459ad4d3904c
45,surface.go,92,9.128696383,0,129,8/29/2019,9a240c83-7f34-41df-99e2-7d0093a807cd
45,surface.go,33,8.129174997,0,199,9/5/2019,878151a2-20bb-49f8-b3a9-82270049b706
45,surface.go,40,8.30201781,0,185,9/12/2019,485d7579-6312-424c-8b56-8304738f190e
45,surface.go,40,8.30201781,0,185,9/19/2019,caec47f7-74aa-4321-8521-012aad4088d0
45,surface.go,234,10.06424493,0,149,9/26/2019,37622531-4243-490a-b572-e0e92b81e0c4
45,surface.go,64,8.764053269,0,185,10/3/2019,1c43dfd3-9c14-4df6-8847-f0380498819b
