Notebooks/PySpark/Synapse Link for Cosmos DB samples/Retail/RetailData/RetailSales.csv
storeId,productCode,quantity,logQuantity,advertising,price,weekStarting,id
45,surface.pro7,37,8.236420527,0,262,6/15/2017,578c8c7d-6749-4569-bfcb-47ea3d23c03a
45,surface.pro7,266,10.19196931,1,199,6/22/2017,40615226-af40-4464-9b30-a675d2503fa1
45,surface.pro7,37,8.236420527,0,262,6/29/2017,1c262c89-a091-4392-ab1b-ff423c097d93
45,surface.pro7,30,8.009030685,0,262,7/6/2017,af6d689d-32a4-4c3d-9ca7-a5d3d8ed7654
45,surface.pro7,185,9.828764006,1,259,7/13/2017,dff93015-3969-49c1-b19c-532b5753da5a
45,surface.pro7,48,8.476371197,0,262,7/20/2017,93cfba78-d74f-4c7a-9f00-b99812ab8d3d
45,surface.pro7,39,8.269756948,0,262,7/27/2017,1dd0ebae-d788-4bd2-ad7e-cd8c9cefef94
45,surface.pro7,98,9.195835686,1,239,8/3/2017,aae79bed-7a39-4534-851d-d745ef062171
45,surface.pro7,30,8.030084094,0,262,8/10/2017,8e0409ae-db00-4134-a308-68ec9ba2e933
45,surface.pro7,220,9.999524741,1,199,8/17/2017,9c10ace1-842e-45e3-b846-b12d0a7b5b01
45,surface.pro7,31,8.050703382,0,262,8/24/2017,23373ff4-6301-422b-8e23-d47df2a79f89
45,surface.pro7,28,7.965545573,0,262,8/31/2017,bdbdc5ac-7a54-4d69-affb-e2c709295613
45,surface.pro7,32,8.070906089,0,262,9/7/2017,f9dc01be-1e58-4e8e-8029-eb904fef52f2
45,surface.pro7,97,9.182763604,1,219,9/14/2017,2174f961-6a01-4eea-a74c-e9ad4a8cf6ca
45,surface.pro7,21,7.655390645,0,262,9/21/2017,4ed8dda7-cab6-4f33-9ed4-fa3ed78cadc9
45,surface.pro7,30,8.009030685,0,262,9/28/2017,8dbc4180-e8a9-4de3-ba93-7433251303a2
45,surface.pro7,49,8.502688505,0,262,10/5/2017,24603f09-4e95-4bc0-ba4b-6bb4171f5c21
45,surface.pro7,179,9.797237753,1,199,10/12/2017,a19e0c9e-08e2-4f50-b138-9c2e7632f9d1
45,surface.pro7,42,8.363575703,0,236,10/19/2017,1e6a55c4-b68f-4bff-aa0f-99bec2f1fd59
45,surface.pro7,32,8.070906089,0,262,10/26/2017,db5d774a-0e10-4b7f-99c5-a76b8ccd9767
45,surface.pro7,170,9.746131742,1,199,11/2/2017,6710b988-4b39-44b0-98a6-e4ca800c33cb
45,surface.pro7,26,7.87245515,0,262,11/9/2017,19b8fb87-e021-4e1c-b884-30f10743d458
45,surface.pro7,137,9.529521112,1,199,11/16/2017,097c7890-baf4-405c-a4a5-6769bf460920
45,surface.pro7,51,8.553332238,0,199,11/23/2017,8b65131a-8e5f-4552-8243-833a247a11a8
45,surface.pro7,59,8.691482577,0,262,11/30/2017,67ab161f-507f-480e-8b64-c78a75b9aa68
45,surface.pro7,150,9.618468598,1,199,12/7/2017,15c91195-7111-4405-80f7-8e201aead48a
45,surface.pro7,71,8.868413285,0,199,12/14/2017,ccb9071f-6eb0-4dea-b816-f5a7a90d30c9
45,surface.pro7,75,8.929567708,0,199,12/21/2017,52438d63-4682-427b-b7cd-e79ba680521c
45,surface.pro7,49,8.502688505,0,199,12/28/2017,61aa6854-6da1-4262-a51e-2ba02a642fac
45,surface.pro7,67,8.812843434,0,199,1/4/2018,d6b98b17-9332-4470-bca0-df00f6e55ba0
45,surface.pro7,42,8.363575703,0,217,1/11/2018,d923e5c9-6361-47b4-939b-91fd21995602
45,surface.pro7,37,8.236420527,0,217,1/18/2018,af7b572a-e0dd-40d4-bd15-431daed42219
45,surface.pro7,170,9.746131742,1,199,1/25/2018,1878db5d-82b8-4b3f-97ed-03892c706c9d
45,surface.pro7,51,8.553332238,0,217,2/1/2018,16126261-c015-47a6-983b-ab16c908c98c
45,surface.pro7,47,8.462948177,0,212,2/8/2018,87eeaeaf-210e-4408-bc3b-c59c27a80172
45,surface.pro7,35,8.166216269,0,212,2/15/2018,f0c0fbb9-0c41-486d-89b2-8a398597ceba
45,surface.pro7,46,8.449342525,0,212,2/22/2018,b72b6a0e-3cc6-4980-8524-bb7093b1a884
45,surface.pro7,120,9.400630098,1,199,3/1/2018,f6e490b3-5c6d-4009-8a13-9ea1b625e79c
45,surface.pro7,40,8.30201781,0,217,3/8/2018,e3e97c48-9843-4be1-a7c0-7f0c1d1825a3
45,surface.pro7,83,9.034080407,0,217,3/15/2018,43633b84-1dc2-42a8-91b8-4713bc5574b7
45,surface.pro7,413,10.62968259,1,169,3/22/2018,b288f9cd-b2d4-45e6-be7c-a565f2dcee95
45,surface.pro7,89,9.100525506,0,169,3/29/2018,f461d337-e08a-4910-b6a0-a5b0388c15da
45,surface.pro7,39,8.269756948,1,217,4/5/2018,1ec19736-d3b8-4340-955a-478fc1694b8d
45,surface.pro7,44,8.392989588,0,209,4/12/2018,0858cce5-43cb-44f6-bca9-d7dbd4edb60f
45,surface.pro7,35,8.166216269,0,209,4/19/2018,8821c7ac-b436-4751-9bf1-819c0f3e9f5e
45,surface.pro7,30,8.030084094,0,209,4/26/2018,9c159950-e4b1-496a-8684-9a1b481317f6
45,surface.pro7,95,9.162829389,0,209,5/3/2018,6e90506e-7193-4409-a5bf-b89105aab92b
45,surface.pro7,443,10.69991308,1,139,5/10/2018,b97f8626-a76e-4738-82b3-3be808097b63
45,surface.pro7,39,8.269756948,0,226,5/17/2018,661cba97-2f5d-4aee-8448-f3f365cf3c91
45,surface.pro7,36,8.201934351,0,226,5/24/2018,f1cdbe14-3df8-4c46-863f-699d0da0980b
45,surface.pro7,44,8.392989588,0,226,5/31/2018,c83745ba-5cdd-4eab-826c-41a7cc8c169f
45,surface.pro7,40,8.317766167,0,226,6/7/2018,d6883923-2991-4967-bba4-6e4e729e632a
45,surface.pro7,97,9.182763604,1,169,6/14/2018,b9bd7b3c-60ea-4fab-9539-e979170c17a1
45,surface.pro7,152,9.635346635,0,226,6/21/2018,17c9025d-b82d-413d-b4cc-5381bcb8cdf6
45,surface.pro7,294,10.29010957,1,169,6/28/2018,85a00d7c-38e0-4c3e-8e48-9015d37d0b02
45,surface.pro7,70,8.859363449,0,169,7/5/2018,d63aa902-ab7b-422f-97db-e9322fa1e20a
45,surface.pro7,28,7.943072717,0,226,7/12/2018,02230e22-b5cc-4df9-81e4-42f76b644536
45,surface.pro7,25,7.847762538,0,226,7/19/2018,bc3807b9-9845-45c6-826d-b476a683f26a
45,surface.pro7,31,8.050703382,0,226,7/26/2018,a735b0a1-679b-417e-8e91-35354eeb6438
45,surface.pro7,32,8.090708716,0,226,8/9/2018,27087472-ebd3-4d83-a8dd-4ab256418998
45,surface.pro7,81,9.00307017,0,226,8/16/2018,40bea8d1-9fc3-4871-9967-c0a1720b83d4
45,surface.pro7,368,10.51325312,1,129,8/23/2018,1e0b88f2-d2b2-4b35-811f-69201556a350
45,surface.pro7,31,8.050703382,0,226,8/30/2018,e3704da2-3e26-4609-a4df-ad6ba5503b78
45,surface.pro7,32,8.070906089,0,226,9/6/2018,33c62c30-a018-4f10-b43f-ca45c96f569e
45,surface.pro7,121,9.405907156,1,199,9/13/2018,adfe7761-320f-4e71-b18d-aa8ad76abb9d
45,surface.pro7,96,9.17616292,0,199,9/20/2018,ce783840-4483-465d-b73d-3d5f839865f0
45,surface.pro7,86,9.064157862,0,189,9/27/2018,97e7e068-36eb-4acc-8e5d-f78f4cb64036
45,surface.pro7,111,9.317938383,0,179,10/4/2018,2b6a63e3-b7df-4895-b033-d8e8c500ab73
45,surface.pro7,103,9.246479419,0,179,10/11/2018,ed02b42e-39b0-4613-99a8-66019e990b5c
45,surface.pro7,800,11.29058159,1,169,10/18/2018,bc146a55-4e92-47e7-a1e8-2a9b0ed514f2
45,surface.pro7,42,8.348537825,0,226,10/25/2018,47e21f1c-5cac-413c-a05d-ee55072a4557
45,surface.pro7,156,9.660141294,0,149,11/1/2018,7f558f22-63e7-42a8-a165-3ee9339c0a21
45,surface.pro7,25,7.847762538,0,226,11/8/2018,b3a70b52-8fc5-4dd4-8c81-1465d3d0ca62
45,surface.pro7,43,8.378390789,0,226,11/15/2018,58b9a609-5619-4f5e-b6aa-f1609ce2279d
45,surface.pro7,47,8.462948177,0,199,11/22/2018,20e500f5-ce93-488c-b840-5fe0e44e65fb
45,surface.pro7,41,8.333270353,0,199,11/29/2018,2f353cbe-bda2-4f4c-b9be-a60095dafa0d
45,surface.pro7,46,8.435549202,0,199,12/6/2018,b8960f8c-d02f-44b2-a4b6-347103f5b0e3
45,surface.pro7,19,7.592870288,0,226,12/13/2018,2e118453-4d92-4f20-9b16-d77fe7e65172
45,surface.pro7,28,7.965545573,0,226,12/20/2018,ad76f15b-930e-4ed6-892b-06fe0ab9f2ff
45,surface.pro7,87,9.078864009,1,199,12/27/2018,0f9cbcef-64fe-494a-bc95-15a17cfbe1bc
45,surface.pro7,79,8.979164649,0,199,1/3/2019,2909f93a-9955-45df-ab87-0c3e1f278ca1
45,surface.pro7,39,8.269756948,0,199,1/10/2019,52b471f6-9ac3-40d9-9e87-e461f22d72b7
45,surface.pro7,56,8.647519453,1,249,1/17/2019,7c8d8d75-909b-4daa-bbcf-3b1e00707587
45,surface.pro7,35,8.166216269,1,249,1/24/2019,61c4f0f5-04b4-44e8-8ce3-e04ccd88253a
45,surface.pro7,29,7.98752448,0,249,1/31/2019,8e2966d2-5c57-4d1f-b93b-2b3283d40ac3
45,surface.pro7,26,7.87245515,0,266,2/7/2019,4132e16a-1428-4884-b83c-b34627a112bf
45,surface.pro7,45,8.42156296,0,199,2/14/2019,05e72493-d07f-45f0-8c9d-cf430a104a00
45,surface.pro7,428,10.6661608,1,199,2/21/2019,c0bfb894-13e0-4e9d-99dd-2a52d2cfac5d
45,surface.pro7,42,8.348537825,0,199,2/28/2019,6fc6cd27-2b23-4c9c-9cf7-b85e3a655362
45,surface.pro7,32,8.090708716,0,266,3/7/2019,543ad569-082e-4f4a-986a-57fd96fd9587
45,surface.pro7,78,8.971067439,1,199,3/14/2019,da3fd3c6-e243-472e-ae76-eafef51a5aa1
45,surface.pro7,64,8.7740036,0,199,3/21/2019,e74ee246-48fa-4428-a3f9-def6ed1456e7
45,surface.pro7,33,8.110126802,0,266,3/28/2019,d26d12cb-1dad-4b74-b9a8-383fcbf4e8b1
45,surface.pro7,124,9.431882642,1,199,4/4/2019,43271d8c-833c-4ef1-b02a-b053b51486f8
45,surface.pro7,83,9.034080407,0,199,4/11/2019,76d9fbcf-75ca-4869-bda8-07896360f14f
45,surface.pro7,41,8.333270353,0,266,4/18/2019,93cc4698-cf71-49bb-9e83-2eb97ef1765e
45,surface.pro7,141,9.557045785,1,199,4/25/2019,b1775579-1506-4097-97eb-0d85291d307e
45,surface.pro7,26,7.896552702,0,266,5/2/2019,06a66e53-028f-49b2-9e78-badc21d0f4ed
45,surface.pro7,34,8.14786713,0,266,5/9/2019,23fccc50-d8ee-4060-b72b-004d38a7c26e
45,surface.pro7,39,8.269756948,0,266,5/16/2019,6ab3fd2e-b57a-478c-a43b-b2407b4951a7
45,surface.pro7,127,9.452187908,1,199,5/23/2019,91fdfe3e-c4ba-4265-8379-6dae362a76f0
45,surface.pro7,26,7.87245515,0,266,5/30/2019,db0e6348-dc57-431a-a18e-989edcad4f52
45,surface.pro7,44,8.407378325,0,269,6/13/2019,caa77de5-c888-4351-823b-45dc93077bd2
45,surface.pro7,27,7.920083199,0,269,6/20/2019,a463ed12-ba49-4264-8c6e-461e69154a2e
45,surface.pro7,17,7.491087594,0,269,6/27/2019,c10d239f-1454-4594-bd5d-16cc78d2994a
45,surface.pro7,49,8.51559191,1,204,7/4/2019,14c457e0-1ffc-400c-a444-6a3355ac7a7d
